2025-10-11T05:34:29.5171291Z Current runner version: '2.327.1'
2025-10-11T05:34:29.5181950Z Runner name: 'self-hosted-nutanix-docker-large-qh8qp-runner-tt7np'
2025-10-11T05:34:29.5184304Z Runner group name: 'nutanix'
2025-10-11T05:34:29.5186560Z Machine name: 'self-hosted-nutanix-docker-large-qh8qp-runner-tt7np'
2025-10-11T05:34:29.5193432Z ##[group]GITHUB_TOKEN Permissions
2025-10-11T05:34:29.5197093Z Contents: write
2025-10-11T05:34:29.5198842Z Metadata: read
2025-10-11T05:34:29.5200418Z ##[endgroup]
2025-10-11T05:34:29.5203735Z Secret source: Actions
2025-10-11T05:34:29.5205594Z Prepare workflow directory
2025-10-11T05:34:29.5701939Z Prepare all required actions
2025-10-11T05:34:29.5754844Z Getting action download info
2025-10-11T05:34:30.1219350Z Download action repository 'actions/checkout@v4' (SHA:08eba0b27e820071cde6df949e0beb9ba4906955)
2025-10-11T05:34:31.2471455Z Download action repository 'cachix/install-nix-action@v31' (SHA:9280e7aca88deada44c930f1e2c78e21c3ae3edd)
2025-10-11T05:34:31.8837744Z Download action repository 'jetify-com/devbox-install-action@v0.13.0' (SHA:22b0f5500b14df4ea357ce673fbd4ced940ed6a1)
2025-10-11T05:34:32.4291519Z Download action repository 'docker/login-action@v3' (SHA:5e57cd118135c172c3672efd75eb46360885c0ef)
2025-10-11T05:34:33.3149480Z Download action repository 'crazy-max/ghaction-import-gpg@v6' (SHA:e89d40939c28e39f97cf32126055eeae86ba74ec)
2025-10-11T05:34:34.1201344Z Getting action download info
2025-10-11T05:34:34.3014280Z Download action repository 'actions/cache@v4' (SHA:0057852bfaa89a56745cba8c7296529d2fc39830)
2025-10-11T05:34:35.1191678Z Download action repository 'DeterminateSystems/nix-installer-action@21a544727d0c62386e78b4befe52d19ad12692e3' (SHA:21a544727d0c62386e78b4befe52d19ad12692e3)
2025-10-11T05:34:35.9815969Z Complete job name: Check licenses.d2iq.yaml
2025-10-11T05:34:36.0237416Z ##[group]Pull down action image 'mesosphere/dkp-licenses-cli:licenses-v0.0.13'
2025-10-11T05:34:36.0290575Z ##[command]/usr/bin/docker pull mesosphere/dkp-licenses-cli:licenses-v0.0.13
2025-10-11T05:34:37.0301940Z licenses-v0.0.13: Pulling from mesosphere/dkp-licenses-cli
2025-10-11T05:34:37.3907319Z 07a64a71e011: Pulling fs layer
2025-10-11T05:34:37.3909244Z fe5ca62666f0: Pulling fs layer
2025-10-11T05:34:37.3910761Z 280126c0e181: Pulling fs layer
2025-10-11T05:34:37.3912232Z fcb6f6d2c998: Pulling fs layer
2025-10-11T05:34:37.3914018Z e8c73c638ae9: Pulling fs layer
2025-10-11T05:34:37.3915465Z 1e3d9b7d1452: Pulling fs layer
2025-10-11T05:34:37.3916933Z 4aa0ea1413d3: Pulling fs layer
2025-10-11T05:34:37.3918387Z 7c881f9ab25e: Pulling fs layer
2025-10-11T05:34:37.3919958Z 5627a970d25e: Pulling fs layer
2025-10-11T05:34:37.3921380Z 2367080f1a9f: Pulling fs layer
2025-10-11T05:34:37.3922812Z 5627a970d25e: Waiting
2025-10-11T05:34:37.3924338Z fcb6f6d2c998: Waiting
2025-10-11T05:34:37.3925845Z 2367080f1a9f: Waiting
2025-10-11T05:34:37.3927348Z 7c881f9ab25e: Waiting
2025-10-11T05:34:37.3928868Z e8c73c638ae9: Waiting
2025-10-11T05:34:37.3930279Z 1e3d9b7d1452: Waiting
2025-10-11T05:34:37.3931659Z 4aa0ea1413d3: Waiting
2025-10-11T05:34:37.7244651Z fe5ca62666f0: Download complete
2025-10-11T05:34:37.7261123Z 07a64a71e011: Download complete
2025-10-11T05:34:37.7514475Z 07a64a71e011: Pull complete
2025-10-11T05:34:37.7690253Z fe5ca62666f0: Pull complete
2025-10-11T05:34:37.7693405Z 280126c0e181: Verifying Checksum
2025-10-11T05:34:37.7694511Z 280126c0e181: Download complete
2025-10-11T05:34:38.0056333Z 280126c0e181: Pull complete
2025-10-11T05:34:38.0256876Z e8c73c638ae9: Verifying Checksum
2025-10-11T05:34:38.0258843Z e8c73c638ae9: Download complete
2025-10-11T05:34:38.0310750Z fcb6f6d2c998: Verifying Checksum
2025-10-11T05:34:38.0311679Z fcb6f6d2c998: Download complete
2025-10-11T05:34:38.0472380Z fcb6f6d2c998: Pull complete
2025-10-11T05:34:38.0655919Z e8c73c638ae9: Pull complete
2025-10-11T05:34:38.0682756Z 1e3d9b7d1452: Verifying Checksum
2025-10-11T05:34:38.0683906Z 1e3d9b7d1452: Download complete
2025-10-11T05:34:38.0821926Z 1e3d9b7d1452: Pull complete
2025-10-11T05:34:38.3379647Z 7c881f9ab25e: Verifying Checksum
2025-10-11T05:34:38.3381024Z 7c881f9ab25e: Download complete
2025-10-11T05:34:38.3504618Z 4aa0ea1413d3: Verifying Checksum
2025-10-11T05:34:38.3505618Z 4aa0ea1413d3: Download complete
2025-10-11T05:34:38.3653063Z 4aa0ea1413d3: Pull complete
2025-10-11T05:34:38.3861990Z 7c881f9ab25e: Pull complete
2025-10-11T05:34:38.4103975Z 5627a970d25e: Verifying Checksum
2025-10-11T05:34:38.4105008Z 5627a970d25e: Download complete
2025-10-11T05:34:38.4269206Z 5627a970d25e: Pull complete
2025-10-11T05:34:38.7480106Z 2367080f1a9f: Verifying Checksum
2025-10-11T05:34:38.7481169Z 2367080f1a9f: Download complete
2025-10-11T05:34:38.8841023Z 2367080f1a9f: Pull complete
2025-10-11T05:34:38.8942576Z Digest: sha256:6f08f79014b644b84f60045b4de7e947bcaa3e6b990e5085601cba765d284f85
2025-10-11T05:34:38.8972400Z Status: Downloaded newer image for mesosphere/dkp-licenses-cli:licenses-v0.0.13
2025-10-11T05:34:38.8986454Z docker.io/mesosphere/dkp-licenses-cli:licenses-v0.0.13
2025-10-11T05:34:38.9009117Z ##[endgroup]
2025-10-11T05:34:38.9479942Z ##[group]Run actions/checkout@v4
2025-10-11T05:34:38.9481412Z with:
2025-10-11T05:34:38.9482263Z   ref: john-test3
2025-10-11T05:34:38.9483136Z   fetch-depth: 0
2025-10-11T05:34:38.9484433Z   token: ***
2025-10-11T05:34:38.9485363Z   repository: mesosphere/kommander-applications
2025-10-11T05:34:38.9486411Z   ssh-strict: true
2025-10-11T05:34:38.9487265Z   ssh-user: git
2025-10-11T05:34:38.9488140Z   persist-credentials: true
2025-10-11T05:34:38.9489258Z   clean: true
2025-10-11T05:34:38.9490142Z   sparse-checkout-cone-mode: true
2025-10-11T05:34:38.9491121Z   fetch-tags: false
2025-10-11T05:34:38.9492016Z   show-progress: true
2025-10-11T05:34:38.9492917Z   lfs: false
2025-10-11T05:34:38.9493815Z   submodules: false
2025-10-11T05:34:38.9494684Z   set-safe-directory: true
2025-10-11T05:34:38.9495959Z ##[endgroup]
2025-10-11T05:34:39.0799458Z Syncing repository: mesosphere/kommander-applications
2025-10-11T05:34:39.0802029Z ##[group]Getting Git version info
2025-10-11T05:34:39.0803432Z Working directory is '/home/runner/_work/kommander-applications/kommander-applications'
2025-10-11T05:34:39.0805390Z [command]/usr/bin/git version
2025-10-11T05:34:39.0806333Z git version 2.50.1
2025-10-11T05:34:39.0826061Z ##[endgroup]
2025-10-11T05:34:39.0839773Z Temporarily overriding HOME='/home/runner/_work/_temp/e12ca97a-8d42-4ada-8598-ea9e29e1b8e9' before making global git config changes
2025-10-11T05:34:39.0841597Z Adding repository directory to the temporary git global config as a safe directory
2025-10-11T05:34:39.0845492Z [command]/usr/bin/git config --global --add safe.directory /home/runner/_work/kommander-applications/kommander-applications
2025-10-11T05:34:39.0876017Z Deleting the contents of '/home/runner/_work/kommander-applications/kommander-applications'
2025-10-11T05:34:39.0880043Z ##[group]Initializing the repository
2025-10-11T05:34:39.0883886Z [command]/usr/bin/git init /home/runner/_work/kommander-applications/kommander-applications
2025-10-11T05:34:39.0926020Z hint: Using 'master' as the name for the initial branch. This default branch name
2025-10-11T05:34:39.0927494Z hint: is subject to change. To configure the initial branch name to use in all
2025-10-11T05:34:39.0928960Z hint: of your new repositories, which will suppress this warning, call:
2025-10-11T05:34:39.0930096Z hint:
2025-10-11T05:34:39.0931023Z hint: 	git config --global init.defaultBranch <name>
2025-10-11T05:34:39.0932089Z hint:
2025-10-11T05:34:39.0933119Z hint: Names commonly chosen instead of 'master' are 'main', 'trunk' and
2025-10-11T05:34:39.0934553Z hint: 'development'. The just-created branch can be renamed via this command:
2025-10-11T05:34:39.0935756Z hint:
2025-10-11T05:34:39.0936601Z hint: 	git branch -m <name>
2025-10-11T05:34:39.0937468Z hint:
2025-10-11T05:34:39.0938555Z hint: Disable this message with "git config set advice.defaultBranchName false"
2025-10-11T05:34:39.0940248Z Initialized empty Git repository in /home/runner/_work/kommander-applications/kommander-applications/.git/
2025-10-11T05:34:39.0943002Z [command]/usr/bin/git remote add origin https://github.com/mesosphere/kommander-applications
2025-10-11T05:34:39.0970517Z ##[endgroup]
2025-10-11T05:34:39.0971941Z ##[group]Disabling automatic garbage collection
2025-10-11T05:34:39.0974820Z [command]/usr/bin/git config --local gc.auto 0
2025-10-11T05:34:39.1000374Z ##[endgroup]
2025-10-11T05:34:39.1001750Z ##[group]Setting up auth
2025-10-11T05:34:39.1007251Z [command]/usr/bin/git config --local --name-only --get-regexp core\.sshCommand
2025-10-11T05:34:39.1034300Z [command]/usr/bin/git submodule foreach --recursive sh -c "git config --local --name-only --get-regexp 'core\.sshCommand' && git config --local --unset-all 'core.sshCommand' || :"
2025-10-11T05:34:39.1238828Z [command]/usr/bin/git config --local --name-only --get-regexp http\.https\:\/\/github\.com\/\.extraheader
2025-10-11T05:34:39.1264372Z [command]/usr/bin/git submodule foreach --recursive sh -c "git config --local --name-only --get-regexp 'http\.https\:\/\/github\.com\/\.extraheader' && git config --local --unset-all 'http.https://github.com/.extraheader' || :"
2025-10-11T05:34:39.1452597Z [command]/usr/bin/git config --local http.https://github.com/.extraheader AUTHORIZATION: basic ***
2025-10-11T05:34:39.1489037Z ##[endgroup]
2025-10-11T05:34:39.1490458Z ##[group]Fetching the repository
2025-10-11T05:34:39.1498183Z [command]/usr/bin/git -c protocol.version=2 fetch --prune --no-recurse-submodules origin +refs/heads/*:refs/remotes/origin/* +refs/tags/*:refs/tags/*
2025-10-11T05:34:42.5387926Z From https://github.com/mesosphere/kommander-applications
2025-10-11T05:34:42.5389341Z  * [new branch]        2140-main-test          -> origin/2140-main-test
2025-10-11T05:34:42.5390590Z  * [new branch]        Bhargav/bump-postgresql -> origin/Bhargav/bump-postgresql
2025-10-11T05:34:42.5391935Z  * [new branch]        Bhargav/kiali-bump-to-2.11.0 -> origin/Bhargav/kiali-bump-to-2.11.0
2025-10-11T05:34:42.5393269Z  * [new branch]        Bhargav/update-bloodhound -> origin/Bhargav/update-bloodhound
2025-10-11T05:34:42.5394565Z  * [new branch]        D2IQ-99728              -> origin/D2IQ-99728
2025-10-11T05:34:42.5395747Z  * [new branch]        Postgres-exporter       -> origin/Postgres-exporter
2025-10-11T05:34:42.5396953Z  * [new branch]        Postgres-new            -> origin/Postgres-new
2025-10-11T05:34:42.5398162Z  * [new branch]        QA/2140-main-test       -> origin/QA/2140-main-test
2025-10-11T05:34:42.5399661Z  * [new branch]        QA/bitnami-git-operator-cred-job -> origin/QA/bitnami-git-operator-cred-job
2025-10-11T05:34:42.5401157Z  * [new branch]        QA/bump-ui-to-v15-23-12 -> origin/QA/bump-ui-to-v15-23-12
2025-10-11T05:34:42.5402474Z  * [new branch]        Shubham/bump-kiali-2.10.0 -> origin/Shubham/bump-kiali-2.10.0
2025-10-11T05:34:42.5403616Z  * [new branch]        a6a8                    -> origin/a6a8
2025-10-11T05:34:42.5404836Z  * [new branch]        ai-navigato-postgres    -> origin/ai-navigato-postgres
2025-10-11T05:34:42.5406364Z  * [new branch]        ai-navigator-rag/bumps-main-v0.6.0 -> origin/ai-navigator-rag/bumps-main-v0.6.0
2025-10-11T05:34:42.5407987Z  * [new branch]        ai-navigator-rag/bumps-main-v0.6.4 -> origin/ai-navigator-rag/bumps-main-v0.6.4
2025-10-11T05:34:42.5409697Z  * [new branch]        ai-navigator-rag/bumps-main-v0.7.2 -> origin/ai-navigator-rag/bumps-main-v0.7.2
2025-10-11T05:34:42.5411280Z  * [new branch]        ai-navigator-rag/bumps-main-v0.7.5 -> origin/ai-navigator-rag/bumps-main-v0.7.5
2025-10-11T05:34:42.5412882Z  * [new branch]        ai-navigator-rag/bumps-main-v0.7.6 -> origin/ai-navigator-rag/bumps-main-v0.7.6
2025-10-11T05:34:42.5414499Z  * [new branch]        ai-navigator-rag/bumps-main-v0.7.7 -> origin/ai-navigator-rag/bumps-main-v0.7.7
2025-10-11T05:34:42.5416111Z  * [new branch]        ai-navigator-rag/bumps-main-v0.7.8 -> origin/ai-navigator-rag/bumps-main-v0.7.8
2025-10-11T05:34:42.5417709Z  * [new branch]        ai-navigator-rag/bumps-main-v0.7.9 -> origin/ai-navigator-rag/bumps-main-v0.7.9
2025-10-11T05:34:42.5419381Z  * [new branch]        ajariwala/knative-quick-fix -> origin/ajariwala/knative-quick-fix
2025-10-11T05:34:42.5421307Z  * [new branch]        ajariwala/test_bloodhound -> origin/ajariwala/test_bloodhound
2025-10-11T05:34:42.5422681Z  * [new branch]        alembiewski-patch-1     -> origin/alembiewski-patch-1
2025-10-11T05:34:42.5424165Z  * [new branch]        alex/bump-ain-chart-to-v0.2.7 -> origin/alex/bump-ain-chart-to-v0.2.7
2025-10-11T05:34:42.5425716Z  * [new branch]        alex/switch-ain-app-to-helm-chart -> origin/alex/switch-ain-app-to-helm-chart
2025-10-11T05:34:42.5427162Z  * [new branch]        apa-bump-dex            -> origin/apa-bump-dex
2025-10-11T05:34:42.5428733Z  * [new branch]        apa/bump-dka-threshold-backport-2.5 -> origin/apa/bump-dka-threshold-backport-2.5
2025-10-11T05:34:42.5430417Z  * [new branch]        apa/fix-s3-bucket       -> origin/apa/fix-s3-bucket
2025-10-11T05:34:42.5431759Z  * [new branch]        apa/kubetunnel-0.0.29   -> origin/apa/kubetunnel-0.0.29
2025-10-11T05:34:42.5433396Z  * [new branch]        arv/cve-unprivileged-nginx -> origin/arv/cve-unprivileged-nginx
2025-10-11T05:34:42.5434911Z  * [new branch]        arvin/cert-manager-1.17.2 -> origin/arvin/cert-manager-1.17.2
2025-10-11T05:34:42.5436434Z  * [new branch]        arvin/kiali-operator-bump-v1.89.6 -> origin/arvin/kiali-operator-bump-v1.89.6
2025-10-11T05:34:42.5437962Z  * [new branch]        arvin/knative_1.19.3    -> origin/arvin/knative_1.19.3
2025-10-11T05:34:42.5439438Z  * [new branch]        arvin/kube-rbac-proxy-bump -> origin/arvin/kube-rbac-proxy-bump
2025-10-11T05:34:42.5440883Z  * [new branch]        arvinder/kube-rbac-proxy -> origin/arvinder/kube-rbac-proxy
2025-10-11T05:34:42.5442439Z  * [new branch]        asekretenko/git_operator_multicluster -> origin/asekretenko/git_operator_multicluster
2025-10-11T05:34:42.5444215Z  * [new branch]        asekretenko/git_operator_multicluster_alt -> origin/asekretenko/git_operator_multicluster_alt
2025-10-11T05:34:42.5445988Z  * [new branch]        asekretenko/tmp_suppress_remediations -> origin/asekretenko/tmp_suppress_remediations
2025-10-11T05:34:42.5447753Z  * [new branch]        ashraf-kommander-operator-helm-test -> origin/ashraf-kommander-operator-helm-test
2025-10-11T05:34:42.5449353Z  * [new branch]        aweris/create-daily-tag -> origin/aweris/create-daily-tag
2025-10-11T05:34:42.5450818Z  * [new branch]        aweris/gha-manifest-validation -> origin/aweris/gha-manifest-validation
2025-10-11T05:34:42.5452242Z  * [new branch]        backport/main/pr-2135   -> origin/backport/main/pr-2135
2025-10-11T05:34:42.5453713Z  * [new branch]        backport/release-2.1/pr-198 -> origin/backport/release-2.1/pr-198
2025-10-11T05:34:42.5455150Z  * [new branch]        backport/release-2.1/pr-558 -> origin/backport/release-2.1/pr-558
2025-10-11T05:34:42.5456599Z  * [new branch]        backport/release-2.12/pr-2559 -> origin/backport/release-2.12/pr-2559
2025-10-11T05:34:42.5458067Z  * [new branch]        backport/release-2.12/pr-2571 -> origin/backport/release-2.12/pr-2571
2025-10-11T05:34:42.5459598Z  * [new branch]        backport/release-2.12/pr-3317 -> origin/backport/release-2.12/pr-3317
2025-10-11T05:34:42.5461515Z  * [new branch]        backport/release-2.13/pr-3109 -> origin/backport/release-2.13/pr-3109
2025-10-11T05:34:42.5463401Z  * [new branch]        backport/release-2.13/pr-3317 -> origin/backport/release-2.13/pr-3317
2025-10-11T05:34:42.5465323Z  * [new branch]        backport/release-2.14/pr-3210 -> origin/backport/release-2.14/pr-3210
2025-10-11T05:34:42.5467202Z  * [new branch]        backport/release-2.14/pr-3317 -> origin/backport/release-2.14/pr-3317
2025-10-11T05:34:42.5469214Z  * [new branch]        backport/release-2.15/pr-3317 -> origin/backport/release-2.15/pr-3317
2025-10-11T05:34:42.5471113Z  * [new branch]        backport/release-2.2/main-351 -> origin/backport/release-2.2/main-351
2025-10-11T05:34:42.5472917Z  * [new branch]        backport/release-2.2/main-375 -> origin/backport/release-2.2/main-375
2025-10-11T05:34:42.5474904Z  * [new branch]        backport/release-2.2/pr-489 -> origin/backport/release-2.2/pr-489
2025-10-11T05:34:42.5477050Z  * [new branch]        backport/release-2.3/pr-658 -> origin/backport/release-2.3/pr-658
2025-10-11T05:34:42.5479203Z  * [new branch]        backport/release-2.4/pr-1633 -> origin/backport/release-2.4/pr-1633
2025-10-11T05:34:42.5481071Z  * [new branch]        backport/release-2.5/pr-1633 -> origin/backport/release-2.5/pr-1633
2025-10-11T05:34:42.5482975Z  * [new branch]        backport/release-2.6/pr-1633 -> origin/backport/release-2.6/pr-1633
2025-10-11T05:34:42.5484953Z  * [new branch]        backport/release-2.6/pr-2054 -> origin/backport/release-2.6/pr-2054
2025-10-11T05:34:42.5486861Z  * [new branch]        backport/release-2.7/pr-2054 -> origin/backport/release-2.7/pr-2054
2025-10-11T05:34:42.5488763Z  * [new branch]        backport/release-2.7/pr-2072 -> origin/backport/release-2.7/pr-2072
2025-10-11T05:34:42.5490797Z  * [new branch]        backport/release-2.7/pr-2171 -> origin/backport/release-2.7/pr-2171
2025-10-11T05:34:42.5493038Z  * [new branch]        backport/release-2.8/pr-1973 -> origin/backport/release-2.8/pr-1973
2025-10-11T05:34:42.5495035Z  * [new branch]        backport/release-2.8/pr-2054 -> origin/backport/release-2.8/pr-2054
2025-10-11T05:34:42.5496930Z  * [new branch]        backport/release-2.8/pr-2072 -> origin/backport/release-2.8/pr-2072
2025-10-11T05:34:42.5498906Z  * [new branch]        backport/release-2.8/pr-2171 -> origin/backport/release-2.8/pr-2171
2025-10-11T05:34:42.5500606Z  * [new branch]        beta                    -> origin/beta
2025-10-11T05:34:42.5502189Z  * [new branch]        bhargav/cnpg            -> origin/bhargav/cnpg
2025-10-11T05:34:42.5504128Z  * [new branch]        bhargav/cve-fix-containertoolkit -> origin/bhargav/cve-fix-containertoolkit
2025-10-11T05:34:42.5506130Z  * [new branch]        bhargav/cve-fix-nginx-unprivileged -> origin/bhargav/cve-fix-nginx-unprivileged
2025-10-11T05:34:42.5507967Z  * [new branch]        bhargav/flux            -> origin/bhargav/flux
2025-10-11T05:34:42.5510061Z  * [new branch]        bhargav/harbor          -> origin/bhargav/harbor
2025-10-11T05:34:42.5511825Z  * [new branch]        bhargav/kiali-bump-to-2.11.0 -> origin/bhargav/kiali-bump-to-2.11.0
2025-10-11T05:34:42.5513812Z  * [new branch]        bhargav/kubefed-oci-migration -> origin/bhargav/kubefed-oci-migration
2025-10-11T05:34:42.5515677Z  * [new branch]        bhargav/update-bloodhound -> origin/bhargav/update-bloodhound
2025-10-11T05:34:42.5517733Z  * [new branch]        bitnami-git-operator-cred-job-test -> origin/bitnami-git-operator-cred-job-test
2025-10-11T05:34:42.5519653Z  * [new branch]        bitnami/dns             -> origin/bitnami/dns
2025-10-11T05:34:42.5521433Z  * [new branch]        branden-loki-distributed-upgrade -> origin/branden-loki-distributed-upgrade
2025-10-11T05:34:42.5523362Z  * [new branch]        branden-minio-add-storage -> origin/branden-minio-add-storage
2025-10-11T05:34:42.5525687Z  * [new branch]        branden/loki-distributed-upgrade-hack -> origin/branden/loki-distributed-upgrade-hack
2025-10-11T05:34:42.5527678Z  * [new branch]        branden/minio-user-creds -> origin/branden/minio-user-creds
2025-10-11T05:34:42.5529513Z  * [new branch]        bump-logging            -> origin/bump-logging
2025-10-11T05:34:42.5531196Z  * [new branch]        bump_k8s_to_1.32.3      -> origin/bump_k8s_to_1.32.3
2025-10-11T05:34:42.5532899Z  * [new branch]        bumping-kubectl         -> origin/bumping-kubectl
2025-10-11T05:34:42.5534626Z  * [new branch]        cbuto-2.5-ceph-up       -> origin/cbuto-2.5-ceph-up
2025-10-11T05:34:42.5536323Z  * [new branch]        cbuto-ceph-downgrade    -> origin/cbuto-ceph-downgrade
2025-10-11T05:34:42.5538021Z  * [new branch]        cbuto-ceph-up           -> origin/cbuto-ceph-up
2025-10-11T05:34:42.5554598Z  * [new branch]        cbuto/1.27              -> origin/cbuto/1.27
2025-10-11T05:34:42.5555943Z  * [new branch]        cbuto/bump-cluster-observer-kubectl -> origin/cbuto/bump-cluster-observer-kubectl
2025-10-11T05:34:42.5557336Z  * [new branch]        cbuto/downloads-bucket  -> origin/cbuto/downloads-bucket
2025-10-11T05:34:42.5558892Z  * [new branch]        cbuto/fix-devtags       -> origin/cbuto/fix-devtags
2025-10-11T05:34:42.5560084Z  * [new branch]        cbuto/flux-concurrency  -> origin/cbuto/flux-concurrency
2025-10-11T05:34:42.5561271Z  * [new branch]        cbuto/flux-concurrent   -> origin/cbuto/flux-concurrent
2025-10-11T05:34:42.5562523Z  * [new branch]        cbuto/kubecost-pre-upgrade -> origin/cbuto/kubecost-pre-upgrade
2025-10-11T05:34:42.5563953Z  * [new branch]        cbuto/loki-velero-dependency -> origin/cbuto/loki-velero-dependency
2025-10-11T05:34:42.5565328Z  * [new branch]        cbuto/revert-logging-operator -> origin/cbuto/revert-logging-operator
2025-10-11T05:34:42.5566701Z  * [new branch]        cbuto/set-ghostunnel-image -> origin/cbuto/set-ghostunnel-image
2025-10-11T05:34:42.5568047Z  * [new branch]        cbuto/update-metallb-images -> origin/cbuto/update-metallb-images
2025-10-11T05:34:42.5569601Z  * [new branch]        cd/yaml-update          -> origin/cd/yaml-update
2025-10-11T05:34:42.5570821Z  * [new branch]        chartbump-gitea-8.2.0   -> origin/chartbump-gitea-8.2.0
2025-10-11T05:34:42.5572233Z  * [new branch]        chartbump/centralized-kubecost-0.32.0 -> origin/chartbump/centralized-kubecost-0.32.0
2025-10-11T05:34:42.5573924Z  * [new branch]        chartbump/ceph-rook-cluster-v1.14.5-testing -> origin/chartbump/ceph-rook-cluster-v1.14.5-testing
2025-10-11T05:34:42.5575530Z  * [new branch]        chartbump/cert-manager-1.10.1 -> origin/chartbump/cert-manager-1.10.1
2025-10-11T05:34:42.5577394Z  * [new branch]        chartbump/cloudnative-pg-0.24.0 -> origin/chartbump/cloudnative-pg-0.24.0
2025-10-11T05:34:42.5579244Z  * [new branch]        chartbump/cloudnative-pg-0.26.0 -> origin/chartbump/cloudnative-pg-0.26.0
2025-10-11T05:34:42.5580724Z  * [new branch]        chartbump/cost-analyzer-2.8.0 -> origin/chartbump/cost-analyzer-2.8.0
2025-10-11T05:34:42.5582294Z  * [new branch]        chartbump/dex-k8s-authenticator-1.2.14 -> origin/chartbump/dex-k8s-authenticator-1.2.14
2025-10-11T05:34:42.5583901Z  * [new branch]        chartbump/external-dns-7.5.5-new -> origin/chartbump/external-dns-7.5.5-new
2025-10-11T05:34:42.5585341Z  * [new branch]        chartbump/external-dns-8.3.12 -> origin/chartbump/external-dns-8.3.12
2025-10-11T05:34:42.5586804Z  * [new branch]        chartbump/external-dns-8.3.8 -> origin/chartbump/external-dns-8.3.8
2025-10-11T05:34:42.5588262Z  * [new branch]        chartbump/external-dns-8.6.0 -> origin/chartbump/external-dns-8.6.0
2025-10-11T05:34:42.5589830Z  * [new branch]        chartbump/external-dns-8.7.1 -> origin/chartbump/external-dns-8.7.1
2025-10-11T05:34:42.5591284Z  * [new branch]        chartbump/external-dns-8.7.3 -> origin/chartbump/external-dns-8.7.3
2025-10-11T05:34:42.5592714Z  * [new branch]        chartbump/external-dns-8.8.0 -> origin/chartbump/external-dns-8.8.0
2025-10-11T05:34:42.5594200Z  * [new branch]        chartbump/external-dns-9.0.3 -> origin/chartbump/external-dns-9.0.3
2025-10-11T05:34:42.5595836Z  * [new branch]        chartbump/external-secrets-0.20.2 -> origin/chartbump/external-secrets-0.20.2
2025-10-11T05:34:42.5597325Z  * [new branch]        chartbump/fluent-bit-0.47.10 -> origin/chartbump/fluent-bit-0.47.10
2025-10-11T05:34:42.5598771Z  * [new branch]        chartbump/fluent-bit-0.47.9 -> origin/chartbump/fluent-bit-0.47.9
2025-10-11T05:34:42.5600170Z  * [new branch]        chartbump/fluent-bit-0.48.3 -> origin/chartbump/fluent-bit-0.48.3
2025-10-11T05:34:42.5601566Z  * [new branch]        chartbump/fluent-bit-0.48.9 -> origin/chartbump/fluent-bit-0.48.9
2025-10-11T05:34:42.5602954Z  * [new branch]        chartbump/fluent-bit-0.53.0 -> origin/chartbump/fluent-bit-0.53.0
2025-10-11T05:34:42.5604411Z  * [new branch]        chartbump/gatekeeper-3.17.1 -> origin/chartbump/gatekeeper-3.17.1
2025-10-11T05:34:42.5605822Z  * [new branch]        chartbump/gatekeeper-3.20.1 -> origin/chartbump/gatekeeper-3.20.1
2025-10-11T05:34:42.5607161Z  * [new branch]        chartbump/gitea-10.1.0  -> origin/chartbump/gitea-10.1.0
2025-10-11T05:34:42.5608808Z  * [new branch]        chartbump/gitea-10.1.1  -> origin/chartbump/gitea-10.1.1
2025-10-11T05:34:42.5610114Z  * [new branch]        chartbump/gitea-9.2.0   -> origin/chartbump/gitea-9.2.0
2025-10-11T05:34:42.5611411Z  * [new branch]        chartbump/gitea-9.6.1   -> origin/chartbump/gitea-9.6.1
2025-10-11T05:34:42.5612804Z  * [new branch]        chartbump/gpu-operator-v24.9.2 -> origin/chartbump/gpu-operator-v24.9.2
2025-10-11T05:34:42.5614219Z  * [new branch]        chartbump/grafana-10.0.0 -> origin/chartbump/grafana-10.0.0
2025-10-11T05:34:42.5615520Z  * [new branch]        chartbump/grafana-8.11.0 -> origin/chartbump/grafana-8.11.0
2025-10-11T05:34:42.5616835Z  * [new branch]        chartbump/grafana-8.14.0 -> origin/chartbump/grafana-8.14.0
2025-10-11T05:34:42.5618102Z  * [new branch]        chartbump/grafana-8.2.0 -> origin/chartbump/grafana-8.2.0
2025-10-11T05:34:42.5621055Z  * [new branch]        chartbump/grafana-8.5.1 -> origin/chartbump/grafana-8.5.1
2025-10-11T05:34:42.5622489Z  * [new branch]        chartbump/grafana-8.5.11 -> origin/chartbump/grafana-8.5.11
2025-10-11T05:34:42.5623930Z  * [new branch]        chartbump/grafana-8.6.4 -> origin/chartbump/grafana-8.6.4
2025-10-11T05:34:42.5625313Z  * [new branch]        chartbump/grafana-9.2.7 -> origin/chartbump/grafana-9.2.7
2025-10-11T05:34:42.5626711Z  * [new branch]        chartbump/harbor-1.18.0 -> origin/chartbump/harbor-1.18.0
2025-10-11T05:34:42.5628071Z  * [new branch]        chartbump/istio-1.25.0  -> origin/chartbump/istio-1.25.0
2025-10-11T05:34:42.5629485Z  * [new branch]        chartbump/istio-1.25.1  -> origin/chartbump/istio-1.25.1
2025-10-11T05:34:42.5630817Z  * [new branch]        chartbump/jaeger-2.41.0 -> origin/chartbump/jaeger-2.41.0
2025-10-11T05:34:42.5632302Z  * [new branch]        chartbump/jaeger-operator-2.57.0 -> origin/chartbump/jaeger-operator-2.57.0
2025-10-11T05:34:42.5633900Z  * [new branch]        chartbump/kiali-operator-2.0.0 -> origin/chartbump/kiali-operator-2.0.0
2025-10-11T05:34:42.5635442Z  * [new branch]        chartbump/kiali-operator-2.12.0 -> origin/chartbump/kiali-operator-2.12.0
2025-10-11T05:34:42.5636977Z  * [new branch]        chartbump/kiali-operator-2.16.0 -> origin/chartbump/kiali-operator-2.16.0
2025-10-11T05:34:42.5638510Z  * [new branch]        chartbump/kiali-operator-2.3.0 -> origin/chartbump/kiali-operator-2.3.0
2025-10-11T05:34:42.5640109Z  * [new branch]        chartbump/kiali-operator-2.4.0 -> origin/chartbump/kiali-operator-2.4.0
2025-10-11T05:34:42.5641541Z  * [new branch]        chartbump/knative-0.5.2 -> origin/chartbump/knative-0.5.2
2025-10-11T05:34:42.5642889Z  * [new branch]        chartbump/knative-1.10.7 -> origin/chartbump/knative-1.10.7
2025-10-11T05:34:42.5644307Z  * [new branch]        chartbump/knative-1.10.8 -> origin/chartbump/knative-1.10.8
2025-10-11T05:34:42.5645813Z  * [new branch]        chartbump/knative-operator-v1.19.3 -> origin/chartbump/knative-operator-v1.19.3
2025-10-11T05:34:42.5647391Z  * [new branch]        chartbump/kube-oidc-proxy-0.3.3 -> origin/chartbump/kube-oidc-proxy-0.3.3
2025-10-11T05:34:42.5649034Z  * [new branch]        chartbump/kube-prometheus-stack-48.3.2 -> origin/chartbump/kube-prometheus-stack-48.3.2
2025-10-11T05:34:42.5650727Z  * [new branch]        chartbump/kube-prometheus-stack-71.0.0 -> origin/chartbump/kube-prometheus-stack-71.0.0
2025-10-11T05:34:42.5652262Z  * [new branch]        chartbump/kubecost-0.32.0 -> origin/chartbump/kubecost-0.32.0
2025-10-11T05:34:42.5653846Z  * [new branch]        chartbump/kubernetes-dashboard-7.0.0 -> origin/chartbump/kubernetes-dashboard-7.0.0
2025-10-11T05:34:42.5655548Z  * [new branch]        chartbump/kubernetes-dashboard-7.10.0 -> origin/chartbump/kubernetes-dashboard-7.10.0
2025-10-11T05:34:42.5657236Z  * [new branch]        chartbump/kubernetes-dashboard-7.6.1 -> origin/chartbump/kubernetes-dashboard-7.6.1
2025-10-11T05:34:42.5659095Z  * [new branch]        chartbump/logging-operator-5.2.0 -> origin/chartbump/logging-operator-5.2.0
2025-10-11T05:34:42.5660882Z  * [new branch]        chartbump/logging-operator-5.3.0 -> origin/chartbump/logging-operator-5.3.0
2025-10-11T05:34:42.5662474Z  * [new branch]        chartbump/loki-distributed-0.78.2 -> origin/chartbump/loki-distributed-0.78.2
2025-10-11T05:34:42.5664124Z  * [new branch]        chartbump/loki-distributed-0.79.0 -> origin/chartbump/loki-distributed-0.79.0
2025-10-11T05:34:42.5665716Z  * [new branch]        chartbump/loki-distributed-0.80.0 -> origin/chartbump/loki-distributed-0.80.0
2025-10-11T05:34:42.5667262Z  * [new branch]        chartbump/loki-distributed-0.80.4 -> origin/chartbump/loki-distributed-0.80.4
2025-10-11T05:34:42.5668949Z  * [new branch]        chartbump/loki-distributed-0.80.5 -> origin/chartbump/loki-distributed-0.80.5
2025-10-11T05:34:42.5670432Z  * [new branch]        chartbump/opencost-2.3.1 -> origin/chartbump/opencost-2.3.1
2025-10-11T05:34:42.5672056Z  * [new branch]        chartbump/prometheus-adapter-4.1.1 -> origin/chartbump/prometheus-adapter-4.1.1
2025-10-11T05:34:42.5673747Z  * [new branch]        chartbump/prometheus-adapter-5.1.0 -> origin/chartbump/prometheus-adapter-5.1.0
2025-10-11T05:34:42.5675536Z  * [new branch]        chartbump/release-2.5/kube-prometheus-stack-46.8.1 -> origin/chartbump/release-2.5/kube-prometheus-stack-46.8.1
2025-10-11T05:34:42.5677212Z  * [new branch]        chartbump/reloader-1.2.0 -> origin/chartbump/reloader-1.2.0
2025-10-11T05:34:42.5678587Z  * [new branch]        chartbump/reloader-1.3.0 -> origin/chartbump/reloader-1.3.0
2025-10-11T05:34:42.5680102Z  * [new branch]        chartbump/reloader-2.2.3 -> origin/chartbump/reloader-2.2.3
2025-10-11T05:34:42.5681510Z  * [new branch]        chartbump/rook-ceph-1.11.1 -> origin/chartbump/rook-ceph-1.11.1
2025-10-11T05:34:42.5683058Z  * [new branch]        chartbump/rook-ceph-cluster-v1.15.2 -> origin/chartbump/rook-ceph-cluster-v1.15.2
2025-10-11T05:34:42.5684734Z  * [new branch]        chartbump/rook-ceph-cluster-v1.15.4 -> origin/chartbump/rook-ceph-cluster-v1.15.4
2025-10-11T05:34:42.5686334Z  * [new branch]        chartbump/rook-ceph-cluster-v1.15.6 -> origin/chartbump/rook-ceph-cluster-v1.15.6
2025-10-11T05:34:42.5687955Z  * [new branch]        chartbump/rook-ceph-cluster-v1.16.0 -> origin/chartbump/rook-ceph-cluster-v1.16.0
2025-10-11T05:34:42.5689641Z  * [new branch]        chartbump/rook-ceph-cluster-v1.18.4 -> origin/chartbump/rook-ceph-cluster-v1.18.4
2025-10-11T05:34:42.5691181Z  * [new branch]        chartbump/rook-ceph-v1.15.2 -> origin/chartbump/rook-ceph-v1.15.2
2025-10-11T05:34:42.5723408Z  * [new branch]        chartbump/rook-ceph-v1.15.4 -> origin/chartbump/rook-ceph-v1.15.4
2025-10-11T05:34:42.5725039Z  * [new branch]        chartbump/rook-ceph-v1.15.6 -> origin/chartbump/rook-ceph-v1.15.6
2025-10-11T05:34:42.5726361Z  * [new branch]        chartbump/rook-ceph-v1.17.5 -> origin/chartbump/rook-ceph-v1.17.5
2025-10-11T05:34:42.5727679Z  * [new branch]        chartbump/rook-ceph-v1.18.4 -> origin/chartbump/rook-ceph-v1.18.4
2025-10-11T05:34:42.5729008Z  * [new branch]        chartbump/thanos-15.11.0 -> origin/chartbump/thanos-15.11.0
2025-10-11T05:34:42.5730221Z  * [new branch]        chartbump/thanos-15.7.25 -> origin/chartbump/thanos-15.7.25
2025-10-11T05:34:42.5731410Z  * [new branch]        chartbump/thanos-15.8.0 -> origin/chartbump/thanos-15.8.0
2025-10-11T05:34:42.5732587Z  * [new branch]        chartbump/thanos-15.8.2 -> origin/chartbump/thanos-15.8.2
2025-10-11T05:34:42.5733796Z  * [new branch]        chartbump/thanos-15.9.2 -> origin/chartbump/thanos-15.9.2
2025-10-11T05:34:42.5734962Z  * [new branch]        chartbump/thanos-16.0.4 -> origin/chartbump/thanos-16.0.4
2025-10-11T05:34:42.5736141Z  * [new branch]        chartbump/thanos-17.3.1 -> origin/chartbump/thanos-17.3.1
2025-10-11T05:34:42.5737632Z  * [new branch]        chartbump/traefik-10.24.4 -> origin/chartbump/traefik-10.24.4
2025-10-11T05:34:42.5739079Z  * [new branch]        chartbump/traefik-21.2.0 -> origin/chartbump/traefik-21.2.0
2025-10-11T05:34:42.5740313Z  * [new branch]        chartbump/traefik-32.0.0 -> origin/chartbump/traefik-32.0.0
2025-10-11T05:34:42.5741755Z  * [new branch]        chartbump/traefik-33.0.0 -> origin/chartbump/traefik-33.0.0
2025-10-11T05:34:42.5743011Z  * [new branch]        chartbump/traefik-34.5.0 -> origin/chartbump/traefik-34.5.0
2025-10-11T05:34:42.5744301Z  * [new branch]        chartbump/traefik-37.1.2 -> origin/chartbump/traefik-37.1.2
2025-10-11T05:34:42.5745609Z  * [new branch]        chartbump/traefik-crds-1.11.1 -> origin/chartbump/traefik-crds-1.11.1
2025-10-11T05:34:42.5746997Z  * [new branch]        chartbump/traefik-crds-1.9.0 -> origin/chartbump/traefik-crds-1.9.0
2025-10-11T05:34:42.5748314Z  * [new branch]        chartbump/velero-10.0.8 -> origin/chartbump/velero-10.0.8
2025-10-11T05:34:42.5749702Z  * [new branch]        chartbump/velero-11.0.0 -> origin/chartbump/velero-11.0.0
2025-10-11T05:34:42.5750925Z  * [new branch]        chartbump/velero-7.2.1  -> origin/chartbump/velero-7.2.1
2025-10-11T05:34:42.5752260Z  * [new branch]        chartbump/velero-8.1.0  -> origin/chartbump/velero-8.1.0
2025-10-11T05:34:42.5753516Z  * [new branch]        check-test-license      -> origin/check-test-license
2025-10-11T05:34:42.5754830Z  * [new branch]        ci-mergebot/insights-0.5.1 -> origin/ci-mergebot/insights-0.5.1
2025-10-11T05:34:42.5757382Z  * [new branch]        ci-mergebot/insights-0.6.0-dev.10 -> origin/ci-mergebot/insights-0.6.0-dev.10
2025-10-11T05:34:42.5758895Z  * [new branch]        ci-mergebot/insights-0.6.0-dev.11 -> origin/ci-mergebot/insights-0.6.0-dev.11
2025-10-11T05:34:42.5760353Z  * [new branch]        ci-mergebot/insights-0.6.0-dev.12 -> origin/ci-mergebot/insights-0.6.0-dev.12
2025-10-11T05:34:42.5761777Z  * [new branch]        ci-mergebot/insights-0.6.0-dev.13 -> origin/ci-mergebot/insights-0.6.0-dev.13
2025-10-11T05:34:42.5763198Z  * [new branch]        ci-mergebot/insights-0.6.0-dev.15 -> origin/ci-mergebot/insights-0.6.0-dev.15
2025-10-11T05:34:42.5764600Z  * [new branch]        ci-mergebot/insights-1.0.0 -> origin/ci-mergebot/insights-1.0.0
2025-10-11T05:34:42.5765972Z  * [new branch]        ci-mergebot/insights-1.0.0-dev.1 -> origin/ci-mergebot/insights-1.0.0-dev.1
2025-10-11T05:34:42.5767375Z  * [new branch]        ci-mergebot/insights-1.0.0-dev.10 -> origin/ci-mergebot/insights-1.0.0-dev.10
2025-10-11T05:34:42.5768918Z  * [new branch]        ci-mergebot/insights-1.0.0-dev.11 -> origin/ci-mergebot/insights-1.0.0-dev.11
2025-10-11T05:34:42.5770358Z  * [new branch]        ci-mergebot/insights-1.0.0-dev.12 -> origin/ci-mergebot/insights-1.0.0-dev.12
2025-10-11T05:34:42.5771783Z  * [new branch]        ci-mergebot/insights-1.0.0-dev.2 -> origin/ci-mergebot/insights-1.0.0-dev.2
2025-10-11T05:34:42.5773191Z  * [new branch]        ci-mergebot/insights-1.0.0-dev.3 -> origin/ci-mergebot/insights-1.0.0-dev.3
2025-10-11T05:34:42.5774641Z  * [new branch]        ci-mergebot/insights-1.0.0-dev.4 -> origin/ci-mergebot/insights-1.0.0-dev.4
2025-10-11T05:34:42.5776021Z  * [new branch]        ci-mergebot/insights-1.0.0-dev.5 -> origin/ci-mergebot/insights-1.0.0-dev.5
2025-10-11T05:34:42.5777463Z  * [new branch]        ci-mergebot/insights-1.0.0-dev.6 -> origin/ci-mergebot/insights-1.0.0-dev.6
2025-10-11T05:34:42.5778979Z  * [new branch]        ci-mergebot/insights-1.0.0-dev.7 -> origin/ci-mergebot/insights-1.0.0-dev.7
2025-10-11T05:34:42.5780441Z  * [new branch]        ci-mergebot/insights-1.0.0-dev.8 -> origin/ci-mergebot/insights-1.0.0-dev.8
2025-10-11T05:34:42.5781837Z  * [new branch]        ci-mergebot/insights-1.0.0-dev.9 -> origin/ci-mergebot/insights-1.0.0-dev.9
2025-10-11T05:34:42.5783171Z  * [new branch]        ci-mergebot/insights-1.0.1 -> origin/ci-mergebot/insights-1.0.1
2025-10-11T05:34:42.5784495Z  * [new branch]        ci-mergebot/insights-1.0.3 -> origin/ci-mergebot/insights-1.0.3
2025-10-11T05:34:42.5785790Z  * [new branch]        ci-mergebot/insights-1.1.0 -> origin/ci-mergebot/insights-1.1.0
2025-10-11T05:34:42.5787135Z  * [new branch]        ci-mergebot/insights-1.1.1 -> origin/ci-mergebot/insights-1.1.1
2025-10-11T05:34:42.5788568Z  * [new branch]        ci-mergebot/insights-1.1.2 -> origin/ci-mergebot/insights-1.1.2
2025-10-11T05:34:42.5790223Z  * [new branch]        ci-mergebot/insights-1.2.0 -> origin/ci-mergebot/insights-1.2.0
2025-10-11T05:34:42.5791727Z  * [new branch]        ci-mergebot/insights-1.2.0-beta.0 -> origin/ci-mergebot/insights-1.2.0-beta.0
2025-10-11T05:34:42.5793291Z  * [new branch]        ci-mergebot/insights-1.2.0-beta.1 -> origin/ci-mergebot/insights-1.2.0-beta.1
2025-10-11T05:34:42.5794817Z  * [new branch]        ci-mergebot/insights-1.2.0-beta.3 -> origin/ci-mergebot/insights-1.2.0-beta.3
2025-10-11T05:34:42.5796300Z  * [new branch]        ci-mergebot/insights-1.2.0-beta.5 -> origin/ci-mergebot/insights-1.2.0-beta.5
2025-10-11T05:34:42.5797688Z  * [new branch]        ci-mergebot/insights-1.2.1 -> origin/ci-mergebot/insights-1.2.1
2025-10-11T05:34:42.5799135Z  * [new branch]        ci-mergebot/insights-1.2.2 -> origin/ci-mergebot/insights-1.2.2
2025-10-11T05:34:42.5800631Z  * [new branch]        ci-mergebot/insights-1.3.0 -> origin/ci-mergebot/insights-1.3.0
2025-10-11T05:34:42.5801975Z  * [new branch]        ci-mergebot/insights-1.3.1 -> origin/ci-mergebot/insights-1.3.1
2025-10-11T05:34:42.5803300Z  * [new branch]        ci-mergebot/insights-1.3.2 -> origin/ci-mergebot/insights-1.3.2
2025-10-11T05:34:42.5804671Z  * [new branch]        ci-mergebot/insights-1.3.4 -> origin/ci-mergebot/insights-1.3.4
2025-10-11T05:34:42.5806012Z  * [new branch]        ci-mergebot/insights-1.4.1 -> origin/ci-mergebot/insights-1.4.1
2025-10-11T05:34:42.5807314Z  * [new branch]        ci-mergebot/insights-1.4.2 -> origin/ci-mergebot/insights-1.4.2
2025-10-11T05:34:42.5808903Z  * [new branch]        ci-mergebot/insights-1.4.3 -> origin/ci-mergebot/insights-1.4.3
2025-10-11T05:34:42.5810223Z  * [new branch]        ci-mergebot/insights-1.4.4 -> origin/ci-mergebot/insights-1.4.4
2025-10-11T05:34:42.5811517Z  * [new branch]        ci-mergebot/insights-1.6.0 -> origin/ci-mergebot/insights-1.6.0
2025-10-11T05:34:42.5812870Z  * [new branch]        ci-mergebot/insights-1.6.2 -> origin/ci-mergebot/insights-1.6.2
2025-10-11T05:34:42.5814212Z  * [new branch]        ci-mergebot/insights-1.6.3 -> origin/ci-mergebot/insights-1.6.3
2025-10-11T05:34:42.5815503Z  * [new branch]        ci-mergebot/insights-1.6.4 -> origin/ci-mergebot/insights-1.6.4
2025-10-11T05:34:42.5816794Z  * [new branch]        ci-mergebot/insights-1.6.5 -> origin/ci-mergebot/insights-1.6.5
2025-10-11T05:34:42.5818125Z  * [new branch]        ci-mergebot/insights-1.6.6 -> origin/ci-mergebot/insights-1.6.6
2025-10-11T05:34:42.5819576Z  * [new branch]        ci-mergebot/insights-1.6.7 -> origin/ci-mergebot/insights-1.6.7
2025-10-11T05:34:42.5820920Z  * [new branch]        ci-mergebot/insights-1.6.8 -> origin/ci-mergebot/insights-1.6.8
2025-10-11T05:34:42.5822439Z  * [new branch]        ci-mergebot/insights-management-0.6.0-dev.10 -> origin/ci-mergebot/insights-management-0.6.0-dev.10
2025-10-11T05:34:42.5824208Z  * [new branch]        ci-mergebot/insights-management-0.6.0-dev.11 -> origin/ci-mergebot/insights-management-0.6.0-dev.11
2025-10-11T05:34:42.5825932Z  * [new branch]        ci-mergebot/insights-management-0.6.0-dev.15 -> origin/ci-mergebot/insights-management-0.6.0-dev.15
2025-10-11T05:34:42.5827586Z  * [new branch]        ci-mergebot/insights-management-1.0.0 -> origin/ci-mergebot/insights-management-1.0.0
2025-10-11T05:34:42.5829267Z  * [new branch]        ci-mergebot/insights-management-1.0.0-dev.10 -> origin/ci-mergebot/insights-management-1.0.0-dev.10
2025-10-11T05:34:42.5830929Z  * [new branch]        ci-mergebot/insights-management-1.0.0-dev.11 -> origin/ci-mergebot/insights-management-1.0.0-dev.11
2025-10-11T05:34:42.5832606Z  * [new branch]        ci-mergebot/insights-management-1.0.0-dev.12 -> origin/ci-mergebot/insights-management-1.0.0-dev.12
2025-10-11T05:34:42.5834292Z  * [new branch]        ci-mergebot/insights-management-1.0.0-dev.2 -> origin/ci-mergebot/insights-management-1.0.0-dev.2
2025-10-11T05:34:42.5835967Z  * [new branch]        ci-mergebot/insights-management-1.0.0-dev.4 -> origin/ci-mergebot/insights-management-1.0.0-dev.4
2025-10-11T05:34:42.5837808Z  * [new branch]        ci-mergebot/insights-management-1.0.0-dev.5 -> origin/ci-mergebot/insights-management-1.0.0-dev.5
2025-10-11T05:34:42.5839523Z  * [new branch]        ci-mergebot/insights-management-1.0.0-dev.9 -> origin/ci-mergebot/insights-management-1.0.0-dev.9
2025-10-11T05:34:42.5841186Z  * [new branch]        ci-mergebot/insights-management-1.0.1 -> origin/ci-mergebot/insights-management-1.0.1
2025-10-11T05:34:42.5842826Z  * [new branch]        ci-mergebot/insights-management-1.2.0-beta.1 -> origin/ci-mergebot/insights-management-1.2.0-beta.1
2025-10-11T05:34:42.5844651Z  * [new branch]        ci/bump-ai-navigator-to-v0.4.0-test-20250617-202326 -> origin/ci/bump-ai-navigator-to-v0.4.0-test-20250617-202326
2025-10-11T05:34:42.5846433Z  * [new branch]        ci/bump-ai-navigator-to-v0.5.0-20250717-213159 -> origin/ci/bump-ai-navigator-to-v0.5.0-20250717-213159
2025-10-11T05:34:42.5848264Z  * [new branch]        ci/bump-ui-to-12.3.1-test-bump-ui.4-test-bump-ui -> origin/ci/bump-ui-to-12.3.1-test-bump-ui.4-test-bump-ui
2025-10-11T05:34:42.5849871Z  * [new branch]        ci/bump-ui-to-latest-gamma -> origin/ci/bump-ui-to-latest-gamma
2025-10-11T05:34:42.5851242Z  * [new branch]        ci/bump-ui-to-latest-main-dev -> origin/ci/bump-ui-to-latest-main-dev
2025-10-11T05:34:42.5852672Z  * [new branch]        ci/bump-ui-to-latest-release-2.12 -> origin/ci/bump-ui-to-latest-release-2.12
2025-10-11T05:34:42.5854068Z  * [new branch]        cost-analyzer-oci       -> origin/cost-analyzer-oci
2025-10-11T05:34:42.5855230Z  * [new branch]        cris-test               -> origin/cris-test
2025-10-11T05:34:42.5862776Z  * [new branch]        cursor/analyze-failing-test-logs-2219 -> origin/cursor/analyze-failing-test-logs-2219
2025-10-11T05:34:42.5864444Z  * [new branch]        cursor/analyze-flux-just-file-purpose-e583 -> origin/cursor/analyze-flux-just-file-purpose-e583
2025-10-11T05:34:42.5866117Z  * [new branch]        cursor/analyze-flux-unit-test-failures-2b2a -> origin/cursor/analyze-flux-unit-test-failures-2b2a
2025-10-11T05:34:42.5867760Z  * [new branch]        cursor/apply-flux-manifests-to-cluster-6ae6 -> origin/cursor/apply-flux-manifests-to-cluster-6ae6
2025-10-11T05:34:42.5869540Z  * [new branch]        cursor/apply-kommander-overrides-configmap-8e49 -> origin/cursor/apply-kommander-overrides-configmap-8e49
2025-10-11T05:34:42.5871308Z  * [new branch]        cursor/bc-7b8efede-6270-4f4b-b668-661a06640c7e-b06e -> origin/cursor/bc-7b8efede-6270-4f4b-b668-661a06640c7e-b06e
2025-10-11T05:34:42.5873055Z  * [new branch]        cursor/bc-982d49e0-84ab-44ae-8396-32eb5a4c7ed0-7772 -> origin/cursor/bc-982d49e0-84ab-44ae-8396-32eb5a4c7ed0-7772
2025-10-11T05:34:42.5874811Z  * [new branch]        cursor/compare-flux-manifest-templates-b049 -> origin/cursor/compare-flux-manifest-templates-b049
2025-10-11T05:34:42.5876489Z  * [new branch]        cursor/configure-nkp-for-flux-helm-chart-7266 -> origin/cursor/configure-nkp-for-flux-helm-chart-7266
2025-10-11T05:34:42.5878380Z  * [new branch]        cursor/convert-oci-helm-releases-to-kustomize-manifests-46d0 -> origin/cursor/convert-oci-helm-releases-to-kustomize-manifests-46d0
2025-10-11T05:34:42.5880347Z  * [new branch]        cursor/fetch-and-apply-oci-manifests-02cc -> origin/cursor/fetch-and-apply-oci-manifests-02cc
2025-10-11T05:34:42.5882091Z  * [new branch]        cursor/fetch-latest-flux-helm-manifest-from-oci-21ff -> origin/cursor/fetch-latest-flux-helm-manifest-from-oci-21ff
2025-10-11T05:34:42.5884014Z  * [new branch]        cursor/find-flux-manifests-usage-in-controllers-292f -> origin/cursor/find-flux-manifests-usage-in-controllers-292f
2025-10-11T05:34:42.5886153Z  * [new branch]        cursor/fix-helmrelease-kind-mismatch-in-kommanderflux-install-test-6e22 -> origin/cursor/fix-helmrelease-kind-mismatch-in-kommanderflux-install-test-6e22
2025-10-11T05:34:42.5888263Z  * [new branch]        cursor/generate-raw-manifest-from-helm-chart-a826 -> origin/cursor/generate-raw-manifest-from-helm-chart-a826
2025-10-11T05:34:42.5890359Z  * [new branch]        cursor/investigate-embed-fs-generation-5f10 -> origin/cursor/investigate-embed-fs-generation-5f10
2025-10-11T05:34:42.5892256Z  * [new branch]        cursor/investigate-flux-manifests-file-not-found-error-473d -> origin/cursor/investigate-flux-manifests-file-not-found-error-473d
2025-10-11T05:34:42.5894403Z  * [new branch]        cursor/investigate-harbor-application-customization-17f9 -> origin/cursor/investigate-harbor-application-customization-17f9
2025-10-11T05:34:42.5896304Z  * [new branch]        cursor/migrate-flux-to-oci-helm-chart-1f7c -> origin/cursor/migrate-flux-to-oci-helm-chart-1f7c
2025-10-11T05:34:42.5898302Z  * [new branch]        cursor/replace-kustomizations-with-helm-chart-6a7e -> origin/cursor/replace-kustomizations-with-helm-chart-6a7e
2025-10-11T05:34:42.5900242Z  * [new branch]        cursor/review-flux-kustomization-changes-3aff -> origin/cursor/review-flux-kustomization-changes-3aff
2025-10-11T05:34:42.5902293Z  * [new branch]        cursor/update-flux2-manifest-templating-in-kommander-cli-daf4 -> origin/cursor/update-flux2-manifest-templating-in-kommander-cli-daf4
2025-10-11T05:34:42.5903940Z  * [new branch]        cve-fix                 -> origin/cve-fix
2025-10-11T05:34:42.5905021Z  * [new branch]        cve-pluto               -> origin/cve-pluto
2025-10-11T05:34:42.5906157Z  * [new branch]        cve-unprivileged-nginx  -> origin/cve-unprivileged-nginx
2025-10-11T05:34:42.5907270Z  * [new branch]        d2iq-80341              -> origin/d2iq-80341
2025-10-11T05:34:42.5908322Z  * [new branch]        d2iq-84281-test         -> origin/d2iq-84281-test
2025-10-11T05:34:42.5909790Z  * [new branch]        dependabot/github_actions/actions/checkout-5 -> origin/dependabot/github_actions/actions/checkout-5
2025-10-11T05:34:42.5911478Z  * [new branch]        dependabot/github_actions/actions/setup-go-6 -> origin/dependabot/github_actions/actions/setup-go-6
2025-10-11T05:34:42.5913112Z  * [new branch]        dependabot/github_actions/actions/stale-10 -> origin/dependabot/github_actions/actions/stale-10
2025-10-11T05:34:42.5914989Z  * [new branch]        dependabot/github_actions/amannn/action-semantic-pull-request-6 -> origin/dependabot/github_actions/amannn/action-semantic-pull-request-6
2025-10-11T05:34:42.5917107Z  * [new branch]        dependabot/github_actions/aws-actions/configure-aws-credentials-5 -> origin/dependabot/github_actions/aws-actions/configure-aws-credentials-5
2025-10-11T05:34:42.5919381Z  * [new branch]        dependabot/go_modules/apptests/github.com/docker/cli-28.5.0incompatible -> origin/dependabot/go_modules/apptests/github.com/docker/cli-28.5.0incompatible
2025-10-11T05:34:42.5921523Z  * [new branch]        dependabot/go_modules/apptests/github.com/fluxcd/flux2/v2-2.7.0 -> origin/dependabot/go_modules/apptests/github.com/fluxcd/flux2/v2-2.7.0
2025-10-11T05:34:42.5923665Z  * [new branch]        dependabot/go_modules/apptests/github.com/fluxcd/pkg/runtime-0.86.0 -> origin/dependabot/go_modules/apptests/github.com/fluxcd/pkg/runtime-0.86.0
2025-10-11T05:34:42.5925761Z  * [new branch]        dependabot/go_modules/apptests/github.com/fluxcd/pkg/ssa-0.59.0 -> origin/dependabot/go_modules/apptests/github.com/fluxcd/pkg/ssa-0.59.0
2025-10-11T05:34:42.5927860Z  * [new branch]        dependabot/go_modules/apptests/k8s.io/apiextensions-apiserver-0.34.1 -> origin/dependabot/go_modules/apptests/k8s.io/apiextensions-apiserver-0.34.1
2025-10-11T05:34:42.5930229Z  * [new branch]        dependabot/go_modules/hack/release/github.com/fluxcd/source-controller/api-1.7.0 -> origin/dependabot/go_modules/hack/release/github.com/fluxcd/source-controller/api-1.7.0
2025-10-11T05:34:42.5932498Z  * [new branch]        dependabot/go_modules/hack/release/github.com/spf13/cobra-1.10.1 -> origin/dependabot/go_modules/hack/release/github.com/spf13/cobra-1.10.1
2025-10-11T05:34:42.5934687Z  * [new branch]        dependabot/go_modules/hack/release/github.com/stretchr/testify-1.11.1 -> origin/dependabot/go_modules/hack/release/github.com/stretchr/testify-1.11.1
2025-10-11T05:34:42.5936474Z  * [new branch]        embed-files             -> origin/embed-files
2025-10-11T05:34:42.5937622Z  * [new branch]        etcd-kube-rbac-proxy-test -> origin/etcd-kube-rbac-proxy-test
2025-10-11T05:34:42.5939250Z  * [new branch]        faiq/update-nvidia-values -> origin/faiq/update-nvidia-values
2025-10-11T05:34:42.5940470Z  * [new branch]        fix/gpu-dashboard       -> origin/fix/gpu-dashboard
2025-10-11T05:34:42.5941593Z  * [new branch]        fix/nividia-category    -> origin/fix/nividia-category
2025-10-11T05:34:42.5942764Z  * [new branch]        flux-update/0.38.3      -> origin/flux-update/0.38.3
2025-10-11T05:34:42.5944008Z  * [new branch]        flux-update/0.41.1      -> origin/flux-update/0.41.1
2025-10-11T05:34:42.5945215Z  * [new branch]        flux-update/2.0.0-rc.5  -> origin/flux-update/2.0.0-rc.5
2025-10-11T05:34:42.5946409Z  * [new branch]        flux-update/2.6.0       -> origin/flux-update/2.6.0
2025-10-11T05:34:42.5947742Z  * [new branch]        flux-update/2.6.4       -> origin/flux-update/2.6.4
2025-10-11T05:34:42.5949098Z  * [new branch]        flux-update/test        -> origin/flux-update/test
2025-10-11T05:34:42.5950183Z  * [new branch]        gamma                   -> origin/gamma
2025-10-11T05:34:42.5951461Z  * [new branch]        gh-dkp/post-release-bumps-00302777 -> origin/gh-dkp/post-release-bumps-00302777
2025-10-11T05:34:42.5952941Z  * [new branch]        gh-dkp/post-release-bumps-01725656 -> origin/gh-dkp/post-release-bumps-01725656
2025-10-11T05:34:42.5954454Z  * [new branch]        gh-dkp/post-release-bumps-04128204 -> origin/gh-dkp/post-release-bumps-04128204
2025-10-11T05:34:42.5955984Z  * [new branch]        gh-dkp/post-release-bumps-04225839 -> origin/gh-dkp/post-release-bumps-04225839
2025-10-11T05:34:42.5957529Z  * [new branch]        gh-dkp/post-release-bumps-04618441 -> origin/gh-dkp/post-release-bumps-04618441
2025-10-11T05:34:42.5959131Z  * [new branch]        gh-dkp/post-release-bumps-05754850 -> origin/gh-dkp/post-release-bumps-05754850
2025-10-11T05:34:42.5960675Z  * [new branch]        gh-dkp/post-release-bumps-07199860 -> origin/gh-dkp/post-release-bumps-07199860
2025-10-11T05:34:42.5962162Z  * [new branch]        gh-dkp/post-release-bumps-09244686 -> origin/gh-dkp/post-release-bumps-09244686
2025-10-11T05:34:42.5963722Z  * [new branch]        gh-dkp/post-release-bumps-09290618 -> origin/gh-dkp/post-release-bumps-09290618
2025-10-11T05:34:42.5965272Z  * [new branch]        gh-dkp/post-release-bumps-09889496 -> origin/gh-dkp/post-release-bumps-09889496
2025-10-11T05:34:42.5966833Z  * [new branch]        gh-dkp/post-release-bumps-11261482 -> origin/gh-dkp/post-release-bumps-11261482
2025-10-11T05:34:42.5968369Z  * [new branch]        gh-dkp/post-release-bumps-11747225 -> origin/gh-dkp/post-release-bumps-11747225
2025-10-11T05:34:42.5969955Z  * [new branch]        gh-dkp/post-release-bumps-12535205 -> origin/gh-dkp/post-release-bumps-12535205
2025-10-11T05:34:42.5971463Z  * [new branch]        gh-dkp/post-release-bumps-13252771 -> origin/gh-dkp/post-release-bumps-13252771
2025-10-11T05:34:42.5972994Z  * [new branch]        gh-dkp/post-release-bumps-13269369 -> origin/gh-dkp/post-release-bumps-13269369
2025-10-11T05:34:42.5974547Z  * [new branch]        gh-dkp/post-release-bumps-14170240 -> origin/gh-dkp/post-release-bumps-14170240
2025-10-11T05:34:42.5976062Z  * [new branch]        gh-dkp/post-release-bumps-14392123 -> origin/gh-dkp/post-release-bumps-14392123
2025-10-11T05:34:42.5977575Z  * [new branch]        gh-dkp/post-release-bumps-14989070 -> origin/gh-dkp/post-release-bumps-14989070
2025-10-11T05:34:42.5979223Z  * [new branch]        gh-dkp/post-release-bumps-16649252 -> origin/gh-dkp/post-release-bumps-16649252
2025-10-11T05:34:42.5980756Z  * [new branch]        gh-dkp/post-release-bumps-16688812 -> origin/gh-dkp/post-release-bumps-16688812
2025-10-11T05:34:42.5982325Z  * [new branch]        gh-dkp/post-release-bumps-17021069 -> origin/gh-dkp/post-release-bumps-17021069
2025-10-11T05:34:42.5983889Z  * [new branch]        gh-dkp/post-release-bumps-17413546 -> origin/gh-dkp/post-release-bumps-17413546
2025-10-11T05:34:42.5985551Z  * [new branch]        gh-dkp/post-release-bumps-18023128 -> origin/gh-dkp/post-release-bumps-18023128
2025-10-11T05:34:42.5987073Z  * [new branch]        gh-dkp/post-release-bumps-18108740 -> origin/gh-dkp/post-release-bumps-18108740
2025-10-11T05:34:42.5988571Z  * [new branch]        gh-dkp/post-release-bumps-18388194 -> origin/gh-dkp/post-release-bumps-18388194
2025-10-11T05:34:42.5990353Z  * [new branch]        gh-dkp/post-release-bumps-18423890 -> origin/gh-dkp/post-release-bumps-18423890
2025-10-11T05:34:42.5991882Z  * [new branch]        gh-dkp/post-release-bumps-18614077 -> origin/gh-dkp/post-release-bumps-18614077
2025-10-11T05:34:42.5993381Z  * [new branch]        gh-dkp/post-release-bumps-19871118 -> origin/gh-dkp/post-release-bumps-19871118
2025-10-11T05:34:42.5995077Z  * [new branch]        gh-dkp/post-release-bumps-20153815 -> origin/gh-dkp/post-release-bumps-20153815
2025-10-11T05:34:42.5996605Z  * [new branch]        gh-dkp/post-release-bumps-20680320 -> origin/gh-dkp/post-release-bumps-20680320
2025-10-11T05:34:42.5998108Z  * [new branch]        gh-dkp/post-release-bumps-22690042 -> origin/gh-dkp/post-release-bumps-22690042
2025-10-11T05:34:42.5999708Z  * [new branch]        gh-dkp/post-release-bumps-22820592 -> origin/gh-dkp/post-release-bumps-22820592
2025-10-11T05:34:42.6001219Z  * [new branch]        gh-dkp/post-release-bumps-23130049 -> origin/gh-dkp/post-release-bumps-23130049
2025-10-11T05:34:42.6002725Z  * [new branch]        gh-dkp/post-release-bumps-26002240 -> origin/gh-dkp/post-release-bumps-26002240
2025-10-11T05:34:42.6004263Z  * [new branch]        gh-dkp/post-release-bumps-27178751 -> origin/gh-dkp/post-release-bumps-27178751
2025-10-11T05:34:42.6005785Z  * [new branch]        gh-dkp/post-release-bumps-30192646 -> origin/gh-dkp/post-release-bumps-30192646
2025-10-11T05:34:42.6007305Z  * [new branch]        gh-dkp/post-release-bumps-31018084 -> origin/gh-dkp/post-release-bumps-31018084
2025-10-11T05:34:42.6008918Z  * [new branch]        gh-dkp/post-release-bumps-31048274 -> origin/gh-dkp/post-release-bumps-31048274
2025-10-11T05:34:42.6010420Z  * [new branch]        gh-dkp/post-release-bumps-31568663 -> origin/gh-dkp/post-release-bumps-31568663
2025-10-11T05:34:42.6017778Z  * [new branch]        gh-dkp/post-release-bumps-32056775 -> origin/gh-dkp/post-release-bumps-32056775
2025-10-11T05:34:42.6019322Z  * [new branch]        gh-dkp/post-release-bumps-32583085 -> origin/gh-dkp/post-release-bumps-32583085
2025-10-11T05:34:42.6020739Z  * [new branch]        gh-dkp/post-release-bumps-36336082 -> origin/gh-dkp/post-release-bumps-36336082
2025-10-11T05:34:42.6022118Z  * [new branch]        gh-dkp/post-release-bumps-36412543 -> origin/gh-dkp/post-release-bumps-36412543
2025-10-11T05:34:42.6023502Z  * [new branch]        gh-dkp/post-release-bumps-38173431 -> origin/gh-dkp/post-release-bumps-38173431
2025-10-11T05:34:42.6024963Z  * [new branch]        gh-dkp/post-release-bumps-38452105 -> origin/gh-dkp/post-release-bumps-38452105
2025-10-11T05:34:42.6026361Z  * [new branch]        gh-dkp/post-release-bumps-40526557 -> origin/gh-dkp/post-release-bumps-40526557
2025-10-11T05:34:42.6027746Z  * [new branch]        gh-dkp/post-release-bumps-41862773 -> origin/gh-dkp/post-release-bumps-41862773
2025-10-11T05:34:42.6029248Z  * [new branch]        gh-dkp/post-release-bumps-41967708 -> origin/gh-dkp/post-release-bumps-41967708
2025-10-11T05:34:42.6030632Z  * [new branch]        gh-dkp/post-release-bumps-42984504 -> origin/gh-dkp/post-release-bumps-42984504
2025-10-11T05:34:42.6032024Z  * [new branch]        gh-dkp/post-release-bumps-43958788 -> origin/gh-dkp/post-release-bumps-43958788
2025-10-11T05:34:42.6033419Z  * [new branch]        gh-dkp/post-release-bumps-44579923 -> origin/gh-dkp/post-release-bumps-44579923
2025-10-11T05:34:42.6034845Z  * [new branch]        gh-dkp/post-release-bumps-44614623 -> origin/gh-dkp/post-release-bumps-44614623
2025-10-11T05:34:42.6036250Z  * [new branch]        gh-dkp/post-release-bumps-45709214 -> origin/gh-dkp/post-release-bumps-45709214
2025-10-11T05:34:42.6037855Z  * [new branch]        gh-dkp/post-release-bumps-46249478 -> origin/gh-dkp/post-release-bumps-46249478
2025-10-11T05:34:42.6039364Z  * [new branch]        gh-dkp/post-release-bumps-46335027 -> origin/gh-dkp/post-release-bumps-46335027
2025-10-11T05:34:42.6040783Z  * [new branch]        gh-dkp/post-release-bumps-46369586 -> origin/gh-dkp/post-release-bumps-46369586
2025-10-11T05:34:42.6042191Z  * [new branch]        gh-dkp/post-release-bumps-46869022 -> origin/gh-dkp/post-release-bumps-46869022
2025-10-11T05:34:42.6043671Z  * [new branch]        gh-dkp/post-release-bumps-49157473 -> origin/gh-dkp/post-release-bumps-49157473
2025-10-11T05:34:42.6045104Z  * [new branch]        gh-dkp/post-release-bumps-50210044 -> origin/gh-dkp/post-release-bumps-50210044
2025-10-11T05:34:42.6046630Z  * [new branch]        gh-dkp/post-release-bumps-50257381 -> origin/gh-dkp/post-release-bumps-50257381
2025-10-11T05:34:42.6048041Z  * [new branch]        gh-dkp/post-release-bumps-55029509 -> origin/gh-dkp/post-release-bumps-55029509
2025-10-11T05:34:42.6049520Z  * [new branch]        gh-dkp/post-release-bumps-55326099 -> origin/gh-dkp/post-release-bumps-55326099
2025-10-11T05:34:42.6050944Z  * [new branch]        gh-dkp/post-release-bumps-55646828 -> origin/gh-dkp/post-release-bumps-55646828
2025-10-11T05:34:42.6052379Z  * [new branch]        gh-dkp/post-release-bumps-56675992 -> origin/gh-dkp/post-release-bumps-56675992
2025-10-11T05:34:42.6053812Z  * [new branch]        gh-dkp/post-release-bumps-57864116 -> origin/gh-dkp/post-release-bumps-57864116
2025-10-11T05:34:42.6055235Z  * [new branch]        gh-dkp/post-release-bumps-58144950 -> origin/gh-dkp/post-release-bumps-58144950
2025-10-11T05:34:42.6056629Z  * [new branch]        gh-dkp/post-release-bumps-58560767 -> origin/gh-dkp/post-release-bumps-58560767
2025-10-11T05:34:42.6058060Z  * [new branch]        gh-dkp/post-release-bumps-59545075 -> origin/gh-dkp/post-release-bumps-59545075
2025-10-11T05:34:42.6059553Z  * [new branch]        gh-dkp/post-release-bumps-59836312 -> origin/gh-dkp/post-release-bumps-59836312
2025-10-11T05:34:42.6060963Z  * [new branch]        gh-dkp/post-release-bumps-60096897 -> origin/gh-dkp/post-release-bumps-60096897
2025-10-11T05:34:42.6062354Z  * [new branch]        gh-dkp/post-release-bumps-61531435 -> origin/gh-dkp/post-release-bumps-61531435
2025-10-11T05:34:42.6063803Z  * [new branch]        gh-dkp/post-release-bumps-61657313 -> origin/gh-dkp/post-release-bumps-61657313
2025-10-11T05:34:42.6065207Z  * [new branch]        gh-dkp/post-release-bumps-61715103 -> origin/gh-dkp/post-release-bumps-61715103
2025-10-11T05:34:42.6066639Z  * [new branch]        gh-dkp/post-release-bumps-63100574 -> origin/gh-dkp/post-release-bumps-63100574
2025-10-11T05:34:42.6068068Z  * [new branch]        gh-dkp/post-release-bumps-63182854 -> origin/gh-dkp/post-release-bumps-63182854
2025-10-11T05:34:42.6069537Z  * [new branch]        gh-dkp/post-release-bumps-63212507 -> origin/gh-dkp/post-release-bumps-63212507
2025-10-11T05:34:42.6070953Z  * [new branch]        gh-dkp/post-release-bumps-63335358 -> origin/gh-dkp/post-release-bumps-63335358
2025-10-11T05:34:42.6072378Z  * [new branch]        gh-dkp/post-release-bumps-64686402 -> origin/gh-dkp/post-release-bumps-64686402
2025-10-11T05:34:42.6073846Z  * [new branch]        gh-dkp/post-release-bumps-66387062 -> origin/gh-dkp/post-release-bumps-66387062
2025-10-11T05:34:42.6075279Z  * [new branch]        gh-dkp/post-release-bumps-66752536 -> origin/gh-dkp/post-release-bumps-66752536
2025-10-11T05:34:42.6076689Z  * [new branch]        gh-dkp/post-release-bumps-68687215 -> origin/gh-dkp/post-release-bumps-68687215
2025-10-11T05:34:42.6078091Z  * [new branch]        gh-dkp/post-release-bumps-69188412 -> origin/gh-dkp/post-release-bumps-69188412
2025-10-11T05:34:42.6079594Z  * [new branch]        gh-dkp/post-release-bumps-71213064 -> origin/gh-dkp/post-release-bumps-71213064
2025-10-11T05:34:42.6081013Z  * [new branch]        gh-dkp/post-release-bumps-71843425 -> origin/gh-dkp/post-release-bumps-71843425
2025-10-11T05:34:42.6082580Z  * [new branch]        gh-dkp/post-release-bumps-74441550 -> origin/gh-dkp/post-release-bumps-74441550
2025-10-11T05:34:42.6084146Z  * [new branch]        gh-dkp/post-release-bumps-75715280 -> origin/gh-dkp/post-release-bumps-75715280
2025-10-11T05:34:42.6085771Z  * [new branch]        gh-dkp/post-release-bumps-75879036 -> origin/gh-dkp/post-release-bumps-75879036
2025-10-11T05:34:42.6087261Z  * [new branch]        gh-dkp/post-release-bumps-75915642 -> origin/gh-dkp/post-release-bumps-75915642
2025-10-11T05:34:42.6088848Z  * [new branch]        gh-dkp/post-release-bumps-77531792 -> origin/gh-dkp/post-release-bumps-77531792
2025-10-11T05:34:42.6090365Z  * [new branch]        gh-dkp/post-release-bumps-77749438 -> origin/gh-dkp/post-release-bumps-77749438
2025-10-11T05:34:42.6091965Z  * [new branch]        gh-dkp/post-release-bumps-78280781 -> origin/gh-dkp/post-release-bumps-78280781
2025-10-11T05:34:42.6093484Z  * [new branch]        gh-dkp/post-release-bumps-79453923 -> origin/gh-dkp/post-release-bumps-79453923
2025-10-11T05:34:42.6095043Z  * [new branch]        gh-dkp/post-release-bumps-80340508 -> origin/gh-dkp/post-release-bumps-80340508
2025-10-11T05:34:42.6096559Z  * [new branch]        gh-dkp/post-release-bumps-80859779 -> origin/gh-dkp/post-release-bumps-80859779
2025-10-11T05:34:42.6098056Z  * [new branch]        gh-dkp/post-release-bumps-84740107 -> origin/gh-dkp/post-release-bumps-84740107
2025-10-11T05:34:42.6099600Z  * [new branch]        gh-dkp/post-release-bumps-85001532 -> origin/gh-dkp/post-release-bumps-85001532
2025-10-11T05:34:42.6101071Z  * [new branch]        gh-dkp/post-release-bumps-85316823 -> origin/gh-dkp/post-release-bumps-85316823
2025-10-11T05:34:42.6102561Z  * [new branch]        gh-dkp/post-release-bumps-86830066 -> origin/gh-dkp/post-release-bumps-86830066
2025-10-11T05:34:42.6104108Z  * [new branch]        gh-dkp/post-release-bumps-86866108 -> origin/gh-dkp/post-release-bumps-86866108
2025-10-11T05:34:42.6105590Z  * [new branch]        gh-dkp/post-release-bumps-88204444 -> origin/gh-dkp/post-release-bumps-88204444
2025-10-11T05:34:42.6107027Z  * [new branch]        gh-dkp/post-release-bumps-88481163 -> origin/gh-dkp/post-release-bumps-88481163
2025-10-11T05:34:42.6108449Z  * [new branch]        gh-dkp/post-release-bumps-88660340 -> origin/gh-dkp/post-release-bumps-88660340
2025-10-11T05:34:42.6109985Z  * [new branch]        gh-dkp/post-release-bumps-88739002 -> origin/gh-dkp/post-release-bumps-88739002
2025-10-11T05:34:42.6111463Z  * [new branch]        gh-dkp/post-release-bumps-89488966 -> origin/gh-dkp/post-release-bumps-89488966
2025-10-11T05:34:42.6112880Z  * [new branch]        gh-dkp/post-release-bumps-89641819 -> origin/gh-dkp/post-release-bumps-89641819
2025-10-11T05:34:42.6114356Z  * [new branch]        gh-dkp/post-release-bumps-90589088 -> origin/gh-dkp/post-release-bumps-90589088
2025-10-11T05:34:42.6115810Z  * [new branch]        gh-dkp/post-release-bumps-90794706 -> origin/gh-dkp/post-release-bumps-90794706
2025-10-11T05:34:42.6117369Z  * [new branch]        gh-dkp/post-release-bumps-91260669 -> origin/gh-dkp/post-release-bumps-91260669
2025-10-11T05:34:42.6118970Z  * [new branch]        gh-dkp/post-release-bumps-92490074 -> origin/gh-dkp/post-release-bumps-92490074
2025-10-11T05:34:42.6120453Z  * [new branch]        gh-dkp/post-release-bumps-92627994 -> origin/gh-dkp/post-release-bumps-92627994
2025-10-11T05:34:42.6121925Z  * [new branch]        gh-dkp/post-release-bumps-93325145 -> origin/gh-dkp/post-release-bumps-93325145
2025-10-11T05:34:42.6128679Z  * [new branch]        gh-dkp/post-release-bumps-93911707 -> origin/gh-dkp/post-release-bumps-93911707
2025-10-11T05:34:42.6130299Z  * [new branch]        gh-dkp/post-release-bumps-94235544 -> origin/gh-dkp/post-release-bumps-94235544
2025-10-11T05:34:42.6131823Z  * [new branch]        gh-dkp/post-release-bumps-94787447 -> origin/gh-dkp/post-release-bumps-94787447
2025-10-11T05:34:42.6133320Z  * [new branch]        gh-dkp/post-release-bumps-96132711 -> origin/gh-dkp/post-release-bumps-96132711
2025-10-11T05:34:42.6135053Z  * [new branch]        gh-dkp/post-release-bumps-96272388 -> origin/gh-dkp/post-release-bumps-96272388
2025-10-11T05:34:42.6136503Z  * [new branch]        gh-dkp/post-release-bumps-96842109 -> origin/gh-dkp/post-release-bumps-96842109
2025-10-11T05:34:42.6137948Z  * [new branch]        gh-dkp/post-release-bumps-97958540 -> origin/gh-dkp/post-release-bumps-97958540
2025-10-11T05:34:42.6139491Z  * [new branch]        gh-dkp/post-release-bumps-99948503 -> origin/gh-dkp/post-release-bumps-99948503
2025-10-11T05:34:42.6140934Z  * [new branch]        gh-dkp/post-release-bumps-99976254 -> origin/gh-dkp/post-release-bumps-99976254
2025-10-11T05:34:42.6142260Z  * [new branch]        git-operator-release    -> origin/git-operator-release
2025-10-11T05:34:42.6143465Z  * [new branch]        gpu-operator            -> origin/gpu-operator
2025-10-11T05:34:42.6144832Z  * [new branch]        gpu-operator-bump-25.3.0 -> origin/gpu-operator-bump-25.3.0
2025-10-11T05:34:42.6146149Z  * [new branch]        gpu-operator-image      -> origin/gpu-operator-image
2025-10-11T05:34:42.6147460Z  * [new branch]        gracedo/2.12/bitnami    -> origin/gracedo/2.12/bitnami
2025-10-11T05:34:42.6148915Z  * [new branch]        gracedo/2.12/fix_graflogging_metrics_path -> origin/gracedo/2.12/fix_graflogging_metrics_path
2025-10-11T05:34:42.6150531Z  * [new branch]        gracedo/2.13/fix_graflogging_metrics_path -> origin/gracedo/2.13/fix_graflogging_metrics_path
2025-10-11T05:34:42.6151938Z  * [new branch]        gracedo/2.7/bitnami     -> origin/gracedo/2.7/bitnami
2025-10-11T05:34:42.6153257Z  * [new branch]        gracedo/capibump_fix_automation -> origin/gracedo/capibump_fix_automation
2025-10-11T05:34:42.6154631Z  * [new branch]        gracedo/gh_wf_order_kommpr -> origin/gracedo/gh_wf_order_kommpr
2025-10-11T05:34:42.6161967Z  * [new branch]        gracedo/kcore_NCN-100522 -> origin/gracedo/kcore_NCN-100522
2025-10-11T05:34:42.6163350Z  * [new branch]        gracedo/kubedashboard_flux_kust -> origin/gracedo/kubedashboard_flux_kust
2025-10-11T05:34:42.6164854Z  * [new branch]        gracedo/mgmt_cluster_refactor_D2IQ-88370 -> origin/gracedo/mgmt_cluster_refactor_D2IQ-88370
2025-10-11T05:34:42.6166366Z  * [new branch]        gracedo/release-2.2/loki-tenant-bucket -> origin/gracedo/release-2.2/loki-tenant-bucket
2025-10-11T05:34:42.6167622Z  * [new branch]        gracedo/test            -> origin/gracedo/test
2025-10-11T05:34:42.6168835Z  * [new branch]        gracedo/ui_bump_automerge -> origin/gracedo/ui_bump_automerge
2025-10-11T05:34:42.6169975Z  * [new branch]        grafana-11.6.1          -> origin/grafana-11.6.1
2025-10-11T05:34:42.6171060Z  * [new branch]        harbor/remove-bitnami   -> origin/harbor/remove-bitnami
2025-10-11T05:34:42.6172161Z  * [new branch]        hotfix-2.2.3            -> origin/hotfix-2.2.3
2025-10-11T05:34:42.6173191Z  * [new branch]        hotfix-2.3.1            -> origin/hotfix-2.3.1
2025-10-11T05:34:42.6174313Z  * [new branch]        istio-options           -> origin/istio-options
2025-10-11T05:34:42.6175492Z  * [new branch]        jabar/add-reloader-scenario -> origin/jabar/add-reloader-scenario
2025-10-11T05:34:42.6176716Z  * [new branch]        jabar/create-root-cli   -> origin/jabar/create-root-cli
2025-10-11T05:34:42.6178026Z  * [new branch]        jabar/discover-apps-dependencies -> origin/jabar/discover-apps-dependencies
2025-10-11T05:34:42.6179583Z  * [new branch]        jabar/run-apploication-tests -> origin/jabar/run-apploication-tests
2025-10-11T05:34:42.6180806Z  * [new branch]        jimmi/arm-hackathon     -> origin/jimmi/arm-hackathon
2025-10-11T05:34:42.6181977Z  * [new branch]        jimmi/gitea-changes     -> origin/jimmi/gitea-changes
2025-10-11T05:34:42.6183081Z  * [new branch]        john-test3              -> origin/john-test3
2025-10-11T05:34:42.6184165Z  * [new branch]        john/flux               -> origin/john/flux
2025-10-11T05:34:42.6185252Z  * [new branch]        john/flux2              -> origin/john/flux2
2025-10-11T05:34:42.6186632Z  * [new branch]        kapps/test-cleanup-pr   -> origin/kapps/test-cleanup-pr
2025-10-11T05:34:42.6187803Z  * [new branch]        kjoshi/etcd-spike       -> origin/kjoshi/etcd-spike
2025-10-11T05:34:42.6189021Z  * [new branch]        kjoshi/insights-dev     -> origin/kjoshi/insights-dev
2025-10-11T05:34:42.6190370Z  * [new branch]        kjoshi/pulse-remove-d2iq-licenses -> origin/kjoshi/pulse-remove-d2iq-licenses
2025-10-11T05:34:42.6191688Z  * [new branch]        kjoshi/readd-ain-rag    -> origin/kjoshi/readd-ain-rag
2025-10-11T05:34:42.6192848Z  * [new branch]        knative_bump_1.19.1     -> origin/knative_bump_1.19.1
2025-10-11T05:34:42.6194019Z  * [new branch]        loggingbump             -> origin/loggingbump
2025-10-11T05:34:42.6195072Z  * [new branch]        loki3.3.2               -> origin/loki3.3.2
2025-10-11T05:34:42.6196091Z  * [new branch]        main                    -> origin/main
2025-10-11T05:34:42.6197376Z  * [new branch]        mh-gatekeeper-oci-repository -> origin/mh-gatekeeper-oci-repository
2025-10-11T05:34:42.6198780Z  * [new branch]        mh/karma/fix-critical-cves -> origin/mh/karma/fix-critical-cves
2025-10-11T05:34:42.6199934Z  * [new branch]        mh/kop-debug            -> origin/mh/kop-debug
2025-10-11T05:34:42.6200983Z  * [new branch]        mh/lint-125             -> origin/mh/lint-125
2025-10-11T05:34:42.6202020Z  * [new branch]        mh/test                 -> origin/mh/test
2025-10-11T05:34:42.6203269Z  * [new branch]        mh/ychen/kommander-charts-oci -> origin/mh/ychen/kommander-charts-oci
2025-10-11T05:34:42.6204567Z  * [new branch]        mikolajb/build-for-2.3  -> origin/mikolajb/build-for-2.3
2025-10-11T05:34:42.6205737Z  * [new branch]        mikolajb/bump-devbox    -> origin/mikolajb/bump-devbox
2025-10-11T05:34:42.6206910Z  * [new branch]        mikolajb/bump-gitea     -> origin/mikolajb/bump-gitea
2025-10-11T05:34:42.6208032Z  * [new branch]        mikolajb/charts         -> origin/mikolajb/charts
2025-10-11T05:34:42.6209318Z  * [new branch]        mikolajb/gatekeeper-update -> origin/mikolajb/gatekeeper-update
2025-10-11T05:34:42.6210587Z  * [new branch]        mikolajb/gitea-tweaks   -> origin/mikolajb/gitea-tweaks
2025-10-11T05:34:42.6211779Z  * [new branch]        mikolajb/hot-fix-ipv6   -> origin/mikolajb/hot-fix-ipv6
2025-10-11T05:34:42.6212912Z  * [new branch]        mikolajb/jitter         -> origin/mikolajb/jitter
2025-10-11T05:34:42.6214251Z  * [new branch]        mikolajb/kommander-vars-per-version -> origin/mikolajb/kommander-vars-per-version
2025-10-11T05:34:42.6215569Z  * [new branch]        mikolajb/licenses-fix   -> origin/mikolajb/licenses-fix
2025-10-11T05:34:42.6216818Z  * [new branch]        mikolajb/memcached-official -> origin/mikolajb/memcached-official
2025-10-11T05:34:42.6218039Z  * [new branch]        mikolajb/new-tag        -> origin/mikolajb/new-tag
2025-10-11T05:34:42.6219270Z  * [new branch]        mikolajb/oci            -> origin/mikolajb/oci
2025-10-11T05:34:42.6220446Z  * [new branch]        mikolajb/oci-proxy      -> origin/mikolajb/oci-proxy
2025-10-11T05:34:42.6221673Z  * [new branch]        mikolajb/official-postgres -> origin/mikolajb/official-postgres
2025-10-11T05:34:42.6223052Z  * [new branch]        mikolajb/remediation-adjustment -> origin/mikolajb/remediation-adjustment
2025-10-11T05:34:42.6224400Z  * [new branch]        mikolajb/revert-flux    -> origin/mikolajb/revert-flux
2025-10-11T05:34:42.6225650Z  * [new branch]        module-break            -> origin/module-break
2025-10-11T05:34:42.6226814Z  * [new branch]        newfluentbit-logging    -> origin/newfluentbit-logging
2025-10-11T05:34:42.6227960Z  * [new branch]        newtestfix              -> origin/newtestfix
2025-10-11T05:34:42.6229231Z  * [new branch]        nkp-pulse/bumps-main-v0.2.8 -> origin/nkp-pulse/bumps-main-v0.2.8
2025-10-11T05:34:42.6230822Z  * [new branch]        nkp-pulse/bumps-nkp-pulse/bumps-main-v0.2.5-v0.2.5 -> origin/nkp-pulse/bumps-nkp-pulse/bumps-main-v0.2.5-v0.2.5
2025-10-11T05:34:42.6232487Z  * [new branch]        no-k-operator           -> origin/no-k-operator
2025-10-11T05:34:42.6233765Z  * [new branch]        node-exporter           -> origin/node-exporter
2025-10-11T05:34:42.6235001Z  * [new branch]        nvidia-gpu-operator-22.9.1 -> origin/nvidia-gpu-operator-22.9.1
2025-10-11T05:34:42.6236265Z  * [new branch]        oci-kiali-org           -> origin/oci-kiali-org
2025-10-11T05:34:42.6237507Z  * [new branch]        oci-kube-prometheus-stack -> origin/oci-kube-prometheus-stack
2025-10-11T05:34:42.6238847Z  * [new branch]        oci/observer            -> origin/oci/observer
2025-10-11T05:34:42.6240045Z  * [new branch]        postgresfix             -> origin/postgresfix
2025-10-11T05:34:42.6241173Z  * [new branch]        pr-4037                 -> origin/pr-4037
2025-10-11T05:34:42.6242347Z  * [new branch]        rb/test-slack-integration1 -> origin/rb/test-slack-integration1
2025-10-11T05:34:42.6243794Z  * [new branch]        reconfig-velero         -> origin/reconfig-velero
2025-10-11T05:34:42.6244985Z  * [new branch]        release-2               -> origin/release-2
2025-10-11T05:34:42.6246126Z  * [new branch]        release-2.1             -> origin/release-2.1
2025-10-11T05:34:42.6247286Z  * [new branch]        release-2.12            -> origin/release-2.12
2025-10-11T05:34:42.6248435Z  * [new branch]        release-2.12.0          -> origin/release-2.12.0
2025-10-11T05:34:42.6249744Z  * [new branch]        release-2.12.0-dev.1    -> origin/release-2.12.0-dev.1
2025-10-11T05:34:42.6250994Z  * [new branch]        release-2.12.0-dev.10   -> origin/release-2.12.0-dev.10
2025-10-11T05:34:42.6252251Z  * [new branch]        release-2.12.0-dev.11   -> origin/release-2.12.0-dev.11
2025-10-11T05:34:42.6253484Z  * [new branch]        release-2.12.0-dev.12   -> origin/release-2.12.0-dev.12
2025-10-11T05:34:42.6254726Z  * [new branch]        release-2.12.0-dev.13   -> origin/release-2.12.0-dev.13
2025-10-11T05:34:42.6255958Z  * [new branch]        release-2.12.0-dev.14   -> origin/release-2.12.0-dev.14
2025-10-11T05:34:42.6257197Z  * [new branch]        release-2.12.0-dev.2    -> origin/release-2.12.0-dev.2
2025-10-11T05:34:42.6258394Z  * [new branch]        release-2.12.0-dev.3    -> origin/release-2.12.0-dev.3
2025-10-11T05:34:42.6259648Z  * [new branch]        release-2.12.0-dev.4    -> origin/release-2.12.0-dev.4
2025-10-11T05:34:42.6260838Z  * [new branch]        release-2.12.0-dev.5    -> origin/release-2.12.0-dev.5
2025-10-11T05:34:42.6262010Z  * [new branch]        release-2.12.0-dev.6    -> origin/release-2.12.0-dev.6
2025-10-11T05:34:42.6263173Z  * [new branch]        release-2.12.0-dev.7    -> origin/release-2.12.0-dev.7
2025-10-11T05:34:42.6264406Z  * [new branch]        release-2.12.0-dev.8    -> origin/release-2.12.0-dev.8
2025-10-11T05:34:42.6265569Z  * [new branch]        release-2.12.0-dev.9    -> origin/release-2.12.0-dev.9
2025-10-11T05:34:42.6266735Z  * [new branch]        release-2.12.0-rc.1     -> origin/release-2.12.0-rc.1
2025-10-11T05:34:42.6267927Z  * [new branch]        release-2.12.0-rc.2     -> origin/release-2.12.0-rc.2
2025-10-11T05:34:42.6269192Z  * [new branch]        release-2.12.0-rc.3     -> origin/release-2.12.0-rc.3
2025-10-11T05:34:42.6270378Z  * [new branch]        release-2.12.0-rc.4     -> origin/release-2.12.0-rc.4
2025-10-11T05:34:42.6271553Z  * [new branch]        release-2.12.0-rc.5     -> origin/release-2.12.0-rc.5
2025-10-11T05:34:42.6272703Z  * [new branch]        release-2.12.1          -> origin/release-2.12.1
2025-10-11T05:34:42.6273867Z  * [new branch]        release-2.12.1-rc.1     -> origin/release-2.12.1-rc.1
2025-10-11T05:34:42.6280439Z  * [new branch]        release-2.12.1-rc.2     -> origin/release-2.12.1-rc.2
2025-10-11T05:34:42.6281585Z  * [new branch]        release-2.12.1-rc.3     -> origin/release-2.12.1-rc.3
2025-10-11T05:34:42.6282694Z  * [new branch]        release-2.12.1-rc.4     -> origin/release-2.12.1-rc.4
2025-10-11T05:34:42.6283847Z  * [new branch]        release-2.12.1-rc.5     -> origin/release-2.12.1-rc.5
2025-10-11T05:34:42.6285134Z  * [new branch]        release-2.12.1-rc.6     -> origin/release-2.12.1-rc.6
2025-10-11T05:34:42.6286216Z  * [new branch]        release-2.12.2          -> origin/release-2.12.2
2025-10-11T05:34:42.6287286Z  * [new branch]        release-2.12.2-bitnami  -> origin/release-2.12.2-bitnami
2025-10-11T05:34:42.6288500Z  * [new branch]        release-2.12.2-bitnami-patches -> origin/release-2.12.2-bitnami-patches
2025-10-11T05:34:42.6289802Z  * [new branch]        release-2.12.2-rc.1     -> origin/release-2.12.2-rc.1
2025-10-11T05:34:42.6290899Z  * [new branch]        release-2.12.2-rc.2     -> origin/release-2.12.2-rc.2
2025-10-11T05:34:42.6291995Z  * [new branch]        release-2.12.2-rc.3     -> origin/release-2.12.2-rc.3
2025-10-11T05:34:42.6293073Z  * [new branch]        release-2.13            -> origin/release-2.13
2025-10-11T05:34:42.6294187Z  * [new branch]        release-2.13.0          -> origin/release-2.13.0
2025-10-11T05:34:42.6295379Z  * [new branch]        release-2.13.0-dev.0    -> origin/release-2.13.0-dev.0
2025-10-11T05:34:42.6296502Z  * [new branch]        release-2.13.0-dev.1    -> origin/release-2.13.0-dev.1
2025-10-11T05:34:42.6297608Z  * [new branch]        release-2.13.0-dev.2    -> origin/release-2.13.0-dev.2
2025-10-11T05:34:42.6298807Z  * [new branch]        release-2.13.0-dev.3    -> origin/release-2.13.0-dev.3
2025-10-11T05:34:42.6299912Z  * [new branch]        release-2.13.0-dev.4    -> origin/release-2.13.0-dev.4
2025-10-11T05:34:42.6301047Z  * [new branch]        release-2.13.0-dev.5    -> origin/release-2.13.0-dev.5
2025-10-11T05:34:42.6302189Z  * [new branch]        release-2.13.0-dev.6    -> origin/release-2.13.0-dev.6
2025-10-11T05:34:42.6303337Z  * [new branch]        release-2.13.0-dev.7    -> origin/release-2.13.0-dev.7
2025-10-11T05:34:42.6304490Z  * [new branch]        release-2.13.0-dev.8    -> origin/release-2.13.0-dev.8
2025-10-11T05:34:42.6305608Z  * [new branch]        release-2.13.0-dev.9    -> origin/release-2.13.0-dev.9
2025-10-11T05:34:42.6306752Z  * [new branch]        release-2.13.0-rc.1     -> origin/release-2.13.0-rc.1
2025-10-11T05:34:42.6307882Z  * [new branch]        release-2.13.0-rc.2     -> origin/release-2.13.0-rc.2
2025-10-11T05:34:42.6309079Z  * [new branch]        release-2.13.0-rc.3     -> origin/release-2.13.0-rc.3
2025-10-11T05:34:42.6310190Z  * [new branch]        release-2.13.0-rc.4     -> origin/release-2.13.0-rc.4
2025-10-11T05:34:42.6311305Z  * [new branch]        release-2.13.0-rc.5     -> origin/release-2.13.0-rc.5
2025-10-11T05:34:42.6312429Z  * [new branch]        release-2.13.0-rc.6     -> origin/release-2.13.0-rc.6
2025-10-11T05:34:42.6313532Z  * [new branch]        release-2.13.0-rc.7     -> origin/release-2.13.0-rc.7
2025-10-11T05:34:42.6314690Z  * [new branch]        release-2.13.0-rc.8     -> origin/release-2.13.0-rc.8
2025-10-11T05:34:42.6315766Z  * [new branch]        release-2.13.1          -> origin/release-2.13.1
2025-10-11T05:34:42.6316855Z  * [new branch]        release-2.13.1-rc.1     -> origin/release-2.13.1-rc.1
2025-10-11T05:34:42.6317969Z  * [new branch]        release-2.13.1-rc.2     -> origin/release-2.13.1-rc.2
2025-10-11T05:34:42.6319137Z  * [new branch]        release-2.13.1-rc.3     -> origin/release-2.13.1-rc.3
2025-10-11T05:34:42.6320267Z  * [new branch]        release-2.13.1-rc.4     -> origin/release-2.13.1-rc.4
2025-10-11T05:34:42.6321371Z  * [new branch]        release-2.13.2          -> origin/release-2.13.2
2025-10-11T05:34:42.6322450Z  * [new branch]        release-2.13.2-bitnami  -> origin/release-2.13.2-bitnami
2025-10-11T05:34:42.6323563Z  * [new branch]        release-2.13.2-rc.1     -> origin/release-2.13.2-rc.1
2025-10-11T05:34:42.6324738Z  * [new branch]        release-2.13.2-rc.2     -> origin/release-2.13.2-rc.2
2025-10-11T05:34:42.6325865Z  * [new branch]        release-2.13.2-rc.3     -> origin/release-2.13.2-rc.3
2025-10-11T05:34:42.6326976Z  * [new branch]        release-2.13.2-rc.4     -> origin/release-2.13.2-rc.4
2025-10-11T05:34:42.6328081Z  * [new branch]        release-2.13.2-rc.5     -> origin/release-2.13.2-rc.5
2025-10-11T05:34:42.6329366Z  * [new branch]        release-2.13.3          -> origin/release-2.13.3
2025-10-11T05:34:42.6330433Z  * [new branch]        release-2.13.3-rc.1     -> origin/release-2.13.3-rc.1
2025-10-11T05:34:42.6331505Z  * [new branch]        release-2.14            -> origin/release-2.14
2025-10-11T05:34:42.6332680Z  * [new branch]        release-2.14.0          -> origin/release-2.14.0
2025-10-11T05:34:42.6333940Z  * [new branch]        release-2.14.0-dev.1    -> origin/release-2.14.0-dev.1
2025-10-11T05:34:42.6335146Z  * [new branch]        release-2.14.0-dev.2    -> origin/release-2.14.0-dev.2
2025-10-11T05:34:42.6336374Z  * [new branch]        release-2.14.0-dev.3    -> origin/release-2.14.0-dev.3
2025-10-11T05:34:42.6337613Z  * [new branch]        release-2.14.0-dev.4    -> origin/release-2.14.0-dev.4
2025-10-11T05:34:42.6338875Z  * [new branch]        release-2.14.0-dev.5    -> origin/release-2.14.0-dev.5
2025-10-11T05:34:42.6340222Z  * [new branch]        release-2.14.0-dev.6    -> origin/release-2.14.0-dev.6
2025-10-11T05:34:42.6341456Z  * [new branch]        release-2.14.0-dev.7    -> origin/release-2.14.0-dev.7
2025-10-11T05:34:42.6342698Z  * [new branch]        release-2.14.0-dev.8    -> origin/release-2.14.0-dev.8
2025-10-11T05:34:42.6343954Z  * [new branch]        release-2.14.0-rc.1     -> origin/release-2.14.0-rc.1
2025-10-11T05:34:42.6345095Z  * [new branch]        release-2.14.0-rc.10    -> origin/release-2.14.0-rc.10
2025-10-11T05:34:42.6346256Z  * [new branch]        release-2.14.0-rc.2     -> origin/release-2.14.0-rc.2
2025-10-11T05:34:42.6347445Z  * [new branch]        release-2.14.0-rc.3     -> origin/release-2.14.0-rc.3
2025-10-11T05:34:42.6348688Z  * [new branch]        release-2.14.0-rc.4     -> origin/release-2.14.0-rc.4
2025-10-11T05:34:42.6349888Z  * [new branch]        release-2.14.0-rc.5     -> origin/release-2.14.0-rc.5
2025-10-11T05:34:42.6351050Z  * [new branch]        release-2.14.0-rc.6     -> origin/release-2.14.0-rc.6
2025-10-11T05:34:42.6352194Z  * [new branch]        release-2.14.0-rc.7     -> origin/release-2.14.0-rc.7
2025-10-11T05:34:42.6353366Z  * [new branch]        release-2.14.0-rc.8     -> origin/release-2.14.0-rc.8
2025-10-11T05:34:42.6354620Z  * [new branch]        release-2.14.0-rc.9     -> origin/release-2.14.0-rc.9
2025-10-11T05:34:42.6355744Z  * [new branch]        release-2.14.1          -> origin/release-2.14.1
2025-10-11T05:34:42.6356869Z  * [new branch]        release-2.14.1-bitnami  -> origin/release-2.14.1-bitnami
2025-10-11T05:34:42.6358048Z  * [new branch]        release-2.14.1-rc.1     -> origin/release-2.14.1-rc.1
2025-10-11T05:34:42.6359345Z  * [new branch]        release-2.14.1-rc.2     -> origin/release-2.14.1-rc.2
2025-10-11T05:34:42.6360566Z  * [new branch]        release-2.14.1-rc.3     -> origin/release-2.14.1-rc.3
2025-10-11T05:34:42.6361758Z  * [new branch]        release-2.14.1-rc.4     -> origin/release-2.14.1-rc.4
2025-10-11T05:34:42.6362920Z  * [new branch]        release-2.14.1-rc.5     -> origin/release-2.14.1-rc.5
2025-10-11T05:34:42.6364151Z  * [new branch]        release-2.14.2          -> origin/release-2.14.2
2025-10-11T05:34:42.6365320Z  * [new branch]        release-2.14.2-rc.1     -> origin/release-2.14.2-rc.1
2025-10-11T05:34:42.6366531Z  * [new branch]        release-2.14.2-rc.2     -> origin/release-2.14.2-rc.2
2025-10-11T05:34:42.6367710Z  * [new branch]        release-2.14.3-rc.1     -> origin/release-2.14.3-rc.1
2025-10-11T05:34:42.6368917Z  * [new branch]        release-2.14.3-rc.2     -> origin/release-2.14.3-rc.2
2025-10-11T05:34:42.6370028Z  * [new branch]        release-2.15            -> origin/release-2.15
2025-10-11T05:34:42.6371104Z  * [new branch]        release-2.15.0          -> origin/release-2.15.0
2025-10-11T05:34:42.6372205Z  * [new branch]        release-2.15.0-bitnami  -> origin/release-2.15.0-bitnami
2025-10-11T05:34:42.6373367Z  * [new branch]        release-2.15.0-dev.1    -> origin/release-2.15.0-dev.1
2025-10-11T05:34:42.6374576Z  * [new branch]        release-2.15.0-dev.2    -> origin/release-2.15.0-dev.2
2025-10-11T05:34:42.6375926Z  * [new branch]        release-2.15.0-dev.3    -> origin/release-2.15.0-dev.3
2025-10-11T05:34:42.6377114Z  * [new branch]        release-2.15.0-dev.4    -> origin/release-2.15.0-dev.4
2025-10-11T05:34:42.6378354Z  * [new branch]        release-2.15.0-dev.5    -> origin/release-2.15.0-dev.5
2025-10-11T05:34:42.6379640Z  * [new branch]        release-2.15.0-rc.1     -> origin/release-2.15.0-rc.1
2025-10-11T05:34:42.6380817Z  * [new branch]        release-2.15.0-rc.2     -> origin/release-2.15.0-rc.2
2025-10-11T05:34:42.6381965Z  * [new branch]        release-2.15.0-rc.3     -> origin/release-2.15.0-rc.3
2025-10-11T05:34:42.6383149Z  * [new branch]        release-2.15.0-rc.4     -> origin/release-2.15.0-rc.4
2025-10-11T05:34:42.6384362Z  * [new branch]        release-2.15.0-rc.5     -> origin/release-2.15.0-rc.5
2025-10-11T05:34:42.6385546Z  * [new branch]        release-2.15.1          -> origin/release-2.15.1
2025-10-11T05:34:42.6386800Z  * [new branch]        release-2.15.1-rc.1     -> origin/release-2.15.1-rc.1
2025-10-11T05:34:42.6393423Z  * [new branch]        release-2.15.1-rc.2     -> origin/release-2.15.1-rc.2
2025-10-11T05:34:42.6394612Z  * [new branch]        release-2.15.1-rc.3     -> origin/release-2.15.1-rc.3
2025-10-11T05:34:42.6395717Z  * [new branch]        release-2.15.2-rc.1     -> origin/release-2.15.2-rc.1
2025-10-11T05:34:42.6396813Z  * [new branch]        release-2.15.2-rc.2     -> origin/release-2.15.2-rc.2
2025-10-11T05:34:42.6397910Z  * [new branch]        release-2.15.2-rc.3     -> origin/release-2.15.2-rc.3
2025-10-11T05:34:42.6399085Z  * [new branch]        release-2.16            -> origin/release-2.16
2025-10-11T05:34:42.6400129Z  * [new branch]        release-2.16.0          -> origin/release-2.16.0
2025-10-11T05:34:42.6401204Z  * [new branch]        release-2.16.0-dev.1    -> origin/release-2.16.0-dev.1
2025-10-11T05:34:42.6402346Z  * [new branch]        release-2.16.0-dev.10   -> origin/release-2.16.0-dev.10
2025-10-11T05:34:42.6403486Z  * [new branch]        release-2.16.0-dev.11   -> origin/release-2.16.0-dev.11
2025-10-11T05:34:42.6404684Z  * [new branch]        release-2.16.0-dev.12   -> origin/release-2.16.0-dev.12
2025-10-11T05:34:42.6405807Z  * [new branch]        release-2.16.0-dev.13   -> origin/release-2.16.0-dev.13
2025-10-11T05:34:42.6406922Z  * [new branch]        release-2.16.0-dev.14   -> origin/release-2.16.0-dev.14
2025-10-11T05:34:42.6408049Z  * [new branch]        release-2.16.0-dev.15   -> origin/release-2.16.0-dev.15
2025-10-11T05:34:42.6409277Z  * [new branch]        release-2.16.0-dev.16   -> origin/release-2.16.0-dev.16
2025-10-11T05:34:42.6410431Z  * [new branch]        release-2.16.0-dev.17   -> origin/release-2.16.0-dev.17
2025-10-11T05:34:42.6411589Z  * [new branch]        release-2.16.0-dev.18   -> origin/release-2.16.0-dev.18
2025-10-11T05:34:42.6412747Z  * [new branch]        release-2.16.0-dev.19   -> origin/release-2.16.0-dev.19
2025-10-11T05:34:42.6413957Z  * [new branch]        release-2.16.0-dev.2    -> origin/release-2.16.0-dev.2
2025-10-11T05:34:42.6415131Z  * [new branch]        release-2.16.0-dev.20   -> origin/release-2.16.0-dev.20
2025-10-11T05:34:42.6416391Z  * [new branch]        release-2.16.0-dev.21   -> origin/release-2.16.0-dev.21
2025-10-11T05:34:42.6419007Z  * [new branch]        release-2.16.0-dev.22   -> origin/release-2.16.0-dev.22
2025-10-11T05:34:42.6420171Z  * [new branch]        release-2.16.0-dev.23   -> origin/release-2.16.0-dev.23
2025-10-11T05:34:42.6421310Z  * [new branch]        release-2.16.0-dev.24   -> origin/release-2.16.0-dev.24
2025-10-11T05:34:42.6422443Z  * [new branch]        release-2.16.0-dev.25   -> origin/release-2.16.0-dev.25
2025-10-11T05:34:42.6423574Z  * [new branch]        release-2.16.0-dev.3    -> origin/release-2.16.0-dev.3
2025-10-11T05:34:42.6424763Z  * [new branch]        release-2.16.0-dev.4    -> origin/release-2.16.0-dev.4
2025-10-11T05:34:42.6425917Z  * [new branch]        release-2.16.0-dev.5    -> origin/release-2.16.0-dev.5
2025-10-11T05:34:42.6427264Z  * [new branch]        release-2.16.0-dev.6    -> origin/release-2.16.0-dev.6
2025-10-11T05:34:42.6428414Z  * [new branch]        release-2.16.0-dev.7    -> origin/release-2.16.0-dev.7
2025-10-11T05:34:42.6429626Z  * [new branch]        release-2.16.0-dev.8    -> origin/release-2.16.0-dev.8
2025-10-11T05:34:42.6430763Z  * [new branch]        release-2.16.0-dev.9    -> origin/release-2.16.0-dev.9
2025-10-11T05:34:42.6431898Z  * [new branch]        release-2.16.0-rc.1     -> origin/release-2.16.0-rc.1
2025-10-11T05:34:42.6433055Z  * [new branch]        release-2.16.0-rc.2     -> origin/release-2.16.0-rc.2
2025-10-11T05:34:42.6434232Z  * [new branch]        release-2.16.0-rc.3     -> origin/release-2.16.0-rc.3
2025-10-11T05:34:42.6435366Z  * [new branch]        release-2.16.0-rc.4     -> origin/release-2.16.0-rc.4
2025-10-11T05:34:42.6436472Z  * [new branch]        release-2.16.0-rc.5     -> origin/release-2.16.0-rc.5
2025-10-11T05:34:42.6437681Z  * [new branch]        release-2.16.0-rc.6     -> origin/release-2.16.0-rc.6
2025-10-11T05:34:42.6438875Z  * [new branch]        release-2.16.0-rc.7     -> origin/release-2.16.0-rc.7
2025-10-11T05:34:42.6440008Z  * [new branch]        release-2.17.0-dev.1    -> origin/release-2.17.0-dev.1
2025-10-11T05:34:42.6441150Z  * [new branch]        release-2.17.0-dev.2    -> origin/release-2.17.0-dev.2
2025-10-11T05:34:42.6442281Z  * [new branch]        release-2.2             -> origin/release-2.2
2025-10-11T05:34:42.6443379Z  * [new branch]        release-2.2.2           -> origin/release-2.2.2
2025-10-11T05:34:42.6444513Z  * [new branch]        release-2.2.2-dev       -> origin/release-2.2.2-dev
2025-10-11T05:34:42.6445654Z  * [new branch]        release-2.2.2-rc.1      -> origin/release-2.2.2-rc.1
2025-10-11T05:34:42.6446798Z  * [new branch]        release-2.2.2-rc.2      -> origin/release-2.2.2-rc.2
2025-10-11T05:34:42.6447989Z  * [new branch]        release-2.2.2-rc.3      -> origin/release-2.2.2-rc.3
2025-10-11T05:34:42.6449220Z  * [new branch]        release-2.2.2-rc.4      -> origin/release-2.2.2-rc.4
2025-10-11T05:34:42.6450338Z  * [new branch]        release-2.2.2-rc.5      -> origin/release-2.2.2-rc.5
2025-10-11T05:34:42.6451474Z  * [new branch]        release-2.2.3           -> origin/release-2.2.3
2025-10-11T05:34:42.6452650Z  * [new branch]        release-2.2.3-rc.1      -> origin/release-2.2.3-rc.1
2025-10-11T05:34:42.6453910Z  * [new branch]        release-2.2.3-rc.2      -> origin/release-2.2.3-rc.2
2025-10-11T05:34:42.6455124Z  * [new branch]        release-2.2.3-rc.3      -> origin/release-2.2.3-rc.3
2025-10-11T05:34:42.6456281Z  * [new branch]        release-2.2.3-rc.4      -> origin/release-2.2.3-rc.4
2025-10-11T05:34:42.6457454Z  * [new branch]        release-2.2.3-rc.5      -> origin/release-2.2.3-rc.5
2025-10-11T05:34:42.6458713Z  * [new branch]        release-2.2.3-rc.6      -> origin/release-2.2.3-rc.6
2025-10-11T05:34:42.6459903Z  * [new branch]        release-2.3             -> origin/release-2.3
2025-10-11T05:34:42.6461116Z  * [new branch]        release-2.3.0           -> origin/release-2.3.0
2025-10-11T05:34:42.6462277Z  * [new branch]        release-2.3.0-rc.1      -> origin/release-2.3.0-rc.1
2025-10-11T05:34:42.6463417Z  * [new branch]        release-2.3.0-rc.10     -> origin/release-2.3.0-rc.10
2025-10-11T05:34:42.6464661Z  * [new branch]        release-2.3.0-rc.11     -> origin/release-2.3.0-rc.11
2025-10-11T05:34:42.6465849Z  * [new branch]        release-2.3.0-rc.2      -> origin/release-2.3.0-rc.2
2025-10-11T05:34:42.6467047Z  * [new branch]        release-2.3.0-rc.3      -> origin/release-2.3.0-rc.3
2025-10-11T05:34:42.6468197Z  * [new branch]        release-2.3.0-rc.4      -> origin/release-2.3.0-rc.4
2025-10-11T05:34:42.6469457Z  * [new branch]        release-2.3.0-rc.5      -> origin/release-2.3.0-rc.5
2025-10-11T05:34:42.6470675Z  * [new branch]        release-2.3.0-rc.6      -> origin/release-2.3.0-rc.6
2025-10-11T05:34:42.6471891Z  * [new branch]        release-2.3.0-rc.7      -> origin/release-2.3.0-rc.7
2025-10-11T05:34:42.6473235Z  * [new branch]        release-2.3.0-rc.8      -> origin/release-2.3.0-rc.8
2025-10-11T05:34:42.6474484Z  * [new branch]        release-2.3.0-rc.9      -> origin/release-2.3.0-rc.9
2025-10-11T05:34:42.6475626Z  * [new branch]        release-2.3.1           -> origin/release-2.3.1
2025-10-11T05:34:42.6476786Z  * [new branch]        release-2.3.2           -> origin/release-2.3.2
2025-10-11T05:34:42.6477939Z  * [new branch]        release-2.3.2-rc.1      -> origin/release-2.3.2-rc.1
2025-10-11T05:34:42.6479208Z  * [new branch]        release-2.3.2-rc.2      -> origin/release-2.3.2-rc.2
2025-10-11T05:34:42.6480353Z  * [new branch]        release-2.3.2-rc.2-0    -> origin/release-2.3.2-rc.2-0
2025-10-11T05:34:42.6481524Z  * [new branch]        release-2.3.3           -> origin/release-2.3.3
2025-10-11T05:34:42.6482674Z  * [new branch]        release-2.3.3-rc.1      -> origin/release-2.3.3-rc.1
2025-10-11T05:34:42.6483978Z  * [new branch]        release-2.3.3-rc.2      -> origin/release-2.3.3-rc.2
2025-10-11T05:34:42.6485174Z  * [new branch]        release-2.3.3-rc.3      -> origin/release-2.3.3-rc.3
2025-10-11T05:34:42.6486335Z  * [new branch]        release-2.3.3-rc.4      -> origin/release-2.3.3-rc.4
2025-10-11T05:34:42.6487484Z  * [new branch]        release-2.4             -> origin/release-2.4
2025-10-11T05:34:42.6488601Z  * [new branch]        release-2.4.0           -> origin/release-2.4.0
2025-10-11T05:34:42.6489864Z  * [new branch]        release-2.4.0-alpha.1   -> origin/release-2.4.0-alpha.1
2025-10-11T05:34:42.6491086Z  * [new branch]        release-2.4.0-alpha.2   -> origin/release-2.4.0-alpha.2
2025-10-11T05:34:42.6492239Z  * [new branch]        release-2.4.0-alpha.3   -> origin/release-2.4.0-alpha.3
2025-10-11T05:34:42.6493386Z  * [new branch]        release-2.4.0-alpha.4   -> origin/release-2.4.0-alpha.4
2025-10-11T05:34:42.6500745Z  * [new branch]        release-2.4.0-alpha.5   -> origin/release-2.4.0-alpha.5
2025-10-11T05:34:42.6501990Z  * [new branch]        release-2.4.0-alpha.6   -> origin/release-2.4.0-alpha.6
2025-10-11T05:34:42.6503119Z  * [new branch]        release-2.4.0-alpha.7   -> origin/release-2.4.0-alpha.7
2025-10-11T05:34:42.6504296Z  * [new branch]        release-2.4.0-beta.1    -> origin/release-2.4.0-beta.1
2025-10-11T05:34:42.6505431Z  * [new branch]        release-2.4.0-rc.1      -> origin/release-2.4.0-rc.1
2025-10-11T05:34:42.6506755Z  * [new branch]        release-2.4.0-rc.2      -> origin/release-2.4.0-rc.2
2025-10-11T05:34:42.6507850Z  * [new branch]        release-2.4.0-rc.3      -> origin/release-2.4.0-rc.3
2025-10-11T05:34:42.6509001Z  * [new branch]        release-2.4.0-rc.4      -> origin/release-2.4.0-rc.4
2025-10-11T05:34:42.6510089Z  * [new branch]        release-2.4.0-rc.5      -> origin/release-2.4.0-rc.5
2025-10-11T05:34:42.6511170Z  * [new branch]        release-2.4.1           -> origin/release-2.4.1
2025-10-11T05:34:42.6512248Z  * [new branch]        release-2.4.1-rc.1      -> origin/release-2.4.1-rc.1
2025-10-11T05:34:42.6513356Z  * [new branch]        release-2.4.1-rc.2      -> origin/release-2.4.1-rc.2
2025-10-11T05:34:42.6514507Z  * [new branch]        release-2.4.1-rc.3      -> origin/release-2.4.1-rc.3
2025-10-11T05:34:42.6515605Z  * [new branch]        release-2.4.1-rc.4      -> origin/release-2.4.1-rc.4
2025-10-11T05:34:42.6516712Z  * [new branch]        release-2.4.1-rc.5      -> origin/release-2.4.1-rc.5
2025-10-11T05:34:42.6517798Z  * [new branch]        release-2.4.2           -> origin/release-2.4.2
2025-10-11T05:34:42.6518950Z  * [new branch]        release-2.4.2-rc.1      -> origin/release-2.4.2-rc.1
2025-10-11T05:34:42.6520061Z  * [new branch]        release-2.4.2-rc.2      -> origin/release-2.4.2-rc.2
2025-10-11T05:34:42.6521154Z  * [new branch]        release-2.5             -> origin/release-2.5
2025-10-11T05:34:42.6522223Z  * [new branch]        release-2.5.0           -> origin/release-2.5.0
2025-10-11T05:34:42.6523329Z  * [new branch]        release-2.5.0-alpha.1   -> origin/release-2.5.0-alpha.1
2025-10-11T05:34:42.6524509Z  * [new branch]        release-2.5.0-alpha.2   -> origin/release-2.5.0-alpha.2
2025-10-11T05:34:42.6525844Z  * [new branch]        release-2.5.0-alpha.3   -> origin/release-2.5.0-alpha.3
2025-10-11T05:34:42.6526988Z  * [new branch]        release-2.5.0-alpha.4   -> origin/release-2.5.0-alpha.4
2025-10-11T05:34:42.6528138Z  * [new branch]        release-2.5.0-alpha.5   -> origin/release-2.5.0-alpha.5
2025-10-11T05:34:42.6529335Z  * [new branch]        release-2.5.0-beta.1    -> origin/release-2.5.0-beta.1
2025-10-11T05:34:42.6530462Z  * [new branch]        release-2.5.0-dev.1     -> origin/release-2.5.0-dev.1
2025-10-11T05:34:42.6531577Z  * [new branch]        release-2.5.0-dev.2     -> origin/release-2.5.0-dev.2
2025-10-11T05:34:42.6532688Z  * [new branch]        release-2.5.0-dev.3     -> origin/release-2.5.0-dev.3
2025-10-11T05:34:42.6533844Z  * [new branch]        release-2.5.0-dev.4     -> origin/release-2.5.0-dev.4
2025-10-11T05:34:42.6535067Z  * [new branch]        release-2.5.0-dev.5     -> origin/release-2.5.0-dev.5
2025-10-11T05:34:42.6536180Z  * [new branch]        release-2.5.0-dev.6     -> origin/release-2.5.0-dev.6
2025-10-11T05:34:42.6537285Z  * [new branch]        release-2.5.0-rc.1      -> origin/release-2.5.0-rc.1
2025-10-11T05:34:42.6538397Z  * [new branch]        release-2.5.0-rc.2      -> origin/release-2.5.0-rc.2
2025-10-11T05:34:42.6539589Z  * [new branch]        release-2.5.0-rc.3      -> origin/release-2.5.0-rc.3
2025-10-11T05:34:42.6540695Z  * [new branch]        release-2.5.0-rc.4      -> origin/release-2.5.0-rc.4
2025-10-11T05:34:42.6541798Z  * [new branch]        release-2.5.0-rc.5      -> origin/release-2.5.0-rc.5
2025-10-11T05:34:42.6542907Z  * [new branch]        release-2.5.0-rc.6      -> origin/release-2.5.0-rc.6
2025-10-11T05:34:42.6544045Z  * [new branch]        release-2.5.0-rc.7      -> origin/release-2.5.0-rc.7
2025-10-11T05:34:42.6545167Z  * [new branch]        release-2.5.0-rc.8      -> origin/release-2.5.0-rc.8
2025-10-11T05:34:42.6546276Z  * [new branch]        release-2.5.1           -> origin/release-2.5.1
2025-10-11T05:34:42.6547364Z  * [new branch]        release-2.5.1-rc.1      -> origin/release-2.5.1-rc.1
2025-10-11T05:34:42.6548459Z  * [new branch]        release-2.5.2           -> origin/release-2.5.2
2025-10-11T05:34:42.6549628Z  * [new branch]        release-2.5.2-rc.1      -> origin/release-2.5.2-rc.1
2025-10-11T05:34:42.6550721Z  * [new branch]        release-2.5.2-rc.2      -> origin/release-2.5.2-rc.2
2025-10-11T05:34:42.6551802Z  * [new branch]        release-2.5.2-rc.3      -> origin/release-2.5.2-rc.3
2025-10-11T05:34:42.6552904Z  * [new branch]        release-2.6             -> origin/release-2.6
2025-10-11T05:34:42.6554116Z  * [new branch]        release-2.6.0           -> origin/release-2.6.0
2025-10-11T05:34:42.6555300Z  * [new branch]        release-2.6.0-beta.1    -> origin/release-2.6.0-beta.1
2025-10-11T05:34:42.6556509Z  * [new branch]        release-2.6.0-dev.1     -> origin/release-2.6.0-dev.1
2025-10-11T05:34:42.6557718Z  * [new branch]        release-2.6.0-dev.2     -> origin/release-2.6.0-dev.2
2025-10-11T05:34:42.6558998Z  * [new branch]        release-2.6.0-dev.3     -> origin/release-2.6.0-dev.3
2025-10-11T05:34:42.6560208Z  * [new branch]        release-2.6.0-dev.4     -> origin/release-2.6.0-dev.4
2025-10-11T05:34:42.6561416Z  * [new branch]        release-2.6.0-dev.5     -> origin/release-2.6.0-dev.5
2025-10-11T05:34:42.6562622Z  * [new branch]        release-2.6.0-dev.6     -> origin/release-2.6.0-dev.6
2025-10-11T05:34:42.6563875Z  * [new branch]        release-2.6.0-dev.7     -> origin/release-2.6.0-dev.7
2025-10-11T05:34:42.6565035Z  * [new branch]        release-2.6.0-dev.8     -> origin/release-2.6.0-dev.8
2025-10-11T05:34:42.6566174Z  * [new branch]        release-2.6.0-dev.9     -> origin/release-2.6.0-dev.9
2025-10-11T05:34:42.6567341Z  * [new branch]        release-2.6.0-rc.1      -> origin/release-2.6.0-rc.1
2025-10-11T05:34:42.6568571Z  * [new branch]        release-2.6.0-rc.2      -> origin/release-2.6.0-rc.2
2025-10-11T05:34:42.6570360Z  * [new branch]        release-2.6.0-rc.3      -> origin/release-2.6.0-rc.3
2025-10-11T05:34:42.6571564Z  * [new branch]        release-2.6.0-rc.4      -> origin/release-2.6.0-rc.4
2025-10-11T05:34:42.6572924Z  * [new branch]        release-2.6.1           -> origin/release-2.6.1
2025-10-11T05:34:42.6574145Z  * [new branch]        release-2.6.1-rc.1      -> origin/release-2.6.1-rc.1
2025-10-11T05:34:42.6576167Z  * [new branch]        release-2.6.1-rc.2      -> origin/release-2.6.1-rc.2
2025-10-11T05:34:42.6577528Z  * [new branch]        release-2.6.1-rc.3      -> origin/release-2.6.1-rc.3
2025-10-11T05:34:42.6578902Z  * [new branch]        release-2.6.1-rc.4      -> origin/release-2.6.1-rc.4
2025-10-11T05:34:42.6580057Z  * [new branch]        release-2.6.2           -> origin/release-2.6.2
2025-10-11T05:34:42.6584420Z  * [new branch]        release-2.6.2-rc.1      -> origin/release-2.6.2-rc.1
2025-10-11T05:34:42.6585895Z  * [new branch]        release-2.6.2-rc.2      -> origin/release-2.6.2-rc.2
2025-10-11T05:34:42.6587145Z  * [new branch]        release-2.6.2-rc.3      -> origin/release-2.6.2-rc.3
2025-10-11T05:34:42.6588300Z  * [new branch]        release-2.6.2-rc.4      -> origin/release-2.6.2-rc.4
2025-10-11T05:34:42.6589574Z  * [new branch]        release-2.6.2-rc.5      -> origin/release-2.6.2-rc.5
2025-10-11T05:34:42.6590766Z  * [new branch]        release-2.7             -> origin/release-2.7
2025-10-11T05:34:42.6591963Z  * [new branch]        release-2.7.0           -> origin/release-2.7.0
2025-10-11T05:34:42.6593144Z  * [new branch]        release-2.7.0-dev.1     -> origin/release-2.7.0-dev.1
2025-10-11T05:34:42.6594380Z  * [new branch]        release-2.7.0-dev.10    -> origin/release-2.7.0-dev.10
2025-10-11T05:34:42.6595544Z  * [new branch]        release-2.7.0-dev.11    -> origin/release-2.7.0-dev.11
2025-10-11T05:34:42.6596716Z  * [new branch]        release-2.7.0-dev.12    -> origin/release-2.7.0-dev.12
2025-10-11T05:34:42.6597867Z  * [new branch]        release-2.7.0-dev.13    -> origin/release-2.7.0-dev.13
2025-10-11T05:34:42.6599119Z  * [new branch]        release-2.7.0-dev.2     -> origin/release-2.7.0-dev.2
2025-10-11T05:34:42.6600279Z  * [new branch]        release-2.7.0-dev.3     -> origin/release-2.7.0-dev.3
2025-10-11T05:34:42.6601473Z  * [new branch]        release-2.7.0-dev.4     -> origin/release-2.7.0-dev.4
2025-10-11T05:34:42.6602668Z  * [new branch]        release-2.7.0-dev.5     -> origin/release-2.7.0-dev.5
2025-10-11T05:34:42.6603919Z  * [new branch]        release-2.7.0-dev.6     -> origin/release-2.7.0-dev.6
2025-10-11T05:34:42.6605132Z  * [new branch]        release-2.7.0-dev.7     -> origin/release-2.7.0-dev.7
2025-10-11T05:34:42.6606345Z  * [new branch]        release-2.7.0-dev.8     -> origin/release-2.7.0-dev.8
2025-10-11T05:34:42.6607482Z  * [new branch]        release-2.7.0-dev.9     -> origin/release-2.7.0-dev.9
2025-10-11T05:34:42.6608748Z  * [new branch]        release-2.7.0-rc.1      -> origin/release-2.7.0-rc.1
2025-10-11T05:34:42.6609948Z  * [new branch]        release-2.7.0-rc.2      -> origin/release-2.7.0-rc.2
2025-10-11T05:34:42.6611145Z  * [new branch]        release-2.7.0-rc.3      -> origin/release-2.7.0-rc.3
2025-10-11T05:34:42.6612351Z  * [new branch]        release-2.7.0-rc.4      -> origin/release-2.7.0-rc.4
2025-10-11T05:34:42.6619188Z  * [new branch]        release-2.7.1           -> origin/release-2.7.1
2025-10-11T05:34:42.6620366Z  * [new branch]        release-2.7.1-rc.1      -> origin/release-2.7.1-rc.1
2025-10-11T05:34:42.6621493Z  * [new branch]        release-2.7.1-rc.2      -> origin/release-2.7.1-rc.2
2025-10-11T05:34:42.6622591Z  * [new branch]        release-2.7.1-rc.3      -> origin/release-2.7.1-rc.3
2025-10-11T05:34:42.6623748Z  * [new branch]        release-2.7.1-rc.4      -> origin/release-2.7.1-rc.4
2025-10-11T05:34:42.6624850Z  * [new branch]        release-2.7.2           -> origin/release-2.7.2
2025-10-11T05:34:42.6625923Z  * [new branch]        release-2.7.2-rc.1      -> origin/release-2.7.2-rc.1
2025-10-11T05:34:42.6627019Z  * [new branch]        release-2.7.2-rc.2      -> origin/release-2.7.2-rc.2
2025-10-11T05:34:42.6628319Z  * [new branch]        release-2.7.3           -> origin/release-2.7.3
2025-10-11T05:34:42.6629501Z  * [new branch]        release-2.7.3-bitnami   -> origin/release-2.7.3-bitnami
2025-10-11T05:34:42.6630798Z  * [new branch]        release-2.7.3-bitnami-patches -> origin/release-2.7.3-bitnami-patches
2025-10-11T05:34:42.6632021Z  * [new branch]        release-2.7.3-rc.1      -> origin/release-2.7.3-rc.1
2025-10-11T05:34:42.6633148Z  * [new branch]        release-2.7.3-rc.2      -> origin/release-2.7.3-rc.2
2025-10-11T05:34:42.6634299Z  * [new branch]        release-2.7.3-rc.3      -> origin/release-2.7.3-rc.3
2025-10-11T05:34:42.6635416Z  * [new branch]        release-2.7.3-rc.4      -> origin/release-2.7.3-rc.4
2025-10-11T05:34:42.6636509Z  * [new branch]        release-2.8             -> origin/release-2.8
2025-10-11T05:34:42.6637717Z  * [new branch]        release-2.8.0           -> origin/release-2.8.0
2025-10-11T05:34:42.6638944Z  * [new branch]        release-2.8.0-beta.1    -> origin/release-2.8.0-beta.1
2025-10-11T05:34:42.6640123Z  * [new branch]        release-2.8.0-dev.1     -> origin/release-2.8.0-dev.1
2025-10-11T05:34:42.6641307Z  * [new branch]        release-2.8.0-dev.2     -> origin/release-2.8.0-dev.2
2025-10-11T05:34:42.6642457Z  * [new branch]        release-2.8.0-dev.3     -> origin/release-2.8.0-dev.3
2025-10-11T05:34:42.6643581Z  * [new branch]        release-2.8.0-dev.4     -> origin/release-2.8.0-dev.4
2025-10-11T05:34:42.6644770Z  * [new branch]        release-2.8.0-dev.5     -> origin/release-2.8.0-dev.5
2025-10-11T05:34:42.6645958Z  * [new branch]        release-2.8.0-dev.6     -> origin/release-2.8.0-dev.6
2025-10-11T05:34:42.6647105Z  * [new branch]        release-2.8.0-dev.7     -> origin/release-2.8.0-dev.7
2025-10-11T05:34:42.6648278Z  * [new branch]        release-2.8.0-dev.8     -> origin/release-2.8.0-dev.8
2025-10-11T05:34:42.6649500Z  * [new branch]        release-2.8.0-dev.9     -> origin/release-2.8.0-dev.9
2025-10-11T05:34:42.6650738Z  * [new branch]        release-2.8.0-rc.1.outdated -> origin/release-2.8.0-rc.1.outdated
2025-10-11T05:34:42.6651966Z  * [new branch]        release-2.8.0-rc.2      -> origin/release-2.8.0-rc.2
2025-10-11T05:34:42.6653126Z  * [new branch]        release-2.8.0-rc.3      -> origin/release-2.8.0-rc.3
2025-10-11T05:34:42.6654314Z  * [new branch]        release-2.8.0-rc.4      -> origin/release-2.8.0-rc.4
2025-10-11T05:34:42.6655425Z  * [new branch]        release-2.8.0-rc.5      -> origin/release-2.8.0-rc.5
2025-10-11T05:34:42.6656552Z  * [new branch]        release-2.8.0-rc.6      -> origin/release-2.8.0-rc.6
2025-10-11T05:34:42.6657686Z  * [new branch]        release-2.8.0-rc.7      -> origin/release-2.8.0-rc.7
2025-10-11T05:34:42.6658931Z  * [new branch]        release-2.8.0-rc.8      -> origin/release-2.8.0-rc.8
2025-10-11T05:34:42.6660145Z  * [new branch]        release-2.8.1           -> origin/release-2.8.1
2025-10-11T05:34:42.6661267Z  * [new branch]        release-2.8.1-rc.1      -> origin/release-2.8.1-rc.1
2025-10-11T05:34:42.6662390Z  * [new branch]        release-2.8.1-rc.2      -> origin/release-2.8.1-rc.2
2025-10-11T05:34:42.6663523Z  * [new branch]        release-2.8.2           -> origin/release-2.8.2
2025-10-11T05:34:42.6664714Z  * [new branch]        release-2.8.2-rc.1      -> origin/release-2.8.2-rc.1
2025-10-11T05:34:42.6665901Z  * [new branch]        release-2.8.2-rc.2      -> origin/release-2.8.2-rc.2
2025-10-11T05:34:42.6667050Z  * [new branch]        release-2.8.2-rc.3      -> origin/release-2.8.2-rc.3
2025-10-11T05:34:42.6668141Z  * [new branch]        release-2.8.3           -> origin/release-2.8.3
2025-10-11T05:34:42.6669355Z  * [new branch]        release-2.8.3-bitnami   -> origin/release-2.8.3-bitnami
2025-10-11T05:34:42.6670508Z  * [new branch]        release-2.8.3-rc.1      -> origin/release-2.8.3-rc.1
2025-10-11T05:34:42.6671629Z  * [new branch]        release-2.8.3-rc.2      -> origin/release-2.8.3-rc.2
2025-10-11T05:34:42.6672920Z  * [new branch]        release-2.8.3-rc.3      -> origin/release-2.8.3-rc.3
2025-10-11T05:34:42.6674081Z  * [new branch]        release-2.8.3-rc.4      -> origin/release-2.8.3-rc.4
2025-10-11T05:34:42.6675224Z  * [new branch]        release-2.8.3-rc.5      -> origin/release-2.8.3-rc.5
2025-10-11T05:34:42.6676378Z  * [new branch]        release-2.8.3-rc.6      -> origin/release-2.8.3-rc.6
2025-10-11T05:34:42.6677514Z  * [new branch]        release-2.8.3-rc.7      -> origin/release-2.8.3-rc.7
2025-10-11T05:34:42.6678741Z  * [new branch]        release-2.8.3-rc.8      -> origin/release-2.8.3-rc.8
2025-10-11T05:34:42.6679878Z  * [new branch]        release-2.8.3-rc.9      -> origin/release-2.8.3-rc.9
2025-10-11T05:34:42.6681208Z  * [new branch]        revert-2400-mh/bump-git-operator -> origin/revert-2400-mh/bump-git-operator
2025-10-11T05:34:42.6682639Z  * [new branch]        revert-2507-sandhya/docker-cve-fix -> origin/revert-2507-sandhya/docker-cve-fix
2025-10-11T05:34:42.6684175Z  * [new branch]        revert-2724-bump-velero-plugin -> origin/revert-2724-bump-velero-plugin
2025-10-11T05:34:42.6685712Z  * [new branch]        revert-2743-Shubham/bump-cert-manager -> origin/revert-2743-Shubham/bump-cert-manager
2025-10-11T05:34:42.6687603Z  * [new branch]        revert-3776-revert-3765-kjoshi/kjoshi/refactor-insights-files -> origin/revert-3776-revert-3765-kjoshi/kjoshi/refactor-insights-files
2025-10-11T05:34:42.6689564Z  * [new branch]        revert-917-chartbump/gatekeeper-3.11.0 -> origin/revert-917-chartbump/gatekeeper-3.11.0
2025-10-11T05:34:42.6691050Z  * [new branch]        rohith/enable-metrics-kubeadm -> origin/rohith/enable-metrics-kubeadm
2025-10-11T05:34:42.6692365Z  * [new branch]        rohith/update-kb        -> origin/rohith/update-kb
2025-10-11T05:34:42.6693555Z  * [new branch]        root-ca-test            -> origin/root-ca-test
2025-10-11T05:34:42.6694801Z  * [new branch]        root-ca-test-2          -> origin/root-ca-test-2
2025-10-11T05:34:42.6696008Z  * [new branch]        sai/1.32.8-patch        -> origin/sai/1.32.8-patch
2025-10-11T05:34:42.6697148Z  * [new branch]        sai/dns                 -> origin/sai/dns
2025-10-11T05:34:42.6698309Z  * [new branch]        sandhya/test-chart-bump -> origin/sandhya/test-chart-bump
2025-10-11T05:34:42.6699861Z  * [new branch]        sandy/app-specific-prometheus-adapter -> origin/sandy/app-specific-prometheus-adapter
2025-10-11T05:34:42.6701397Z  * [new branch]        sandy/app-specific-test-dex -> origin/sandy/app-specific-test-dex
2025-10-11T05:34:42.6702897Z  * [new branch]        sandy/app-specific-test-k8s-dashboard -> origin/sandy/app-specific-test-k8s-dashboard
2025-10-11T05:34:42.6704282Z  * [new branch]        sandy/app-test          -> origin/sandy/app-test
2025-10-11T05:34:42.6705573Z  * [new branch]        sandy/backport-pr-2618-r2.12 -> origin/sandy/backport-pr-2618-r2.12
2025-10-11T05:34:42.6706876Z  * [new branch]        sandy/bump-istio        -> origin/sandy/bump-istio
2025-10-11T05:34:42.6708165Z  * [new branch]        sandy/cve-fix-fluentbit -> origin/sandy/cve-fix-fluentbit
2025-10-11T05:34:42.6709512Z  * [new branch]        sandy/dex-app-test      -> origin/sandy/dex-app-test
2025-10-11T05:34:42.6710853Z  * [new branch]        sandy/dex-authenticator-bump -> origin/sandy/dex-authenticator-bump
2025-10-11T05:34:42.6712223Z  * [new branch]        sandy/fluentbit-oci-migration -> origin/sandy/fluentbit-oci-migration
2025-10-11T05:34:42.6713555Z  * [new branch]        sandy/ghcr-all-charts   -> origin/sandy/ghcr-all-charts
2025-10-11T05:34:42.6714897Z  * [new branch]        sandy/git-operator-cve-fix -> origin/sandy/git-operator-cve-fix
2025-10-11T05:34:42.6716247Z  * [new branch]        sandy/gpu-operator-25.3.3 -> origin/sandy/gpu-operator-25.3.3
2025-10-11T05:34:42.6717542Z  * [new branch]        sandy/gpu-operator-cve-bump -> origin/sandy/gpu-operator-cve-bump
2025-10-11T05:34:42.6718978Z  * [new branch]        sandy/helm-oci-ghcr     -> origin/sandy/helm-oci-ghcr
2025-10-11T05:34:42.6720313Z  * [new branch]        sandy/helm-oci-ghcr-registry -> origin/sandy/helm-oci-ghcr-registry
2025-10-11T05:34:42.6721806Z  * [new branch]        sandy/kubectl-1.31.9-patch -> origin/sandy/kubectl-1.31.9-patch
2025-10-11T05:34:42.6723267Z  * [new branch]        sandy/kubectl-in-gitoperator-update -> origin/sandy/kubectl-in-gitoperator-update
2025-10-11T05:34:42.6724644Z  * [new branch]        sandy/remove-bitnami    -> origin/sandy/remove-bitnami
2025-10-11T05:34:42.6725848Z  * [new branch]        sandy/test-rbac         -> origin/sandy/test-rbac
2025-10-11T05:34:42.6727000Z  * [new branch]        sandy/testing           -> origin/sandy/testing
2025-10-11T05:34:42.6728147Z  * [new branch]        sandy/traefik-3.3.6     -> origin/sandy/traefik-3.3.6
2025-10-11T05:34:42.6729532Z  * [new branch]        sandy/update-ghcr-charts-oci -> origin/sandy/update-ghcr-charts-oci
2025-10-11T05:34:42.6730907Z  * [new branch]        sandy/upload-helmchart-ghcr -> origin/sandy/upload-helmchart-ghcr
2025-10-11T05:34:42.6732267Z  * [new branch]        sandy/velero-cve-bump   -> origin/sandy/velero-cve-bump
2025-10-11T05:34:42.6733504Z  * [new branch]        shivendra/NCN-105538    -> origin/shivendra/NCN-105538
2025-10-11T05:34:42.6741004Z  * [new branch]        shivendra/NCN-105538_1  -> origin/shivendra/NCN-105538_1
2025-10-11T05:34:42.6742160Z  * [new branch]        shivendra/NCN-107134_2  -> origin/shivendra/NCN-107134_2
2025-10-11T05:34:42.6743360Z  * [new branch]        sn/update-mergebot-config -> origin/sn/update-mergebot-config
2025-10-11T05:34:42.6744488Z  * [new branch]        test                    -> origin/test
2025-10-11T05:34:42.6745565Z  * [new branch]        test-prometheus-stackoci -> origin/test-prometheus-stackoci
2025-10-11T05:34:42.6746749Z  * [new branch]        testing_kube_OIDC_proxy -> origin/testing_kube_OIDC_proxy
2025-10-11T05:34:42.6747856Z  * [new branch]        tga-test-demo           -> origin/tga-test-demo
2025-10-11T05:34:42.6749131Z  * [new branch]        tga/add-ceph-operator-kind-ci -> origin/tga/add-ceph-operator-kind-ci
2025-10-11T05:34:42.6750318Z  * [new branch]        tga/deleteme            -> origin/tga/deleteme
2025-10-11T05:34:42.6751381Z  * [new branch]        tga/flux-hr             -> origin/tga/flux-hr
2025-10-11T05:34:42.6752444Z  * [new branch]        tga/flux-patch          -> origin/tga/flux-patch
2025-10-11T05:34:42.6753709Z  * [new branch]        tga/remove-list-images-scripts -> origin/tga/remove-list-images-scripts
2025-10-11T05:34:42.6755047Z  * [new branch]        tga/send-slack-notification -> origin/tga/send-slack-notification
2025-10-11T05:34:42.6756254Z  * [new branch]        tga/test-demo           -> origin/tga/test-demo
2025-10-11T05:34:42.6757323Z  * [new branch]        tga/test-fix            -> origin/tga/test-fix
2025-10-11T05:34:42.6758431Z  * [new branch]        tga/use-aws-runners     -> origin/tga/use-aws-runners
2025-10-11T05:34:42.6759688Z  * [new branch]        tga/velero-with-ceph    -> origin/tga/velero-with-ceph
2025-10-11T05:34:42.6760881Z  * [new branch]        till/again-test         -> origin/till/again-test
2025-10-11T05:34:42.6762039Z  * [new branch]        till/test-again         -> origin/till/test-again
2025-10-11T05:34:42.6764471Z  * [new branch]        treafik-chartbump-suresh -> origin/treafik-chartbump-suresh
2025-10-11T05:34:42.6765813Z  * [new branch]        trivy-bundles-cve-fix   -> origin/trivy-bundles-cve-fix
2025-10-11T05:34:42.6767099Z  * [new branch]        twagh/feat-bump-fluentd-cve -> origin/twagh/feat-bump-fluentd-cve
2025-10-11T05:34:42.6768421Z  * [new branch]        unpreviledged/CVEfix    -> origin/unpreviledged/CVEfix
2025-10-11T05:34:42.6769870Z  * [new branch]        update-k8s-1.31.4-for-future-proof -> origin/update-k8s-1.31.4-for-future-proof
2025-10-11T05:34:42.6771196Z  * [new branch]        update-kaptain-version  -> origin/update-kaptain-version
2025-10-11T05:34:42.6772413Z  * [new branch]        update-license-workflow -> origin/update-license-workflow
2025-10-11T05:34:42.6773613Z  * [new branch]        update-velero-plugin    -> origin/update-velero-plugin
2025-10-11T05:34:42.6774948Z  * [new branch]        v2                      -> origin/v2
2025-10-11T05:34:42.6776032Z  * [new branch]        v2.14.0-bitnami         -> origin/v2.14.0-bitnami
2025-10-11T05:34:42.6777291Z  * [new branch]        venkat/Bump-istio-to-1.25.0 -> origin/venkat/Bump-istio-to-1.25.0
2025-10-11T05:34:42.6778525Z  * [new branch]        venkat/cve-grafana      -> origin/venkat/cve-grafana
2025-10-11T05:34:42.6779825Z  * [new branch]        ychen/2140-bitnami-changes -> origin/ychen/2140-bitnami-changes
2025-10-11T05:34:42.6781064Z  * [new branch]        ychen/app-test-gha      -> origin/ychen/app-test-gha
2025-10-11T05:34:42.6782282Z  * [new branch]        ychen/bitnami-213       -> origin/ychen/bitnami-213
2025-10-11T05:34:42.6783609Z  * [new branch]        ychen/bump-cluster-observer-140 -> origin/ychen/bump-cluster-observer-140
2025-10-11T05:34:42.6784982Z  * [new branch]        ychen/bump-flux-cr-apiver -> origin/ychen/bump-flux-cr-apiver
2025-10-11T05:34:42.6786547Z  * [new branch]        ychen/bump-flux-kustomization-apiver -> origin/ychen/bump-flux-kustomization-apiver
2025-10-11T05:34:42.6787959Z  * [new branch]        ychen/config-api-subst-var -> origin/ychen/config-api-subst-var
2025-10-11T05:34:42.6789266Z  * [new branch]        ychen/d2iq-80341        -> origin/ychen/d2iq-80341
2025-10-11T05:34:42.6790437Z  * [new branch]        ychen/d2iq-88024-2      -> origin/ychen/d2iq-88024-2
2025-10-11T05:34:42.6791638Z  * [new branch]        ychen/d2iq-88024-2.2    -> origin/ychen/d2iq-88024-2.2
2025-10-11T05:34:42.6792932Z  * [new branch]        ychen/fix-airgap-kmd-koperator -> origin/ychen/fix-airgap-kmd-koperator
2025-10-11T05:34:42.6794366Z  * [new branch]        ychen/grafana-default-resources -> origin/ychen/grafana-default-resources
2025-10-11T05:34:42.6795781Z  * [new branch]        ychen/grafana-default-resources-2 -> origin/ychen/grafana-default-resources-2
2025-10-11T05:34:42.6797117Z  * [new branch]        ychen/kommander-chart-ver -> origin/ychen/kommander-chart-ver
2025-10-11T05:34:42.6798407Z  * [new branch]        ychen/kommander-charts-oci -> origin/ychen/kommander-charts-oci
2025-10-11T05:34:42.6799885Z  * [new branch]        ychen/oci-charts-use-v1 -> origin/ychen/oci-charts-use-v1
2025-10-11T05:34:42.6801196Z  * [new branch]        ychen/quota-flux        -> origin/ychen/quota-flux
2025-10-11T05:34:42.6802528Z  * [new branch]        ychen/reloader-test-cleanup -> origin/ychen/reloader-test-cleanup
2025-10-11T05:34:42.6804036Z  * [new branch]        ychen/retry-update-hr-install -> origin/ychen/retry-update-hr-install
2025-10-11T05:34:42.6805481Z  * [new branch]        ychen/test-hrv2-annotations -> origin/ychen/test-hrv2-annotations
2025-10-11T05:34:42.6806747Z  * [new branch]        ychen/test-ref          -> origin/ychen/test-ref
2025-10-11T05:34:42.6808009Z  * [new branch]        ychen/unique-ocirepo-names -> origin/ychen/unique-ocirepo-names
2025-10-11T05:34:42.6809444Z  * [new branch]        zgibson/D2IQ-94400      -> origin/zgibson/D2IQ-94400
2025-10-11T05:34:42.6810772Z  * [new branch]        zgibson/automation-readme -> origin/zgibson/automation-readme
2025-10-11T05:34:42.6812218Z  * [new branch]        zgibson/automation-testing -> origin/zgibson/automation-testing
2025-10-11T05:34:42.6813609Z  * [new branch]        zgibson/bump-jaeger-operator -> origin/zgibson/bump-jaeger-operator
2025-10-11T05:34:42.6815089Z  * [new branch]        zgibson/check-licenses-label -> origin/zgibson/check-licenses-label
2025-10-11T05:34:42.6816483Z  * [new branch]        zgibson/test-image-bump -> origin/zgibson/test-image-bump
2025-10-11T05:34:42.6817857Z  * [new branch]        zgibson/update-license-testing -> origin/zgibson/update-license-testing
2025-10-11T05:34:42.6819125Z  * [new tag]           2.12.1-dev              -> 2.12.1-dev
2025-10-11T05:34:42.6820116Z  * [new tag]           2.13.0-dev              -> 2.13.0-dev
2025-10-11T05:34:42.6821099Z  * [new tag]           2.7.3-dev               -> 2.7.3-dev
2025-10-11T05:34:42.6822081Z  * [new tag]           2.8.2-dev               -> 2.8.2-dev
2025-10-11T05:34:42.6823263Z  * [new tag]           grace-test              -> grace-test
2025-10-11T05:34:42.6824438Z  * [new tag]           nvidia-gpu-operator-22.9.1-tag -> nvidia-gpu-operator-22.9.1-tag
2025-10-11T05:34:42.6825593Z  * [new tag]           v0.0.1                  -> v0.0.1
2025-10-11T05:34:42.6826654Z  * [new tag]           v0.0.13-dev-jabar       -> v0.0.13-dev-jabar
2025-10-11T05:34:42.6827763Z  * [new tag]           v0.0.14-dev-jabar       -> v0.0.14-dev-jabar
2025-10-11T05:34:42.6828962Z  * [new tag]           v0.0.5-dev-jabar        -> v0.0.5-dev-jabar
2025-10-11T05:34:42.6830033Z  * [new tag]           v0.0.6-dev-jabar        -> v0.0.6-dev-jabar
2025-10-11T05:34:42.6831073Z  * [new tag]           v2.1.0                  -> v2.1.0
2025-10-11T05:34:42.6832111Z  * [new tag]           v2.1.0-rc.1             -> v2.1.0-rc.1
2025-10-11T05:34:42.6833145Z  * [new tag]           v2.1.0-rc.2             -> v2.1.0-rc.2
2025-10-11T05:34:42.6834345Z  * [new tag]           v2.1.0-rc.5             -> v2.1.0-rc.5
2025-10-11T05:34:42.6835326Z  * [new tag]           v2.1.0-rc.6             -> v2.1.0-rc.6
2025-10-11T05:34:42.6836305Z  * [new tag]           v2.1.0-rc.7             -> v2.1.0-rc.7
2025-10-11T05:34:42.6837259Z  * [new tag]           v2.1.0-rc.8             -> v2.1.0-rc.8
2025-10-11T05:34:42.6838182Z  * [new tag]           v2.1.1                  -> v2.1.1
2025-10-11T05:34:42.6839234Z  * [new tag]           v2.1.1-dev              -> v2.1.1-dev
2025-10-11T05:34:42.6840212Z  * [new tag]           v2.1.1-rc.1             -> v2.1.1-rc.1
2025-10-11T05:34:42.6841199Z  * [new tag]           v2.1.1-rc.2             -> v2.1.1-rc.2
2025-10-11T05:34:42.6842191Z  * [new tag]           v2.1.1-rc.3             -> v2.1.1-rc.3
2025-10-11T05:34:42.6843198Z  * [new tag]           v2.1.1-rc.4             -> v2.1.1-rc.4
2025-10-11T05:34:42.6844265Z  * [new tag]           v2.1.1-rc.5             -> v2.1.1-rc.5
2025-10-11T05:34:42.6845290Z  * [new tag]           v2.1.2                  -> v2.1.2
2025-10-11T05:34:42.6846276Z  * [new tag]           v2.1.2-dev              -> v2.1.2-dev
2025-10-11T05:34:42.6847286Z  * [new tag]           v2.1.2-rc.1             -> v2.1.2-rc.1
2025-10-11T05:34:42.6848290Z  * [new tag]           v2.1.3                  -> v2.1.3
2025-10-11T05:34:42.6849393Z  * [new tag]           v2.1.3-dev              -> v2.1.3-dev
2025-10-11T05:34:42.6850415Z  * [new tag]           v2.1.3-rc.1             -> v2.1.3-rc.1
2025-10-11T05:34:42.6857486Z  * [new tag]           v2.1.3-rc.2             -> v2.1.3-rc.2
2025-10-11T05:34:42.6858486Z  * [new tag]           v2.1.4                  -> v2.1.4
2025-10-11T05:34:42.6859520Z  * [new tag]           v2.1.4-dev              -> v2.1.4-dev
2025-10-11T05:34:42.6860446Z  * [new tag]           v2.1.4-rc.1             -> v2.1.4-rc.1
2025-10-11T05:34:42.6861365Z  * [new tag]           v2.1.4-rc.2             -> v2.1.4-rc.2
2025-10-11T05:34:42.6862262Z  * [new tag]           v2.1.5                  -> v2.1.5
2025-10-11T05:34:42.6863172Z  * [new tag]           v2.1.5-dev              -> v2.1.5-dev
2025-10-11T05:34:42.6864143Z  * [new tag]           v2.1.5-rc.1             -> v2.1.5-rc.1
2025-10-11T05:34:42.6865047Z  * [new tag]           v2.1.5-rc.2             -> v2.1.5-rc.2
2025-10-11T05:34:42.6865944Z  * [new tag]           v2.1.5-rc.3             -> v2.1.5-rc.3
2025-10-11T05:34:42.6866854Z  * [new tag]           v2.1.6-dev              -> v2.1.6-dev
2025-10-11T05:34:42.6867744Z  * [new tag]           v2.12.0                 -> v2.12.0
2025-10-11T05:34:42.6868746Z  * [new tag]           v2.12.0-dev             -> v2.12.0-dev
2025-10-11T05:34:42.6869674Z  * [new tag]           v2.12.0-dev.1           -> v2.12.0-dev.1
2025-10-11T05:34:42.6870634Z  * [new tag]           v2.12.0-dev.10          -> v2.12.0-dev.10
2025-10-11T05:34:42.6871770Z  * [new tag]           v2.12.0-dev.11          -> v2.12.0-dev.11
2025-10-11T05:34:42.6872773Z  * [new tag]           v2.12.0-dev.12          -> v2.12.0-dev.12
2025-10-11T05:34:42.6873844Z  * [new tag]           v2.12.0-dev.13          -> v2.12.0-dev.13
2025-10-11T05:34:42.6875081Z  * [new tag]           v2.12.0-dev.14          -> v2.12.0-dev.14
2025-10-11T05:34:42.6876098Z  * [new tag]           v2.12.0-dev.2           -> v2.12.0-dev.2
2025-10-11T05:34:42.6877144Z  * [new tag]           v2.12.0-dev.3           -> v2.12.0-dev.3
2025-10-11T05:34:42.6878126Z  * [new tag]           v2.12.0-dev.4           -> v2.12.0-dev.4
2025-10-11T05:34:42.6879152Z  * [new tag]           v2.12.0-dev.5           -> v2.12.0-dev.5
2025-10-11T05:34:42.6880155Z  * [new tag]           v2.12.0-dev.6           -> v2.12.0-dev.6
2025-10-11T05:34:42.6881128Z  * [new tag]           v2.12.0-dev.7           -> v2.12.0-dev.7
2025-10-11T05:34:42.6882108Z  * [new tag]           v2.12.0-dev.8           -> v2.12.0-dev.8
2025-10-11T05:34:42.6883048Z  * [new tag]           v2.12.0-dev.9           -> v2.12.0-dev.9
2025-10-11T05:34:42.6884087Z  * [new tag]           v2.12.0-rc.1            -> v2.12.0-rc.1
2025-10-11T05:34:42.6885214Z  * [new tag]           v2.12.0-rc.2            -> v2.12.0-rc.2
2025-10-11T05:34:42.6886208Z  * [new tag]           v2.12.0-rc.3            -> v2.12.0-rc.3
2025-10-11T05:34:42.6887156Z  * [new tag]           v2.12.0-rc.4            -> v2.12.0-rc.4
2025-10-11T05:34:42.6888079Z  * [new tag]           v2.12.0-rc.5            -> v2.12.0-rc.5
2025-10-11T05:34:42.6889081Z  * [new tag]           v2.12.1                 -> v2.12.1
2025-10-11T05:34:42.6890059Z  * [new tag]           v2.12.1-dev             -> v2.12.1-dev
2025-10-11T05:34:42.6891017Z  * [new tag]           v2.12.1-rc.1            -> v2.12.1-rc.1
2025-10-11T05:34:42.6892001Z  * [new tag]           v2.12.1-rc.2            -> v2.12.1-rc.2
2025-10-11T05:34:42.6892967Z  * [new tag]           v2.12.1-rc.3            -> v2.12.1-rc.3
2025-10-11T05:34:42.6893961Z  * [new tag]           v2.12.1-rc.4            -> v2.12.1-rc.4
2025-10-11T05:34:42.6894884Z  * [new tag]           v2.12.1-rc.5            -> v2.12.1-rc.5
2025-10-11T05:34:42.6895848Z  * [new tag]           v2.12.1-rc.6            -> v2.12.1-rc.6
2025-10-11T05:34:42.6896832Z  * [new tag]           v2.12.2                 -> v2.12.2
2025-10-11T05:34:42.6897825Z  * [new tag]           v2.12.2-bitnami         -> v2.12.2-bitnami
2025-10-11T05:34:42.6898825Z  * [new tag]           v2.12.2-dev             -> v2.12.2-dev
2025-10-11T05:34:42.6899735Z  * [new tag]           v2.12.2-rc.1            -> v2.12.2-rc.1
2025-10-11T05:34:42.6900639Z  * [new tag]           v2.12.2-rc.2            -> v2.12.2-rc.2
2025-10-11T05:34:42.6901536Z  * [new tag]           v2.12.2-rc.3            -> v2.12.2-rc.3
2025-10-11T05:34:42.6902503Z  * [new tag]           v2.12.3-dev             -> v2.12.3-dev
2025-10-11T05:34:42.6903464Z  * [new tag]           v2.13.0                 -> v2.13.0
2025-10-11T05:34:42.6904520Z  * [new tag]           v2.13.0-dev             -> v2.13.0-dev
2025-10-11T05:34:42.6905499Z  * [new tag]           v2.13.0-dev.2           -> v2.13.0-dev.2
2025-10-11T05:34:42.6906465Z  * [new tag]           v2.13.0-dev.3           -> v2.13.0-dev.3
2025-10-11T05:34:42.6907445Z  * [new tag]           v2.13.0-dev.4           -> v2.13.0-dev.4
2025-10-11T05:34:42.6908435Z  * [new tag]           v2.13.0-dev.5           -> v2.13.0-dev.5
2025-10-11T05:34:42.6909479Z  * [new tag]           v2.13.0-dev.6           -> v2.13.0-dev.6
2025-10-11T05:34:42.6910456Z  * [new tag]           v2.13.0-dev.7           -> v2.13.0-dev.7
2025-10-11T05:34:42.6911402Z  * [new tag]           v2.13.0-dev.8           -> v2.13.0-dev.8
2025-10-11T05:34:42.6912408Z  * [new tag]           v2.13.0-dev.9           -> v2.13.0-dev.9
2025-10-11T05:34:42.6913445Z  * [new tag]           v2.13.0-rc.1            -> v2.13.0-rc.1
2025-10-11T05:34:42.6914550Z  * [new tag]           v2.13.0-rc.2            -> v2.13.0-rc.2
2025-10-11T05:34:42.6915657Z  * [new tag]           v2.13.0-rc.3            -> v2.13.0-rc.3
2025-10-11T05:34:42.6916714Z  * [new tag]           v2.13.0-rc.4            -> v2.13.0-rc.4
2025-10-11T05:34:42.6917781Z  * [new tag]           v2.13.0-rc.5            -> v2.13.0-rc.5
2025-10-11T05:34:42.6919067Z  * [new tag]           v2.13.0-rc.6            -> v2.13.0-rc.6
2025-10-11T05:34:42.6920129Z  * [new tag]           v2.13.0-rc.7            -> v2.13.0-rc.7
2025-10-11T05:34:42.6921165Z  * [new tag]           v2.13.0-rc.8            -> v2.13.0-rc.8
2025-10-11T05:34:42.6922167Z  * [new tag]           v2.13.1                 -> v2.13.1
2025-10-11T05:34:42.6923224Z  * [new tag]           v2.13.1-dev             -> v2.13.1-dev
2025-10-11T05:34:42.6924313Z  * [new tag]           v2.13.1-rc.2            -> v2.13.1-rc.2
2025-10-11T05:34:42.6925327Z  * [new tag]           v2.13.1-rc.3            -> v2.13.1-rc.3
2025-10-11T05:34:42.6926278Z  * [new tag]           v2.13.1-rc.4            -> v2.13.1-rc.4
2025-10-11T05:34:42.6927247Z  * [new tag]           v2.13.2                 -> v2.13.2
2025-10-11T05:34:42.6928269Z  * [new tag]           v2.13.2-dev             -> v2.13.2-dev
2025-10-11T05:34:42.6929354Z  * [new tag]           v2.13.2-rc.1            -> v2.13.2-rc.1
2025-10-11T05:34:42.6930476Z  * [new tag]           v2.13.2-rc.2            -> v2.13.2-rc.2
2025-10-11T05:34:42.6931515Z  * [new tag]           v2.13.2-rc.3            -> v2.13.2-rc.3
2025-10-11T05:34:42.6932483Z  * [new tag]           v2.13.2-rc.4            -> v2.13.2-rc.4
2025-10-11T05:34:42.6933492Z  * [new tag]           v2.13.2-rc.5            -> v2.13.2-rc.5
2025-10-11T05:34:42.6934524Z  * [new tag]           v2.13.3                 -> v2.13.3
2025-10-11T05:34:42.6935559Z  * [new tag]           v2.13.3-dev             -> v2.13.3-dev
2025-10-11T05:34:42.6936520Z  * [new tag]           v2.13.3-rc.1            -> v2.13.3-rc.1
2025-10-11T05:34:42.6937484Z  * [new tag]           v2.13.4-dev             -> v2.13.4-dev
2025-10-11T05:34:42.6938480Z  * [new tag]           v2.14.0                 -> v2.14.0
2025-10-11T05:34:42.6939518Z  * [new tag]           v2.14.0-dev             -> v2.14.0-dev
2025-10-11T05:34:42.6940531Z  * [new tag]           v2.14.0-dev.1           -> v2.14.0-dev.1
2025-10-11T05:34:42.6941470Z  * [new tag]           v2.14.0-dev.2           -> v2.14.0-dev.2
2025-10-11T05:34:42.6942462Z  * [new tag]           v2.14.0-dev.3           -> v2.14.0-dev.3
2025-10-11T05:34:42.6943444Z  * [new tag]           v2.14.0-dev.4           -> v2.14.0-dev.4
2025-10-11T05:34:42.6944430Z  * [new tag]           v2.14.0-dev.5           -> v2.14.0-dev.5
2025-10-11T05:34:42.6945381Z  * [new tag]           v2.14.0-dev.6           -> v2.14.0-dev.6
2025-10-11T05:34:42.6946380Z  * [new tag]           v2.14.0-dev.7           -> v2.14.0-dev.7
2025-10-11T05:34:42.6947362Z  * [new tag]           v2.14.0-dev.8           -> v2.14.0-dev.8
2025-10-11T05:34:42.6948342Z  * [new tag]           v2.14.0-rc.1            -> v2.14.0-rc.1
2025-10-11T05:34:42.6955275Z  * [new tag]           v2.14.0-rc.10           -> v2.14.0-rc.10
2025-10-11T05:34:42.6956198Z  * [new tag]           v2.14.0-rc.2            -> v2.14.0-rc.2
2025-10-11T05:34:42.6957115Z  * [new tag]           v2.14.0-rc.3            -> v2.14.0-rc.3
2025-10-11T05:34:42.6958021Z  * [new tag]           v2.14.0-rc.4            -> v2.14.0-rc.4
2025-10-11T05:34:42.6959022Z  * [new tag]           v2.14.0-rc.5            -> v2.14.0-rc.5
2025-10-11T05:34:42.6959907Z  * [new tag]           v2.14.0-rc.6            -> v2.14.0-rc.6
2025-10-11T05:34:42.6960793Z  * [new tag]           v2.14.0-rc.7            -> v2.14.0-rc.7
2025-10-11T05:34:42.6961667Z  * [new tag]           v2.14.0-rc.8            -> v2.14.0-rc.8
2025-10-11T05:34:42.6962540Z  * [new tag]           v2.14.0-rc.9            -> v2.14.0-rc.9
2025-10-11T05:34:42.6963418Z  * [new tag]           v2.14.1                 -> v2.14.1
2025-10-11T05:34:42.6964375Z  * [new tag]           v2.14.1-dev             -> v2.14.1-dev
2025-10-11T05:34:42.6966325Z  * [new tag]           v2.14.1-rc.1            -> v2.14.1-rc.1
2025-10-11T05:34:42.6967256Z  * [new tag]           v2.14.1-rc.2            -> v2.14.1-rc.2
2025-10-11T05:34:42.6968180Z  * [new tag]           v2.14.1-rc.3            -> v2.14.1-rc.3
2025-10-11T05:34:42.6969202Z  * [new tag]           v2.14.1-rc.4            -> v2.14.1-rc.4
2025-10-11T05:34:42.6970316Z  * [new tag]           v2.14.1-rc.5            -> v2.14.1-rc.5
2025-10-11T05:34:42.6971225Z  * [new tag]           v2.14.2                 -> v2.14.2
2025-10-11T05:34:42.6972157Z  * [new tag]           v2.14.2-dev             -> v2.14.2-dev
2025-10-11T05:34:42.6973119Z  * [new tag]           v2.14.2-rc.1            -> v2.14.2-rc.1
2025-10-11T05:34:42.6974130Z  * [new tag]           v2.14.2-rc.2            -> v2.14.2-rc.2
2025-10-11T05:34:42.6975080Z  * [new tag]           v2.14.3-dev             -> v2.14.3-dev
2025-10-11T05:34:42.6976019Z  * [new tag]           v2.14.3-rc.1            -> v2.14.3-rc.1
2025-10-11T05:34:42.6976975Z  * [new tag]           v2.14.3-rc.2            -> v2.14.3-rc.2
2025-10-11T05:34:42.6977923Z  * [new tag]           v2.15.0                 -> v2.15.0
2025-10-11T05:34:42.6978951Z  * [new tag]           v2.15.0-bitnami         -> v2.15.0-bitnami
2025-10-11T05:34:42.6980068Z  * [new tag]           v2.15.0-dev             -> v2.15.0-dev
2025-10-11T05:34:42.6980997Z  * [new tag]           v2.15.0-dev.1           -> v2.15.0-dev.1
2025-10-11T05:34:42.6981988Z  * [new tag]           v2.15.0-dev.2           -> v2.15.0-dev.2
2025-10-11T05:34:42.6982934Z  * [new tag]           v2.15.0-dev.3           -> v2.15.0-dev.3
2025-10-11T05:34:42.6983933Z  * [new tag]           v2.15.0-dev.4           -> v2.15.0-dev.4
2025-10-11T05:34:42.6984875Z  * [new tag]           v2.15.0-dev.5           -> v2.15.0-dev.5
2025-10-11T05:34:42.6985793Z  * [new tag]           v2.15.0-rc.1            -> v2.15.0-rc.1
2025-10-11T05:34:42.6986756Z  * [new tag]           v2.15.0-rc.2            -> v2.15.0-rc.2
2025-10-11T05:34:42.6987703Z  * [new tag]           v2.15.0-rc.3            -> v2.15.0-rc.3
2025-10-11T05:34:42.6988704Z  * [new tag]           v2.15.0-rc.4            -> v2.15.0-rc.4
2025-10-11T05:34:42.6989652Z  * [new tag]           v2.15.0-rc.5            -> v2.15.0-rc.5
2025-10-11T05:34:42.6990593Z  * [new tag]           v2.15.1                 -> v2.15.1
2025-10-11T05:34:42.6991529Z  * [new tag]           v2.15.1-dev             -> v2.15.1-dev
2025-10-11T05:34:42.6992482Z  * [new tag]           v2.15.1-rc.1            -> v2.15.1-rc.1
2025-10-11T05:34:42.6993436Z  * [new tag]           v2.15.1-rc.2            -> v2.15.1-rc.2
2025-10-11T05:34:42.6994442Z  * [new tag]           v2.15.1-rc.3            -> v2.15.1-rc.3
2025-10-11T05:34:42.6995379Z  * [new tag]           v2.15.2-dev             -> v2.15.2-dev
2025-10-11T05:34:42.6996315Z  * [new tag]           v2.15.2-rc.1            -> v2.15.2-rc.1
2025-10-11T05:34:42.6997258Z  * [new tag]           v2.15.2-rc.2            -> v2.15.2-rc.2
2025-10-11T05:34:42.6998186Z  * [new tag]           v2.15.2-rc.3            -> v2.15.2-rc.3
2025-10-11T05:34:42.6999167Z  * [new tag]           v2.16.0                 -> v2.16.0
2025-10-11T05:34:42.7000215Z  * [new tag]           v2.16.0-dev             -> v2.16.0-dev
2025-10-11T05:34:42.7001271Z  * [new tag]           v2.16.0-dev.1           -> v2.16.0-dev.1
2025-10-11T05:34:42.7002312Z  * [new tag]           v2.16.0-dev.10          -> v2.16.0-dev.10
2025-10-11T05:34:42.7003406Z  * [new tag]           v2.16.0-dev.11          -> v2.16.0-dev.11
2025-10-11T05:34:42.7004572Z  * [new tag]           v2.16.0-dev.11.bak      -> v2.16.0-dev.11.bak
2025-10-11T05:34:42.7005638Z  * [new tag]           v2.16.0-dev.12          -> v2.16.0-dev.12
2025-10-11T05:34:42.7006903Z  * [new tag]           v2.16.0-dev.13          -> v2.16.0-dev.13
2025-10-11T05:34:42.7007984Z  * [new tag]           v2.16.0-dev.14          -> v2.16.0-dev.14
2025-10-11T05:34:42.7009134Z  * [new tag]           v2.16.0-dev.15          -> v2.16.0-dev.15
2025-10-11T05:34:42.7010231Z  * [new tag]           v2.16.0-dev.16          -> v2.16.0-dev.16
2025-10-11T05:34:42.7011225Z  * [new tag]           v2.16.0-dev.17          -> v2.16.0-dev.17
2025-10-11T05:34:42.7012243Z  * [new tag]           v2.16.0-dev.18          -> v2.16.0-dev.18
2025-10-11T05:34:42.7013310Z  * [new tag]           v2.16.0-dev.19          -> v2.16.0-dev.19
2025-10-11T05:34:42.7014386Z  * [new tag]           v2.16.0-dev.2           -> v2.16.0-dev.2
2025-10-11T05:34:42.7015543Z  * [new tag]           v2.16.0-dev.20          -> v2.16.0-dev.20
2025-10-11T05:34:42.7016590Z  * [new tag]           v2.16.0-dev.21          -> v2.16.0-dev.21
2025-10-11T05:34:42.7017591Z  * [new tag]           v2.16.0-dev.22          -> v2.16.0-dev.22
2025-10-11T05:34:42.7018599Z  * [new tag]           v2.16.0-dev.23          -> v2.16.0-dev.23
2025-10-11T05:34:42.7019738Z  * [new tag]           v2.16.0-dev.24          -> v2.16.0-dev.24
2025-10-11T05:34:42.7020713Z  * [new tag]           v2.16.0-dev.25          -> v2.16.0-dev.25
2025-10-11T05:34:42.7021694Z  * [new tag]           v2.16.0-dev.3           -> v2.16.0-dev.3
2025-10-11T05:34:42.7022679Z  * [new tag]           v2.16.0-dev.4           -> v2.16.0-dev.4
2025-10-11T05:34:42.7023722Z  * [new tag]           v2.16.0-dev.5           -> v2.16.0-dev.5
2025-10-11T05:34:42.7024725Z  * [new tag]           v2.16.0-dev.6           -> v2.16.0-dev.6
2025-10-11T05:34:42.7025823Z  * [new tag]           v2.16.0-dev.7           -> v2.16.0-dev.7
2025-10-11T05:34:42.7026786Z  * [new tag]           v2.16.0-dev.8           -> v2.16.0-dev.8
2025-10-11T05:34:42.7027777Z  * [new tag]           v2.16.0-dev.9           -> v2.16.0-dev.9
2025-10-11T05:34:42.7028873Z  * [new tag]           v2.16.0-dev.grace       -> v2.16.0-dev.grace
2025-10-11T05:34:42.7029951Z  * [new tag]           v2.16.0-rc.1            -> v2.16.0-rc.1
2025-10-11T05:34:42.7030940Z  * [new tag]           v2.16.0-rc.2            -> v2.16.0-rc.2
2025-10-11T05:34:42.7031891Z  * [new tag]           v2.16.0-rc.3            -> v2.16.0-rc.3
2025-10-11T05:34:42.7032869Z  * [new tag]           v2.16.0-rc.4            -> v2.16.0-rc.4
2025-10-11T05:34:42.7033852Z  * [new tag]           v2.16.0-rc.5            -> v2.16.0-rc.5
2025-10-11T05:34:42.7034788Z  * [new tag]           v2.16.0-rc.6            -> v2.16.0-rc.6
2025-10-11T05:34:42.7035718Z  * [new tag]           v2.16.0-rc.7            -> v2.16.0-rc.7
2025-10-11T05:34:42.7036671Z  * [new tag]           v2.16.1-dev             -> v2.16.1-dev
2025-10-11T05:34:42.7037677Z  * [new tag]           v2.17.0-dev             -> v2.17.0-dev
2025-10-11T05:34:42.7038748Z  * [new tag]           v2.17.0-dev.1           -> v2.17.0-dev.1
2025-10-11T05:34:42.7039796Z  * [new tag]           v2.17.0-dev.2           -> v2.17.0-dev.2
2025-10-11T05:34:42.7040801Z  * [new tag]           v2.2.0                  -> v2.2.0
2025-10-11T05:34:42.7041773Z  * [new tag]           v2.2.0-dev              -> v2.2.0-dev
2025-10-11T05:34:42.7042720Z  * [new tag]           v2.2.0-rc.1             -> v2.2.0-rc.1
2025-10-11T05:34:42.7043747Z  * [new tag]           v2.2.0-rc.10            -> v2.2.0-rc.10
2025-10-11T05:34:42.7044801Z  * [new tag]           v2.2.0-rc.11            -> v2.2.0-rc.11
2025-10-11T05:34:42.7045823Z  * [new tag]           v2.2.0-rc.2             -> v2.2.0-rc.2
2025-10-11T05:34:42.7046791Z  * [new tag]           v2.2.0-rc.3             -> v2.2.0-rc.3
2025-10-11T05:34:42.7053569Z  * [new tag]           v2.2.0-rc.4             -> v2.2.0-rc.4
2025-10-11T05:34:42.7054565Z  * [new tag]           v2.2.0-rc.5             -> v2.2.0-rc.5
2025-10-11T05:34:42.7055468Z  * [new tag]           v2.2.0-rc.6             -> v2.2.0-rc.6
2025-10-11T05:34:42.7056361Z  * [new tag]           v2.2.0-rc.7             -> v2.2.0-rc.7
2025-10-11T05:34:42.7057258Z  * [new tag]           v2.2.0-rc.8             -> v2.2.0-rc.8
2025-10-11T05:34:42.7058144Z  * [new tag]           v2.2.0-rc.9             -> v2.2.0-rc.9
2025-10-11T05:34:42.7059108Z  * [new tag]           v2.2.1                  -> v2.2.1
2025-10-11T05:34:42.7060000Z  * [new tag]           v2.2.1-dev              -> v2.2.1-dev
2025-10-11T05:34:42.7060881Z  * [new tag]           v2.2.1-rc.1             -> v2.2.1-rc.1
2025-10-11T05:34:42.7061762Z  * [new tag]           v2.2.1-rc.2             -> v2.2.1-rc.2
2025-10-11T05:34:42.7062644Z  * [new tag]           v2.2.1-rc.3             -> v2.2.1-rc.3
2025-10-11T05:34:42.7063552Z  * [new tag]           v2.2.2                  -> v2.2.2
2025-10-11T05:34:42.7064706Z  * [new tag]           v2.2.2-dev              -> v2.2.2-dev
2025-10-11T05:34:42.7065618Z  * [new tag]           v2.2.2-rc.1             -> v2.2.2-rc.1
2025-10-11T05:34:42.7066510Z  * [new tag]           v2.2.2-rc.2             -> v2.2.2-rc.2
2025-10-11T05:34:42.7067435Z  * [new tag]           v2.2.2-rc.3             -> v2.2.2-rc.3
2025-10-11T05:34:42.7068334Z  * [new tag]           v2.2.2-rc.4             -> v2.2.2-rc.4
2025-10-11T05:34:42.7069320Z  * [new tag]           v2.2.2-rc.5             -> v2.2.2-rc.5
2025-10-11T05:34:42.7070245Z  * [new tag]           v2.2.3                  -> v2.2.3
2025-10-11T05:34:42.7071182Z  * [new tag]           v2.2.3-dev              -> v2.2.3-dev
2025-10-11T05:34:42.7072094Z  * [new tag]           v2.2.3-rc.1             -> v2.2.3-rc.1
2025-10-11T05:34:42.7072978Z  * [new tag]           v2.2.3-rc.2             -> v2.2.3-rc.2
2025-10-11T05:34:42.7073944Z  * [new tag]           v2.2.3-rc.3             -> v2.2.3-rc.3
2025-10-11T05:34:42.7074989Z  * [new tag]           v2.2.3-rc.4             -> v2.2.3-rc.4
2025-10-11T05:34:42.7075936Z  * [new tag]           v2.2.3-rc.5             -> v2.2.3-rc.5
2025-10-11T05:34:42.7076848Z  * [new tag]           v2.2.3-rc.6             -> v2.2.3-rc.6
2025-10-11T05:34:42.7077748Z  * [new tag]           v2.2.4-dev              -> v2.2.4-dev
2025-10-11T05:34:42.7078722Z  * [new tag]           v2.3.0                  -> v2.3.0
2025-10-11T05:34:42.7079657Z  * [new tag]           v2.3.0-dev              -> v2.3.0-dev
2025-10-11T05:34:42.7080569Z  * [new tag]           v2.3.0-rc.1             -> v2.3.0-rc.1
2025-10-11T05:34:42.7081463Z  * [new tag]           v2.3.0-rc.10            -> v2.3.0-rc.10
2025-10-11T05:34:42.7082357Z  * [new tag]           v2.3.0-rc.11            -> v2.3.0-rc.11
2025-10-11T05:34:42.7083248Z  * [new tag]           v2.3.0-rc.2             -> v2.3.0-rc.2
2025-10-11T05:34:42.7084206Z  * [new tag]           v2.3.0-rc.3             -> v2.3.0-rc.3
2025-10-11T05:34:42.7085125Z  * [new tag]           v2.3.0-rc.4             -> v2.3.0-rc.4
2025-10-11T05:34:42.7086048Z  * [new tag]           v2.3.0-rc.5             -> v2.3.0-rc.5
2025-10-11T05:34:42.7086942Z  * [new tag]           v2.3.0-rc.6             -> v2.3.0-rc.6
2025-10-11T05:34:42.7087846Z  * [new tag]           v2.3.0-rc.7             -> v2.3.0-rc.7
2025-10-11T05:34:42.7088814Z  * [new tag]           v2.3.0-rc.8             -> v2.3.0-rc.8
2025-10-11T05:34:42.7089727Z  * [new tag]           v2.3.0-rc.9             -> v2.3.0-rc.9
2025-10-11T05:34:42.7090637Z  * [new tag]           v2.3.1                  -> v2.3.1
2025-10-11T05:34:42.7091542Z  * [new tag]           v2.3.1-dev              -> v2.3.1-dev
2025-10-11T05:34:42.7092439Z  * [new tag]           v2.3.2                  -> v2.3.2
2025-10-11T05:34:42.7093326Z  * [new tag]           v2.3.2-dev              -> v2.3.2-dev
2025-10-11T05:34:42.7094254Z  * [new tag]           v2.3.2-rc.1             -> v2.3.2-rc.1
2025-10-11T05:34:42.7095180Z  * [new tag]           v2.3.2-rc.2             -> v2.3.2-rc.2
2025-10-11T05:34:42.7096167Z  * [new tag]           v2.3.2-rc.2-0           -> v2.3.2-rc.2-0
2025-10-11T05:34:42.7097144Z  * [new tag]           v2.3.3                  -> v2.3.3
2025-10-11T05:34:42.7098122Z  * [new tag]           v2.3.3-dev              -> v2.3.3-dev
2025-10-11T05:34:42.7099132Z  * [new tag]           v2.3.3-rc.1             -> v2.3.3-rc.1
2025-10-11T05:34:42.7100097Z  * [new tag]           v2.3.3-rc.2             -> v2.3.3-rc.2
2025-10-11T05:34:42.7101039Z  * [new tag]           v2.3.3-rc.3             -> v2.3.3-rc.3
2025-10-11T05:34:42.7101978Z  * [new tag]           v2.3.3-rc.4             -> v2.3.3-rc.4
2025-10-11T05:34:42.7102885Z  * [new tag]           v2.3.4-dev              -> v2.3.4-dev
2025-10-11T05:34:42.7103848Z  * [new tag]           v2.4.0                  -> v2.4.0
2025-10-11T05:34:42.7104836Z  * [new tag]           v2.4.0-alpha.1          -> v2.4.0-alpha.1
2025-10-11T05:34:42.7105906Z  * [new tag]           v2.4.0-alpha.2          -> v2.4.0-alpha.2
2025-10-11T05:34:42.7106978Z  * [new tag]           v2.4.0-alpha.3          -> v2.4.0-alpha.3
2025-10-11T05:34:42.7108179Z  * [new tag]           v2.4.0-alpha.4          -> v2.4.0-alpha.4
2025-10-11T05:34:42.7109280Z  * [new tag]           v2.4.0-alpha.5          -> v2.4.0-alpha.5
2025-10-11T05:34:42.7110336Z  * [new tag]           v2.4.0-alpha.6          -> v2.4.0-alpha.6
2025-10-11T05:34:42.7111398Z  * [new tag]           v2.4.0-alpha.7          -> v2.4.0-alpha.7
2025-10-11T05:34:42.7112444Z  * [new tag]           v2.4.0-beta.1           -> v2.4.0-beta.1
2025-10-11T05:34:42.7113465Z  * [new tag]           v2.4.0-dev              -> v2.4.0-dev
2025-10-11T05:34:42.7114468Z  * [new tag]           v2.4.0-rc.1             -> v2.4.0-rc.1
2025-10-11T05:34:42.7115427Z  * [new tag]           v2.4.0-rc.2             -> v2.4.0-rc.2
2025-10-11T05:34:42.7116396Z  * [new tag]           v2.4.0-rc.3             -> v2.4.0-rc.3
2025-10-11T05:34:42.7117424Z  * [new tag]           v2.4.0-rc.4             -> v2.4.0-rc.4
2025-10-11T05:34:42.7118514Z  * [new tag]           v2.4.0-rc.5             -> v2.4.0-rc.5
2025-10-11T05:34:42.7119514Z  * [new tag]           v2.4.1                  -> v2.4.1
2025-10-11T05:34:42.7120509Z  * [new tag]           v2.4.1-dev              -> v2.4.1-dev
2025-10-11T05:34:42.7121485Z  * [new tag]           v2.4.1-rc.1             -> v2.4.1-rc.1
2025-10-11T05:34:42.7122515Z  * [new tag]           v2.4.1-rc.2             -> v2.4.1-rc.2
2025-10-11T05:34:42.7123532Z  * [new tag]           v2.4.1-rc.3             -> v2.4.1-rc.3
2025-10-11T05:34:42.7124540Z  * [new tag]           v2.4.1-rc.4             -> v2.4.1-rc.4
2025-10-11T05:34:42.7125470Z  * [new tag]           v2.4.1-rc.5             -> v2.4.1-rc.5
2025-10-11T05:34:42.7126423Z  * [new tag]           v2.4.2                  -> v2.4.2
2025-10-11T05:34:42.7127402Z  * [new tag]           v2.4.2-dev              -> v2.4.2-dev
2025-10-11T05:34:42.7128394Z  * [new tag]           v2.4.2-rc.1             -> v2.4.2-rc.1
2025-10-11T05:34:42.7129387Z  * [new tag]           v2.4.2-rc.2             -> v2.4.2-rc.2
2025-10-11T05:34:42.7130351Z  * [new tag]           v2.4.3-dev              -> v2.4.3-dev
2025-10-11T05:34:42.7131282Z  * [new tag]           v2.5.0                  -> v2.5.0
2025-10-11T05:34:42.7132251Z  * [new tag]           v2.5.0-alpha.1          -> v2.5.0-alpha.1
2025-10-11T05:34:42.7133241Z  * [new tag]           v2.5.0-alpha.2          -> v2.5.0-alpha.2
2025-10-11T05:34:42.7134259Z  * [new tag]           v2.5.0-alpha.3          -> v2.5.0-alpha.3
2025-10-11T05:34:42.7135266Z  * [new tag]           v2.5.0-alpha.4          -> v2.5.0-alpha.4
2025-10-11T05:34:42.7136261Z  * [new tag]           v2.5.0-alpha.5          -> v2.5.0-alpha.5
2025-10-11T05:34:42.7137215Z  * [new tag]           v2.5.0-beta.1           -> v2.5.0-beta.1
2025-10-11T05:34:42.7138156Z  * [new tag]           v2.5.0-dev              -> v2.5.0-dev
2025-10-11T05:34:42.7139156Z  * [new tag]           v2.5.0-dev.1            -> v2.5.0-dev.1
2025-10-11T05:34:42.7140087Z  * [new tag]           v2.5.0-dev.2            -> v2.5.0-dev.2
2025-10-11T05:34:42.7146313Z  * [new tag]           v2.5.0-dev.3            -> v2.5.0-dev.3
2025-10-11T05:34:42.7147296Z  * [new tag]           v2.5.0-dev.4            -> v2.5.0-dev.4
2025-10-11T05:34:42.7148198Z  * [new tag]           v2.5.0-dev.5            -> v2.5.0-dev.5
2025-10-11T05:34:42.7149204Z  * [new tag]           v2.5.0-dev.6            -> v2.5.0-dev.6
2025-10-11T05:34:42.7150101Z  * [new tag]           v2.5.0-nvidia           -> v2.5.0-nvidia
2025-10-11T05:34:42.7150997Z  * [new tag]           v2.5.0-rc.1             -> v2.5.0-rc.1
2025-10-11T05:34:42.7151880Z  * [new tag]           v2.5.0-rc.2             -> v2.5.0-rc.2
2025-10-11T05:34:42.7152756Z  * [new tag]           v2.5.0-rc.3             -> v2.5.0-rc.3
2025-10-11T05:34:42.7153689Z  * [new tag]           v2.5.0-rc.4             -> v2.5.0-rc.4
2025-10-11T05:34:42.7154563Z  * [new tag]           v2.5.0-rc.5             -> v2.5.0-rc.5
2025-10-11T05:34:42.7155448Z  * [new tag]           v2.5.0-rc.6             -> v2.5.0-rc.6
2025-10-11T05:34:42.7156501Z  * [new tag]           v2.5.0-rc.7             -> v2.5.0-rc.7
2025-10-11T05:34:42.7157394Z  * [new tag]           v2.5.0-rc.8             -> v2.5.0-rc.8
2025-10-11T05:34:42.7158268Z  * [new tag]           v2.5.1                  -> v2.5.1
2025-10-11T05:34:42.7159238Z  * [new tag]           v2.5.1-dev              -> v2.5.1-dev
2025-10-11T05:34:42.7160136Z  * [new tag]           v2.5.1-rc.1             -> v2.5.1-rc.1
2025-10-11T05:34:42.7161027Z  * [new tag]           v2.5.2                  -> v2.5.2
2025-10-11T05:34:42.7161927Z  * [new tag]           v2.5.2-dev              -> v2.5.2-dev
2025-10-11T05:34:42.7162829Z  * [new tag]           v2.5.2-rc.1             -> v2.5.2-rc.1
2025-10-11T05:34:42.7163772Z  * [new tag]           v2.5.2-rc.2             -> v2.5.2-rc.2
2025-10-11T05:34:42.7164669Z  * [new tag]           v2.5.2-rc.3             -> v2.5.2-rc.3
2025-10-11T05:34:42.7165559Z  * [new tag]           v2.5.3-dev              -> v2.5.3-dev
2025-10-11T05:34:42.7166531Z  * [new tag]           v2.6.0                  -> v2.6.0
2025-10-11T05:34:42.7167469Z  * [new tag]           v2.6.0-beta.1           -> v2.6.0-beta.1
2025-10-11T05:34:42.7168369Z  * [new tag]           v2.6.0-dev              -> v2.6.0-dev
2025-10-11T05:34:42.7169356Z  * [new tag]           v2.6.0-dev.1            -> v2.6.0-dev.1
2025-10-11T05:34:42.7170263Z  * [new tag]           v2.6.0-dev.2            -> v2.6.0-dev.2
2025-10-11T05:34:42.7171159Z  * [new tag]           v2.6.0-dev.3            -> v2.6.0-dev.3
2025-10-11T05:34:42.7172065Z  * [new tag]           v2.6.0-dev.4            -> v2.6.0-dev.4
2025-10-11T05:34:42.7172953Z  * [new tag]           v2.6.0-dev.5            -> v2.6.0-dev.5
2025-10-11T05:34:42.7173885Z  * [new tag]           v2.6.0-dev.6            -> v2.6.0-dev.6
2025-10-11T05:34:42.7174775Z  * [new tag]           v2.6.0-dev.7            -> v2.6.0-dev.7
2025-10-11T05:34:42.7175672Z  * [new tag]           v2.6.0-dev.8            -> v2.6.0-dev.8
2025-10-11T05:34:42.7176575Z  * [new tag]           v2.6.0-dev.9            -> v2.6.0-dev.9
2025-10-11T05:34:42.7177494Z  * [new tag]           v2.6.0-rc.1             -> v2.6.0-rc.1
2025-10-11T05:34:42.7178384Z  * [new tag]           v2.6.0-rc.2             -> v2.6.0-rc.2
2025-10-11T05:34:42.7179353Z  * [new tag]           v2.6.0-rc.3             -> v2.6.0-rc.3
2025-10-11T05:34:42.7180243Z  * [new tag]           v2.6.0-rc.4             -> v2.6.0-rc.4
2025-10-11T05:34:42.7181129Z  * [new tag]           v2.6.1                  -> v2.6.1
2025-10-11T05:34:42.7182039Z  * [new tag]           v2.6.1-dev              -> v2.6.1-dev
2025-10-11T05:34:42.7182957Z  * [new tag]           v2.6.1-rc.1             -> v2.6.1-rc.1
2025-10-11T05:34:42.7183887Z  * [new tag]           v2.6.1-rc.2             -> v2.6.1-rc.2
2025-10-11T05:34:42.7184778Z  * [new tag]           v2.6.1-rc.3             -> v2.6.1-rc.3
2025-10-11T05:34:42.7185673Z  * [new tag]           v2.6.1-rc.4             -> v2.6.1-rc.4
2025-10-11T05:34:42.7186564Z  * [new tag]           v2.6.2                  -> v2.6.2
2025-10-11T05:34:42.7187483Z  * [new tag]           v2.6.2-dev              -> v2.6.2-dev
2025-10-11T05:34:42.7188428Z  * [new tag]           v2.6.2-rc.1             -> v2.6.2-rc.1
2025-10-11T05:34:42.7189509Z  * [new tag]           v2.6.2-rc.2             -> v2.6.2-rc.2
2025-10-11T05:34:42.7190518Z  * [new tag]           v2.6.2-rc.3             -> v2.6.2-rc.3
2025-10-11T05:34:42.7191495Z  * [new tag]           v2.6.2-rc.4             -> v2.6.2-rc.4
2025-10-11T05:34:42.7192467Z  * [new tag]           v2.6.2-rc.5             -> v2.6.2-rc.5
2025-10-11T05:34:42.7193450Z  * [new tag]           v2.6.3-dev              -> v2.6.3-dev
2025-10-11T05:34:42.7194474Z  * [new tag]           v2.7.0                  -> v2.7.0
2025-10-11T05:34:42.7195439Z  * [new tag]           v2.7.0-dev              -> v2.7.0-dev
2025-10-11T05:34:42.7196415Z  * [new tag]           v2.7.0-dev.1            -> v2.7.0-dev.1
2025-10-11T05:34:42.7197426Z  * [new tag]           v2.7.0-dev.10           -> v2.7.0-dev.10
2025-10-11T05:34:42.7198393Z  * [new tag]           v2.7.0-dev.11           -> v2.7.0-dev.11
2025-10-11T05:34:42.7199576Z  * [new tag]           v2.7.0-dev.12           -> v2.7.0-dev.12
2025-10-11T05:34:42.7200610Z  * [new tag]           v2.7.0-dev.13           -> v2.7.0-dev.13
2025-10-11T05:34:42.7201636Z  * [new tag]           v2.7.0-dev.2            -> v2.7.0-dev.2
2025-10-11T05:34:42.7202642Z  * [new tag]           v2.7.0-dev.3            -> v2.7.0-dev.3
2025-10-11T05:34:42.7203615Z  * [new tag]           v2.7.0-dev.4            -> v2.7.0-dev.4
2025-10-11T05:34:42.7204609Z  * [new tag]           v2.7.0-dev.5            -> v2.7.0-dev.5
2025-10-11T05:34:42.7205555Z  * [new tag]           v2.7.0-dev.6            -> v2.7.0-dev.6
2025-10-11T05:34:42.7206544Z  * [new tag]           v2.7.0-dev.7            -> v2.7.0-dev.7
2025-10-11T05:34:42.7207500Z  * [new tag]           v2.7.0-dev.8            -> v2.7.0-dev.8
2025-10-11T05:34:42.7208423Z  * [new tag]           v2.7.0-dev.9            -> v2.7.0-dev.9
2025-10-11T05:34:42.7209515Z  * [new tag]           v2.7.0-rc.1             -> v2.7.0-rc.1
2025-10-11T05:34:42.7210491Z  * [new tag]           v2.7.0-rc.2             -> v2.7.0-rc.2
2025-10-11T05:34:42.7211493Z  * [new tag]           v2.7.0-rc.3             -> v2.7.0-rc.3
2025-10-11T05:34:42.7212462Z  * [new tag]           v2.7.0-rc.4             -> v2.7.0-rc.4
2025-10-11T05:34:42.7213400Z  * [new tag]           v2.7.1                  -> v2.7.1
2025-10-11T05:34:42.7214426Z  * [new tag]           v2.7.1-dev              -> v2.7.1-dev
2025-10-11T05:34:42.7215436Z  * [new tag]           v2.7.1-rc.1             -> v2.7.1-rc.1
2025-10-11T05:34:42.7216447Z  * [new tag]           v2.7.1-rc.2             -> v2.7.1-rc.2
2025-10-11T05:34:42.7217436Z  * [new tag]           v2.7.1-rc.3             -> v2.7.1-rc.3
2025-10-11T05:34:42.7218358Z  * [new tag]           v2.7.1-rc.4             -> v2.7.1-rc.4
2025-10-11T05:34:42.7219340Z  * [new tag]           v2.7.2                  -> v2.7.2
2025-10-11T05:34:42.7220269Z  * [new tag]           v2.7.2-dev              -> v2.7.2-dev
2025-10-11T05:34:42.7221179Z  * [new tag]           v2.7.2-rc.1             -> v2.7.2-rc.1
2025-10-11T05:34:42.7222124Z  * [new tag]           v2.7.2-rc.2             -> v2.7.2-rc.2
2025-10-11T05:34:42.7223037Z  * [new tag]           v2.7.3                  -> v2.7.3
2025-10-11T05:34:42.7224073Z  * [new tag]           v2.7.3-bitnami          -> v2.7.3-bitnami
2025-10-11T05:34:42.7225075Z  * [new tag]           v2.7.3-dev              -> v2.7.3-dev
2025-10-11T05:34:42.7226056Z  * [new tag]           v2.7.3-rc.1             -> v2.7.3-rc.1
2025-10-11T05:34:42.7227326Z  * [new tag]           v2.7.3-rc.2             -> v2.7.3-rc.2
2025-10-11T05:34:42.7228346Z  * [new tag]           v2.7.3-rc.3             -> v2.7.3-rc.3
2025-10-11T05:34:42.7229441Z  * [new tag]           v2.7.3-rc.4             -> v2.7.3-rc.4
2025-10-11T05:34:42.7230435Z  * [new tag]           v2.7.4-dev              -> v2.7.4-dev
2025-10-11T05:34:42.7231372Z  * [new tag]           v2.8.0                  -> v2.8.0
2025-10-11T05:34:42.7232393Z  * [new tag]           v2.8.0-beta.1           -> v2.8.0-beta.1
2025-10-11T05:34:42.7233376Z  * [new tag]           v2.8.0-dev              -> v2.8.0-dev
2025-10-11T05:34:42.7239678Z  * [new tag]           v2.8.0-dev.1            -> v2.8.0-dev.1
2025-10-11T05:34:42.7240675Z  * [new tag]           v2.8.0-dev.2            -> v2.8.0-dev.2
2025-10-11T05:34:42.7241617Z  * [new tag]           v2.8.0-dev.3            -> v2.8.0-dev.3
2025-10-11T05:34:42.7242508Z  * [new tag]           v2.8.0-dev.4            -> v2.8.0-dev.4
2025-10-11T05:34:42.7243409Z  * [new tag]           v2.8.0-dev.5            -> v2.8.0-dev.5
2025-10-11T05:34:42.7244378Z  * [new tag]           v2.8.0-dev.6            -> v2.8.0-dev.6
2025-10-11T05:34:42.7245265Z  * [new tag]           v2.8.0-dev.7            -> v2.8.0-dev.7
2025-10-11T05:34:42.7246146Z  * [new tag]           v2.8.0-dev.8            -> v2.8.0-dev.8
2025-10-11T05:34:42.7247031Z  * [new tag]           v2.8.0-dev.9            -> v2.8.0-dev.9
2025-10-11T05:34:42.7247965Z  * [new tag]           v2.8.0-dev.logg         -> v2.8.0-dev.logg
2025-10-11T05:34:42.7249211Z  * [new tag]           v2.8.0-rc.1             -> v2.8.0-rc.1
2025-10-11T05:34:42.7250106Z  * [new tag]           v2.8.0-rc.2             -> v2.8.0-rc.2
2025-10-11T05:34:42.7251024Z  * [new tag]           v2.8.0-rc.3             -> v2.8.0-rc.3
2025-10-11T05:34:42.7251907Z  * [new tag]           v2.8.0-rc.4             -> v2.8.0-rc.4
2025-10-11T05:34:42.7252788Z  * [new tag]           v2.8.0-rc.5             -> v2.8.0-rc.5
2025-10-11T05:34:42.7253737Z  * [new tag]           v2.8.0-rc.6             -> v2.8.0-rc.6
2025-10-11T05:34:42.7254674Z  * [new tag]           v2.8.0-rc.7             -> v2.8.0-rc.7
2025-10-11T05:34:42.7255589Z  * [new tag]           v2.8.0-rc.8             -> v2.8.0-rc.8
2025-10-11T05:34:42.7256488Z  * [new tag]           v2.8.1                  -> v2.8.1
2025-10-11T05:34:42.7257403Z  * [new tag]           v2.8.1-dev              -> v2.8.1-dev
2025-10-11T05:34:42.7258404Z  * [new tag]           v2.8.1-rc.1             -> v2.8.1-rc.1
2025-10-11T05:34:42.7259372Z  * [new tag]           v2.8.1-rc.2             -> v2.8.1-rc.2
2025-10-11T05:34:42.7260244Z  * [new tag]           v2.8.2                  -> v2.8.2
2025-10-11T05:34:42.7261161Z  * [new tag]           v2.8.2-dev              -> v2.8.2-dev
2025-10-11T05:34:42.7262076Z  * [new tag]           v2.8.2-rc.1             -> v2.8.2-rc.1
2025-10-11T05:34:42.7263058Z  * [new tag]           v2.8.2-rc.2             -> v2.8.2-rc.2
2025-10-11T05:34:42.7264079Z  * [new tag]           v2.8.2-rc.3             -> v2.8.2-rc.3
2025-10-11T05:34:42.7264966Z  * [new tag]           v2.8.3                  -> v2.8.3
2025-10-11T05:34:42.7265915Z  * [new tag]           v2.8.3-bitnami          -> v2.8.3-bitnami
2025-10-11T05:34:42.7266831Z  * [new tag]           v2.8.3-dev              -> v2.8.3-dev
2025-10-11T05:34:42.7267743Z  * [new tag]           v2.8.3-rc.1             -> v2.8.3-rc.1
2025-10-11T05:34:42.7268710Z  * [new tag]           v2.8.3-rc.2             -> v2.8.3-rc.2
2025-10-11T05:34:42.7269597Z  * [new tag]           v2.8.3-rc.3             -> v2.8.3-rc.3
2025-10-11T05:34:42.7270505Z  * [new tag]           v2.8.3-rc.4             -> v2.8.3-rc.4
2025-10-11T05:34:42.7271402Z  * [new tag]           v2.8.3-rc.5             -> v2.8.3-rc.5
2025-10-11T05:34:42.7272302Z  * [new tag]           v2.8.3-rc.6             -> v2.8.3-rc.6
2025-10-11T05:34:42.7273190Z  * [new tag]           v2.8.3-rc.7             -> v2.8.3-rc.7
2025-10-11T05:34:42.7274174Z  * [new tag]           v2.8.3-rc.8             -> v2.8.3-rc.8
2025-10-11T05:34:42.7275056Z  * [new tag]           v2.8.3-rc.9             -> v2.8.3-rc.9
2025-10-11T05:34:42.7275952Z  * [new tag]           v2.8.4-dev              -> v2.8.4-dev
2025-10-11T05:34:42.7276853Z  * [new tag]           v3.0.0-dev              -> v3.0.0-dev
2025-10-11T05:34:42.7277970Z  * [new tag]           vnvidia-gpu-operator-22.9.1-tag -> vnvidia-gpu-operator-22.9.1-tag
2025-10-11T05:34:42.7330607Z ##[endgroup]
2025-10-11T05:34:42.7331699Z ##[group]Determining the checkout info
2025-10-11T05:34:42.7337630Z [command]/usr/bin/git branch --list --remote origin/john-test3
2025-10-11T05:34:42.7419147Z   origin/john-test3
2025-10-11T05:34:42.7423488Z ##[endgroup]
2025-10-11T05:34:42.7428150Z [command]/usr/bin/git sparse-checkout disable
2025-10-11T05:34:42.7470854Z [command]/usr/bin/git config --local --unset-all extensions.worktreeConfig
2025-10-11T05:34:42.7496244Z ##[group]Checking out the ref
2025-10-11T05:34:42.7500230Z [command]/usr/bin/git checkout --progress --force -B john-test3 refs/remotes/origin/john-test3
2025-10-11T05:34:42.7967251Z Switched to a new branch 'john-test3'
2025-10-11T05:34:42.7968395Z branch 'john-test3' set up to track 'origin/john-test3'.
2025-10-11T05:34:42.7975202Z ##[endgroup]
2025-10-11T05:34:42.8008338Z [command]/usr/bin/git log -1 --format=%H
2025-10-11T05:34:42.8028242Z 924af31e4ec063c1689a8224b761b6b9fbd50b4f
2025-10-11T05:34:42.8283298Z ##[group]Run cachix/install-nix-action@v31
2025-10-11T05:34:42.8284453Z with:
2025-10-11T05:34:42.8285544Z   enable_kvm: true
2025-10-11T05:34:42.8286436Z   set_as_trusted_user: true
2025-10-11T05:34:42.8287345Z ##[endgroup]
2025-10-11T05:34:42.8411009Z ##[group]Run ${GITHUB_ACTION_PATH}/install-nix.sh
2025-10-11T05:34:42.8412195Z [36;1m${GITHUB_ACTION_PATH}/install-nix.sh[0m
2025-10-11T05:34:42.8427224Z shell: /usr/bin/bash --noprofile --norc -e -o pipefail {0}
2025-10-11T05:34:42.8428327Z env:
2025-10-11T05:34:42.8429292Z   INPUT_EXTRA_NIX_CONFIG: 
2025-10-11T05:34:42.8430201Z   INPUT_GITHUB_ACCESS_TOKEN: 
2025-10-11T05:34:42.8431120Z   INPUT_INSTALL_OPTIONS: 
2025-10-11T05:34:42.8431983Z   INPUT_INSTALL_URL: 
2025-10-11T05:34:42.8432823Z   INPUT_NIX_PATH: 
2025-10-11T05:34:42.8433775Z   INPUT_ENABLE_KVM: true
2025-10-11T05:34:42.8434696Z   INPUT_SET_AS_TRUSTED_USER: true
2025-10-11T05:34:42.8435931Z   GITHUB_TOKEN: ***
2025-10-11T05:34:42.8436802Z ##[endgroup]
2025-10-11T05:34:42.8524407Z ##[group]Enabling KVM support
2025-10-11T05:34:42.8597285Z tee: /etc/udev/rules.d/99-install-nix-action-kvm.rules: No such file or directory
2025-10-11T05:34:42.8598749Z KERNEL=="kvm", GROUP="kvm", MODE="0666", OPTIONS+="static_node=kvm"
2025-10-11T05:34:42.8645998Z sudo: udevadm: command not found
2025-10-11T05:34:42.8658510Z KVM is not available
2025-10-11T05:34:42.8660176Z ##[endgroup]
2025-10-11T05:34:42.8661431Z ##[group]Installing Nix
2025-10-11T05:34:42.8849458Z installer options: --no-channel-add --nix-extra-conf-file /tmp/tmp.oayELBrJDM/nix.conf
2025-10-11T05:34:42.8958537Z *   Trying 199.232.154.217:443...
2025-10-11T05:34:42.8982497Z * Connected to releases.nixos.org (199.232.154.217) port 443 (#0)
2025-10-11T05:34:42.9002010Z * ALPN, offering h2
2025-10-11T05:34:42.9002885Z * ALPN, offering http/1.1
2025-10-11T05:34:42.9451909Z *  CAfile: /etc/ssl/certs/ca-certificates.crt
2025-10-11T05:34:42.9452962Z *  CApath: /etc/ssl/certs
2025-10-11T05:34:42.9453976Z * TLSv1.0 (OUT), TLS header, Certificate Status (22):
2025-10-11T05:34:42.9454962Z } [5 bytes data]
2025-10-11T05:34:42.9455848Z * TLSv1.3 (OUT), TLS handshake, Client hello (1):
2025-10-11T05:34:42.9456859Z } [512 bytes data]
2025-10-11T05:34:42.9569800Z * TLSv1.2 (IN), TLS header, Certificate Status (22):
2025-10-11T05:34:42.9570869Z { [5 bytes data]
2025-10-11T05:34:42.9571779Z * TLSv1.3 (IN), TLS handshake, Server hello (2):
2025-10-11T05:34:42.9572792Z { [104 bytes data]
2025-10-11T05:34:42.9573738Z * TLSv1.2 (IN), TLS header, Certificate Status (22):
2025-10-11T05:34:42.9574756Z { [5 bytes data]
2025-10-11T05:34:42.9575620Z * TLSv1.2 (IN), TLS handshake, Certificate (11):
2025-10-11T05:34:42.9576592Z { [2827 bytes data]
2025-10-11T05:34:42.9579167Z * TLSv1.2 (IN), TLS header, Certificate Status (22):
2025-10-11T05:34:42.9580188Z { [5 bytes data]
2025-10-11T05:34:42.9581114Z * TLSv1.2 (IN), TLS handshake, Server key exchange (12):
2025-10-11T05:34:42.9582157Z { [300 bytes data]
2025-10-11T05:34:42.9583074Z * TLSv1.2 (IN), TLS header, Certificate Status (22):
2025-10-11T05:34:42.9584131Z { [5 bytes data]
2025-10-11T05:34:42.9585022Z * TLSv1.2 (IN), TLS handshake, Server finished (14):
2025-10-11T05:34:42.9586020Z { [4 bytes data]
2025-10-11T05:34:42.9586923Z * TLSv1.2 (OUT), TLS header, Certificate Status (22):
2025-10-11T05:34:42.9587948Z } [5 bytes data]
2025-10-11T05:34:42.9588984Z * TLSv1.2 (OUT), TLS handshake, Client key exchange (16):
2025-10-11T05:34:42.9589991Z } [37 bytes data]
2025-10-11T05:34:42.9590754Z * TLSv1.2 (OUT), TLS header, Finished (20):
2025-10-11T05:34:42.9591623Z } [5 bytes data]
2025-10-11T05:34:42.9592420Z * TLSv1.2 (OUT), TLS change cipher, Change cipher spec (1):
2025-10-11T05:34:42.9593352Z } [1 bytes data]
2025-10-11T05:34:42.9594180Z * TLSv1.2 (OUT), TLS header, Certificate Status (22):
2025-10-11T05:34:42.9595055Z } [5 bytes data]
2025-10-11T05:34:42.9595775Z * TLSv1.2 (OUT), TLS handshake, Finished (20):
2025-10-11T05:34:42.9596647Z } [16 bytes data]
2025-10-11T05:34:42.9601981Z * TLSv1.2 (IN), TLS header, Finished (20):
2025-10-11T05:34:42.9602907Z { [5 bytes data]
2025-10-11T05:34:42.9603854Z * TLSv1.2 (IN), TLS header, Certificate Status (22):
2025-10-11T05:34:42.9604956Z { [5 bytes data]
2025-10-11T05:34:42.9605722Z * TLSv1.2 (IN), TLS handshake, Finished (20):
2025-10-11T05:34:42.9606642Z { [16 bytes data]
2025-10-11T05:34:42.9607555Z * SSL connection using TLSv1.2 / ECDHE-RSA-CHACHA20-POLY1305
2025-10-11T05:34:42.9608772Z * ALPN, server accepted to use h2
2025-10-11T05:34:42.9609743Z * Server certificate:
2025-10-11T05:34:42.9610619Z *  subject: CN=releases.nixos.org
2025-10-11T05:34:42.9611551Z *  start date: Aug 14 21:00:27 2025 GMT
2025-10-11T05:34:42.9612532Z *  expire date: Sep 15 21:00:26 2026 GMT
2025-10-11T05:34:42.9613793Z *  subjectAltName: host "releases.nixos.org" matched cert's "releases.nixos.org"
2025-10-11T05:34:42.9615193Z *  issuer: C=BE; O=GlobalSign nv-sa; CN=GlobalSign Atlas R3 DV TLS CA 2025 Q3
2025-10-11T05:34:42.9616353Z *  SSL certificate verify ok.
2025-10-11T05:34:42.9617299Z * Using HTTP2, server supports multiplexing
2025-10-11T05:34:42.9618359Z * Connection state changed (HTTP/2 confirmed)
2025-10-11T05:34:42.9619647Z * Copying HTTP/2 data in stream buffer to connection buffer after upgrade: len=0
2025-10-11T05:34:42.9620888Z * TLSv1.2 (OUT), TLS header, Supplemental data (23):
2025-10-11T05:34:42.9621898Z } [5 bytes data]
2025-10-11T05:34:42.9622827Z * TLSv1.2 (OUT), TLS header, Supplemental data (23):
2025-10-11T05:34:42.9623876Z } [5 bytes data]
2025-10-11T05:34:42.9624780Z * TLSv1.2 (OUT), TLS header, Supplemental data (23):
2025-10-11T05:34:42.9625830Z } [5 bytes data]
2025-10-11T05:34:42.9626709Z * Using Stream ID: 1 (easy handle 0x55b68ad759f0)
2025-10-11T05:34:42.9627766Z * TLSv1.2 (OUT), TLS header, Supplemental data (23):
2025-10-11T05:34:42.9628856Z } [5 bytes data]
2025-10-11T05:34:42.9629940Z > GET /nix/nix-2.31.2/install HTTP/2
2025-10-11T05:34:42.9630930Z > Host: releases.nixos.org
2025-10-11T05:34:42.9631817Z > user-agent: curl/7.81.0
2025-10-11T05:34:42.9632689Z > accept: */*
2025-10-11T05:34:42.9633526Z > 
2025-10-11T05:34:42.9634430Z * TLSv1.2 (IN), TLS header, Supplemental data (23):
2025-10-11T05:34:42.9635432Z { [5 bytes data]
2025-10-11T05:34:42.9636302Z * TLSv1.2 (OUT), TLS header, Supplemental data (23):
2025-10-11T05:34:42.9637273Z } [5 bytes data]
2025-10-11T05:34:42.9638142Z * TLSv1.2 (IN), TLS header, Supplemental data (23):
2025-10-11T05:34:42.9639237Z { [5 bytes data]
2025-10-11T05:34:42.9640064Z < HTTP/2 200 
2025-10-11T05:34:42.9640888Z < last-modified: Thu, 18 Sep 2025 11:37:32 GMT
2025-10-11T05:34:42.9641892Z < etag: "12f89d1673c48991f81bf17d64720351"
2025-10-11T05:34:42.9642902Z < x-amz-server-side-encryption: AES256
2025-10-11T05:34:42.9643946Z < content-type: text/plain
2025-10-11T05:34:42.9644830Z < server: AmazonS3
2025-10-11T05:34:42.9656555Z < via: 1.1 varnish, 1.1 varnish
2025-10-11T05:34:42.9657584Z < access-control-allow-origin: *
2025-10-11T05:34:42.9658549Z < accept-ranges: bytes
2025-10-11T05:34:42.9659535Z < date: Sat, 11 Oct 2025 05:34:42 GMT
2025-10-11T05:34:42.9660482Z < age: 94546
2025-10-11T05:34:42.9661387Z < x-served-by: cache-dub4324-DUB, cache-phx1710113-PHX
2025-10-11T05:34:42.9662345Z < x-cache: HIT, HIT
2025-10-11T05:34:42.9663134Z < x-cache-hits: 1832, 3
2025-10-11T05:34:42.9664025Z < content-length: 4267
2025-10-11T05:34:42.9664815Z < 
2025-10-11T05:34:42.9665654Z * TLSv1.2 (IN), TLS header, Supplemental data (23):
2025-10-11T05:34:42.9666602Z { [5 bytes data]
2025-10-11T05:34:42.9667441Z * TLSv1.2 (IN), TLS header, Supplemental data (23):
2025-10-11T05:34:42.9668400Z { [5 bytes data]
2025-10-11T05:34:42.9669297Z * TLSv1.2 (IN), TLS header, Supplemental data (23):
2025-10-11T05:34:42.9670246Z { [5 bytes data]
2025-10-11T05:34:42.9671052Z * TLSv1.2 (IN), TLS header, Supplemental data (23):
2025-10-11T05:34:42.9671961Z { [5 bytes data]
2025-10-11T05:34:42.9672799Z * Connection #0 to host releases.nixos.org left intact
2025-10-11T05:34:42.9692094Z downloading Nix 2.31.2 binary tarball for x86_64-linux from 'https://releases.nixos.org/nix/nix-2.31.2/nix-2.31.2-x86_64-linux.tar.xz' to '/tmp/nix-binary-tarball-unpack.plKfxVuvyO'...
2025-10-11T05:34:42.9743751Z   % Total    % Received % Xferd  Average Speed   Time    Time     Time  Current
2025-10-11T05:34:42.9744992Z                                  Dload  Upload   Total   Spent    Left  Speed
2025-10-11T05:34:42.9745633Z 
2025-10-11T05:34:43.1023164Z   0     0    0     0    0     0      0      0 --:--:-- --:--:-- --:--:--     0
2025-10-11T05:34:43.1961692Z   7 24.6M    7 1888k    0     0  14.4M      0  0:00:01 --:--:--  0:00:01 14.4M
2025-10-11T05:34:43.1962994Z 100 24.6M  100 24.6M    0     0   111M      0 --:--:-- --:--:-- --:--:--  111M
2025-10-11T05:34:45.4090127Z Note: a multi-user installation is possible. See https://nix.dev/manual/nix/stable/installation/installing-binary.html#multi-user-installation
2025-10-11T05:34:45.4107315Z performing a single-user installation of Nix...
2025-10-11T05:34:45.4108712Z directory /nix does not exist; creating it by running 'mkdir -m 0755 /nix && chown runner /nix' using sudo
2025-10-11T05:34:45.4199916Z 
2025-10-11T05:34:45.8269931Z copying Nix to /nix/store...
2025-10-11T05:34:45.9246499Z installing 'nix-2.31.2'
2025-10-11T05:34:46.2732219Z building '/nix/store/g30g3gcmq5fly1p3qga608wisvhkczjs-user-environment.drv'...
2025-10-11T05:34:46.2861217Z modifying /home/runner/.profile...
2025-10-11T05:34:46.2880866Z 
2025-10-11T05:34:46.2881796Z Installation finished!  To ensure that the necessary environment
2025-10-11T05:34:46.2882901Z variables are set, either log in again, or type
2025-10-11T05:34:46.2883465Z 
2025-10-11T05:34:46.2883969Z   . /home/runner/.nix-profile/etc/profile.d/nix.sh
2025-10-11T05:34:46.2884590Z 
2025-10-11T05:34:46.2885013Z in your shell.
2025-10-11T05:34:46.3296329Z ##[endgroup]
2025-10-11T05:34:46.3592470Z ##[group]Run jetify-com/devbox-install-action@v0.13.0
2025-10-11T05:34:46.3593455Z with:
2025-10-11T05:34:46.3594265Z   skip-nix-installation: true
2025-10-11T05:34:46.3595048Z   enable-cache: false
2025-10-11T05:34:46.3595785Z   refresh-cli: true
2025-10-11T05:34:46.3596494Z   project-path: .
2025-10-11T05:34:46.3597256Z   disable-nix-access-token: false
2025-10-11T05:34:46.3598008Z env:
2025-10-11T05:34:46.3598852Z   TMPDIR: /home/runner/_work/_temp
2025-10-11T05:34:46.3599880Z   NIX_PROFILES: /nix/var/nix/profiles/default /home/runner/.nix-profile
2025-10-11T05:34:46.3601060Z   NIX_SSL_CERT_FILE: /etc/ssl/certs/ca-certificates.crt
2025-10-11T05:34:46.3602135Z ##[endgroup]
2025-10-11T05:34:46.3680345Z ##[group]Run if [[ -n $DEVBOX_USE_VERSION ]]; then
2025-10-11T05:34:46.3681304Z [36;1mif [[ -n $DEVBOX_USE_VERSION ]]; then[0m
2025-10-11T05:34:46.3682308Z [36;1m  echo "latest_version=$DEVBOX_USE_VERSION" >> $GITHUB_ENV[0m
2025-10-11T05:34:46.3683205Z [36;1melse[0m
2025-10-11T05:34:46.3684004Z [36;1m  tmp_file=$(mktemp)[0m
2025-10-11T05:34:46.3684963Z [36;1m  latest_url="https://releases.jetify.com/devbox/stable/version"[0m
2025-10-11T05:34:46.3686189Z [36;1m  curl --fail --silent --location --output "${tmp_file}" "${latest_url}"[0m
2025-10-11T05:34:46.3687220Z [36;1m  latest_version=$(cat "${tmp_file}")[0m
2025-10-11T05:34:46.3688074Z [36;1m  if [[ -n ${latest_version} ]]; then[0m
2025-10-11T05:34:46.3689178Z [36;1m    echo "Found devbox latest version ${latest_version}."[0m
2025-10-11T05:34:46.3690230Z [36;1m    echo "latest_version=$latest_version" >> $GITHUB_ENV[0m
2025-10-11T05:34:46.3691152Z [36;1m  else[0m
2025-10-11T05:34:46.3692005Z [36;1m    echo "ERROR: unable to find the latest devbox version."[0m
2025-10-11T05:34:46.3692945Z [36;1m    exit 1[0m
2025-10-11T05:34:46.3693650Z [36;1m  fi[0m
2025-10-11T05:34:46.3694305Z [36;1mfi[0m
2025-10-11T05:34:46.3708526Z shell: /usr/bin/bash --noprofile --norc -e -o pipefail {0}
2025-10-11T05:34:46.3709693Z env:
2025-10-11T05:34:46.3710361Z   TMPDIR: /home/runner/_work/_temp
2025-10-11T05:34:46.3711337Z   NIX_PROFILES: /nix/var/nix/profiles/default /home/runner/.nix-profile
2025-10-11T05:34:46.3712387Z   NIX_SSL_CERT_FILE: /etc/ssl/certs/ca-certificates.crt
2025-10-11T05:34:46.3713280Z   DEVBOX_USE_VERSION: 
2025-10-11T05:34:46.3714077Z ##[endgroup]
2025-10-11T05:34:46.8003109Z Found devbox latest version 0.16.0.
2025-10-11T05:34:46.8142325Z ##[group]Run export DEVBOX_USE_VERSION="0.16.0"
2025-10-11T05:34:46.8143481Z [36;1mexport DEVBOX_USE_VERSION="0.16.0"[0m
2025-10-11T05:34:46.8144695Z [36;1mcurl -fsSL https://get.jetify.com/devbox | FORCE=1 bash[0m
2025-10-11T05:34:46.8145813Z [36;1m[0m
2025-10-11T05:34:46.8146661Z [36;1mversion=$(devbox version)[0m
2025-10-11T05:34:46.8147701Z [36;1mif [[ ! "$version" = "$DEVBOX_USE_VERSION" ]]; then[0m
2025-10-11T05:34:46.8149322Z [36;1m  echo "ERROR: mismatch devbox version downloaded. Expected $DEVBOX_USE_VERSION, got $version."[0m
2025-10-11T05:34:46.8150642Z [36;1m  exit 1[0m
2025-10-11T05:34:46.8151473Z [36;1mfi[0m
2025-10-11T05:34:46.8152486Z [36;1mDEVBOX_BINARY="$(find "${HOME}/.cache/devbox/bin" -name devbox)"[0m
2025-10-11T05:34:46.8153694Z [36;1mif [ -n "$DEVBOX_SHA256" ]; then[0m
2025-10-11T05:34:46.8154752Z [36;1m  if command -v "sha256sum" 1>/dev/null 2>&1; then[0m
2025-10-11T05:34:46.8155880Z [36;1m    # Linux distributions will likely have this.[0m
2025-10-11T05:34:46.8157112Z [36;1m    DEVBOX_CHECKSUM="$(sha256sum "$DEVBOX_BINARY" | cut -f1 -d' ')"[0m
2025-10-11T05:34:46.8158311Z [36;1m  elif command -v "shasum" 1>/dev/null 2>&1; then[0m
2025-10-11T05:34:46.8159458Z [36;1m    # MacOS comes with this.[0m
2025-10-11T05:34:46.8160621Z [36;1m    DEVBOX_CHECKSUM="$(shasum -a 256 "$DEVBOX_BINARY" | cut -f1 -d' ')"[0m
2025-10-11T05:34:46.8161777Z [36;1m  fi[0m
2025-10-11T05:34:46.8162618Z [36;1m[0m
2025-10-11T05:34:46.8163487Z [36;1m  if [ -z "$DEVBOX_CHECKSUM" ]; then[0m
2025-10-11T05:34:46.8165187Z [36;1m    echo "ERROR: unable to get devbox checksum. Please ensure sha256sum or shasum is installed."[0m
2025-10-11T05:34:46.8166486Z [36;1m    exit 2[0m
2025-10-11T05:34:46.8167198Z [36;1m  fi[0m
2025-10-11T05:34:46.8167890Z [36;1m[0m
2025-10-11T05:34:46.8168762Z [36;1m  if [[ ! "$DEVBOX_CHECKSUM" = "$DEVBOX_SHA256" ]]; then[0m
2025-10-11T05:34:46.8169940Z [36;1m    echo "ERROR: checksums do not match. Expected $DEVBOX_SHA256, got $DEVBOX_CHECKSUM."[0m
2025-10-11T05:34:46.8171109Z [36;1m    exit 3[0m
2025-10-11T05:34:46.8171981Z [36;1m  fi[0m
2025-10-11T05:34:46.8172826Z [36;1mfi[0m
2025-10-11T05:34:46.8173720Z [36;1mmkdir -p ~/.local/bin[0m
2025-10-11T05:34:46.8174715Z [36;1mmv "$DEVBOX_BINARY" ~/.local/bin/devbox[0m
2025-10-11T05:34:46.8186947Z shell: /usr/bin/bash --noprofile --norc -e -o pipefail {0}
2025-10-11T05:34:46.8188068Z env:
2025-10-11T05:34:46.8189002Z   TMPDIR: /home/runner/_work/_temp
2025-10-11T05:34:46.8190173Z   NIX_PROFILES: /nix/var/nix/profiles/default /home/runner/.nix-profile
2025-10-11T05:34:46.8191394Z   NIX_SSL_CERT_FILE: /etc/ssl/certs/ca-certificates.crt
2025-10-11T05:34:46.8192455Z   latest_version: 0.16.0
2025-10-11T05:34:46.8193322Z   DEVBOX_SHA256: 
2025-10-11T05:34:46.8194241Z ##[endgroup]
2025-10-11T05:34:47.3837295Z Devbox 📦 by Jetify
2025-10-11T05:34:47.3838333Z   Instant, easy and predictable development environments.
2025-10-11T05:34:47.3839169Z 
2025-10-11T05:34:47.3839684Z   This script downloads and installs the latest devbox binary.
2025-10-11T05:34:47.3840377Z 
2025-10-11T05:34:47.3840813Z Confirm Installation Details
2025-10-11T05:34:47.3841734Z   Location:     /usr/local/bin/devbox
2025-10-11T05:34:47.3842789Z   Download URL: https://releases.jetify.com/devbox
2025-10-11T05:34:47.3843436Z 
2025-10-11T05:34:47.3843441Z 
2025-10-11T05:34:47.3843876Z Downloading and Installing
2025-10-11T05:34:47.3844856Z → Downloading devbox binary...
2025-10-11T05:34:48.1005827Z [1F[0K✓ Downloading devbox binary... [DONE]
2025-10-11T05:34:48.1007132Z → Installing in /usr/local/bin/devbox (requires sudo)...
2025-10-11T05:34:48.4125184Z [1F[0K✓ Installing in /usr/local/bin/devbox... [DONE]
2025-10-11T05:34:48.7133334Z ✓ Successfully installed devbox 🚀
2025-10-11T05:34:49.0141940Z 
2025-10-11T05:34:49.0142756Z Next Steps
2025-10-11T05:34:49.0143739Z   1. Learn how to use devbox
2025-10-11T05:34:49.0160071Z      Run devbox help or read the docs at https://github.com/jetify-com/devbox
2025-10-11T05:34:49.0161614Z   2. Get help and give feedback
2025-10-11T05:34:49.0162607Z      Join our community at https://discord.gg/jetify
2025-10-11T05:34:49.0424258Z → Downloading version 0.16.0...
2025-10-11T05:34:50.3874162Z [1F[0K✓ Downloading version 0.16.0... [DONE]
2025-10-11T05:34:50.3895811Z → Verifying checksum...
2025-10-11T05:34:50.7467099Z [1F[0K✓ Verifying checksum... [DONE]
2025-10-11T05:34:50.7468235Z → Unpacking binary...
2025-10-11T05:34:50.9893614Z [1F[0K✓ Unpacking binary... [DONE]
2025-10-11T05:34:50.9916736Z 
2025-10-11T05:34:51.0641333Z ##[group]Run echo "$HOME/.local/bin" >> $GITHUB_PATH
2025-10-11T05:34:51.0642380Z [36;1mecho "$HOME/.local/bin" >> $GITHUB_PATH[0m
2025-10-11T05:34:51.0655101Z shell: /usr/bin/bash --noprofile --norc -e -o pipefail {0}
2025-10-11T05:34:51.0656208Z env:
2025-10-11T05:34:51.0657035Z   TMPDIR: /home/runner/_work/_temp
2025-10-11T05:34:51.0658187Z   NIX_PROFILES: /nix/var/nix/profiles/default /home/runner/.nix-profile
2025-10-11T05:34:51.0659682Z   NIX_SSL_CERT_FILE: /etc/ssl/certs/ca-certificates.crt
2025-10-11T05:34:51.0660726Z   latest_version: 0.16.0
2025-10-11T05:34:51.0661590Z ##[endgroup]
2025-10-11T05:34:51.0797114Z ##[group]Run mkdir -p ~/.config/nix
2025-10-11T05:34:51.0797989Z [36;1mmkdir -p ~/.config/nix[0m
2025-10-11T05:34:51.0799884Z [36;1mecho "access-tokens = github.com=***" >> ~/.config/nix/nix.conf[0m
2025-10-11T05:34:51.0810809Z shell: /usr/bin/bash --noprofile --norc -e -o pipefail {0}
2025-10-11T05:34:51.0811773Z env:
2025-10-11T05:34:51.0812464Z   TMPDIR: /home/runner/_work/_temp
2025-10-11T05:34:51.0813702Z   NIX_PROFILES: /nix/var/nix/profiles/default /home/runner/.nix-profile
2025-10-11T05:34:51.0814796Z   NIX_SSL_CERT_FILE: /etc/ssl/certs/ca-certificates.crt
2025-10-11T05:34:51.0815728Z   latest_version: 0.16.0
2025-10-11T05:34:51.0816467Z ##[endgroup]
2025-10-11T05:34:51.0949513Z ##[group]Run NIX_VERSION_OUTPUT=$(nix --version)
2025-10-11T05:34:51.0950604Z [36;1mNIX_VERSION_OUTPUT=$(nix --version)[0m
2025-10-11T05:34:51.0951705Z [36;1mNIX_VERSION=$(echo "${NIX_VERSION_OUTPUT}" | awk '{print $NF}')[0m
2025-10-11T05:34:51.0952847Z [36;1mecho "nix_version=$NIX_VERSION" >> $GITHUB_ENV[0m
2025-10-11T05:34:51.0963328Z shell: /usr/bin/bash --noprofile --norc -e -o pipefail {0}
2025-10-11T05:34:51.0964597Z env:
2025-10-11T05:34:51.0965282Z   TMPDIR: /home/runner/_work/_temp
2025-10-11T05:34:51.0966253Z   NIX_PROFILES: /nix/var/nix/profiles/default /home/runner/.nix-profile
2025-10-11T05:34:51.0967349Z   NIX_SSL_CERT_FILE: /etc/ssl/certs/ca-certificates.crt
2025-10-11T05:34:51.0968319Z   latest_version: 0.16.0
2025-10-11T05:34:51.0969167Z ##[endgroup]
2025-10-11T05:34:51.1422246Z ##[group]Run devbox run --config=. -- echo "Packages installed!"
2025-10-11T05:34:51.1423477Z [36;1mdevbox run --config=. -- echo "Packages installed!"[0m
2025-10-11T05:34:51.1434268Z shell: /usr/bin/bash --noprofile --norc -e -o pipefail {0}
2025-10-11T05:34:51.1435379Z env:
2025-10-11T05:34:51.1436196Z   TMPDIR: /home/runner/_work/_temp
2025-10-11T05:34:51.1437343Z   NIX_PROFILES: /nix/var/nix/profiles/default /home/runner/.nix-profile
2025-10-11T05:34:51.1438545Z   NIX_SSL_CERT_FILE: /etc/ssl/certs/ca-certificates.crt
2025-10-11T05:34:51.1439723Z   latest_version: 0.16.0
2025-10-11T05:34:51.1440621Z   nix_version: 2.31.2
2025-10-11T05:34:51.1441492Z ##[endgroup]
2025-10-11T05:34:51.1906405Z Info: Running script "echo" on /home/runner/_work/kommander-applications/kommander-applications
2025-10-11T05:34:51.1945194Z Info: Ensuring packages are installed.
2025-10-11T05:34:51.3097750Z Info: Installing the following packages to the nix store: go@1.22, kubernetes-helm@latest, yq-go@latest, docker@latest, docker-buildx@latest, envsubst@latest, fluxcd@latest, gitlint@latest, git@latest, direnv@latest, github-cli@latest, kustomize@latest, oras@latest, awscli2@latest, gojq@latest, golangci-lint@latest, just@latest, pre-commit@latest, rsync@latest, curl@latest
2025-10-11T05:34:51.5511658Z these 300 paths will be fetched (463.54 MiB download, 2132.08 MiB unpacked):
2025-10-11T05:34:51.5513350Z   /nix/store/3mi59bgj22xx29dyss7jhmx3sgznd85m-acl-2.3.2
2025-10-11T05:34:51.5514632Z   /nix/store/hil2hhp0zhw426qn2ncg2akasr5dmkbr-acl-2.3.2
2025-10-11T05:34:51.5515812Z   /nix/store/8syylmkvnn7lg2nar9fddpp5izb4gh56-attr-2.5.2
2025-10-11T05:34:51.5517141Z   /nix/store/xl1043bxc6q4ymbqrv3pyjmpssd6z0wj-attr-2.5.2
2025-10-11T05:34:51.5518365Z   /nix/store/mzvz45f54a0r0zjjygvlzn6pidfkkwj3-audit-4.0.3-lib
2025-10-11T05:34:51.5519700Z   /nix/store/gx3hx0b3lbm11sishxl4k7a7ha4w405q-awscli2-2.27.2
2025-10-11T05:34:51.5520911Z   /nix/store/00zrahbb32nzawrmv9sjxn36h7qk9vrs-bash-5.2p37
2025-10-11T05:34:51.5522127Z   /nix/store/58br4vk3q5akf4g8lx0pqzfhn47k3j8d-bash-5.2p37
2025-10-11T05:34:51.5523317Z   /nix/store/xy4jjgw87sbgwylm5kn047d9gkbhsr9x-bash-5.2p37
2025-10-11T05:34:51.5524730Z   /nix/store/1q9lw4r2mbap8rsr8cja46nap6wvrw2p-bash-interactive-5.2p37
2025-10-11T05:34:51.5526110Z   /nix/store/94lg0shvsfc845zy8gnflvpqxxiyijbz-bash-interactive-5.2p37
2025-10-11T05:34:51.5527406Z   /nix/store/7a8gf62bfl22k4gy2cd300h7cvqmn9yl-brotli-1.1.0-lib
2025-10-11T05:34:51.5528807Z   /nix/store/czrad292gq5adw7kjj0z71gkw48mnmim-brotli-1.1.0-lib
2025-10-11T05:34:51.5530051Z   /nix/store/ywc5ismph30i5a1w56rl9kxa0a5887wx-bzip2-1.0.8
2025-10-11T05:34:51.5531286Z   /nix/store/zrnqzhcvlpiycqbswl0w172y4bpn0lb4-bzip2-1.0.8
2025-10-11T05:34:51.5532495Z   /nix/store/1abbyfv3bpxalfjfgpmwg8jcy931bf76-bzip2-1.0.8-bin
2025-10-11T05:34:51.5533768Z   /nix/store/87fck6hm17chxjq7badb11mq036zbyv9-coreutils-9.7
2025-10-11T05:34:51.5534976Z   /nix/store/psy9v2asypgl9ylg8cnzkixc7fv0snj0-coreutils-9.7
2025-10-11T05:34:51.5536428Z   /nix/store/a7h3ly9qzh8wk1vsycpdk69xp82dl5ry-cracklib-2.10.0
2025-10-11T05:34:51.5537693Z   /nix/store/m4w8d2h3v76anng7s9cv9c1iq9w6y2jj-cryptsetup-2.7.5
2025-10-11T05:34:51.5538974Z   /nix/store/v578vkzh0qhzczjvrzf64lqb2c74d5pk-curl-8.13.0
2025-10-11T05:34:51.5540204Z   /nix/store/s2np0ri22gq9pq0fnv3yqjsbsbmw16xi-curl-8.13.0-bin
2025-10-11T05:34:51.5541429Z   /nix/store/innps8d9bl9jikd3nsq8bd5irgrlay6f-curl-8.13.0-man
2025-10-11T05:34:51.5542646Z   /nix/store/frlckg2m2sf0gs8g5pqkryddbpy6qcz1-curl-8.14.1
2025-10-11T05:34:51.5543868Z   /nix/store/fm2ky0fkkkici6zpf2s41c1lvkcpfbm5-db-4.8.30
2025-10-11T05:34:51.5545066Z   /nix/store/10glq3a1jbsxv50yvcw1kxxz06vq856w-db-5.3.28
2025-10-11T05:34:51.5546245Z   /nix/store/jn8rvwixndyhk3ilibx8n7sx49fa34hy-direnv-2.36.0
2025-10-11T05:34:51.5547578Z   /nix/store/qxk9122p34qwivq20k154jflwxjjjxb3-dns-root-data-2025-04-14
2025-10-11T05:34:51.5548953Z   /nix/store/6j9mml5qqxd5z9kdzrqmkz85g1cqnxp5-docker-27.5.1
2025-10-11T05:34:51.5550265Z   /nix/store/wwdmffbkswq1lncl3spgh7qa3y51v035-docker-buildx-0.23.0
2025-10-11T05:34:51.5551643Z   /nix/store/q5fhdbyd3dk8jybnji6cpkn96907ldcp-docker-compose-2.36.0
2025-10-11T05:34:51.5553035Z   /nix/store/zx0l7nc3saqm69zs9602zaznfmwmy4w9-docker-containerd-27.5.1
2025-10-11T05:34:51.5554400Z   /nix/store/vgq1y63k5dwkgnxc7kxbiygzhhw3bhwv-docker-init-27.5.1
2025-10-11T05:34:51.5555664Z   /nix/store/fn4h9j0pdyal9i91pd4yfjqy5jsrl8kf-docker-plugins
2025-10-11T05:34:51.5556932Z   /nix/store/m6hfmlrj4hw45j8j88zvvl0j7qchbck9-docker-runc-27.5.1
2025-10-11T05:34:51.5558195Z   /nix/store/jf0v9bq4dlk56acbkpq6i84zwjg4g466-e2fsprogs-1.47.2
2025-10-11T05:34:51.5559551Z   /nix/store/cx6fbilhj4nmq9dl8c8c73mimm08x60z-e2fsprogs-1.47.2-bin
2025-10-11T05:34:51.5560865Z   /nix/store/cly4pxh7avd579girjmpxmx8z6ad4dyp-elfutils-0.192
2025-10-11T05:34:51.5562080Z   /nix/store/9012qqpjaa0j66lxv94j51z4xhnmqq5a-envsubst-1.4.3
2025-10-11T05:34:51.5563275Z   /nix/store/3pvw3ddy10rk76f55am2sfc0hxfb28bn-expat-2.7.1
2025-10-11T05:34:51.5564518Z   /nix/store/j0bzxly2rvcym1zkhn393adiqcwn8np6-expat-2.7.1
2025-10-11T05:34:51.5565705Z   /nix/store/6a2c7gxh7446ddcdhdx91lzb8j1f19x1-fluxcd-2.5.1
2025-10-11T05:34:51.5566892Z   /nix/store/nmyh57dqf1v6l6swghywkrb63aqmzzh8-fuse-3.16.2
2025-10-11T05:34:51.5568125Z   /nix/store/9wkllkn2wmycfvca015xar281zhhyz75-fuse-overlayfs-1.15
2025-10-11T05:34:51.5569544Z   /nix/store/7c0v0kbrrdc2cqgisi78jdqxn73n3401-gcc-14.2.1.20250322-lib
2025-10-11T05:34:51.5571127Z   /nix/store/6hqzbvz50bm87hcj4qfn51gh7arxj8a6-gcc-14.2.1.20250322-libgcc
2025-10-11T05:34:51.5572441Z   /nix/store/l7d6vwajpfvgsd3j4cr25imd1mzb7d1d-gcc-14.3.0-lib
2025-10-11T05:34:51.5573699Z   /nix/store/h8x8m2vcaqd13sm794q5l3yrynbf3h0q-gcc-14.3.0-libgcc
2025-10-11T05:34:51.5574934Z   /nix/store/7hmhry3g097hxnsap3wb7f8nflzj06z3-gdbm-1.25-lib
2025-10-11T05:34:51.5576138Z   /nix/store/qkzkz12l4q06lzbji0ifgynzrd44bpjs-gdbm-1.25-lib
2025-10-11T05:34:51.5577414Z   /nix/store/j2v7jjnczkj7ra7jsgq6kv3242a1l52x-getent-glibc-2.40-66
2025-10-11T05:34:51.5578803Z   /nix/store/sdqvwr8gc74ms9cgf56yvy409xvl8hsf-gettext-0.22.5
2025-10-11T05:34:51.5580031Z   /nix/store/zs5crhr67zp8cxn7dh4mwq08zw3sb31m-gettext-0.22.5
2025-10-11T05:34:51.5581230Z   /nix/store/asx7ishza3n6lffbzs4m7101ggsmd205-gh-2.23.0
2025-10-11T05:34:51.5582390Z   /nix/store/rzqvhv48m3nh8g3j4k6jmz6yqy8apr95-git-2.49.0
2025-10-11T05:34:51.5583626Z   /nix/store/zcjdp82yx46w8yp1inxkkzb3a3k05a0m-git-2.49.0-doc
2025-10-11T05:34:51.5584877Z   /nix/store/fwdymc6gxjiwxz54jac0nk97jn8hmavj-git-minimal-2.49.0
2025-10-11T05:34:51.5586147Z   /nix/store/kqhwyk3c40w5bpli2spbh49l407604dm-gitlint-0.19.1
2025-10-11T05:34:51.5587335Z   /nix/store/bkpj51fz88rbyjd60i6lrp0xdax1b24g-glib-2.84.1
2025-10-11T05:34:51.5588537Z   /nix/store/lqz6hmd86viw83f9qll2ip87jhb7p1ah-glibc-2.35-224
2025-10-11T05:34:51.5589844Z   /nix/store/cg9s562sa33k78m63njfn1rw47dp9z0i-glibc-2.40-66
2025-10-11T05:34:51.5591057Z   /nix/store/q4wq65gl3r8fy746v9bbwgx4gzn0r2kl-glibc-2.40-66
2025-10-11T05:34:51.5592246Z   /nix/store/rmy663w9p7xb202rcln4jjzmvivznmz8-glibc-2.40-66
2025-10-11T05:34:51.5593691Z   /nix/store/303islqk386z1w2g1ngvxnkl4glfpgrs-glibc-2.40-66-bin
2025-10-11T05:34:51.5595014Z   /nix/store/if83fp73ln7ksdnp1wkywvyv53b6fw3f-glibc-2.40-66-getent
2025-10-11T05:34:51.5596317Z   /nix/store/3qf4dg256fginainsz0scm9mdsahh03i-gmp-with-cxx-6.3.0
2025-10-11T05:34:51.5597602Z   /nix/store/kxhsmlrscry4pvbpwkbbbxsksmzg0gp0-gmp-with-cxx-6.3.0
2025-10-11T05:34:51.5598974Z   /nix/store/nzg6zqsijbv7yc95wlfcdswx6bg69srq-gmp-with-cxx-6.3.0
2025-10-11T05:34:51.5600228Z   /nix/store/gqmr3gixlddz3667ba1iyqck3c0dkpvd-gnugrep-3.11
2025-10-11T05:34:51.5601445Z   /nix/store/bc6zxzjnkjp4r9nhz5imy3cypvdh6r4n-gnugrep-3.12
2025-10-11T05:34:51.5602642Z   /nix/store/md8kapandyhs7bbw5s782aanw38p2kax-gnupg-2.4.7
2025-10-11T05:34:51.5603915Z   /nix/store/clbb2cvigynr235ab5zgi18dyavznlk2-gnused-4.9
2025-10-11T05:34:51.5616779Z   /nix/store/pr318zsl44jdwpk9wk0sdrn19b6in7ah-gnused-4.9
2025-10-11T05:34:51.5617910Z   /nix/store/wrxvqj822kz8746608lgns7h8mkpn79f-gnutar-1.35
2025-10-11T05:34:51.5619122Z   /nix/store/yba197xwc8vvxv9wmcrs9bngmmgp5njb-gnutls-3.8.9
2025-10-11T05:34:51.5620206Z   /nix/store/mdw3nfcaxld4g00rmcfa4rs2ywm17fdq-go-1.22.12
2025-10-11T05:34:51.5621299Z   /nix/store/y3rjh8npng6jvy85izz3ndy06qrp7nf3-gojq-0.12.17
2025-10-11T05:34:51.5622471Z   /nix/store/snqg2xccy7fb6q6n2dw3bfql6mqbh6ar-golangci-lint-2.1.6
2025-10-11T05:34:51.5623697Z   /nix/store/s86p50hcjcp9phyv9gxd5hra8nwczvrk-groff-1.23.0
2025-10-11T05:34:51.5624791Z   /nix/store/6ag5dhk7sma61p6vl0kazfmpbrq08nqh-gzip-1.14
2025-10-11T05:34:51.5625891Z   /nix/store/afhkqb5a94zlwjxigsnwsfwkf38h21dk-gzip-1.14
2025-10-11T05:34:51.5626994Z   /nix/store/nl44nfqyyc7d5bw58v8g5ac2wcvmfp98-iana-etc-20221107
2025-10-11T05:34:51.5628232Z   /nix/store/70zxj0j2f6jc9c201i66sl6ksyv44pq7-iana-etc-20250108
2025-10-11T05:34:51.5629440Z   /nix/store/j4gc8fk7wazgn2hqnh0m8b12xx6m1n75-iana-etc-20250108
2025-10-11T05:34:51.5630513Z   /nix/store/i4lj3w4yd9x9jbi7a1xhjqsr7bg8jq7p-icu4c-76.1
2025-10-11T05:34:51.5631619Z   /nix/store/93v1mhc43s6j4wivcwvv7sc02lj94d6p-inih-58
2025-10-11T05:34:51.5632781Z   /nix/store/bxznmkg59a4s2p559fmbizc2qcgjr3ny-iproute2-6.14.0
2025-10-11T05:34:51.5634163Z   /nix/store/wxkbp7kwvpxvjh28rigmf6lfq64zlsyj-iptables-1.8.11
2025-10-11T05:34:51.5635389Z   /nix/store/677sx4qrmnmgk83ynn0sw8hqgh439g6b-json-c-0.18
2025-10-11T05:34:51.5636524Z   /nix/store/h0agljrxjv0xrxj6y71fsp8sx751vrd6-just-1.40.0
2025-10-11T05:34:51.5637639Z   /nix/store/9j1sxj8p91q99nl7f5hdlb0kfv7kww0a-just-1.40.0-man
2025-10-11T05:34:51.5639382Z   /nix/store/9r81a64smasyz3j7x3ah684hyzivmplx-kbd-2.7.1
2025-10-11T05:34:51.5640502Z   /nix/store/4f7ssdb8qgaajl4pr1s1p77r51qsrb8y-kexec-tools-2.0.29
2025-10-11T05:34:51.5641717Z   /nix/store/4v64wga9rk0c919ip673j36g6ikx26ha-keyutils-1.6.3-lib
2025-10-11T05:34:51.5642910Z   /nix/store/6k8218bcmnknl7vq07vmm33b33i35586-keyutils-1.6.3-lib
2025-10-11T05:34:51.5644076Z   /nix/store/qvyvscqgr6vyqvmjdgxqa521myv5db0p-kmod-31
2025-10-11T05:34:51.5645114Z   /nix/store/89bxhx3rhk6r4d5fvwaysrykpmvmgcnm-kmod-31-lib
2025-10-11T05:34:51.5646239Z   /nix/store/bmjb20jhxkq881f43pd264240sp677an-krb5-1.21.3-lib
2025-10-11T05:34:51.5647381Z   /nix/store/ppxfllzvl2b03x4ahqkyf6v6hiqf0hix-krb5-1.21.3-lib
2025-10-11T05:34:51.5648716Z   /nix/store/z8fh9w8y3hlckw7zqi29hgfz0x5gyi0s-kubernetes-helm-3.17.3
2025-10-11T05:34:51.5649959Z   /nix/store/cj6c54si3pfrrw3ikrfnin2nbp6ndcdk-kustomize-5.6.0
2025-10-11T05:34:51.5651081Z   /nix/store/66ld17ifbjz63firjjv88aydxsc3rcs6-less-668
2025-10-11T05:34:51.5652211Z   /nix/store/1rlljm73ch98b2q9qqk8g0vhv2n9mya8-libapparmor-4.1.0
2025-10-11T05:34:51.5653404Z   /nix/store/g91dviqva4rkkw8lw30zy3gj14c1p23s-libarchive-3.7.8-lib
2025-10-11T05:34:51.5654948Z   /nix/store/rmrbzp98xrk54pdlm7cxhayj4344zw6h-libassuan-3.0.2
2025-10-11T05:34:51.5656066Z   /nix/store/7f3nwfvk0f32663rz1xn38cbsl66idx2-libbpf-1.5.0
2025-10-11T05:34:51.5657178Z   /nix/store/2sbq4hd9imczmbb5za1awq0gvg0cbrwr-libbsd-0.12.2
2025-10-11T05:34:51.5658303Z   /nix/store/bh1hxs692a2fv806wkiprig10j5znd7c-libcap-2.75-lib
2025-10-11T05:34:51.5659686Z   /nix/store/2bjcjfzxnwk3zjhkrxi3m762p8dv6f1s-libcap-ng-0.8.5
2025-10-11T05:34:51.5660838Z   /nix/store/dfznrcrr2raj9x4bdysvs896jfnx84ih-libcbor-0.12.0
2025-10-11T05:34:51.5661954Z   /nix/store/yai7mpy5d4rw0jvflyxdf0vzjkiqxhv6-libevent-2.1.12
2025-10-11T05:34:51.5663051Z   /nix/store/7z237vs2wrvc7235b42naip3z9288mh6-libffi-3.4.8
2025-10-11T05:34:51.5664165Z   /nix/store/90c412b9wqhfny300rg5s2gpsbrqb31q-libffi-3.4.8
2025-10-11T05:34:51.5665273Z   /nix/store/5f0bv68v1sjrp4pnr8c6p7k04271659w-libfido2-1.15.0
2025-10-11T05:34:51.5666741Z   /nix/store/0dqmgjr0jsc2s75sbgdvkk7d08zx5g61-libgcrypt-1.10.3-lib
2025-10-11T05:34:51.5667901Z   /nix/store/9z7wv6k9i38k83xpbgqcapaxhdkbaqhz-libgpg-error-1.51
2025-10-11T05:34:51.5669553Z   /nix/store/na1irnycfp8z5mab0g5jvrnhnscsaqsb-libidn2-2.3.2
2025-10-11T05:34:51.5670725Z   /nix/store/y2xxdhhjy2l5mgpm3d0rw2wxmpd61my4-libidn2-2.3.7
2025-10-11T05:34:51.5671957Z   /nix/store/6nkqdqzpa75514lhglgnjs5k4dklw4sb-libidn2-2.3.8
2025-10-11T05:34:51.5673188Z   /nix/store/ncdwsrgq6n6161l433m4x34057zq0hhf-libidn2-2.3.8
2025-10-11T05:34:51.5674466Z   /nix/store/56fi3kcbg9haxf5c1innrn2p9dx2da2j-libmd-1.1.0
2025-10-11T05:34:51.5675761Z   /nix/store/1dxfw2zshri809ddyfqllvff3cfj96ma-libmicrohttpd-1.0.1
2025-10-11T05:34:51.5677337Z   /nix/store/9hbdbr5hikxjb16ir40w2v24gbivv22x-libmnl-1.0.5
2025-10-11T05:34:51.5678975Z   /nix/store/6wrjb93m2arv7adx6k2x9nlb0y7rmgpi-libnetfilter_conntrack-1.1.0
2025-10-11T05:34:51.5680500Z   /nix/store/ygz5dcpzd7qkw44wpbd65rl6amwpxp5f-libnfnetlink-1.0.2
2025-10-11T05:34:51.5682212Z   /nix/store/f7y5q4jwja2z3i5zlylgbv5av6839a54-libnftnl-1.2.9
2025-10-11T05:34:51.5683421Z   /nix/store/635dz3p1afjwym9snp2r9hm0vaznwngy-libnl-3.11.0
2025-10-11T05:34:51.5684700Z   /nix/store/1r4qwdkxwc1r3n0bij0sq9q4nvfraw6i-libpcap-1.10.5
2025-10-11T05:34:51.5685936Z   /nix/store/31fknicrbimbw6ivnxly9pdabsqqglk5-libpsl-0.21.5
2025-10-11T05:34:51.5687142Z   /nix/store/bxs5j3zhh35nwhyhwc3db724c7nzfl36-libpsl-0.21.5
2025-10-11T05:34:51.5688444Z   /nix/store/bmmmy3sz3fmlxx64rlw1apm7ffywpyap-libpwquality-1.4.5-lib
2025-10-11T05:34:51.5689900Z   /nix/store/a7zbljj0cwkbfzn22v6s2cbh39dj9hip-libseccomp-2.6.0-lib
2025-10-11T05:34:51.5691209Z   /nix/store/ybd0aamz6dwc51x1ab62b7qycccqb0z0-libselinux-3.8.1
2025-10-11T05:34:51.5692435Z   /nix/store/6gg4agnliimcb08jqxv5l27rhpa82z36-libslirp-4.9.0
2025-10-11T05:34:51.5693674Z   /nix/store/9642gi5dl4w9nkhab0l6xry685cg403c-libssh2-1.11.1
2025-10-11T05:34:51.5694876Z   /nix/store/y6w3rwlym1mlpcysn6l7r5vbdmf9irf1-libssh2-1.11.1
2025-10-11T05:34:51.5696285Z   /nix/store/zf61wng66ik05clni78571wfmfp5kqzq-libtasn1-4.20.0
2025-10-11T05:34:51.5697530Z   /nix/store/bmckdjhp1cn78n4md1m55zglpqxwijj3-libtpms-0.10.0
2025-10-11T05:34:51.5698850Z   /nix/store/jdjpni8kq3i95dj1d49nlf9m10wl0kqq-libunistring-1.0
2025-10-11T05:34:51.5700109Z   /nix/store/nj19yxkqf0iqjqn4x6dbglsvqk5bgsbs-libunistring-1.3
2025-10-11T05:34:51.5701362Z   /nix/store/vm18dxfa5v7y3linrg1x1q9wx41bkxwf-libunistring-1.3
2025-10-11T05:34:51.5702621Z   /nix/store/yypqcvqhnv8y4zpicgxdigp3giq81gzb-libunistring-1.3
2025-10-11T05:34:51.5703943Z   /nix/store/1warn5bb3r7jwfkpdgr4npab3s63sivj-liburcu-0.15.2
2025-10-11T05:34:51.5705197Z   /nix/store/qizipyz9y17nr4w4gmxvwd3x4k0bp2rh-libxcrypt-4.4.38
2025-10-11T05:34:51.5706458Z   /nix/store/s1mbjq3vglma0l0snvv1cva7mrvyx3k5-libxcrypt-4.4.38
2025-10-11T05:34:51.5707719Z   /nix/store/xv0pc5nc41v5vi0lac1i2d353s3rqlkm-libxml2-2.13.8
2025-10-11T05:34:51.5708962Z   /nix/store/cyayc07z8d9h6i5ndadbljwlc9wcrf0k-libyaml-0.2.5
2025-10-11T05:34:51.5710180Z   /nix/store/vrdwlbzr74ibnzcli2yl1nxg9jqmr237-linux-pam-1.6.1
2025-10-11T05:34:51.5711415Z   /nix/store/2pvhq9kgqh5669qj6805vpasngivad8h-lvm2-2.03.31-lib
2025-10-11T05:34:51.5712622Z   /nix/store/51sr6m5fb8fff9vydnz7gkqyl5sjpixl-lz4-1.10.0-lib
2025-10-11T05:34:51.5713870Z   /nix/store/ih35ndii8g86q4hlr2f1ma0z14ga4d0r-mailcap-2.1.53
2025-10-11T05:34:51.5715085Z   /nix/store/1jj2lq1kzys105rqq5n1a2r4v59arz43-mailcap-2.1.54
2025-10-11T05:34:51.5716303Z   /nix/store/4xr56x3h8i56sxxz0wm4w69qpdq0yarx-mailcap-2.1.54
2025-10-11T05:34:51.5717687Z   /nix/store/ci6lysmni722fq1gjhhddyy4pynfqwc1-mailcap-2.1.54
2025-10-11T05:34:51.5718949Z   /nix/store/cyljfldxz58crzln1906gwjvy6mb17k0-moby-27.5.1
2025-10-11T05:34:51.5720179Z   /nix/store/wyf93cvh25b2xg82mkjcpmwgcspk0ggr-mpdecimal-4.0.0
2025-10-11T05:34:51.5721416Z   /nix/store/c8alyvc6lrqgg5wcjfjsgsw47ibkj59l-mpdecimal-4.0.1
2025-10-11T05:34:51.5722625Z   /nix/store/in8rmhvx0zxk7n76yfp0gsadvgj7pxaf-ncurses-6.5
2025-10-11T05:34:51.5723859Z   /nix/store/vfmnmqsnfiiqmphy7ffh2zqynsxfck1q-ncurses-6.5
2025-10-11T05:34:51.5725092Z   /nix/store/m4yrdwg3zv50mw8hy2zni5dyy7ljlg7j-nettle-3.10.1
2025-10-11T05:34:51.5726339Z   /nix/store/gwwbjkdd3rghq7x74561agq08f4jmh7p-nghttp2-1.65.0-lib
2025-10-11T05:34:51.5727622Z   /nix/store/v7rzgm8p6p0ghg5mqcin4vbx6pcrvc0j-nghttp2-1.65.0-lib
2025-10-11T05:34:51.5728928Z   /nix/store/ci5nyvrii461hnaw267c1zvna0sjfxif-npth-1.8
2025-10-11T05:34:51.5730048Z   /nix/store/8pviily4fgsl02ijm65binz236717wfs-openssl-3.4.1
2025-10-11T05:34:51.5739837Z   /nix/store/byx7ahs386pskh8d5sdkrkpscfz9yyjp-openssl-3.4.1
2025-10-11T05:34:51.5740925Z   /nix/store/cspwqx3w3jm4lsizi87pbhcwm2gx8s41-oras-1.2.3
2025-10-11T05:34:51.5741968Z   /nix/store/9m6a4iv2nh6v4aga830r499s4arknsfb-p11-kit-0.25.5
2025-10-11T05:34:51.5742985Z   /nix/store/a9c6rz5183psp30q1nhkakis6ab4km4b-pcre2-10.44
2025-10-11T05:34:51.5744079Z   /nix/store/hqb180lba3mik6agk0dn2s4hhq9y32bh-pcre2-10.44
2025-10-11T05:34:51.5745163Z   /nix/store/qqpgwzhpakcqaz6fiy95x19iydj471ca-pcsclite-2.3.0-lib
2025-10-11T05:34:51.5746256Z   /nix/store/gy10hw004rl2xfbfq41vnw0yb1w8rvbl-perl-5.40.0
2025-10-11T05:34:51.5747426Z   /nix/store/6qqbzw7hfal0jw4v4c1nra3ir2dkjgkg-perl5.40.0-Authen-SASL-2.1700
2025-10-11T05:34:51.5748753Z   /nix/store/6mws05acwdg4bszr7ydw0xqsln100fyd-perl5.40.0-CGI-4.59
2025-10-11T05:34:51.5749964Z   /nix/store/27w9471dci5kav3i7mp9v9rkxf8349bk-perl5.40.0-CGI-Fast-2.16
2025-10-11T05:34:51.5751194Z   /nix/store/jhhkcxp0lxr593ly5lnmichm7jl3nm5f-perl5.40.0-Clone-0.46
2025-10-11T05:34:51.5752408Z   /nix/store/3jif9pr3hliv07f9qi3hfrm5a9fk0zmh-perl5.40.0-Digest-HMAC-1.04
2025-10-11T05:34:51.5753747Z   /nix/store/2ywsh3zaksdhcak4six15cyfqi8bl3p6-perl5.40.0-Encode-Locale-1.05
2025-10-11T05:34:51.5754995Z   /nix/store/dygr4am2656sm7blbzqq8i3i18bhkch0-perl5.40.0-FCGI-0.82
2025-10-11T05:34:51.5756273Z   /nix/store/67nxv3np8pd0ivqc548208k9sz8d00ms-perl5.40.0-FCGI-ProcManager-0.28
2025-10-11T05:34:51.5757588Z   /nix/store/b67f0qswzqcbxsw79wcrzx8p9r4mc94g-perl5.40.0-File-Listing-6.16
2025-10-11T05:34:51.5759276Z   /nix/store/papnbbj1g4mjxgcspd9nzkhqlapasq6l-perl5.40.0-HTML-Parser-3.81
2025-10-11T05:34:51.5760642Z   /nix/store/9hvz0wv1s8mnl86r055ryc7ari4if32s-perl5.40.0-HTML-TagCloud-0.38
2025-10-11T05:34:51.5761930Z   /nix/store/5lnmir4yqqw39a5i0lxsggqrr7an89vy-perl5.40.0-HTML-Tagset-3.20
2025-10-11T05:34:51.5763235Z   /nix/store/zk3gjchry4vv31kil8ygn1a14zqajw9q-perl5.40.0-HTTP-CookieJar-0.014
2025-10-11T05:34:51.5764595Z   /nix/store/gbfw7vz128w7flfr24xxxkrrd5d0kpdc-perl5.40.0-HTTP-Cookies-6.10
2025-10-11T05:34:51.5765918Z   /nix/store/0bngmzmn3ps8yx6vi9c24jda100xlfgc-perl5.40.0-HTTP-Daemon-6.16
2025-10-11T05:34:51.5767210Z   /nix/store/f1fff1vfga021dircmhz5plljgdxzdxy-perl5.40.0-HTTP-Date-6.06
2025-10-11T05:34:51.5768484Z   /nix/store/galh8cnfgxyp606p4fy5z7zxmhnx2f67-perl5.40.0-HTTP-Message-6.45
2025-10-11T05:34:51.5769886Z   /nix/store/06kg11b9cifi4kh2szy79x1l4pkwvrw8-perl5.40.0-HTTP-Negotiate-6.01
2025-10-11T05:34:51.5771190Z   /nix/store/8qixzhqbiqmdq4vfzfzblnizmnyvq15s-perl5.40.0-IO-HTML-1.004
2025-10-11T05:34:51.5772506Z   /nix/store/x1fj5czgvkx970mia8s5pw2wdh8svpi7-perl5.40.0-IO-Socket-SSL-2.083
2025-10-11T05:34:51.5773871Z   /nix/store/fjl44r8skiq93nxnfj0af49bwa14x0p8-perl5.40.0-LWP-MediaTypes-6.04
2025-10-11T05:34:51.5775201Z   /nix/store/8ac7a70ga3m94hwngqdphiw4q1bv5sxw-perl5.40.0-Mozilla-CA-20230821
2025-10-11T05:34:51.5776466Z   /nix/store/jjfjx4hl68s17w4d2yg9p97drdvs5wi0-perl5.40.0-Net-HTTP-6.23
2025-10-11T05:34:51.5777714Z   /nix/store/a40dknaj09sydm5xwaszkbiy9kz32z04-perl5.40.0-Net-SMTP-SSL-1.04
2025-10-11T05:34:51.5779036Z   /nix/store/7z510apn2wkpbxl5zgz8x35pia6yd9bs-perl5.40.0-Net-SSLeay-1.92
2025-10-11T05:34:51.5780787Z   /nix/store/a19f8pnvpr1w0rx9mzlwk3k5jclvxw1i-perl5.40.0-TermReadKey-2.38
2025-10-11T05:34:51.5782137Z   /nix/store/8j0k79n4nzxabrrz9hlq6psskxzpxg1c-perl5.40.0-Test-Fatal-0.017
2025-10-11T05:34:51.5783467Z   /nix/store/685awdcsdq5hdmbfwil3lbsqwz4z2wcy-perl5.40.0-Test-Needs-0.002010
2025-10-11T05:34:51.5784893Z   /nix/store/gq763msp0k6xz728rnc7gj3p08zxk5nm-perl5.40.0-Test-RequiresInternet-0.05
2025-10-11T05:34:51.5786209Z   /nix/store/bxnywvqn5kd7kqy3kxnbgkmcj9swzg3l-perl5.40.0-TimeDate-2.33
2025-10-11T05:34:51.5787453Z   /nix/store/qg0xkvs5kx05rf3wi3dig0rjcidirw6j-perl5.40.0-Try-Tiny-0.31
2025-10-11T05:34:51.5788694Z   /nix/store/a9x7852sk03cjvwj11sf75xgghxcczk8-perl5.40.0-URI-5.21
2025-10-11T05:34:51.5789952Z   /nix/store/kviqbg7p34v6fbbg7fzn6dkz693r2v3d-perl5.40.0-WWW-RobotRules-6.02
2025-10-11T05:34:51.5791215Z   /nix/store/vb2wnphj7sbw8wac485jj7p9v0ngzpgb-perl5.40.0-libnet-3.15
2025-10-11T05:34:51.5792463Z   /nix/store/a832zc2rnbc1f8vd9vmsgq3i93anl8jx-perl5.40.0-libwww-perl-6.72
2025-10-11T05:34:51.5793658Z   /nix/store/xam5b9xk11767mz35dc9i5gcmy9ggsaf-popt-1.19
2025-10-11T05:34:51.5794685Z   /nix/store/1grwmkj3qf897wgxycyymip87i9cvk29-pre-commit-4.0.1
2025-10-11T05:34:51.5795777Z   /nix/store/x3bxjpkcbfyzmy5695g1cchf04fbz8ca-procps-4.0.4
2025-10-11T05:34:51.5797039Z   /nix/store/glk3vjk3z4krbmg4clgy203d3293kzlf-publicsuffix-list-0-unstable-2025-03-12
2025-10-11T05:34:51.5798560Z   /nix/store/nfwlyasnxxdbnpiziw2nixwkz9b5f7g3-publicsuffix-list-0-unstable-2025-03-12
2025-10-11T05:34:51.5800052Z   /nix/store/cfw9aynxyv7s5qq35g8zqw1m34z2zfgl-pytest-check-hook
2025-10-11T05:34:51.5801252Z   /nix/store/8w718rm43x7z73xhw9d6vh8s4snrq67h-python3-3.12.10
2025-10-11T05:34:51.5802422Z   /nix/store/sd81bvmch7njdpwx3lkjslixcbj5mivz-python3-3.13.4
2025-10-11T05:34:51.5803716Z   /nix/store/rm2vlz7cfn8spdfsfsn224z3y1jd986l-python3.12-arrow-1.3.0
2025-10-11T05:34:51.5805022Z   /nix/store/v2yl5q5jjc0j0zlm8q13raqw4cy455wm-python3.12-awscrt-0.27.2
2025-10-11T05:34:51.5806351Z   /nix/store/7ndz87ga6x3psjqjvlpbqjhrxmbsfbyf-python3.12-bcdoc-0.16.0
2025-10-11T05:34:51.5807730Z   /nix/store/mwmci7a9a8sbi787w3an4b72i00gn9g7-python3.12-botocore-1.36.21
2025-10-11T05:34:51.5809152Z   /nix/store/w56z2iwqp4c3k0bx1rnh2kkmh8jysk48-python3.12-cffi-1.17.1
2025-10-11T05:34:51.5810409Z   /nix/store/3kwiw7c7harnfcfq952cbn35cg90kak1-python3.12-cfgv-3.4.0
2025-10-11T05:34:51.5811879Z   /nix/store/k6xkvkwfw2yfnannsqh5ynpsfc4cs8fh-python3.12-click-8.1.8
2025-10-11T05:34:51.5813246Z   /nix/store/4s6v7s7nj29gbhwbm3kx0cx4lybd11ni-python3.12-colorama-0.4.6
2025-10-11T05:34:51.5814686Z   /nix/store/vg7494b4p4if8a126w3ickkphc559idb-python3.12-cryptography-44.0.2
2025-10-11T05:34:51.5816073Z   /nix/store/dh91gj9ngkmxby75xzkjbp6p7359s8m1-python3.12-distlib-0.3.9
2025-10-11T05:34:51.5817362Z   /nix/store/k88cbrma7v94md2x4m7ry1nw232bwp9h-python3.12-distro-1.9.0
2025-10-11T05:34:51.5818756Z   /nix/store/6kpw8656qyhv399r0fpm9bsj1bz6glkv-python3.12-docutils-0.21.2
2025-10-11T05:34:51.5820155Z   /nix/store/hss89a8gn26r25gk4w7sabchxy4zqxcz-python3.12-editdistance-s-1.0.0
2025-10-11T05:34:51.5821546Z   /nix/store/s6x7g6258l9adjfb3cps7l4lcc1xwx60-python3.12-filelock-3.18.0
2025-10-11T05:34:51.5822850Z   /nix/store/znvp9z2gcgglv0fb8yr8lldcw9v7pv1s-python3.12-identify-2.6.12
2025-10-11T05:34:51.5824240Z   /nix/store/03azar32xigbhfcqgn3bilza7v210vl0-python3.12-iniconfig-2.1.0
2025-10-11T05:34:51.5825605Z   /nix/store/j5cxgy4sp921fnmkadzglzhlkhb2ligs-python3.12-jmespath-1.0.1
2025-10-11T05:34:51.5826969Z   /nix/store/5rwyx1gb3lv233m3pfbmai9wcr50qzar-python3.12-nodeenv-1.9.1
2025-10-11T05:34:51.5828315Z   /nix/store/2c08h1gknkfgi3nizd4f9az3b0j4prvx-python3.12-packaging-24.2
2025-10-11T05:34:51.5829744Z   /nix/store/6vwxbh40if61bbai2d7d98bg224vj7v9-python3.12-platformdirs-4.3.7
2025-10-11T05:34:51.5831101Z   /nix/store/xzczngigz8y42iiwmiy4ngmq5qzirnxy-python3.12-pluggy-1.5.0
2025-10-11T05:34:51.5832486Z   /nix/store/72vfnr2kgpgf2l4dbjky21bmv68anja5-python3.12-prompt-toolkit-3.0.50
2025-10-11T05:34:51.5834081Z   /nix/store/mhscxvpf98amzkih54jyhqpw7xx6i5lc-python3.12-pycparser-2.22
2025-10-11T05:34:51.5835440Z   /nix/store/flh9b1l4y7zmmrik73gcmksvp7win5q2-python3.12-pytest-8.3.5
2025-10-11T05:34:51.5836826Z   /nix/store/rkiwblyzvgdjgwc5hlsfjd1xmnh89gqa-python3.12-python-dateutil-2.8.2
2025-10-11T05:34:51.5838247Z   /nix/store/93qfylm4lmdla0vb80jkz6nmlr969gm0-python3.12-python-dateutil-2.9.0.post0
2025-10-11T05:34:51.5839765Z   /nix/store/31639aa7g91847pds9bs1mb3gadw8wgy-python3.12-pyyaml-6.0.2
2025-10-11T05:34:51.5841039Z   /nix/store/1l032qs88yl08m6dz2f7a6y6fy2qrmr8-python3.12-ruamel-base-1.0.0
2025-10-11T05:34:51.5842410Z   /nix/store/2r0b4sf7wm492bf8xw5pfxpwplw44zmm-python3.12-ruamel-yaml-0.18.10
2025-10-11T05:34:51.5843845Z   /nix/store/rc1273x3nbhvgh06jaqsm3j2lnahlz1m-python3.12-ruamel-yaml-clib-0.2.12
2025-10-11T05:34:51.5845166Z   /nix/store/wjf7xn4zq1xsp6vafh4hs27prkbhpj5g-python3.12-sh-2.2.2
2025-10-11T05:34:51.5846475Z   /nix/store/d4l0fhhf2l62lqylrszcd1iqxc2cfa7a-python3.12-six-1.17.0
2025-10-11T05:34:51.5847772Z   /nix/store/96bv60ndk4qwmxhq082hqxiknzmim5x8-python3.12-toml-0.10.2
2025-10-11T05:34:51.5849665Z   /nix/store/7i1cm8g8i5dbxfwlf4ajfn5piz410025-python3.12-types-python-dateutil-2.9.0.20241206
2025-10-11T05:34:51.5851185Z   /nix/store/910x3yaj9sbvlm6r30f2dc9kp14vdp72-python3.12-ukkonen-1.0.1
2025-10-11T05:34:51.5852518Z   /nix/store/b2h9wkm6a0y4djviyn79czar5s611vxw-python3.12-urllib3-1.26.18
2025-10-11T05:34:51.5854082Z   /nix/store/xwq30l8qvb9qjx6hx0j4zp1yh3axirbq-python3.12-virtualenv-20.30.0
2025-10-11T05:34:51.5855621Z   /nix/store/ipg1kn993xyd360fy3zfyvzh64kwjnv3-python3.12-wcwidth-0.2.13
2025-10-11T05:34:51.5856983Z   /nix/store/m6q0wddfkiv75wki5whp70fzgg8jcnp2-python3.12-zipp-3.21.0
2025-10-11T05:34:51.5858201Z   /nix/store/1l2x502h3j9bkp2ln3axm9qp70ibg7a1-qrencode-4.1.1
2025-10-11T05:34:51.5859423Z   /nix/store/971mpk4nqhqcxggx0yi60w9y1ya570bj-readline-8.2p13
2025-10-11T05:34:51.5860540Z   /nix/store/zl2k2ayhk22q2s6pvgm7qb8f07zzhq6p-readline-8.2p13
2025-10-11T05:34:51.5872128Z   /nix/store/108m21xq9gp0j1m2paxa8zfbvhvvb2s5-rootlesskit-2.3.5
2025-10-11T05:34:51.5873197Z   /nix/store/sb4ml8qjxcr2idzdgjcw2bz11p6nzff4-rsync-3.4.1
2025-10-11T05:34:51.5874506Z   /nix/store/b895xnbwyfj1msj6ljcsvwfdhwqhd2vd-shadow-4.17.4
2025-10-11T05:34:51.5875566Z   /nix/store/k6bdml4xs4vpzdmzrasyc216bspwgbry-slirp4netns-1.3.2
2025-10-11T05:34:51.5876619Z   /nix/store/yfjzkkkyxcalyj7l1n4d4y6s81i65hmy-sqlite-3.48.0
2025-10-11T05:34:51.5877830Z   /nix/store/x5mzmqjvmiz6ydabfwhvv0mrimln4k3l-sqlite-3.50.1
2025-10-11T05:34:51.5878949Z   /nix/store/if9z6wmzmb07j63c02mvfkhn1mw1w5p4-systemd-257.5
2025-10-11T05:34:51.5880233Z   /nix/store/v03zr9slrp64psxlpwh7gn0m5gcdglwm-systemd-minimal-libs-257.5
2025-10-11T05:34:51.5881854Z   /nix/store/dk55smr7wdjad151r7cv1pln0winqq9x-tcb-1.2
2025-10-11T05:34:51.5882874Z   /nix/store/a885zzx9s5y8dxbfvahwdcwcx6pdzm9q-tpm2-tss-4.1.3
2025-10-11T05:34:51.5884538Z   /nix/store/66fr4mlfnwym5dw4bx61xs7nb81q58cb-tzdata-2022g
2025-10-11T05:34:51.5885597Z   /nix/store/ss40xh9b67bnk6p7q4cqvmdbvb993d8h-tzdata-2025a
2025-10-11T05:34:51.5886831Z   /nix/store/lc765p3sqqj3f13cq6531v4k1jd45sl1-tzdata-2025b
2025-10-11T05:34:51.5888283Z   /nix/store/qyihkwbhd70ynz380whj3bsxk1d2lyc4-tzdata-2025b
2025-10-11T05:34:51.5890055Z   /nix/store/8y5hcryppj548yfx6akiw93qrw8zv6js-unbound-1.23.0-lib
2025-10-11T05:34:51.5891233Z   /nix/store/af291yai47szhz3miviwslzrjqky31xw-util-linux-2.41-bin
2025-10-11T05:34:51.5892608Z   /nix/store/5c38fjjwfnlfjiiq62qyrr545q0n60ki-util-linux-2.41-lib
2025-10-11T05:34:51.5894215Z   /nix/store/1nxchlxi7i0b1nhsyq732al8sm1blywm-util-linux-2.41-login
2025-10-11T05:34:51.5895414Z   /nix/store/g51ca42mmgxzz7xngf0jzhwd4whi19lj-util-linux-2.41-mount
2025-10-11T05:34:51.5896581Z   /nix/store/zma6jllb9xn22i98jy9n8mz3wld9njwk-util-linux-2.41-swap
2025-10-11T05:34:51.5898529Z   /nix/store/mw6bvyrwv9mk36knn65r80zp8clnw9jl-util-linux-minimal-2.41-bin
2025-10-11T05:34:51.5900299Z   /nix/store/fh6wv6kip1g88navqlpb3996xgbdlq75-util-linux-minimal-2.41-lib
2025-10-11T05:34:51.5901814Z   /nix/store/r03ly1w54924k8fag1dhjl3yrllj6czd-util-linux-minimal-2.41-lib
2025-10-11T05:34:51.5903384Z   /nix/store/675r4l9rpmaxdanw0i48z4n7gzchngv7-util-linux-minimal-2.41-login
2025-10-11T05:34:51.5905557Z   /nix/store/agpxymqp96k4bksyz3bbzr5y8jgykf4p-util-linux-minimal-2.41-mount
2025-10-11T05:34:51.5907005Z   /nix/store/jws80m7djgv03chq0ylw7vmv3vqsbvgg-util-linux-minimal-2.41-swap
2025-10-11T05:34:51.5908220Z   /nix/store/dqcl4f3r1z7ck24rh9dw2i6506g7wky5-which-2.23
2025-10-11T05:34:51.5909412Z   /nix/store/5cgz47djisig1mkcbm6m4lzlchkvrx9n-xfsprogs-6.13.0
2025-10-11T05:34:51.5911488Z   /nix/store/i2cwij6lpid3rjbgcjd9grjlgi12df4k-xfsprogs-6.13.0-bin
2025-10-11T05:34:51.5912704Z   /nix/store/m2047a1xwgblgkrnbxz0yilkaqfrbf2b-xgcc-14-20241116-libgcc
2025-10-11T05:34:51.5914115Z   /nix/store/za53jjhjl1xajv3y1zpjvr9mh4w0c1ay-xgcc-14.2.1.20250322-libgcc
2025-10-11T05:34:51.5916952Z   /nix/store/j4kybm2h5l6ing0i494zwdswp672pmgv-xgcc-14.3.0-libgcc
2025-10-11T05:34:51.5918186Z   /nix/store/a232zjl9jnmhq56hfr5n5lz4qg5fpb83-xxHash-0.8.3
2025-10-11T05:34:51.5919496Z   /nix/store/nm296vfrn2hqrb6yisablznknp9p7hx9-xz-5.8.1
2025-10-11T05:34:51.5920769Z   /nix/store/pa60s415p92gnhv5ffz1bmfgzzfvhvd8-xz-5.8.1
2025-10-11T05:34:51.5922371Z   /nix/store/98zamhd8d0jq3skqwz28dlgph94mrqir-xz-5.8.1-bin
2025-10-11T05:34:51.5923442Z   /nix/store/kflpx5ihql91daz6qmgp6bg477aip48z-yq-go-4.45.4
2025-10-11T05:34:51.5924810Z   /nix/store/srby6wmvg7dp454pwb6qvaxdiri38sc1-zlib-1.3.1
2025-10-11T05:34:51.5926445Z   /nix/store/vx438ll7xvv9q5ns8mqpphsg2dxg9yi9-zlib-1.3.1
2025-10-11T05:34:51.5928210Z   /nix/store/8qn6wbzq5z8kz5gsc7bzr32mrb301vd8-zlib-ng-2.2.4
2025-10-11T05:34:51.5929764Z   /nix/store/k8asbblj2xn748rslklcll68b4ygh2am-zlib-ng-2.2.4
2025-10-11T05:34:51.5930819Z   /nix/store/and18rawgmwws8l2favbjr5wm31jnr4a-zstd-1.5.7
2025-10-11T05:34:51.5932383Z   /nix/store/d8vq999dg607ha6718fimpakacfax0gd-zstd-1.5.7
2025-10-11T05:34:51.5933793Z   /nix/store/l9xn7mbn0wh0z7swfcfj1n56byvcrisw-zstd-1.5.7-bin
2025-10-11T05:34:51.5936120Z copying path '/nix/store/innps8d9bl9jikd3nsq8bd5irgrlay6f-curl-8.13.0-man' from 'https://cache.nixos.org'...
2025-10-11T05:34:51.5937937Z copying path '/nix/store/9j1sxj8p91q99nl7f5hdlb0kfv7kww0a-just-1.40.0-man' from 'https://cache.nixos.org'...
2025-10-11T05:34:51.5940858Z copying path '/nix/store/zcjdp82yx46w8yp1inxkkzb3a3k05a0m-git-2.49.0-doc' from 'https://cache.nixos.org'...
2025-10-11T05:34:51.5943139Z copying path '/nix/store/nl44nfqyyc7d5bw58v8g5ac2wcvmfp98-iana-etc-20221107' from 'https://cache.nixos.org'...
2025-10-11T05:34:51.5946892Z copying path '/nix/store/70zxj0j2f6jc9c201i66sl6ksyv44pq7-iana-etc-20250108' from 'https://cache.nixos.org'...
2025-10-11T05:34:51.5949698Z copying path '/nix/store/j4gc8fk7wazgn2hqnh0m8b12xx6m1n75-iana-etc-20250108' from 'https://cache.nixos.org'...
2025-10-11T05:34:51.5951525Z copying path '/nix/store/ih35ndii8g86q4hlr2f1ma0z14ga4d0r-mailcap-2.1.53' from 'https://cache.nixos.org'...
2025-10-11T05:34:51.5953441Z copying path '/nix/store/1jj2lq1kzys105rqq5n1a2r4v59arz43-mailcap-2.1.54' from 'https://cache.nixos.org'...
2025-10-11T05:34:51.5955521Z copying path '/nix/store/ci6lysmni722fq1gjhhddyy4pynfqwc1-mailcap-2.1.54' from 'https://cache.nixos.org'...
2025-10-11T05:34:51.5958458Z copying path '/nix/store/3jif9pr3hliv07f9qi3hfrm5a9fk0zmh-perl5.40.0-Digest-HMAC-1.04' from 'https://cache.nixos.org'...
2025-10-11T05:34:51.5961436Z copying path '/nix/store/67nxv3np8pd0ivqc548208k9sz8d00ms-perl5.40.0-FCGI-ProcManager-0.28' from 'https://cache.nixos.org'...
2025-10-11T05:34:51.5963934Z copying path '/nix/store/9hvz0wv1s8mnl86r055ryc7ari4if32s-perl5.40.0-HTML-TagCloud-0.38' from 'https://cache.nixos.org'...
2025-10-11T05:34:51.5966444Z copying path '/nix/store/a9x7852sk03cjvwj11sf75xgghxcczk8-perl5.40.0-URI-5.21' from 'https://cache.nixos.org'...
2025-10-11T05:34:51.5969098Z copying path '/nix/store/vb2wnphj7sbw8wac485jj7p9v0ngzpgb-perl5.40.0-libnet-3.15' from 'https://cache.nixos.org'...
2025-10-11T05:34:51.5971631Z copying path '/nix/store/66fr4mlfnwym5dw4bx61xs7nb81q58cb-tzdata-2022g' from 'https://cache.nixos.org'...
2025-10-11T05:34:51.5974186Z copying path '/nix/store/ss40xh9b67bnk6p7q4cqvmdbvb993d8h-tzdata-2025a' from 'https://cache.nixos.org'...
2025-10-11T05:34:51.6022428Z copying path '/nix/store/qxk9122p34qwivq20k154jflwxjjjxb3-dns-root-data-2025-04-14' from 'https://cache.nixos.org'...
2025-10-11T05:34:51.6024486Z copying path '/nix/store/6hqzbvz50bm87hcj4qfn51gh7arxj8a6-gcc-14.2.1.20250322-libgcc' from 'https://cache.nixos.org'...
2025-10-11T05:34:51.6026392Z copying path '/nix/store/h8x8m2vcaqd13sm794q5l3yrynbf3h0q-gcc-14.3.0-libgcc' from 'https://cache.nixos.org'...
2025-10-11T05:34:51.6028242Z copying path '/nix/store/jdjpni8kq3i95dj1d49nlf9m10wl0kqq-libunistring-1.0' from 'https://cache.nixos.org'...
2025-10-11T05:34:51.6030193Z copying path '/nix/store/vm18dxfa5v7y3linrg1x1q9wx41bkxwf-libunistring-1.3' from 'https://cache.nixos.org'...
2025-10-11T05:34:51.6032096Z copying path '/nix/store/nj19yxkqf0iqjqn4x6dbglsvqk5bgsbs-libunistring-1.3' from 'https://cache.nixos.org'...
2025-10-11T05:34:51.6034010Z copying path '/nix/store/yypqcvqhnv8y4zpicgxdigp3giq81gzb-libunistring-1.3' from 'https://cache.nixos.org'...
2025-10-11T05:34:51.6035886Z copying path '/nix/store/4xr56x3h8i56sxxz0wm4w69qpdq0yarx-mailcap-2.1.54' from 'https://cache.nixos.org'...
2025-10-11T05:34:51.6037803Z copying path '/nix/store/2ywsh3zaksdhcak4six15cyfqi8bl3p6-perl5.40.0-Encode-Locale-1.05' from 'https://cache.nixos.org'...
2025-10-11T05:34:51.6040273Z copying path '/nix/store/5lnmir4yqqw39a5i0lxsggqrr7an89vy-perl5.40.0-HTML-Tagset-3.20' from 'https://cache.nixos.org'...
2025-10-11T05:34:51.6042377Z copying path '/nix/store/8qixzhqbiqmdq4vfzfzblnizmnyvq15s-perl5.40.0-IO-HTML-1.004' from 'https://cache.nixos.org'...
2025-10-11T05:34:51.6044419Z copying path '/nix/store/fjl44r8skiq93nxnfj0af49bwa14x0p8-perl5.40.0-LWP-MediaTypes-6.04' from 'https://cache.nixos.org'...
2025-10-11T05:34:51.6046704Z copying path '/nix/store/8ac7a70ga3m94hwngqdphiw4q1bv5sxw-perl5.40.0-Mozilla-CA-20230821' from 'https://cache.nixos.org'...
2025-10-11T05:34:51.6072031Z copying path '/nix/store/6qqbzw7hfal0jw4v4c1nra3ir2dkjgkg-perl5.40.0-Authen-SASL-2.1700' from 'https://cache.nixos.org'...
2025-10-11T05:34:51.6085481Z copying path '/nix/store/jjfjx4hl68s17w4d2yg9p97drdvs5wi0-perl5.40.0-Net-HTTP-6.23' from 'https://cache.nixos.org'...
2025-10-11T05:34:51.6098863Z copying path '/nix/store/685awdcsdq5hdmbfwil3lbsqwz4z2wcy-perl5.40.0-Test-Needs-0.002010' from 'https://cache.nixos.org'...
2025-10-11T05:34:51.6109991Z copying path '/nix/store/gq763msp0k6xz728rnc7gj3p08zxk5nm-perl5.40.0-Test-RequiresInternet-0.05' from 'https://cache.nixos.org'...
2025-10-11T05:34:51.6117124Z copying path '/nix/store/bxnywvqn5kd7kqy3kxnbgkmcj9swzg3l-perl5.40.0-TimeDate-2.33' from 'https://cache.nixos.org'...
2025-10-11T05:34:51.6119981Z copying path '/nix/store/qg0xkvs5kx05rf3wi3dig0rjcidirw6j-perl5.40.0-Try-Tiny-0.31' from 'https://cache.nixos.org'...
2025-10-11T05:34:51.6127455Z copying path '/nix/store/kviqbg7p34v6fbbg7fzn6dkz693r2v3d-perl5.40.0-WWW-RobotRules-6.02' from 'https://cache.nixos.org'...
2025-10-11T05:34:51.6142211Z copying path '/nix/store/glk3vjk3z4krbmg4clgy203d3293kzlf-publicsuffix-list-0-unstable-2025-03-12' from 'https://cache.nixos.org'...
2025-10-11T05:34:51.6155338Z copying path '/nix/store/nfwlyasnxxdbnpiziw2nixwkz9b5f7g3-publicsuffix-list-0-unstable-2025-03-12' from 'https://cache.nixos.org'...
2025-10-11T05:34:51.6158438Z copying path '/nix/store/lc765p3sqqj3f13cq6531v4k1jd45sl1-tzdata-2025b' from 'https://cache.nixos.org'...
2025-10-11T05:34:51.6162531Z copying path '/nix/store/qyihkwbhd70ynz380whj3bsxk1d2lyc4-tzdata-2025b' from 'https://cache.nixos.org'...
2025-10-11T05:34:51.6177124Z copying path '/nix/store/m2047a1xwgblgkrnbxz0yilkaqfrbf2b-xgcc-14-20241116-libgcc' from 'https://cache.nixos.org'...
2025-10-11T05:34:51.6186740Z copying path '/nix/store/8j0k79n4nzxabrrz9hlq6psskxzpxg1c-perl5.40.0-Test-Fatal-0.017' from 'https://cache.nixos.org'...
2025-10-11T05:34:51.6188988Z copying path '/nix/store/za53jjhjl1xajv3y1zpjvr9mh4w0c1ay-xgcc-14.2.1.20250322-libgcc' from 'https://cache.nixos.org'...
2025-10-11T05:34:51.6191612Z copying path '/nix/store/j4kybm2h5l6ing0i494zwdswp672pmgv-xgcc-14.3.0-libgcc' from 'https://cache.nixos.org'...
2025-10-11T05:34:51.6209296Z copying path '/nix/store/f1fff1vfga021dircmhz5plljgdxzdxy-perl5.40.0-HTTP-Date-6.06' from 'https://cache.nixos.org'...
2025-10-11T05:34:51.6276884Z copying path '/nix/store/b67f0qswzqcbxsw79wcrzx8p9r4mc94g-perl5.40.0-File-Listing-6.16' from 'https://cache.nixos.org'...
2025-10-11T05:34:51.6279076Z copying path '/nix/store/zk3gjchry4vv31kil8ygn1a14zqajw9q-perl5.40.0-HTTP-CookieJar-0.014' from 'https://cache.nixos.org'...
2025-10-11T05:34:51.6437798Z copying path '/nix/store/ncdwsrgq6n6161l433m4x34057zq0hhf-libidn2-2.3.8' from 'https://cache.nixos.org'...
2025-10-11T05:34:51.6439817Z copying path '/nix/store/6nkqdqzpa75514lhglgnjs5k4dklw4sb-libidn2-2.3.8' from 'https://cache.nixos.org'...
2025-10-11T05:34:51.6512683Z copying path '/nix/store/na1irnycfp8z5mab0g5jvrnhnscsaqsb-libidn2-2.3.2' from 'https://cache.nixos.org'...
2025-10-11T05:34:51.6582199Z copying path '/nix/store/cg9s562sa33k78m63njfn1rw47dp9z0i-glibc-2.40-66' from 'https://cache.nixos.org'...
2025-10-11T05:34:51.6583980Z copying path '/nix/store/q4wq65gl3r8fy746v9bbwgx4gzn0r2kl-glibc-2.40-66' from 'https://cache.nixos.org'...
2025-10-11T05:34:51.6661982Z copying path '/nix/store/lqz6hmd86viw83f9qll2ip87jhb7p1ah-glibc-2.35-224' from 'https://cache.nixos.org'...
2025-10-11T05:34:51.6843760Z copying path '/nix/store/y2xxdhhjy2l5mgpm3d0rw2wxmpd61my4-libidn2-2.3.7' from 'https://cache.nixos.org'...
2025-10-11T05:34:51.7092327Z copying path '/nix/store/rmy663w9p7xb202rcln4jjzmvivznmz8-glibc-2.40-66' from 'https://cache.nixos.org'...
2025-10-11T05:34:51.7159095Z copying path '/nix/store/9012qqpjaa0j66lxv94j51z4xhnmqq5a-envsubst-1.4.3' from 'https://cache.nixos.org'...
2025-10-11T05:34:51.7160843Z copying path '/nix/store/y3rjh8npng6jvy85izz3ndy06qrp7nf3-gojq-0.12.17' from 'https://cache.nixos.org'...
2025-10-11T05:34:52.1321051Z copying path '/nix/store/00zrahbb32nzawrmv9sjxn36h7qk9vrs-bash-5.2p37' from 'https://cache.nixos.org'...
2025-10-11T05:34:52.1324136Z copying path '/nix/store/czrad292gq5adw7kjj0z71gkw48mnmim-brotli-1.1.0-lib' from 'https://cache.nixos.org'...
2025-10-11T05:34:52.1326164Z copying path '/nix/store/xl1043bxc6q4ymbqrv3pyjmpssd6z0wj-attr-2.5.2' from 'https://cache.nixos.org'...
2025-10-11T05:34:52.1327958Z copying path '/nix/store/ywc5ismph30i5a1w56rl9kxa0a5887wx-bzip2-1.0.8' from 'https://cache.nixos.org'...
2025-10-11T05:34:52.1330252Z copying path '/nix/store/3pvw3ddy10rk76f55am2sfc0hxfb28bn-expat-2.7.1' from 'https://cache.nixos.org'...
2025-10-11T05:34:52.1332071Z copying path '/nix/store/l7d6vwajpfvgsd3j4cr25imd1mzb7d1d-gcc-14.3.0-lib' from 'https://cache.nixos.org'...
2025-10-11T05:34:52.1334029Z copying path '/nix/store/7hmhry3g097hxnsap3wb7f8nflzj06z3-gdbm-1.25-lib' from 'https://cache.nixos.org'...
2025-10-11T05:34:52.1335833Z copying path '/nix/store/pr318zsl44jdwpk9wk0sdrn19b6in7ah-gnused-4.9' from 'https://cache.nixos.org'...
2025-10-11T05:34:52.1337662Z copying path '/nix/store/6k8218bcmnknl7vq07vmm33b33i35586-keyutils-1.6.3-lib' from 'https://cache.nixos.org'...
2025-10-11T05:34:52.1339606Z copying path '/nix/store/7z237vs2wrvc7235b42naip3z9288mh6-libffi-3.4.8' from 'https://cache.nixos.org'...
2025-10-11T05:34:52.1341446Z copying path '/nix/store/31fknicrbimbw6ivnxly9pdabsqqglk5-libpsl-0.21.5' from 'https://cache.nixos.org'...
2025-10-11T05:34:52.1343296Z copying path '/nix/store/s1mbjq3vglma0l0snvv1cva7mrvyx3k5-libxcrypt-4.4.38' from 'https://cache.nixos.org'...
2025-10-11T05:34:52.1345241Z copying path '/nix/store/c8alyvc6lrqgg5wcjfjsgsw47ibkj59l-mpdecimal-4.0.1' from 'https://cache.nixos.org'...
2025-10-11T05:34:52.1425006Z copying path '/nix/store/in8rmhvx0zxk7n76yfp0gsadvgj7pxaf-ncurses-6.5' from 'https://cache.nixos.org'...
2025-10-11T05:34:52.1426868Z copying path '/nix/store/asx7ishza3n6lffbzs4m7101ggsmd205-gh-2.23.0' from 'https://cache.nixos.org'...
2025-10-11T05:34:52.1429677Z copying path '/nix/store/gwwbjkdd3rghq7x74561agq08f4jmh7p-nghttp2-1.65.0-lib' from 'https://cache.nixos.org'...
2025-10-11T05:34:52.1432782Z copying path '/nix/store/byx7ahs386pskh8d5sdkrkpscfz9yyjp-openssl-3.4.1' from 'https://cache.nixos.org'...
2025-10-11T05:34:52.1434835Z copying path '/nix/store/hqb180lba3mik6agk0dn2s4hhq9y32bh-pcre2-10.44' from 'https://cache.nixos.org'...
2025-10-11T05:34:52.1436713Z copying path '/nix/store/jhhkcxp0lxr593ly5lnmichm7jl3nm5f-perl5.40.0-Clone-0.46' from 'https://cache.nixos.org'...
2025-10-11T05:34:52.1454399Z copying path '/nix/store/hil2hhp0zhw426qn2ncg2akasr5dmkbr-acl-2.3.2' from 'https://cache.nixos.org'...
2025-10-11T05:34:52.1464703Z copying path '/nix/store/8syylmkvnn7lg2nar9fddpp5izb4gh56-attr-2.5.2' from 'https://cache.nixos.org'...
2025-10-11T05:34:52.1467605Z copying path '/nix/store/xy4jjgw87sbgwylm5kn047d9gkbhsr9x-bash-5.2p37' from 'https://cache.nixos.org'...
2025-10-11T05:34:52.1483355Z copying path '/nix/store/7a8gf62bfl22k4gy2cd300h7cvqmn9yl-brotli-1.1.0-lib' from 'https://cache.nixos.org'...
2025-10-11T05:34:52.1528421Z copying path '/nix/store/zrnqzhcvlpiycqbswl0w172y4bpn0lb4-bzip2-1.0.8' from 'https://cache.nixos.org'...
2025-10-11T05:34:52.1546160Z copying path '/nix/store/wwdmffbkswq1lncl3spgh7qa3y51v035-docker-buildx-0.23.0' from 'https://cache.nixos.org'...
2025-10-11T05:34:52.1565820Z copying path '/nix/store/3mi59bgj22xx29dyss7jhmx3sgznd85m-acl-2.3.2' from 'https://cache.nixos.org'...
2025-10-11T05:34:52.1578096Z copying path '/nix/store/q5fhdbyd3dk8jybnji6cpkn96907ldcp-docker-compose-2.36.0' from 'https://cache.nixos.org'...
2025-10-11T05:34:52.1585695Z copying path '/nix/store/zx0l7nc3saqm69zs9602zaznfmwmy4w9-docker-containerd-27.5.1' from 'https://cache.nixos.org'...
2025-10-11T05:34:52.1603739Z copying path '/nix/store/vgq1y63k5dwkgnxc7kxbiygzhhw3bhwv-docker-init-27.5.1' from 'https://cache.nixos.org'...
2025-10-11T05:34:52.1620072Z copying path '/nix/store/j0bzxly2rvcym1zkhn393adiqcwn8np6-expat-2.7.1' from 'https://cache.nixos.org'...
2025-10-11T05:34:52.1660879Z copying path '/nix/store/1abbyfv3bpxalfjfgpmwg8jcy931bf76-bzip2-1.0.8-bin' from 'https://cache.nixos.org'...
2025-10-11T05:34:52.1722342Z copying path '/nix/store/6a2c7gxh7446ddcdhdx91lzb8j1f19x1-fluxcd-2.5.1' from 'https://cache.nixos.org'...
2025-10-11T05:34:52.1793947Z copying path '/nix/store/7c0v0kbrrdc2cqgisi78jdqxn73n3401-gcc-14.2.1.20250322-lib' from 'https://cache.nixos.org'...
2025-10-11T05:34:52.1797361Z copying path '/nix/store/qkzkz12l4q06lzbji0ifgynzrd44bpjs-gdbm-1.25-lib' from 'https://cache.nixos.org'...
2025-10-11T05:34:52.1812760Z copying path '/nix/store/303islqk386z1w2g1ngvxnkl4glfpgrs-glibc-2.40-66-bin' from 'https://cache.nixos.org'...
2025-10-11T05:34:52.1816259Z copying path '/nix/store/if83fp73ln7ksdnp1wkywvyv53b6fw3f-glibc-2.40-66-getent' from 'https://cache.nixos.org'...
2025-10-11T05:34:52.1834708Z copying path '/nix/store/bc6zxzjnkjp4r9nhz5imy3cypvdh6r4n-gnugrep-3.12' from 'https://cache.nixos.org'...
2025-10-11T05:34:52.1837980Z copying path '/nix/store/clbb2cvigynr235ab5zgi18dyavznlk2-gnused-4.9' from 'https://cache.nixos.org'...
2025-10-11T05:34:52.1901279Z copying path '/nix/store/58br4vk3q5akf4g8lx0pqzfhn47k3j8d-bash-5.2p37' from 'https://cache.nixos.org'...
2025-10-11T05:34:52.1981834Z copying path '/nix/store/wrxvqj822kz8746608lgns7h8mkpn79f-gnutar-1.35' from 'https://cache.nixos.org'...
2025-10-11T05:34:52.2114951Z copying path '/nix/store/j2v7jjnczkj7ra7jsgq6kv3242a1l52x-getent-glibc-2.40-66' from 'https://cache.nixos.org'...
2025-10-11T05:34:52.2142573Z copying path '/nix/store/snqg2xccy7fb6q6n2dw3bfql6mqbh6ar-golangci-lint-2.1.6' from 'https://cache.nixos.org'...
2025-10-11T05:34:52.2222988Z copying path '/nix/store/6ag5dhk7sma61p6vl0kazfmpbrq08nqh-gzip-1.14' from 'https://cache.nixos.org'...
2025-10-11T05:34:52.2263195Z copying path '/nix/store/afhkqb5a94zlwjxigsnwsfwkf38h21dk-gzip-1.14' from 'https://cache.nixos.org'...
2025-10-11T05:34:52.2272135Z copying path '/nix/store/677sx4qrmnmgk83ynn0sw8hqgh439g6b-json-c-0.18' from 'https://cache.nixos.org'...
2025-10-11T05:34:52.2429436Z copying path '/nix/store/4v64wga9rk0c919ip673j36g6ikx26ha-keyutils-1.6.3-lib' from 'https://cache.nixos.org'...
2025-10-11T05:34:52.2442107Z copying path '/nix/store/z8fh9w8y3hlckw7zqi29hgfz0x5gyi0s-kubernetes-helm-3.17.3' from 'https://cache.nixos.org'...
2025-10-11T05:34:52.2470831Z copying path '/nix/store/mdw3nfcaxld4g00rmcfa4rs2ywm17fdq-go-1.22.12' from 'https://cache.nixos.org'...
2025-10-11T05:34:52.2493045Z copying path '/nix/store/cj6c54si3pfrrw3ikrfnin2nbp6ndcdk-kustomize-5.6.0' from 'https://cache.nixos.org'...
2025-10-11T05:34:52.2496553Z copying path '/nix/store/1rlljm73ch98b2q9qqk8g0vhv2n9mya8-libapparmor-4.1.0' from 'https://cache.nixos.org'...
2025-10-11T05:34:52.2594415Z copying path '/nix/store/bh1hxs692a2fv806wkiprig10j5znd7c-libcap-2.75-lib' from 'https://cache.nixos.org'...
2025-10-11T05:34:52.2738126Z copying path '/nix/store/2bjcjfzxnwk3zjhkrxi3m762p8dv6f1s-libcap-ng-0.8.5' from 'https://cache.nixos.org'...
2025-10-11T05:34:52.2740283Z copying path '/nix/store/dfznrcrr2raj9x4bdysvs896jfnx84ih-libcbor-0.12.0' from 'https://cache.nixos.org'...
2025-10-11T05:34:52.2837452Z copying path '/nix/store/zs5crhr67zp8cxn7dh4mwq08zw3sb31m-gettext-0.22.5' from 'https://cache.nixos.org'...
2025-10-11T05:34:52.2889966Z copying path '/nix/store/3qf4dg256fginainsz0scm9mdsahh03i-gmp-with-cxx-6.3.0' from 'https://cache.nixos.org'...
2025-10-11T05:34:52.2922637Z copying path '/nix/store/yai7mpy5d4rw0jvflyxdf0vzjkiqxhv6-libevent-2.1.12' from 'https://cache.nixos.org'...
2025-10-11T05:34:52.2939027Z copying path '/nix/store/90c412b9wqhfny300rg5s2gpsbrqb31q-libffi-3.4.8' from 'https://cache.nixos.org'...
2025-10-11T05:34:52.3183898Z copying path '/nix/store/9z7wv6k9i38k83xpbgqcapaxhdkbaqhz-libgpg-error-1.51' from 'https://cache.nixos.org'...
2025-10-11T05:34:52.3339589Z copying path '/nix/store/56fi3kcbg9haxf5c1innrn2p9dx2da2j-libmd-1.1.0' from 'https://cache.nixos.org'...
2025-10-11T05:34:52.3481752Z copying path '/nix/store/psy9v2asypgl9ylg8cnzkixc7fv0snj0-coreutils-9.7' from 'https://cache.nixos.org'...
2025-10-11T05:34:52.3483783Z copying path '/nix/store/ppxfllzvl2b03x4ahqkyf6v6hiqf0hix-krb5-1.21.3-lib' from 'https://cache.nixos.org'...
2025-10-11T05:34:52.3494330Z copying path '/nix/store/fm2ky0fkkkici6zpf2s41c1lvkcpfbm5-db-4.8.30' from 'https://cache.nixos.org'...
2025-10-11T05:34:52.4398479Z copying path '/nix/store/10glq3a1jbsxv50yvcw1kxxz06vq856w-db-5.3.28' from 'https://cache.nixos.org'...
2025-10-11T05:34:52.4554778Z copying path '/nix/store/kxhsmlrscry4pvbpwkbbbxsksmzg0gp0-gmp-with-cxx-6.3.0' from 'https://cache.nixos.org'...
2025-10-11T05:34:52.4585964Z copying path '/nix/store/sdqvwr8gc74ms9cgf56yvy409xvl8hsf-gettext-0.22.5' from 'https://cache.nixos.org'...
2025-10-11T05:34:52.4667579Z copying path '/nix/store/nzg6zqsijbv7yc95wlfcdswx6bg69srq-gmp-with-cxx-6.3.0' from 'https://cache.nixos.org'...
2025-10-11T05:34:52.4674413Z copying path '/nix/store/s86p50hcjcp9phyv9gxd5hra8nwczvrk-groff-1.23.0' from 'https://cache.nixos.org'...
2025-10-11T05:34:52.4785605Z copying path '/nix/store/i4lj3w4yd9x9jbi7a1xhjqsr7bg8jq7p-icu4c-76.1' from 'https://cache.nixos.org'...
2025-10-11T05:34:52.4835378Z copying path '/nix/store/93v1mhc43s6j4wivcwvv7sc02lj94d6p-inih-58' from 'https://cache.nixos.org'...
2025-10-11T05:34:52.4857215Z copying path '/nix/store/h0agljrxjv0xrxj6y71fsp8sx751vrd6-just-1.40.0' from 'https://cache.nixos.org'...
2025-10-11T05:34:52.4947031Z copying path '/nix/store/rmrbzp98xrk54pdlm7cxhayj4344zw6h-libassuan-3.0.2' from 'https://cache.nixos.org'...
2025-10-11T05:34:52.5054090Z copying path '/nix/store/87fck6hm17chxjq7badb11mq036zbyv9-coreutils-9.7' from 'https://cache.nixos.org'...
2025-10-11T05:34:52.5063025Z copying path '/nix/store/2sbq4hd9imczmbb5za1awq0gvg0cbrwr-libbsd-0.12.2' from 'https://cache.nixos.org'...
2025-10-11T05:34:52.5314496Z copying path '/nix/store/0dqmgjr0jsc2s75sbgdvkk7d08zx5g61-libgcrypt-1.10.3-lib' from 'https://cache.nixos.org'...
2025-10-11T05:34:52.5650076Z copying path '/nix/store/9hbdbr5hikxjb16ir40w2v24gbivv22x-libmnl-1.0.5' from 'https://cache.nixos.org'...
2025-10-11T05:34:52.5708820Z copying path '/nix/store/ygz5dcpzd7qkw44wpbd65rl6amwpxp5f-libnfnetlink-1.0.2' from 'https://cache.nixos.org'...
2025-10-11T05:34:52.5799645Z copying path '/nix/store/635dz3p1afjwym9snp2r9hm0vaznwngy-libnl-3.11.0' from 'https://cache.nixos.org'...
2025-10-11T05:34:52.5871794Z copying path '/nix/store/bxs5j3zhh35nwhyhwc3db724c7nzfl36-libpsl-0.21.5' from 'https://cache.nixos.org'...
2025-10-11T05:34:52.5887679Z copying path '/nix/store/a7zbljj0cwkbfzn22v6s2cbh39dj9hip-libseccomp-2.6.0-lib' from 'https://cache.nixos.org'...
2025-10-11T05:34:52.5948060Z copying path '/nix/store/f7y5q4jwja2z3i5zlylgbv5av6839a54-libnftnl-1.2.9' from 'https://cache.nixos.org'...
2025-10-11T05:34:52.6103027Z copying path '/nix/store/6wrjb93m2arv7adx6k2x9nlb0y7rmgpi-libnetfilter_conntrack-1.1.0' from 'https://cache.nixos.org'...
2025-10-11T05:34:52.6144658Z copying path '/nix/store/m6hfmlrj4hw45j8j88zvvl0j7qchbck9-docker-runc-27.5.1' from 'https://cache.nixos.org'...
2025-10-11T05:34:52.6211824Z copying path '/nix/store/zf61wng66ik05clni78571wfmfp5kqzq-libtasn1-4.20.0' from 'https://cache.nixos.org'...
2025-10-11T05:34:52.6414756Z copying path '/nix/store/1warn5bb3r7jwfkpdgr4npab3s63sivj-liburcu-0.15.2' from 'https://cache.nixos.org'...
2025-10-11T05:34:52.6460102Z copying path '/nix/store/qizipyz9y17nr4w4gmxvwd3x4k0bp2rh-libxcrypt-4.4.38' from 'https://cache.nixos.org'...
2025-10-11T05:34:52.6461963Z copying path '/nix/store/1r4qwdkxwc1r3n0bij0sq9q4nvfraw6i-libpcap-1.10.5' from 'https://cache.nixos.org'...
2025-10-11T05:34:52.6514720Z copying path '/nix/store/xv0pc5nc41v5vi0lac1i2d353s3rqlkm-libxml2-2.13.8' from 'https://cache.nixos.org'...
2025-10-11T05:34:52.6629785Z copying path '/nix/store/cyayc07z8d9h6i5ndadbljwlc9wcrf0k-libyaml-0.2.5' from 'https://cache.nixos.org'...
2025-10-11T05:34:52.6725031Z copying path '/nix/store/51sr6m5fb8fff9vydnz7gkqyl5sjpixl-lz4-1.10.0-lib' from 'https://cache.nixos.org'...
2025-10-11T05:34:52.6734931Z copying path '/nix/store/wyf93cvh25b2xg82mkjcpmwgcspk0ggr-mpdecimal-4.0.0' from 'https://cache.nixos.org'...
2025-10-11T05:34:52.6736785Z copying path '/nix/store/vfmnmqsnfiiqmphy7ffh2zqynsxfck1q-ncurses-6.5' from 'https://cache.nixos.org'...
2025-10-11T05:34:52.6738695Z copying path '/nix/store/m4yrdwg3zv50mw8hy2zni5dyy7ljlg7j-nettle-3.10.1' from 'https://cache.nixos.org'...
2025-10-11T05:34:52.6906478Z copying path '/nix/store/v7rzgm8p6p0ghg5mqcin4vbx6pcrvc0j-nghttp2-1.65.0-lib' from 'https://cache.nixos.org'...
2025-10-11T05:34:52.6910568Z copying path '/nix/store/ci5nyvrii461hnaw267c1zvna0sjfxif-npth-1.8' from 'https://cache.nixos.org'...
2025-10-11T05:34:52.6936977Z copying path '/nix/store/8pviily4fgsl02ijm65binz236717wfs-openssl-3.4.1' from 'https://cache.nixos.org'...
2025-10-11T05:34:52.6970300Z copying path '/nix/store/cspwqx3w3jm4lsizi87pbhcwm2gx8s41-oras-1.2.3' from 'https://cache.nixos.org'...
2025-10-11T05:34:52.7005961Z copying path '/nix/store/md8kapandyhs7bbw5s782aanw38p2kax-gnupg-2.4.7' from 'https://cache.nixos.org'...
2025-10-11T05:34:52.7008042Z copying path '/nix/store/wxkbp7kwvpxvjh28rigmf6lfq64zlsyj-iptables-1.8.11' from 'https://cache.nixos.org'...
2025-10-11T05:34:52.7180582Z copying path '/nix/store/9m6a4iv2nh6v4aga830r499s4arknsfb-p11-kit-0.25.5' from 'https://cache.nixos.org'...
2025-10-11T05:34:52.7219209Z copying path '/nix/store/a9c6rz5183psp30q1nhkakis6ab4km4b-pcre2-10.44' from 'https://cache.nixos.org'...
2025-10-11T05:34:52.7414722Z copying path '/nix/store/qqpgwzhpakcqaz6fiy95x19iydj471ca-pcsclite-2.3.0-lib' from 'https://cache.nixos.org'...
2025-10-11T05:34:52.7530381Z copying path '/nix/store/dygr4am2656sm7blbzqq8i3i18bhkch0-perl5.40.0-FCGI-0.82' from 'https://cache.nixos.org'...
2025-10-11T05:34:52.7580801Z copying path '/nix/store/galh8cnfgxyp606p4fy5z7zxmhnx2f67-perl5.40.0-HTTP-Message-6.45' from 'https://cache.nixos.org'...
2025-10-11T05:34:52.7627786Z copying path '/nix/store/gqmr3gixlddz3667ba1iyqck3c0dkpvd-gnugrep-3.11' from 'https://cache.nixos.org'...
2025-10-11T05:34:52.7682506Z copying path '/nix/store/ybd0aamz6dwc51x1ab62b7qycccqb0z0-libselinux-3.8.1' from 'https://cache.nixos.org'...
2025-10-11T05:34:52.7694445Z copying path '/nix/store/7z510apn2wkpbxl5zgz8x35pia6yd9bs-perl5.40.0-Net-SSLeay-1.92' from 'https://cache.nixos.org'...
2025-10-11T05:34:52.7889688Z copying path '/nix/store/papnbbj1g4mjxgcspd9nzkhqlapasq6l-perl5.40.0-HTML-Parser-3.81' from 'https://cache.nixos.org'...
2025-10-11T05:34:52.7901196Z copying path '/nix/store/gbfw7vz128w7flfr24xxxkrrd5d0kpdc-perl5.40.0-HTTP-Cookies-6.10' from 'https://cache.nixos.org'...
2025-10-11T05:34:52.8044039Z copying path '/nix/store/0bngmzmn3ps8yx6vi9c24jda100xlfgc-perl5.40.0-HTTP-Daemon-6.16' from 'https://cache.nixos.org'...
2025-10-11T05:34:52.8057385Z copying path '/nix/store/06kg11b9cifi4kh2szy79x1l4pkwvrw8-perl5.40.0-HTTP-Negotiate-6.01' from 'https://cache.nixos.org'...
2025-10-11T05:34:52.8079983Z copying path '/nix/store/x1fj5czgvkx970mia8s5pw2wdh8svpi7-perl5.40.0-IO-Socket-SSL-2.083' from 'https://cache.nixos.org'...
2025-10-11T05:34:52.8131758Z copying path '/nix/store/6mws05acwdg4bszr7ydw0xqsln100fyd-perl5.40.0-CGI-4.59' from 'https://cache.nixos.org'...
2025-10-11T05:34:52.8139814Z copying path '/nix/store/a19f8pnvpr1w0rx9mzlwk3k5jclvxw1i-perl5.40.0-TermReadKey-2.38' from 'https://cache.nixos.org'...
2025-10-11T05:34:52.8196477Z copying path '/nix/store/xam5b9xk11767mz35dc9i5gcmy9ggsaf-popt-1.19' from 'https://cache.nixos.org'...
2025-10-11T05:34:52.8235562Z copying path '/nix/store/1l2x502h3j9bkp2ln3axm9qp70ibg7a1-qrencode-4.1.1' from 'https://cache.nixos.org'...
2025-10-11T05:34:52.8250960Z copying path '/nix/store/a40dknaj09sydm5xwaszkbiy9kz32z04-perl5.40.0-Net-SMTP-SSL-1.04' from 'https://cache.nixos.org'...
2025-10-11T05:34:52.8303336Z copying path '/nix/store/27w9471dci5kav3i7mp9v9rkxf8349bk-perl5.40.0-CGI-Fast-2.16' from 'https://cache.nixos.org'...
2025-10-11T05:34:52.8320975Z copying path '/nix/store/zl2k2ayhk22q2s6pvgm7qb8f07zzhq6p-readline-8.2p13' from 'https://cache.nixos.org'...
2025-10-11T05:34:52.8337617Z copying path '/nix/store/108m21xq9gp0j1m2paxa8zfbvhvvb2s5-rootlesskit-2.3.5' from 'https://cache.nixos.org'...
2025-10-11T05:34:52.8428405Z copying path '/nix/store/v03zr9slrp64psxlpwh7gn0m5gcdglwm-systemd-minimal-libs-257.5' from 'https://cache.nixos.org'...
2025-10-11T05:34:52.8516044Z copying path '/nix/store/bmjb20jhxkq881f43pd264240sp677an-krb5-1.21.3-lib' from 'https://cache.nixos.org'...
2025-10-11T05:34:52.8633966Z copying path '/nix/store/bmckdjhp1cn78n4md1m55zglpqxwijj3-libtpms-0.10.0' from 'https://cache.nixos.org'...
2025-10-11T05:34:52.8752592Z copying path '/nix/store/94lg0shvsfc845zy8gnflvpqxxiyijbz-bash-interactive-5.2p37' from 'https://cache.nixos.org'...
2025-10-11T05:34:52.8898851Z copying path '/nix/store/66ld17ifbjz63firjjv88aydxsc3rcs6-less-668' from 'https://cache.nixos.org'...
2025-10-11T05:34:52.8952585Z copying path '/nix/store/2pvhq9kgqh5669qj6805vpasngivad8h-lvm2-2.03.31-lib' from 'https://cache.nixos.org'...
2025-10-11T05:34:52.9017541Z copying path '/nix/store/971mpk4nqhqcxggx0yi60w9y1ya570bj-readline-8.2p13' from 'https://cache.nixos.org'...
2025-10-11T05:34:52.9042696Z copying path '/nix/store/8y5hcryppj548yfx6akiw93qrw8zv6js-unbound-1.23.0-lib' from 'https://cache.nixos.org'...
2025-10-11T05:34:52.9106459Z copying path '/nix/store/675r4l9rpmaxdanw0i48z4n7gzchngv7-util-linux-minimal-2.41-login' from 'https://cache.nixos.org'...
2025-10-11T05:34:52.9172140Z copying path '/nix/store/dqcl4f3r1z7ck24rh9dw2i6506g7wky5-which-2.23' from 'https://cache.nixos.org'...
2025-10-11T05:34:52.9178497Z copying path '/nix/store/1q9lw4r2mbap8rsr8cja46nap6wvrw2p-bash-interactive-5.2p37' from 'https://cache.nixos.org'...
2025-10-11T05:34:52.9249610Z copying path '/nix/store/5cgz47djisig1mkcbm6m4lzlchkvrx9n-xfsprogs-6.13.0' from 'https://cache.nixos.org'...
2025-10-11T05:34:52.9251895Z copying path '/nix/store/a232zjl9jnmhq56hfr5n5lz4qg5fpb83-xxHash-0.8.3' from 'https://cache.nixos.org'...
2025-10-11T05:34:52.9264096Z copying path '/nix/store/nm296vfrn2hqrb6yisablznknp9p7hx9-xz-5.8.1' from 'https://cache.nixos.org'...
2025-10-11T05:34:52.9388712Z copying path '/nix/store/pa60s415p92gnhv5ffz1bmfgzzfvhvd8-xz-5.8.1' from 'https://cache.nixos.org'...
2025-10-11T05:34:52.9459094Z copying path '/nix/store/kflpx5ihql91daz6qmgp6bg477aip48z-yq-go-4.45.4' from 'https://cache.nixos.org'...
2025-10-11T05:34:52.9467398Z copying path '/nix/store/srby6wmvg7dp454pwb6qvaxdiri38sc1-zlib-1.3.1' from 'https://cache.nixos.org'...
2025-10-11T05:34:52.9549199Z copying path '/nix/store/vx438ll7xvv9q5ns8mqpphsg2dxg9yi9-zlib-1.3.1' from 'https://cache.nixos.org'...
2025-10-11T05:34:52.9579857Z copying path '/nix/store/a7h3ly9qzh8wk1vsycpdk69xp82dl5ry-cracklib-2.10.0' from 'https://cache.nixos.org'...
2025-10-11T05:34:52.9622917Z copying path '/nix/store/4f7ssdb8qgaajl4pr1s1p77r51qsrb8y-kexec-tools-2.0.29' from 'https://cache.nixos.org'...
2025-10-11T05:34:52.9671677Z copying path '/nix/store/5f0bv68v1sjrp4pnr8c6p7k04271659w-libfido2-1.15.0' from 'https://cache.nixos.org'...
2025-10-11T05:34:52.9731478Z copying path '/nix/store/9642gi5dl4w9nkhab0l6xry685cg403c-libssh2-1.11.1' from 'https://cache.nixos.org'...
2025-10-11T05:34:52.9787315Z copying path '/nix/store/y6w3rwlym1mlpcysn6l7r5vbdmf9irf1-libssh2-1.11.1' from 'https://cache.nixos.org'...
2025-10-11T05:34:52.9918564Z copying path '/nix/store/gy10hw004rl2xfbfq41vnw0yb1w8rvbl-perl-5.40.0' from 'https://cache.nixos.org'...
2025-10-11T05:34:52.9921939Z copying path '/nix/store/yfjzkkkyxcalyj7l1n4d4y6s81i65hmy-sqlite-3.48.0' from 'https://cache.nixos.org'...
2025-10-11T05:34:52.9928069Z copying path '/nix/store/x5mzmqjvmiz6ydabfwhvv0mrimln4k3l-sqlite-3.50.1' from 'https://cache.nixos.org'...
2025-10-11T05:34:53.0126668Z copying path '/nix/store/98zamhd8d0jq3skqwz28dlgph94mrqir-xz-5.8.1-bin' from 'https://cache.nixos.org'...
2025-10-11T05:34:53.0248270Z copying path '/nix/store/mzvz45f54a0r0zjjygvlzn6pidfkkwj3-audit-4.0.3-lib' from 'https://cache.nixos.org'...
2025-10-11T05:34:53.0253318Z copying path '/nix/store/jn8rvwixndyhk3ilibx8n7sx49fa34hy-direnv-2.36.0' from 'https://cache.nixos.org'...
2025-10-11T05:34:53.0384994Z copying path '/nix/store/yba197xwc8vvxv9wmcrs9bngmmgp5njb-gnutls-3.8.9' from 'https://cache.nixos.org'...
2025-10-11T05:34:53.0504084Z copying path '/nix/store/vrdwlbzr74ibnzcli2yl1nxg9jqmr237-linux-pam-1.6.1' from 'https://cache.nixos.org'...
2025-10-11T05:34:53.0557250Z copying path '/nix/store/fh6wv6kip1g88navqlpb3996xgbdlq75-util-linux-minimal-2.41-lib' from 'https://cache.nixos.org'...
2025-10-11T05:34:53.0815557Z copying path '/nix/store/5c38fjjwfnlfjiiq62qyrr545q0n60ki-util-linux-2.41-lib' from 'https://cache.nixos.org'...
2025-10-11T05:34:53.0925726Z copying path '/nix/store/r03ly1w54924k8fag1dhjl3yrllj6czd-util-linux-minimal-2.41-lib' from 'https://cache.nixos.org'...
2025-10-11T05:34:53.1010540Z copying path '/nix/store/sd81bvmch7njdpwx3lkjslixcbj5mivz-python3-3.13.4' from 'https://cache.nixos.org'...
2025-10-11T05:34:53.1095270Z copying path '/nix/store/8qn6wbzq5z8kz5gsc7bzr32mrb301vd8-zlib-ng-2.2.4' from 'https://cache.nixos.org'...
2025-10-11T05:34:53.1154168Z copying path '/nix/store/1dxfw2zshri809ddyfqllvff3cfj96ma-libmicrohttpd-1.0.1' from 'https://cache.nixos.org'...
2025-10-11T05:34:53.1181631Z copying path '/nix/store/k8asbblj2xn748rslklcll68b4ygh2am-zlib-ng-2.2.4' from 'https://cache.nixos.org'...
2025-10-11T05:34:53.1195731Z copying path '/nix/store/dk55smr7wdjad151r7cv1pln0winqq9x-tcb-1.2' from 'https://cache.nixos.org'...
2025-10-11T05:34:53.1203691Z copying path '/nix/store/and18rawgmwws8l2favbjr5wm31jnr4a-zstd-1.5.7' from 'https://cache.nixos.org'...
2025-10-11T05:34:53.1273444Z copying path '/nix/store/fn4h9j0pdyal9i91pd4yfjqy5jsrl8kf-docker-plugins' from 'https://cache.nixos.org'...
2025-10-11T05:34:53.1299399Z copying path '/nix/store/d8vq999dg607ha6718fimpakacfax0gd-zstd-1.5.7' from 'https://cache.nixos.org'...
2025-10-11T05:34:53.1321315Z copying path '/nix/store/b895xnbwyfj1msj6ljcsvwfdhwqhd2vd-shadow-4.17.4' from 'https://cache.nixos.org'...
2025-10-11T05:34:53.1340901Z copying path '/nix/store/m4w8d2h3v76anng7s9cv9c1iq9w6y2jj-cryptsetup-2.7.5' from 'https://cache.nixos.org'...
2025-10-11T05:34:53.1343009Z copying path '/nix/store/jf0v9bq4dlk56acbkpq6i84zwjg4g466-e2fsprogs-1.47.2' from 'https://cache.nixos.org'...
2025-10-11T05:34:53.1636752Z copying path '/nix/store/bkpj51fz88rbyjd60i6lrp0xdax1b24g-glib-2.84.1' from 'https://cache.nixos.org'...
2025-10-11T05:34:53.1660915Z copying path '/nix/store/v578vkzh0qhzczjvrzf64lqb2c74d5pk-curl-8.13.0' from 'https://cache.nixos.org'...
2025-10-11T05:34:53.1717940Z copying path '/nix/store/frlckg2m2sf0gs8g5pqkryddbpy6qcz1-curl-8.14.1' from 'https://cache.nixos.org'...
2025-10-11T05:34:53.1747156Z copying path '/nix/store/qvyvscqgr6vyqvmjdgxqa521myv5db0p-kmod-31' from 'https://cache.nixos.org'...
2025-10-11T05:34:53.1970253Z copying path '/nix/store/89bxhx3rhk6r4d5fvwaysrykpmvmgcnm-kmod-31-lib' from 'https://cache.nixos.org'...
2025-10-11T05:34:53.1972192Z copying path '/nix/store/g91dviqva4rkkw8lw30zy3gj14c1p23s-libarchive-3.7.8-lib' from 'https://cache.nixos.org'...
2025-10-11T05:34:53.2009417Z copying path '/nix/store/8w718rm43x7z73xhw9d6vh8s4snrq67h-python3-3.12.10' from 'https://cache.nixos.org'...
2025-10-11T05:34:53.2050557Z copying path '/nix/store/cx6fbilhj4nmq9dl8c8c73mimm08x60z-e2fsprogs-1.47.2-bin' from 'https://cache.nixos.org'...
2025-10-11T05:34:53.2052486Z copying path '/nix/store/s2np0ri22gq9pq0fnv3yqjsbsbmw16xi-curl-8.13.0-bin' from 'https://cache.nixos.org'...
2025-10-11T05:34:53.2068535Z copying path '/nix/store/cly4pxh7avd579girjmpxmx8z6ad4dyp-elfutils-0.192' from 'https://cache.nixos.org'...
2025-10-11T05:34:53.2077016Z copying path '/nix/store/fwdymc6gxjiwxz54jac0nk97jn8hmavj-git-minimal-2.49.0' from 'https://cache.nixos.org'...
2025-10-11T05:34:53.2211354Z copying path '/nix/store/sb4ml8qjxcr2idzdgjcw2bz11p6nzff4-rsync-3.4.1' from 'https://cache.nixos.org'...
2025-10-11T05:34:53.2371531Z copying path '/nix/store/a885zzx9s5y8dxbfvahwdcwcx6pdzm9q-tpm2-tss-4.1.3' from 'https://cache.nixos.org'...
2025-10-11T05:34:53.2373470Z copying path '/nix/store/agpxymqp96k4bksyz3bbzr5y8jgykf4p-util-linux-minimal-2.41-mount' from 'https://cache.nixos.org'...
2025-10-11T05:34:53.2375574Z copying path '/nix/store/bmmmy3sz3fmlxx64rlw1apm7ffywpyap-libpwquality-1.4.5-lib' from 'https://cache.nixos.org'...
2025-10-11T05:34:53.2419024Z copying path '/nix/store/jws80m7djgv03chq0ylw7vmv3vqsbvgg-util-linux-minimal-2.41-swap' from 'https://cache.nixos.org'...
2025-10-11T05:34:53.2488247Z copying path '/nix/store/i2cwij6lpid3rjbgcjd9grjlgi12df4k-xfsprogs-6.13.0-bin' from 'https://cache.nixos.org'...
2025-10-11T05:34:53.2552079Z copying path '/nix/store/l9xn7mbn0wh0z7swfcfj1n56byvcrisw-zstd-1.5.7-bin' from 'https://cache.nixos.org'...
2025-10-11T05:34:53.2619771Z copying path '/nix/store/1nxchlxi7i0b1nhsyq732al8sm1blywm-util-linux-2.41-login' from 'https://cache.nixos.org'...
2025-10-11T05:34:53.2628352Z copying path '/nix/store/g51ca42mmgxzz7xngf0jzhwd4whi19lj-util-linux-2.41-mount' from 'https://cache.nixos.org'...
2025-10-11T05:34:53.2640901Z copying path '/nix/store/7f3nwfvk0f32663rz1xn38cbsl66idx2-libbpf-1.5.0' from 'https://cache.nixos.org'...
2025-10-11T05:34:53.2761235Z copying path '/nix/store/zma6jllb9xn22i98jy9n8mz3wld9njwk-util-linux-2.41-swap' from 'https://cache.nixos.org'...
2025-10-11T05:34:53.2779532Z copying path '/nix/store/mw6bvyrwv9mk36knn65r80zp8clnw9jl-util-linux-minimal-2.41-bin' from 'https://cache.nixos.org'...
2025-10-11T05:34:53.2806843Z copying path '/nix/store/9r81a64smasyz3j7x3ah684hyzivmplx-kbd-2.7.1' from 'https://cache.nixos.org'...
2025-10-11T05:34:53.3074439Z copying path '/nix/store/bxznmkg59a4s2p559fmbizc2qcgjr3ny-iproute2-6.14.0' from 'https://cache.nixos.org'...
2025-10-11T05:34:53.3839979Z copying path '/nix/store/if9z6wmzmb07j63c02mvfkhn1mw1w5p4-systemd-257.5' from 'https://cache.nixos.org'...
2025-10-11T05:34:53.3933013Z copying path '/nix/store/nmyh57dqf1v6l6swghywkrb63aqmzzh8-fuse-3.16.2' from 'https://cache.nixos.org'...
2025-10-11T05:34:53.3981409Z copying path '/nix/store/6gg4agnliimcb08jqxv5l27rhpa82z36-libslirp-4.9.0' from 'https://cache.nixos.org'...
2025-10-11T05:34:53.4362739Z copying path '/nix/store/9wkllkn2wmycfvca015xar281zhhyz75-fuse-overlayfs-1.15' from 'https://cache.nixos.org'...
2025-10-11T05:34:53.4375967Z copying path '/nix/store/k6bdml4xs4vpzdmzrasyc216bspwgbry-slirp4netns-1.3.2' from 'https://cache.nixos.org'...
2025-10-11T05:34:53.8040596Z copying path '/nix/store/a832zc2rnbc1f8vd9vmsgq3i93anl8jx-perl5.40.0-libwww-perl-6.72' from 'https://cache.nixos.org'...
2025-10-11T05:34:54.0014751Z copying path '/nix/store/x3bxjpkcbfyzmy5695g1cchf04fbz8ca-procps-4.0.4' from 'https://cache.nixos.org'...
2025-10-11T05:34:54.0016574Z copying path '/nix/store/af291yai47szhz3miviwslzrjqky31xw-util-linux-2.41-bin' from 'https://cache.nixos.org'...
2025-10-11T05:34:54.4812746Z copying path '/nix/store/cyljfldxz58crzln1906gwjvy6mb17k0-moby-27.5.1' from 'https://cache.nixos.org'...
2025-10-11T05:34:54.8312552Z copying path '/nix/store/rzqvhv48m3nh8g3j4k6jmz6yqy8apr95-git-2.49.0' from 'https://cache.nixos.org'...
2025-10-11T05:34:54.9499529Z copying path '/nix/store/v2yl5q5jjc0j0zlm8q13raqw4cy455wm-python3.12-awscrt-0.27.2' from 'https://cache.nixos.org'...
2025-10-11T05:34:54.9502171Z copying path '/nix/store/7ndz87ga6x3psjqjvlpbqjhrxmbsfbyf-python3.12-bcdoc-0.16.0' from 'https://cache.nixos.org'...
2025-10-11T05:34:54.9505248Z copying path '/nix/store/3kwiw7c7harnfcfq952cbn35cg90kak1-python3.12-cfgv-3.4.0' from 'https://cache.nixos.org'...
2025-10-11T05:34:54.9507895Z copying path '/nix/store/k6xkvkwfw2yfnannsqh5ynpsfc4cs8fh-python3.12-click-8.1.8' from 'https://cache.nixos.org'...
2025-10-11T05:34:54.9510427Z copying path '/nix/store/4s6v7s7nj29gbhwbm3kx0cx4lybd11ni-python3.12-colorama-0.4.6' from 'https://cache.nixos.org'...
2025-10-11T05:34:54.9512433Z copying path '/nix/store/dh91gj9ngkmxby75xzkjbp6p7359s8m1-python3.12-distlib-0.3.9' from 'https://cache.nixos.org'...
2025-10-11T05:34:54.9514466Z copying path '/nix/store/k88cbrma7v94md2x4m7ry1nw232bwp9h-python3.12-distro-1.9.0' from 'https://cache.nixos.org'...
2025-10-11T05:34:54.9516427Z copying path '/nix/store/6kpw8656qyhv399r0fpm9bsj1bz6glkv-python3.12-docutils-0.21.2' from 'https://cache.nixos.org'...
2025-10-11T05:34:54.9518422Z copying path '/nix/store/s6x7g6258l9adjfb3cps7l4lcc1xwx60-python3.12-filelock-3.18.0' from 'https://cache.nixos.org'...
2025-10-11T05:34:54.9520584Z copying path '/nix/store/03azar32xigbhfcqgn3bilza7v210vl0-python3.12-iniconfig-2.1.0' from 'https://cache.nixos.org'...
2025-10-11T05:34:54.9522579Z copying path '/nix/store/j5cxgy4sp921fnmkadzglzhlkhb2ligs-python3.12-jmespath-1.0.1' from 'https://cache.nixos.org'...
2025-10-11T05:34:54.9524961Z copying path '/nix/store/5rwyx1gb3lv233m3pfbmai9wcr50qzar-python3.12-nodeenv-1.9.1' from 'https://cache.nixos.org'...
2025-10-11T05:34:54.9526981Z copying path '/nix/store/2c08h1gknkfgi3nizd4f9az3b0j4prvx-python3.12-packaging-24.2' from 'https://cache.nixos.org'...
2025-10-11T05:34:54.9582254Z copying path '/nix/store/6vwxbh40if61bbai2d7d98bg224vj7v9-python3.12-platformdirs-4.3.7' from 'https://cache.nixos.org'...
2025-10-11T05:34:54.9593752Z copying path '/nix/store/xzczngigz8y42iiwmiy4ngmq5qzirnxy-python3.12-pluggy-1.5.0' from 'https://cache.nixos.org'...
2025-10-11T05:34:54.9613834Z copying path '/nix/store/mhscxvpf98amzkih54jyhqpw7xx6i5lc-python3.12-pycparser-2.22' from 'https://cache.nixos.org'...
2025-10-11T05:34:54.9621072Z copying path '/nix/store/31639aa7g91847pds9bs1mb3gadw8wgy-python3.12-pyyaml-6.0.2' from 'https://cache.nixos.org'...
2025-10-11T05:34:54.9624276Z copying path '/nix/store/1l032qs88yl08m6dz2f7a6y6fy2qrmr8-python3.12-ruamel-base-1.0.0' from 'https://cache.nixos.org'...
2025-10-11T05:34:54.9628251Z copying path '/nix/store/rc1273x3nbhvgh06jaqsm3j2lnahlz1m-python3.12-ruamel-yaml-clib-0.2.12' from 'https://cache.nixos.org'...
2025-10-11T05:34:54.9637080Z copying path '/nix/store/wjf7xn4zq1xsp6vafh4hs27prkbhpj5g-python3.12-sh-2.2.2' from 'https://cache.nixos.org'...
2025-10-11T05:34:54.9648476Z copying path '/nix/store/d4l0fhhf2l62lqylrszcd1iqxc2cfa7a-python3.12-six-1.17.0' from 'https://cache.nixos.org'...
2025-10-11T05:34:54.9693594Z copying path '/nix/store/96bv60ndk4qwmxhq082hqxiknzmim5x8-python3.12-toml-0.10.2' from 'https://cache.nixos.org'...
2025-10-11T05:34:54.9697661Z copying path '/nix/store/7i1cm8g8i5dbxfwlf4ajfn5piz410025-python3.12-types-python-dateutil-2.9.0.20241206' from 'https://cache.nixos.org'...
2025-10-11T05:34:54.9707967Z copying path '/nix/store/910x3yaj9sbvlm6r30f2dc9kp14vdp72-python3.12-ukkonen-1.0.1' from 'https://cache.nixos.org'...
2025-10-11T05:34:54.9753881Z copying path '/nix/store/b2h9wkm6a0y4djviyn79czar5s611vxw-python3.12-urllib3-1.26.18' from 'https://cache.nixos.org'...
2025-10-11T05:34:54.9773796Z copying path '/nix/store/flh9b1l4y7zmmrik73gcmksvp7win5q2-python3.12-pytest-8.3.5' from 'https://cache.nixos.org'...
2025-10-11T05:34:54.9777227Z copying path '/nix/store/ipg1kn993xyd360fy3zfyvzh64kwjnv3-python3.12-wcwidth-0.2.13' from 'https://cache.nixos.org'...
2025-10-11T05:34:54.9780825Z copying path '/nix/store/2r0b4sf7wm492bf8xw5pfxpwplw44zmm-python3.12-ruamel-yaml-0.18.10' from 'https://cache.nixos.org'...
2025-10-11T05:34:54.9784436Z copying path '/nix/store/m6q0wddfkiv75wki5whp70fzgg8jcnp2-python3.12-zipp-3.21.0' from 'https://cache.nixos.org'...
2025-10-11T05:34:54.9787948Z copying path '/nix/store/rkiwblyzvgdjgwc5hlsfjd1xmnh89gqa-python3.12-python-dateutil-2.8.2' from 'https://cache.nixos.org'...
2025-10-11T05:34:54.9796132Z copying path '/nix/store/93qfylm4lmdla0vb80jkz6nmlr969gm0-python3.12-python-dateutil-2.9.0.post0' from 'https://cache.nixos.org'...
2025-10-11T05:34:54.9798287Z copying path '/nix/store/xwq30l8qvb9qjx6hx0j4zp1yh3axirbq-python3.12-virtualenv-20.30.0' from 'https://cache.nixos.org'...
2025-10-11T05:34:54.9907849Z copying path '/nix/store/w56z2iwqp4c3k0bx1rnh2kkmh8jysk48-python3.12-cffi-1.17.1' from 'https://cache.nixos.org'...
2025-10-11T05:34:54.9912217Z copying path '/nix/store/72vfnr2kgpgf2l4dbjky21bmv68anja5-python3.12-prompt-toolkit-3.0.50' from 'https://cache.nixos.org'...
2025-10-11T05:34:55.0232903Z copying path '/nix/store/mwmci7a9a8sbi787w3an4b72i00gn9g7-python3.12-botocore-1.36.21' from 'https://cache.nixos.org'...
2025-10-11T05:34:55.0235157Z copying path '/nix/store/vg7494b4p4if8a126w3ickkphc559idb-python3.12-cryptography-44.0.2' from 'https://cache.nixos.org'...
2025-10-11T05:34:55.0237212Z copying path '/nix/store/hss89a8gn26r25gk4w7sabchxy4zqxcz-python3.12-editdistance-s-1.0.0' from 'https://cache.nixos.org'...
2025-10-11T05:34:55.0543541Z copying path '/nix/store/cfw9aynxyv7s5qq35g8zqw1m34z2zfgl-pytest-check-hook' from 'https://cache.nixos.org'...
2025-10-11T05:34:55.0593884Z copying path '/nix/store/znvp9z2gcgglv0fb8yr8lldcw9v7pv1s-python3.12-identify-2.6.12' from 'https://cache.nixos.org'...
2025-10-11T05:34:55.0600441Z copying path '/nix/store/rm2vlz7cfn8spdfsfsn224z3y1jd986l-python3.12-arrow-1.3.0' from 'https://cache.nixos.org'...
2025-10-11T05:34:55.0808166Z copying path '/nix/store/kqhwyk3c40w5bpli2spbh49l407604dm-gitlint-0.19.1' from 'https://cache.nixos.org'...
2025-10-11T05:34:55.1337161Z copying path '/nix/store/1grwmkj3qf897wgxycyymip87i9cvk29-pre-commit-4.0.1' from 'https://cache.nixos.org'...
2025-10-11T05:34:55.8647151Z copying path '/nix/store/gx3hx0b3lbm11sishxl4k7a7ha4w405q-awscli2-2.27.2' from 'https://cache.nixos.org'...
2025-10-11T05:34:56.1783123Z copying path '/nix/store/6j9mml5qqxd5z9kdzrqmkz85g1cqnxp5-docker-27.5.1' from 'https://cache.nixos.org'...
2025-10-11T05:35:30.5586086Z Packages installed!
2025-10-11T05:35:30.5764231Z ##[group]Run docker/login-action@v3
2025-10-11T05:35:30.5765478Z with:
2025-10-11T05:35:30.5766469Z   username: ***
2025-10-11T05:35:30.5767390Z   password: ***
2025-10-11T05:35:30.5768289Z   logout: true
2025-10-11T05:35:30.5769268Z env:
2025-10-11T05:35:30.5770096Z   TMPDIR: /home/runner/_work/_temp
2025-10-11T05:35:30.5771248Z   NIX_PROFILES: /nix/var/nix/profiles/default /home/runner/.nix-profile
2025-10-11T05:35:30.5772458Z   NIX_SSL_CERT_FILE: /etc/ssl/certs/ca-certificates.crt
2025-10-11T05:35:30.5773610Z   latest_version: 0.16.0
2025-10-11T05:35:30.5774494Z   nix_version: 2.31.2
2025-10-11T05:35:30.5787977Z ##[endgroup]
2025-10-11T05:35:30.9287605Z Logging into docker.io...
2025-10-11T05:35:31.6230500Z Login Succeeded!
2025-10-11T05:35:31.6353425Z ##[group]Run devbox run make list-images && cat images.txt
2025-10-11T05:35:31.6354696Z [36;1mdevbox run make list-images && cat images.txt[0m
2025-10-11T05:35:31.6368130Z shell: /usr/bin/bash -e {0}
2025-10-11T05:35:31.6369145Z env:
2025-10-11T05:35:31.6370024Z   TMPDIR: /home/runner/_work/_temp
2025-10-11T05:35:31.6371194Z   NIX_PROFILES: /nix/var/nix/profiles/default /home/runner/.nix-profile
2025-10-11T05:35:31.6372527Z   NIX_SSL_CERT_FILE: /etc/ssl/certs/ca-certificates.crt
2025-10-11T05:35:31.6373622Z   latest_version: 0.16.0
2025-10-11T05:35:31.6374511Z   nix_version: 2.31.2
2025-10-11T05:35:31.6375391Z ##[endgroup]
2025-10-11T05:35:31.6858857Z Info: Running script "make" on /home/runner/_work/kommander-applications/kommander-applications
2025-10-11T05:35:40.9252835Z 2025-10-11 05:35:40 WRN Skipping directory that doesn't adhere to semver convention: cert-manager/bootstrap, error: Invalid Semantic Version
2025-10-11T05:35:40.9293993Z 2025-10-11 05:35:40 WRN Skipping directory that doesn't adhere to semver convention: gatekeeper/bootstrap, error: Invalid Semantic Version
2025-10-11T05:35:40.9345589Z 2025-10-11 05:35:40 WRN Skipping directory that doesn't adhere to semver convention: kommander/charts, error: Invalid Semantic Version
2025-10-11T05:35:40.9831801Z 2025-10-11 05:35:40 INF  • Validating metadata.yaml for ai-navigator-app/0.5.1...
2025-10-11T05:35:40.9835016Z  ✓ Validating metadata.yaml for ai-navigator-app/0.5.1
2025-10-11T05:35:41.4403435Z 2025-10-11 05:35:41 INF  • K8s [1.32.8 1.33.2 1.34.1]: Parsing resources...
2025-10-11T05:35:48.9162371Z 2025-10-11 05:35:48 INF  ✓ K8s [1.32.8 1.33.2 1.34.1]: Parsing resources
2025-10-11T05:35:48.9163612Z 2025-10-11 05:35:48 INF  • K8s v1.32.8: Validating...
2025-10-11T05:35:49.1839864Z 2025-10-11 05:35:49 INF  ✓ K8s v1.32.8: Validating
2025-10-11T05:35:49.1841523Z 2025-10-11 05:35:49 INF  • K8s v1.33.2: Validating...
2025-10-11T05:35:49.4707550Z 2025-10-11 05:35:49 INF  ✓ K8s v1.33.2: Validating
2025-10-11T05:35:49.4709805Z 2025-10-11 05:35:49 INF  • K8s v1.34.1: Validating...
2025-10-11T05:35:49.7556622Z 2025-10-11 05:35:49 INF  ✓ K8s v1.34.1: Validating
2025-10-11T05:35:49.7889443Z 2025-10-11 05:35:49 INF  • Validating metadata.yaml for ai-navigator-cluster-info-agent/0.4.1...
2025-10-11T05:35:49.7894622Z  ✓ Validating metadata.yaml for ai-navigator-cluster-info-agent/0.4.1
2025-10-11T05:35:49.7995264Z 2025-10-11 05:35:49 INF  • K8s [1.32.8 1.33.2 1.34.1]: Parsing resources...
2025-10-11T05:35:56.3161713Z 2025-10-11 05:35:56 INF  ✓ K8s [1.32.8 1.33.2 1.34.1]: Parsing resources
2025-10-11T05:35:56.3166239Z 2025-10-11 05:35:56 INF  • K8s v1.32.8: Validating...
2025-10-11T05:35:56.6001044Z 2025-10-11 05:35:56 INF  ✓ K8s v1.32.8: Validating
2025-10-11T05:35:56.6003145Z 2025-10-11 05:35:56 INF  • K8s v1.33.2: Validating...
2025-10-11T05:35:56.9096318Z 2025-10-11 05:35:56 INF  ✓ K8s v1.33.2: Validating
2025-10-11T05:35:56.9098223Z 2025-10-11 05:35:56 INF  • K8s v1.34.1: Validating...
2025-10-11T05:35:57.2232844Z 2025-10-11 05:35:57 INF  ✓ K8s v1.34.1: Validating
2025-10-11T05:35:57.2566131Z 2025-10-11 05:35:57 INF  • Validating metadata.yaml for ai-navigator-rag/0.7.3...
2025-10-11T05:35:57.2572810Z  ✓ Validating metadata.yaml for ai-navigator-rag/0.7.3
2025-10-11T05:35:57.2640916Z 2025-10-11 05:35:57 INF  • K8s [1.32.8 1.33.2 1.34.1]: Parsing resources...
2025-10-11T05:36:02.6909036Z 2025-10-11 05:36:02 INF  ✓ K8s [1.32.8 1.33.2 1.34.1]: Parsing resources
2025-10-11T05:36:02.6910958Z 2025-10-11 05:36:02 INF  • K8s v1.32.8: Validating...
2025-10-11T05:36:02.9061178Z 2025-10-11 05:36:02 INF  ✓ K8s v1.32.8: Validating
2025-10-11T05:36:02.9062387Z 2025-10-11 05:36:02 INF  • K8s v1.33.2: Validating...
2025-10-11T05:36:03.1153167Z 2025-10-11 05:36:03 INF  ✓ K8s v1.33.2: Validating
2025-10-11T05:36:03.1155599Z 2025-10-11 05:36:03 INF  • K8s v1.34.1: Validating...
2025-10-11T05:36:03.3339150Z 2025-10-11 05:36:03 INF  ✓ K8s v1.34.1: Validating
2025-10-11T05:36:03.3721185Z 2025-10-11 05:36:03 INF  • Validating metadata.yaml for centralized-grafana/75.16.1...
2025-10-11T05:36:03.3726433Z  ✓ Validating metadata.yaml for centralized-grafana/75.16.1
2025-10-11T05:36:03.3801408Z 2025-10-11 05:36:03 INF  • K8s [1.32.8 1.33.2 1.34.1]: Parsing resources...
2025-10-11T05:36:10.2325135Z 2025-10-11 05:36:10 INF  ✓ K8s [1.32.8 1.33.2 1.34.1]: Parsing resources
2025-10-11T05:36:10.2326898Z 2025-10-11 05:36:10 INF  • K8s v1.32.8: Validating...
2025-10-11T05:36:10.9579368Z 2025-10-11 05:36:10 INF  ✓ K8s v1.32.8: Validating
2025-10-11T05:36:10.9580952Z 2025-10-11 05:36:10 INF  • K8s v1.33.2: Validating...
2025-10-11T05:36:11.1607956Z 2025-10-11 05:36:11 INF  ✓ K8s v1.33.2: Validating
2025-10-11T05:36:11.1609676Z 2025-10-11 05:36:11 INF  • K8s v1.34.1: Validating...
2025-10-11T05:36:11.6000925Z 2025-10-11 05:36:11 INF  ✓ K8s v1.34.1: Validating
2025-10-11T05:36:11.6550681Z 2025-10-11 05:36:11 INF  • Validating metadata.yaml for centralized-opencost/2.2.7...
2025-10-11T05:36:11.6556260Z  ✓ Validating metadata.yaml for centralized-opencost/2.2.7
2025-10-11T05:36:11.6633125Z 2025-10-11 05:36:11 INF  • K8s [1.32.8 1.33.2 1.34.1]: Parsing resources...
2025-10-11T05:36:17.0838416Z 2025-10-11 05:36:17 INF  ✓ K8s [1.32.8 1.33.2 1.34.1]: Parsing resources
2025-10-11T05:36:17.0839869Z 2025-10-11 05:36:17 INF  • K8s v1.32.8: Validating...
2025-10-11T05:36:17.2943834Z 2025-10-11 05:36:17 INF  ✓ K8s v1.32.8: Validating
2025-10-11T05:36:17.2945753Z 2025-10-11 05:36:17 INF  • K8s v1.33.2: Validating...
2025-10-11T05:36:17.4743744Z 2025-10-11 05:36:17 INF  ✓ K8s v1.33.2: Validating
2025-10-11T05:36:17.4744998Z 2025-10-11 05:36:17 INF  • K8s v1.34.1: Validating...
2025-10-11T05:36:17.6685529Z 2025-10-11 05:36:17 INF  ✓ K8s v1.34.1: Validating
2025-10-11T05:36:17.7023957Z 2025-10-11 05:36:17 INF  • Validating metadata.yaml for cert-manager/1.17.2...
2025-10-11T05:36:17.7035554Z  ✓ Validating metadata.yaml for cert-manager/1.17.2
2025-10-11T05:36:17.7107061Z 2025-10-11 05:36:17 INF  • K8s [1.32.8 1.33.2 1.34.1]: Parsing resources...
2025-10-11T05:36:24.3966117Z 2025-10-11 05:36:24 INF  ✓ K8s [1.32.8 1.33.2 1.34.1]: Parsing resources
2025-10-11T05:36:24.3969038Z 2025-10-11 05:36:24 INF  • K8s v1.32.8: Validating...
2025-10-11T05:36:24.6501803Z 2025-10-11 05:36:24 INF  ✓ K8s v1.32.8: Validating
2025-10-11T05:36:24.6504209Z 2025-10-11 05:36:24 INF  • K8s v1.33.2: Validating...
2025-10-11T05:36:24.9121398Z 2025-10-11 05:36:24 INF  ✓ K8s v1.33.2: Validating
2025-10-11T05:36:24.9140492Z 2025-10-11 05:36:24 INF  • K8s v1.34.1: Validating...
2025-10-11T05:36:25.1822493Z 2025-10-11 05:36:25 INF  ✓ K8s v1.34.1: Validating
2025-10-11T05:36:25.2189039Z 2025-10-11 05:36:25 INF  • Validating metadata.yaml for chartmuseum/3.10.4...
2025-10-11T05:36:25.2193052Z  ✓ Validating metadata.yaml for chartmuseum/3.10.4
2025-10-11T05:36:25.2263866Z 2025-10-11 05:36:25 INF  • K8s [1.32.8 1.33.2 1.34.1]: Parsing resources...
2025-10-11T05:36:30.7672368Z 2025-10-11 05:36:30 INF  ✓ K8s [1.32.8 1.33.2 1.34.1]: Parsing resources
2025-10-11T05:36:30.7673738Z 2025-10-11 05:36:30 INF  • K8s v1.32.8: Validating...
2025-10-11T05:36:30.9512085Z 2025-10-11 05:36:30 INF  ✓ K8s v1.32.8: Validating
2025-10-11T05:36:30.9513351Z 2025-10-11 05:36:30 INF  • K8s v1.33.2: Validating...
2025-10-11T05:36:31.1414388Z 2025-10-11 05:36:31 INF  ✓ K8s v1.33.2: Validating
2025-10-11T05:36:31.1415662Z 2025-10-11 05:36:31 INF  • K8s v1.34.1: Validating...
2025-10-11T05:36:31.3446868Z 2025-10-11 05:36:31 INF  ✓ K8s v1.34.1: Validating
2025-10-11T05:36:31.3801931Z 2025-10-11 05:36:31 INF  • Validating metadata.yaml for cilium-hubble-relay-traefik/0.0.4...
2025-10-11T05:36:31.3810411Z  ✓ Validating metadata.yaml for cilium-hubble-relay-traefik/0.0.4
2025-10-11T05:36:31.3881177Z 2025-10-11 05:36:31 INF  • K8s [1.32.8 1.33.2 1.34.1]: Parsing resources...
2025-10-11T05:36:36.6862572Z 2025-10-11 05:36:36 INF  ✓ K8s [1.32.8 1.33.2 1.34.1]: Parsing resources
2025-10-11T05:36:36.6863976Z 2025-10-11 05:36:36 INF  • K8s v1.32.8: Validating...
2025-10-11T05:36:36.7724239Z 2025-10-11 05:36:36 INF  ✓ K8s v1.32.8: Validating
2025-10-11T05:36:36.7725835Z 2025-10-11 05:36:36 INF  • K8s v1.33.2: Validating...
2025-10-11T05:36:36.8612158Z 2025-10-11 05:36:36 INF  ✓ K8s v1.33.2: Validating
2025-10-11T05:36:36.8613401Z 2025-10-11 05:36:36 INF  • K8s v1.34.1: Validating...
2025-10-11T05:36:36.9465345Z 2025-10-11 05:36:36 INF  ✓ K8s v1.34.1: Validating
2025-10-11T05:36:36.9804405Z 2025-10-11 05:36:36 INF  • Validating metadata.yaml for cloudnative-pg/0.24.0...
2025-10-11T05:36:36.9812095Z  ✓ Validating metadata.yaml for cloudnative-pg/0.24.0
2025-10-11T05:36:36.9888272Z 2025-10-11 05:36:36 INF  • K8s [1.32.8 1.33.2 1.34.1]: Parsing resources...
2025-10-11T05:36:43.0169807Z 2025-10-11 05:36:43 INF  ✓ K8s [1.32.8 1.33.2 1.34.1]: Parsing resources
2025-10-11T05:36:43.0171236Z 2025-10-11 05:36:43 INF  • K8s v1.32.8: Validating...
2025-10-11T05:36:43.2256683Z 2025-10-11 05:36:43 INF  ✓ K8s v1.32.8: Validating
2025-10-11T05:36:43.2258017Z 2025-10-11 05:36:43 INF  • K8s v1.33.2: Validating...
2025-10-11T05:36:43.4120270Z 2025-10-11 05:36:43 INF  ✓ K8s v1.33.2: Validating
2025-10-11T05:36:43.4121566Z 2025-10-11 05:36:43 INF  • K8s v1.34.1: Validating...
2025-10-11T05:36:43.6136013Z 2025-10-11 05:36:43 INF  ✓ K8s v1.34.1: Validating
2025-10-11T05:36:43.6504659Z 2025-10-11 05:36:43 INF  • Validating metadata.yaml for cosi-driver-nutanix/0.6.0...
2025-10-11T05:36:43.6529507Z  ✓ Validating metadata.yaml for cosi-driver-nutanix/0.6.0
2025-10-11T05:36:43.6607951Z 2025-10-11 05:36:43 INF  • K8s [1.32.8 1.33.2 1.34.1]: Parsing resources...
2025-10-11T05:36:49.0656768Z 2025-10-11 05:36:49 INF  ✓ K8s [1.32.8 1.33.2 1.34.1]: Parsing resources
2025-10-11T05:36:49.0658052Z 2025-10-11 05:36:49 INF  • K8s v1.32.8: Validating...
2025-10-11T05:36:49.2656836Z 2025-10-11 05:36:49 INF  ✓ K8s v1.32.8: Validating
2025-10-11T05:36:49.2658019Z 2025-10-11 05:36:49 INF  • K8s v1.33.2: Validating...
2025-10-11T05:36:49.4773521Z 2025-10-11 05:36:49 INF  ✓ K8s v1.33.2: Validating
2025-10-11T05:36:49.4774774Z 2025-10-11 05:36:49 INF  • K8s v1.34.1: Validating...
2025-10-11T05:36:49.7022981Z 2025-10-11 05:36:49 INF  ✓ K8s v1.34.1: Validating
2025-10-11T05:36:49.7343268Z 2025-10-11 05:36:49 INF  • Validating metadata.yaml for dex/2.14.3...
2025-10-11T05:36:49.7347056Z  ✓ Validating metadata.yaml for dex/2.14.3
2025-10-11T05:36:49.7421419Z 2025-10-11 05:36:49 INF  • K8s [1.32.8 1.33.2 1.34.1]: Parsing resources...
2025-10-11T05:36:55.1415005Z 2025-10-11 05:36:55 INF  ✓ K8s [1.32.8 1.33.2 1.34.1]: Parsing resources
2025-10-11T05:36:55.1416300Z 2025-10-11 05:36:55 INF  • K8s v1.32.8: Validating...
2025-10-11T05:36:55.3867402Z 2025-10-11 05:36:55 INF  ✓ K8s v1.32.8: Validating
2025-10-11T05:36:55.3868553Z 2025-10-11 05:36:55 INF  • K8s v1.33.2: Validating...
2025-10-11T05:36:55.6424611Z 2025-10-11 05:36:55 INF  ✓ K8s v1.33.2: Validating
2025-10-11T05:36:55.6425722Z 2025-10-11 05:36:55 INF  • K8s v1.34.1: Validating...
2025-10-11T05:36:55.8920983Z 2025-10-11 05:36:55 INF  ✓ K8s v1.34.1: Validating
2025-10-11T05:36:55.9250940Z 2025-10-11 05:36:55 INF  • Validating metadata.yaml for dex-k8s-authenticator/1.4.6...
2025-10-11T05:36:55.9255153Z  ✓ Validating metadata.yaml for dex-k8s-authenticator/1.4.6
2025-10-11T05:36:55.9324423Z 2025-10-11 05:36:55 INF  • K8s [1.32.8 1.33.2 1.34.1]: Parsing resources...
2025-10-11T05:37:01.4928779Z 2025-10-11 05:37:01 INF  ✓ K8s [1.32.8 1.33.2 1.34.1]: Parsing resources
2025-10-11T05:37:01.4930155Z 2025-10-11 05:37:01 INF  • K8s v1.32.8: Validating...
2025-10-11T05:37:01.6858800Z 2025-10-11 05:37:01 INF  ✓ K8s v1.32.8: Validating
2025-10-11T05:37:01.6860167Z 2025-10-11 05:37:01 INF  • K8s v1.33.2: Validating...
2025-10-11T05:37:01.8885455Z 2025-10-11 05:37:01 INF  ✓ K8s v1.33.2: Validating
2025-10-11T05:37:01.8888199Z 2025-10-11 05:37:01 INF  • K8s v1.34.1: Validating...
2025-10-11T05:37:02.1000218Z 2025-10-11 05:37:02 INF  ✓ K8s v1.34.1: Validating
2025-10-11T05:37:02.1400352Z 2025-10-11 05:37:02 INF  • Validating metadata.yaml for external-dns/9.0.0...
2025-10-11T05:37:02.1437604Z  ✓ Validating metadata.yaml for external-dns/9.0.0
2025-10-11T05:37:02.1507388Z 2025-10-11 05:37:02 INF  • K8s [1.32.8 1.33.2 1.34.1]: Parsing resources...
2025-10-11T05:37:07.7638017Z 2025-10-11 05:37:07 INF  ✓ K8s [1.32.8 1.33.2 1.34.1]: Parsing resources
2025-10-11T05:37:07.7639541Z 2025-10-11 05:37:07 INF  • K8s v1.32.8: Validating...
2025-10-11T05:37:07.9438036Z 2025-10-11 05:37:07 INF  ✓ K8s v1.32.8: Validating
2025-10-11T05:37:07.9439483Z 2025-10-11 05:37:07 INF  • K8s v1.33.2: Validating...
2025-10-11T05:37:08.1259121Z 2025-10-11 05:37:08 INF  ✓ K8s v1.33.2: Validating
2025-10-11T05:37:08.1260469Z 2025-10-11 05:37:08 INF  • K8s v1.34.1: Validating...
2025-10-11T05:37:08.3360225Z 2025-10-11 05:37:08 INF  ✓ K8s v1.34.1: Validating
2025-10-11T05:37:08.3731870Z 2025-10-11 05:37:08 INF  • Validating metadata.yaml for external-secrets/0.18.1...
2025-10-11T05:37:08.3739528Z  ✓ Validating metadata.yaml for external-secrets/0.18.1
2025-10-11T05:37:08.3809866Z 2025-10-11 05:37:08 INF  • K8s [1.32.8 1.33.2 1.34.1]: Parsing resources...
2025-10-11T05:37:15.4477137Z 2025-10-11 05:37:15 INF  ✓ K8s [1.32.8 1.33.2 1.34.1]: Parsing resources
2025-10-11T05:37:15.4478391Z 2025-10-11 05:37:15 INF  • K8s v1.32.8: Validating...
2025-10-11T05:37:15.7320242Z 2025-10-11 05:37:15 INF  ✓ K8s v1.32.8: Validating
2025-10-11T05:37:15.7321505Z 2025-10-11 05:37:15 INF  • K8s v1.33.2: Validating...
2025-10-11T05:37:16.0032897Z 2025-10-11 05:37:16 INF  ✓ K8s v1.33.2: Validating
2025-10-11T05:37:16.0034010Z 2025-10-11 05:37:16 INF  • K8s v1.34.1: Validating...
2025-10-11T05:37:16.2785163Z 2025-10-11 05:37:16 INF  ✓ K8s v1.34.1: Validating
2025-10-11T05:37:16.4043642Z 2025-10-11 05:37:16 INF  • Validating metadata.yaml for fluent-bit/0.50.0...
2025-10-11T05:37:16.4049193Z  ✓ Validating metadata.yaml for fluent-bit/0.50.0
2025-10-11T05:37:16.4121050Z 2025-10-11 05:37:16 INF  • K8s [1.32.8 1.33.2 1.34.1]: Parsing resources...
2025-10-11T05:37:21.8505123Z 2025-10-11 05:37:21 INF  ✓ K8s [1.32.8 1.33.2 1.34.1]: Parsing resources
2025-10-11T05:37:21.8506362Z 2025-10-11 05:37:21 INF  • K8s v1.32.8: Validating...
2025-10-11T05:37:22.1735866Z 2025-10-11 05:37:22 INF  ✓ K8s v1.32.8: Validating
2025-10-11T05:37:22.1737000Z 2025-10-11 05:37:22 INF  • K8s v1.33.2: Validating...
2025-10-11T05:37:22.4337230Z 2025-10-11 05:37:22 INF  ✓ K8s v1.33.2: Validating
2025-10-11T05:37:22.4339279Z 2025-10-11 05:37:22 INF  • K8s v1.34.1: Validating...
2025-10-11T05:37:22.6990779Z 2025-10-11 05:37:22 INF  ✓ K8s v1.34.1: Validating
2025-10-11T05:37:22.7413570Z 2025-10-11 05:37:22 INF  • Validating metadata.yaml for gatekeeper/3.19.2...
2025-10-11T05:37:22.7424431Z  ✓ Validating metadata.yaml for gatekeeper/3.19.2
2025-10-11T05:37:22.7503149Z 2025-10-11 05:37:22 INF  • K8s [1.32.8 1.33.2 1.34.1]: Parsing resources...
2025-10-11T05:37:29.4020285Z 2025-10-11 05:37:29 INF  ✓ K8s [1.32.8 1.33.2 1.34.1]: Parsing resources
2025-10-11T05:37:29.4021739Z 2025-10-11 05:37:29 INF  • K8s v1.32.8: Validating...
2025-10-11T05:37:29.6771138Z 2025-10-11 05:37:29 INF  ✓ K8s v1.32.8: Validating
2025-10-11T05:37:29.6772414Z 2025-10-11 05:37:29 INF  • K8s v1.33.2: Validating...
2025-10-11T05:37:29.9494154Z 2025-10-11 05:37:29 INF  ✓ K8s v1.33.2: Validating
2025-10-11T05:37:29.9496294Z 2025-10-11 05:37:29 INF  • K8s v1.34.1: Validating...
2025-10-11T05:37:30.2274452Z 2025-10-11 05:37:30 INF  ✓ K8s v1.34.1: Validating
2025-10-11T05:37:30.2617656Z 2025-10-11 05:37:30 INF  • Validating metadata.yaml for gateway-api-crds/1.9.0...
2025-10-11T05:37:30.2621756Z  ✓ Validating metadata.yaml for gateway-api-crds/1.9.0
2025-10-11T05:37:30.2690407Z 2025-10-11 05:37:30 INF  • K8s [1.32.8 1.33.2 1.34.1]: Parsing resources...
2025-10-11T05:37:36.1708138Z 2025-10-11 05:37:36 INF  ✓ K8s [1.32.8 1.33.2 1.34.1]: Parsing resources
2025-10-11T05:37:36.1709591Z 2025-10-11 05:37:36 INF  • K8s v1.32.8: Validating...
2025-10-11T05:37:36.1892520Z 2025-10-11 05:37:36 INF  ✓ K8s v1.32.8: Validating
2025-10-11T05:37:36.1893599Z 2025-10-11 05:37:36 INF  • K8s v1.33.2: Validating...
2025-10-11T05:37:36.2054574Z 2025-10-11 05:37:36 INF  ✓ K8s v1.33.2: Validating
2025-10-11T05:37:36.2055718Z 2025-10-11 05:37:36 INF  • K8s v1.34.1: Validating...
2025-10-11T05:37:36.2252345Z 2025-10-11 05:37:36 INF  ✓ K8s v1.34.1: Validating
2025-10-11T05:37:36.2605996Z 2025-10-11 05:37:36 INF  • Validating metadata.yaml for git-operator/0.13.11...
2025-10-11T05:37:36.2610744Z  ✓ Validating metadata.yaml for git-operator/0.13.11
2025-10-11T05:37:36.2677970Z 2025-10-11 05:37:36 INF  • K8s [1.32.8 1.33.2 1.34.1]: Parsing resources...
2025-10-11T05:37:40.9144297Z 2025-10-11 05:37:40 INF  ✓ K8s [1.32.8 1.33.2 1.34.1]: Parsing resources
2025-10-11T05:37:40.9149332Z 2025-10-11 05:37:40 INF  • K8s v1.32.8: Validating...
2025-10-11T05:37:41.2340583Z 2025-10-11 05:37:41 INF  ✓ K8s v1.32.8: Validating
2025-10-11T05:37:41.2357415Z 2025-10-11 05:37:41 INF  • K8s v1.33.2: Validating...
2025-10-11T05:37:41.5544531Z 2025-10-11 05:37:41 INF  ✓ K8s v1.33.2: Validating
2025-10-11T05:37:41.5545820Z 2025-10-11 05:37:41 INF  • K8s v1.34.1: Validating...
2025-10-11T05:37:41.8739132Z 2025-10-11 05:37:41 INF  ✓ K8s v1.34.1: Validating
2025-10-11T05:37:41.9168055Z 2025-10-11 05:37:41 INF  • Validating metadata.yaml for grafana-logging/9.3.1...
2025-10-11T05:37:41.9174074Z  ✓ Validating metadata.yaml for grafana-logging/9.3.1
2025-10-11T05:37:41.9245236Z 2025-10-11 05:37:41 INF  • K8s [1.32.8 1.33.2 1.34.1]: Parsing resources...
2025-10-11T05:37:47.6049367Z 2025-10-11 05:37:47 INF  ✓ K8s [1.32.8 1.33.2 1.34.1]: Parsing resources
2025-10-11T05:37:47.6050592Z 2025-10-11 05:37:47 INF  • K8s v1.32.8: Validating...
2025-10-11T05:37:47.8075841Z 2025-10-11 05:37:47 INF  ✓ K8s v1.32.8: Validating
2025-10-11T05:37:47.8077613Z 2025-10-11 05:37:47 INF  • K8s v1.33.2: Validating...
2025-10-11T05:37:48.0099699Z 2025-10-11 05:37:48 INF  ✓ K8s v1.33.2: Validating
2025-10-11T05:37:48.0100907Z 2025-10-11 05:37:48 INF  • K8s v1.34.1: Validating...
2025-10-11T05:37:48.2159398Z 2025-10-11 05:37:48 INF  ✓ K8s v1.34.1: Validating
2025-10-11T05:37:48.2547819Z 2025-10-11 05:37:48 INF  • Validating metadata.yaml for grafana-loki/0.80.4...
2025-10-11T05:37:48.2555013Z  ✓ Validating metadata.yaml for grafana-loki/0.80.4
2025-10-11T05:37:48.2632172Z 2025-10-11 05:37:48 INF  • K8s [1.32.8 1.33.2 1.34.1]: Parsing resources...
2025-10-11T05:37:54.3625084Z 2025-10-11 05:37:54 INF  ✓ K8s [1.32.8 1.33.2 1.34.1]: Parsing resources
2025-10-11T05:37:54.3626298Z 2025-10-11 05:37:54 INF  • K8s v1.32.8: Validating...
2025-10-11T05:37:54.6819922Z 2025-10-11 05:37:54 INF  ✓ K8s v1.32.8: Validating
2025-10-11T05:37:54.9875630Z 2025-10-11 05:37:54 INF  • K8s v1.33.2: Validating...
2025-10-11T05:37:54.9877512Z 2025-10-11 05:37:54 INF  ✓ K8s v1.33.2: Validating
2025-10-11T05:37:54.9878548Z 2025-10-11 05:37:54 INF  • K8s v1.34.1: Validating...
2025-10-11T05:37:55.2982229Z 2025-10-11 05:37:55 INF  ✓ K8s v1.34.1: Validating
2025-10-11T05:37:55.3389208Z 2025-10-11 05:37:55 INF  • Validating metadata.yaml for harbor/1.17.2...
2025-10-11T05:37:55.3398411Z  ✓ Validating metadata.yaml for harbor/1.17.2
2025-10-11T05:37:55.3479881Z 2025-10-11 05:37:55 INF  • K8s [1.32.8 1.33.2 1.34.1]: Parsing resources...
2025-10-11T05:38:04.5150616Z 2025-10-11 05:38:04 INF  ✓ K8s [1.32.8 1.33.2 1.34.1]: Parsing resources
2025-10-11T05:38:04.5152025Z 2025-10-11 05:38:04 INF  • K8s v1.32.8: Validating...
2025-10-11T05:38:04.8806016Z 2025-10-11 05:38:04 INF  ✓ K8s v1.32.8: Validating
2025-10-11T05:38:04.8807318Z 2025-10-11 05:38:04 INF  • K8s v1.33.2: Validating...
2025-10-11T05:38:05.2359667Z 2025-10-11 05:38:05 INF  ✓ K8s v1.33.2: Validating
2025-10-11T05:38:05.2360958Z 2025-10-11 05:38:05 INF  • K8s v1.34.1: Validating...
2025-10-11T05:38:05.6063389Z 2025-10-11 05:38:05 INF  ✓ K8s v1.34.1: Validating
2025-10-11T05:38:05.6871095Z 2025-10-11 05:38:05 INF  • Validating metadata.yaml for istio/1.23.4...
2025-10-11T05:38:05.6875914Z  ✓ Validating metadata.yaml for istio/1.23.4
2025-10-11T05:38:05.6949756Z 2025-10-11 05:38:05 INF  • K8s [1.32.8 1.33.2 1.34.1]: Parsing resources...
2025-10-11T05:38:11.5030415Z 2025-10-11 05:38:11 INF  ✓ K8s [1.32.8 1.33.2 1.34.1]: Parsing resources
2025-10-11T05:38:11.5031780Z 2025-10-11 05:38:11 INF  • K8s v1.32.8: Validating...
2025-10-11T05:38:11.7463182Z 2025-10-11 05:38:11 INF  ✓ K8s v1.32.8: Validating
2025-10-11T05:38:11.7465304Z 2025-10-11 05:38:11 INF  • K8s v1.33.2: Validating...
2025-10-11T05:38:11.9922091Z 2025-10-11 05:38:11 INF  ✓ K8s v1.33.2: Validating
2025-10-11T05:38:11.9923230Z 2025-10-11 05:38:11 INF  • K8s v1.34.1: Validating...
2025-10-11T05:38:12.2411146Z 2025-10-11 05:38:12 INF  ✓ K8s v1.34.1: Validating
2025-10-11T05:38:12.2766488Z 2025-10-11 05:38:12 INF  • Validating metadata.yaml for jaeger/2.57.2...
2025-10-11T05:38:12.2779130Z  ✓ Validating metadata.yaml for jaeger/2.57.2
2025-10-11T05:38:12.2846525Z 2025-10-11 05:38:12 INF  • K8s [1.32.8 1.33.2 1.34.1]: Parsing resources...
2025-10-11T05:38:18.1714966Z 2025-10-11 05:38:18 INF  ✓ K8s [1.32.8 1.33.2 1.34.1]: Parsing resources
2025-10-11T05:38:18.1716336Z 2025-10-11 05:38:18 INF  • K8s v1.32.8: Validating...
2025-10-11T05:38:18.3590505Z 2025-10-11 05:38:18 INF  ✓ K8s v1.32.8: Validating
2025-10-11T05:38:18.3591738Z 2025-10-11 05:38:18 INF  • K8s v1.33.2: Validating...
2025-10-11T05:38:18.5463245Z 2025-10-11 05:38:18 INF  ✓ K8s v1.33.2: Validating
2025-10-11T05:38:18.5465332Z 2025-10-11 05:38:18 INF  • K8s v1.34.1: Validating...
2025-10-11T05:38:18.8397869Z 2025-10-11 05:38:18 INF  ✓ K8s v1.34.1: Validating
2025-10-11T05:38:18.8717582Z 2025-10-11 05:38:18 INF  • Validating metadata.yaml for karma/2.0.8...
2025-10-11T05:38:18.8722218Z  ✓ Validating metadata.yaml for karma/2.0.8
2025-10-11T05:38:18.8791278Z 2025-10-11 05:38:18 INF  • K8s [1.32.8 1.33.2 1.34.1]: Parsing resources...
2025-10-11T05:38:24.5902613Z 2025-10-11 05:38:24 INF  ✓ K8s [1.32.8 1.33.2 1.34.1]: Parsing resources
2025-10-11T05:38:24.5903923Z 2025-10-11 05:38:24 INF  • K8s v1.32.8: Validating...
2025-10-11T05:38:24.7857017Z 2025-10-11 05:38:24 INF  ✓ K8s v1.32.8: Validating
2025-10-11T05:38:24.7858167Z 2025-10-11 05:38:24 INF  • K8s v1.33.2: Validating...
2025-10-11T05:38:24.9740455Z 2025-10-11 05:38:24 INF  ✓ K8s v1.33.2: Validating
2025-10-11T05:38:24.9741588Z 2025-10-11 05:38:24 INF  • K8s v1.34.1: Validating...
2025-10-11T05:38:25.1706222Z 2025-10-11 05:38:25 INF  ✓ K8s v1.34.1: Validating
2025-10-11T05:38:25.2060497Z 2025-10-11 05:38:25 INF  • Validating metadata.yaml for karma-traefik/0.0.3...
2025-10-11T05:38:25.2064748Z  ✓ Validating metadata.yaml for karma-traefik/0.0.3
2025-10-11T05:38:25.2134651Z 2025-10-11 05:38:25 INF  • K8s [1.32.8 1.33.2 1.34.1]: Parsing resources...
2025-10-11T05:38:30.8025941Z 2025-10-11 05:38:30 INF  ✓ K8s [1.32.8 1.33.2 1.34.1]: Parsing resources
2025-10-11T05:38:30.8028063Z 2025-10-11 05:38:30 INF  • K8s v1.32.8: Validating...
2025-10-11T05:38:31.0781019Z 2025-10-11 05:38:31 INF  ✓ K8s v1.32.8: Validating
2025-10-11T05:38:31.0782918Z 2025-10-11 05:38:31 INF  • K8s v1.33.2: Validating...
2025-10-11T05:38:31.1688970Z 2025-10-11 05:38:31 INF  ✓ K8s v1.33.2: Validating
2025-10-11T05:38:31.1690989Z 2025-10-11 05:38:31 INF  • K8s v1.34.1: Validating...
2025-10-11T05:38:31.2553500Z 2025-10-11 05:38:31 INF  ✓ K8s v1.34.1: Validating
2025-10-11T05:38:31.2930014Z 2025-10-11 05:38:31 INF  • Validating metadata.yaml for kiali/2.14.0...
2025-10-11T05:38:31.2975897Z  ✓ Validating metadata.yaml for kiali/2.14.0
2025-10-11T05:38:31.3047839Z 2025-10-11 05:38:31 INF  • K8s [1.32.8 1.33.2 1.34.1]: Parsing resources...
2025-10-11T05:38:36.8567574Z 2025-10-11 05:38:36 INF  ✓ K8s [1.32.8 1.33.2 1.34.1]: Parsing resources
2025-10-11T05:38:36.8570719Z 2025-10-11 05:38:36 INF  • K8s v1.32.8: Validating...
2025-10-11T05:38:37.0456823Z 2025-10-11 05:38:37 INF  ✓ K8s v1.32.8: Validating
2025-10-11T05:38:37.0458129Z 2025-10-11 05:38:37 INF  • K8s v1.33.2: Validating...
2025-10-11T05:38:37.2355418Z 2025-10-11 05:38:37 INF  ✓ K8s v1.33.2: Validating
2025-10-11T05:38:37.2356671Z 2025-10-11 05:38:37 INF  • K8s v1.34.1: Validating...
2025-10-11T05:38:37.4345876Z 2025-10-11 05:38:37 INF  ✓ K8s v1.34.1: Validating
2025-10-11T05:38:37.4710187Z 2025-10-11 05:38:37 INF  • Validating metadata.yaml for knative/1.18.1...
2025-10-11T05:38:37.4716343Z  ✓ Validating metadata.yaml for knative/1.18.1
2025-10-11T05:38:37.4790624Z 2025-10-11 05:38:37 INF  • K8s [1.32.8 1.33.2 1.34.1]: Parsing resources...
2025-10-11T05:38:43.6914346Z 2025-10-11 05:38:43 INF  ✓ K8s [1.32.8 1.33.2 1.34.1]: Parsing resources
2025-10-11T05:38:43.6915698Z 2025-10-11 05:38:43 INF  • K8s v1.32.8: Validating...
2025-10-11T05:38:43.9056562Z 2025-10-11 05:38:43 INF  ✓ K8s v1.32.8: Validating
2025-10-11T05:38:43.9057811Z 2025-10-11 05:38:43 INF  • K8s v1.33.2: Validating...
2025-10-11T05:38:44.1192648Z 2025-10-11 05:38:44 INF  ✓ K8s v1.33.2: Validating
2025-10-11T05:38:44.1193897Z 2025-10-11 05:38:44 INF  • K8s v1.34.1: Validating...
2025-10-11T05:38:44.3465796Z 2025-10-11 05:38:44 INF  ✓ K8s v1.34.1: Validating
2025-10-11T05:38:44.3815187Z 2025-10-11 05:38:44 INF  • Validating metadata.yaml for kommander/0.17.0...
2025-10-11T05:38:44.3819458Z  ✓ Validating metadata.yaml for kommander/0.17.0
2025-10-11T05:38:44.3897118Z 2025-10-11 05:38:44 INF  • K8s [1.32.8 1.33.2 1.34.1]: Parsing resources...
2025-10-11T05:38:50.4900537Z 2025-10-11 05:38:50 INF  ✓ K8s [1.32.8 1.33.2 1.34.1]: Parsing resources
2025-10-11T05:38:50.4901928Z 2025-10-11 05:38:50 INF  • K8s v1.32.8: Validating...
2025-10-11T05:38:51.1005004Z 2025-10-11 05:38:51 INF  ✓ K8s v1.32.8: Validating
2025-10-11T05:38:51.1006342Z 2025-10-11 05:38:51 INF  • K8s v1.33.2: Validating...
2025-10-11T05:38:51.5689460Z 2025-10-11 05:38:51 INF  ✓ K8s v1.33.2: Validating
2025-10-11T05:38:51.5690717Z 2025-10-11 05:38:51 INF  • K8s v1.34.1: Validating...
2025-10-11T05:38:52.0670078Z 2025-10-11 05:38:52 INF  ✓ K8s v1.34.1: Validating
2025-10-11T05:38:52.1031528Z 2025-10-11 05:38:52 INF  • Validating metadata.yaml for kommander-appmanagement/0.17.0...
2025-10-11T05:38:52.1035656Z  ✓ Validating metadata.yaml for kommander-appmanagement/0.17.0
2025-10-11T05:38:52.1108002Z 2025-10-11 05:38:52 INF  • K8s [1.32.8 1.33.2 1.34.1]: Parsing resources...
2025-10-11T05:38:57.3568446Z 2025-10-11 05:38:57 INF  ✓ K8s [1.32.8 1.33.2 1.34.1]: Parsing resources
2025-10-11T05:38:57.3569916Z 2025-10-11 05:38:57 INF  • K8s v1.32.8: Validating...
2025-10-11T05:38:57.6151557Z 2025-10-11 05:38:57 INF  ✓ K8s v1.32.8: Validating
2025-10-11T05:38:57.6152814Z 2025-10-11 05:38:57 INF  • K8s v1.33.2: Validating...
2025-10-11T05:38:57.9106904Z 2025-10-11 05:38:57 INF  ✓ K8s v1.33.2: Validating
2025-10-11T05:38:57.9108239Z 2025-10-11 05:38:57 INF  • K8s v1.34.1: Validating...
2025-10-11T05:38:58.1808245Z 2025-10-11 05:38:58 INF  ✓ K8s v1.34.1: Validating
2025-10-11T05:38:58.2223583Z 2025-10-11 05:38:58 INF  • Validating metadata.yaml for kommander-flux/2.6.2...
2025-10-11T05:38:58.2226497Z  ✓ Validating metadata.yaml for kommander-flux/2.6.2
2025-10-11T05:38:58.2304971Z 2025-10-11 05:38:58 INF  • K8s [1.32.8 1.33.2 1.34.1]: Parsing resources...
2025-10-11T05:39:04.6493566Z 2025-10-11 05:39:04 INF  ✓ K8s [1.32.8 1.33.2 1.34.1]: Parsing resources
2025-10-11T05:39:04.6494962Z 2025-10-11 05:39:04 INF  • K8s v1.32.8: Validating...
2025-10-11T05:39:04.9802502Z 2025-10-11 05:39:04 INF  ✓ K8s v1.32.8: Validating
2025-10-11T05:39:04.9803913Z 2025-10-11 05:39:04 INF  • K8s v1.33.2: Validating...
2025-10-11T05:39:05.3054508Z 2025-10-11 05:39:05 INF  ✓ K8s v1.33.2: Validating
2025-10-11T05:39:05.3055888Z 2025-10-11 05:39:05 INF  • K8s v1.34.1: Validating...
2025-10-11T05:39:05.6281675Z 2025-10-11 05:39:05 INF  ✓ K8s v1.34.1: Validating
2025-10-11T05:39:05.6650710Z 2025-10-11 05:39:05 INF  • Validating metadata.yaml for kommander-ui/17.144.0...
2025-10-11T05:39:05.6654151Z  ✓ Validating metadata.yaml for kommander-ui/17.144.0
2025-10-11T05:39:05.6726018Z 2025-10-11 05:39:05 INF  • K8s [1.32.8 1.33.2 1.34.1]: Parsing resources...
2025-10-11T05:39:11.2012861Z 2025-10-11 05:39:11 INF  ✓ K8s [1.32.8 1.33.2 1.34.1]: Parsing resources
2025-10-11T05:39:11.2014227Z 2025-10-11 05:39:11 INF  • K8s v1.32.8: Validating...
2025-10-11T05:39:11.3998145Z 2025-10-11 05:39:11 INF  ✓ K8s v1.32.8: Validating
2025-10-11T05:39:11.3999386Z 2025-10-11 05:39:11 INF  • K8s v1.33.2: Validating...
2025-10-11T05:39:11.5860125Z 2025-10-11 05:39:11 INF  ✓ K8s v1.33.2: Validating
2025-10-11T05:39:11.5862142Z 2025-10-11 05:39:11 INF  • K8s v1.34.1: Validating...
2025-10-11T05:39:11.7862756Z 2025-10-11 05:39:11 INF  ✓ K8s v1.34.1: Validating
2025-10-11T05:39:11.8224839Z 2025-10-11 05:39:11 INF  • Validating metadata.yaml for kube-oidc-proxy/0.3.6...
2025-10-11T05:39:11.8230676Z  ✓ Validating metadata.yaml for kube-oidc-proxy/0.3.6
2025-10-11T05:39:11.8314848Z 2025-10-11 05:39:11 INF  • K8s [1.32.8 1.33.2 1.34.1]: Parsing resources...
2025-10-11T05:39:17.2001508Z 2025-10-11 05:39:17 INF  ✓ K8s [1.32.8 1.33.2 1.34.1]: Parsing resources
2025-10-11T05:39:17.2003145Z 2025-10-11 05:39:17 INF  • K8s v1.32.8: Validating...
2025-10-11T05:39:17.4202940Z 2025-10-11 05:39:17 INF  ✓ K8s v1.32.8: Validating
2025-10-11T05:39:17.4204050Z 2025-10-11 05:39:17 INF  • K8s v1.33.2: Validating...
2025-10-11T05:39:17.6043426Z 2025-10-11 05:39:17 INF  ✓ K8s v1.33.2: Validating
2025-10-11T05:39:17.6044562Z 2025-10-11 05:39:17 INF  • K8s v1.34.1: Validating...
2025-10-11T05:39:17.8027430Z 2025-10-11 05:39:17 INF  ✓ K8s v1.34.1: Validating
2025-10-11T05:39:17.8408898Z 2025-10-11 05:39:17 INF  • Validating metadata.yaml for kube-prometheus-stack/75.16.1...
2025-10-11T05:39:17.8414869Z  ✓ Validating metadata.yaml for kube-prometheus-stack/75.16.1
2025-10-11T05:39:17.8491985Z 2025-10-11 05:39:17 INF  • K8s [1.32.8 1.33.2 1.34.1]: Parsing resources...
2025-10-11T05:39:24.8814414Z 2025-10-11 05:39:24 INF  ✓ K8s [1.32.8 1.33.2 1.34.1]: Parsing resources
2025-10-11T05:39:24.8815732Z 2025-10-11 05:39:24 INF  • K8s v1.32.8: Validating...
2025-10-11T05:39:25.2244701Z 2025-10-11 05:39:25 INF  ✓ K8s v1.32.8: Validating
2025-10-11T05:39:25.2246021Z 2025-10-11 05:39:25 INF  • K8s v1.33.2: Validating...
2025-10-11T05:39:25.6010378Z 2025-10-11 05:39:25 INF  ✓ K8s v1.33.2: Validating
2025-10-11T05:39:25.6011634Z 2025-10-11 05:39:25 INF  • K8s v1.34.1: Validating...
2025-10-11T05:39:25.9806564Z 2025-10-11 05:39:25 INF  ✓ K8s v1.34.1: Validating
2025-10-11T05:39:26.0160754Z 2025-10-11 05:39:26 INF  • Validating metadata.yaml for kubecost/2.8.1...
2025-10-11T05:39:26.0170433Z  ✓ Validating metadata.yaml for kubecost/2.8.1
2025-10-11T05:39:26.0244088Z 2025-10-11 05:39:26 INF  • K8s [1.32.8 1.33.2 1.34.1]: Parsing resources...
2025-10-11T05:39:31.7962579Z 2025-10-11 05:39:31 INF  ✓ K8s [1.32.8 1.33.2 1.34.1]: Parsing resources
2025-10-11T05:39:31.7964854Z 2025-10-11 05:39:31 INF  • K8s v1.32.8: Validating...
2025-10-11T05:39:32.0648972Z 2025-10-11 05:39:32 INF  ✓ K8s v1.32.8: Validating
2025-10-11T05:39:32.0650854Z 2025-10-11 05:39:32 INF  • K8s v1.33.2: Validating...
2025-10-11T05:39:32.3249238Z 2025-10-11 05:39:32 INF  ✓ K8s v1.33.2: Validating
2025-10-11T05:39:32.3250554Z 2025-10-11 05:39:32 INF  • K8s v1.34.1: Validating...
2025-10-11T05:39:32.6109820Z 2025-10-11 05:39:32 INF  ✓ K8s v1.34.1: Validating
2025-10-11T05:39:32.6445810Z 2025-10-11 05:39:32 INF  • Validating metadata.yaml for kubefed/0.11.2...
2025-10-11T05:39:32.6450093Z  ✓ Validating metadata.yaml for kubefed/0.11.2
2025-10-11T05:39:32.6524590Z 2025-10-11 05:39:32 INF  • K8s [1.32.8 1.33.2 1.34.1]: Parsing resources...
2025-10-11T05:39:39.5529911Z 2025-10-11 05:39:39 INF  ✓ K8s [1.32.8 1.33.2 1.34.1]: Parsing resources
2025-10-11T05:39:39.5531387Z 2025-10-11 05:39:39 INF  • K8s v1.32.8: Validating...
2025-10-11T05:39:39.8269289Z 2025-10-11 05:39:39 INF  ✓ K8s v1.32.8: Validating
2025-10-11T05:39:39.8270569Z 2025-10-11 05:39:39 INF  • K8s v1.33.2: Validating...
2025-10-11T05:39:40.0720976Z 2025-10-11 05:39:40 INF  ✓ K8s v1.33.2: Validating
2025-10-11T05:39:40.0723160Z 2025-10-11 05:39:40 INF  • K8s v1.34.1: Validating...
2025-10-11T05:39:40.9070879Z 2025-10-11 05:39:40 INF  ✓ K8s v1.34.1: Validating
2025-10-11T05:39:40.9420560Z 2025-10-11 05:39:40 INF  • Validating metadata.yaml for kubernetes-dashboard/7.13.0...
2025-10-11T05:39:40.9426330Z  ✓ Validating metadata.yaml for kubernetes-dashboard/7.13.0
2025-10-11T05:39:40.9491438Z 2025-10-11 05:39:40 INF  • K8s [1.32.8 1.33.2 1.34.1]: Parsing resources...
2025-10-11T05:39:46.7595694Z 2025-10-11 05:39:46 INF  ✓ K8s [1.32.8 1.33.2 1.34.1]: Parsing resources
2025-10-11T05:39:46.7597726Z 2025-10-11 05:39:46 INF  • K8s v1.32.8: Validating...
2025-10-11T05:39:47.0183855Z 2025-10-11 05:39:47 INF  ✓ K8s v1.32.8: Validating
2025-10-11T05:39:47.0185137Z 2025-10-11 05:39:47 INF  • K8s v1.33.2: Validating...
2025-10-11T05:39:47.2801958Z 2025-10-11 05:39:47 INF  ✓ K8s v1.33.2: Validating
2025-10-11T05:39:47.2803245Z 2025-10-11 05:39:47 INF  • K8s v1.34.1: Validating...
2025-10-11T05:39:47.5400923Z 2025-10-11 05:39:47 INF  ✓ K8s v1.34.1: Validating
2025-10-11T05:39:51.8369262Z 2025-10-11 05:39:51 INF  • Validating metadata.yaml for kubetunnel/0.0.40...
2025-10-11T05:39:51.8374004Z  ✓ Validating metadata.yaml for kubetunnel/0.0.40
2025-10-11T05:39:51.8465056Z 2025-10-11 05:39:51 INF  • K8s [1.32.8 1.33.2 1.34.1]: Parsing resources...
2025-10-11T05:39:57.3957509Z 2025-10-11 05:39:57 INF  ✓ K8s [1.32.8 1.33.2 1.34.1]: Parsing resources
2025-10-11T05:39:57.3961000Z 2025-10-11 05:39:57 INF  • K8s v1.32.8: Validating...
2025-10-11T05:39:57.6226271Z 2025-10-11 05:39:57 INF  ✓ K8s v1.32.8: Validating
2025-10-11T05:39:57.6227562Z 2025-10-11 05:39:57 INF  • K8s v1.33.2: Validating...
2025-10-11T05:39:57.8657841Z 2025-10-11 05:39:57 INF  ✓ K8s v1.33.2: Validating
2025-10-11T05:39:57.8660236Z 2025-10-11 05:39:57 INF  • K8s v1.34.1: Validating...
2025-10-11T05:39:58.1140024Z 2025-10-11 05:39:58 INF  ✓ K8s v1.34.1: Validating
2025-10-11T05:39:58.1507487Z 2025-10-11 05:39:58 INF  • Validating metadata.yaml for logging-operator/5.4.0...
2025-10-11T05:39:58.1513262Z  ✓ Validating metadata.yaml for logging-operator/5.4.0
2025-10-11T05:39:58.1582003Z 2025-10-11 05:39:58 INF  • K8s [1.32.8 1.33.2 1.34.1]: Parsing resources...
2025-10-11T05:40:05.6059594Z 2025-10-11 05:40:05 INF  ✓ K8s [1.32.8 1.33.2 1.34.1]: Parsing resources
2025-10-11T05:40:05.6060905Z 2025-10-11 05:40:05 INF  • K8s v1.32.8: Validating...
2025-10-11T05:40:05.8055643Z 2025-10-11 05:40:05 INF  ✓ K8s v1.32.8: Validating
2025-10-11T05:40:05.8056785Z 2025-10-11 05:40:05 INF  • K8s v1.33.2: Validating...
2025-10-11T05:40:06.0019539Z 2025-10-11 05:40:06 INF  ✓ K8s v1.33.2: Validating
2025-10-11T05:40:06.0021610Z 2025-10-11 05:40:06 INF  • K8s v1.34.1: Validating...
2025-10-11T05:40:06.1993461Z 2025-10-11 05:40:06 INF  ✓ K8s v1.34.1: Validating
2025-10-11T05:40:06.2361999Z 2025-10-11 05:40:06 INF  • Validating metadata.yaml for nkp-insights/1.6.8...
2025-10-11T05:40:06.2367308Z  ✓ Validating metadata.yaml for nkp-insights/1.6.8
2025-10-11T05:40:06.2441433Z 2025-10-11 05:40:06 INF  • K8s [1.32.8 1.33.2 1.34.1]: Parsing resources...
2025-10-11T05:40:12.0948191Z 2025-10-11 05:40:12 INF  ✓ K8s [1.32.8 1.33.2 1.34.1]: Parsing resources
2025-10-11T05:40:12.0949694Z 2025-10-11 05:40:12 INF  • K8s v1.32.8: Validating...
2025-10-11T05:40:12.5331442Z 2025-10-11 05:40:12 INF  ✓ K8s v1.32.8: Validating
2025-10-11T05:40:12.5332702Z 2025-10-11 05:40:12 INF  • K8s v1.33.2: Validating...
2025-10-11T05:40:13.0275559Z 2025-10-11 05:40:13 INF  ✓ K8s v1.33.2: Validating
2025-10-11T05:40:13.0276685Z 2025-10-11 05:40:13 INF  • K8s v1.34.1: Validating...
2025-10-11T05:40:13.5032737Z 2025-10-11 05:40:13 INF  ✓ K8s v1.34.1: Validating
2025-10-11T05:40:13.5385635Z 2025-10-11 05:40:13 INF  • Validating metadata.yaml for nkp-insights-management/1.6.8...
2025-10-11T05:40:13.5389797Z  ✓ Validating metadata.yaml for nkp-insights-management/1.6.8
2025-10-11T05:40:13.5459019Z 2025-10-11 05:40:13 INF  • K8s [1.32.8 1.33.2 1.34.1]: Parsing resources...
2025-10-11T05:40:19.0726024Z 2025-10-11 05:40:19 INF  ✓ K8s [1.32.8 1.33.2 1.34.1]: Parsing resources
2025-10-11T05:40:19.0727440Z 2025-10-11 05:40:19 INF  • K8s v1.32.8: Validating...
2025-10-11T05:40:19.3178752Z 2025-10-11 05:40:19 INF  ✓ K8s v1.32.8: Validating
2025-10-11T05:40:19.3180078Z 2025-10-11 05:40:19 INF  • K8s v1.33.2: Validating...
2025-10-11T05:40:19.5868397Z 2025-10-11 05:40:19 INF  ✓ K8s v1.33.2: Validating
2025-10-11T05:40:19.5869778Z 2025-10-11 05:40:19 INF  • K8s v1.34.1: Validating...
2025-10-11T05:40:19.8279198Z 2025-10-11 05:40:19 INF  ✓ K8s v1.34.1: Validating
2025-10-11T05:40:19.8631127Z 2025-10-11 05:40:19 INF  • Validating metadata.yaml for nkp-pulse-management/0.2.11...
2025-10-11T05:40:19.8634459Z  ✓ Validating metadata.yaml for nkp-pulse-management/0.2.11
2025-10-11T05:40:19.8700890Z 2025-10-11 05:40:19 INF  • K8s [1.32.8 1.33.2 1.34.1]: Parsing resources...
2025-10-11T05:40:25.4856455Z 2025-10-11 05:40:25 INF  ✓ K8s [1.32.8 1.33.2 1.34.1]: Parsing resources
2025-10-11T05:40:25.4858795Z 2025-10-11 05:40:25 INF  • K8s v1.32.8: Validating...
2025-10-11T05:40:25.7431381Z 2025-10-11 05:40:25 INF  ✓ K8s v1.32.8: Validating
2025-10-11T05:40:25.7432688Z 2025-10-11 05:40:25 INF  • K8s v1.33.2: Validating...
2025-10-11T05:40:25.9849169Z 2025-10-11 05:40:25 INF  ✓ K8s v1.33.2: Validating
2025-10-11T05:40:25.9850939Z 2025-10-11 05:40:25 INF  • K8s v1.34.1: Validating...
2025-10-11T05:40:26.2553438Z 2025-10-11 05:40:26 INF  ✓ K8s v1.34.1: Validating
2025-10-11T05:40:26.2945183Z 2025-10-11 05:40:26 INF  • Validating metadata.yaml for nkp-pulse-workspace/0.2.11...
2025-10-11T05:40:26.2948262Z  ✓ Validating metadata.yaml for nkp-pulse-workspace/0.2.11
2025-10-11T05:40:26.3027897Z 2025-10-11 05:40:26 INF  • K8s [1.32.8 1.33.2 1.34.1]: Parsing resources...
2025-10-11T05:40:31.8858715Z 2025-10-11 05:40:31 INF  ✓ K8s [1.32.8 1.33.2 1.34.1]: Parsing resources
2025-10-11T05:40:31.8860371Z 2025-10-11 05:40:31 INF  • K8s v1.32.8: Validating...
2025-10-11T05:40:32.0954631Z 2025-10-11 05:40:32 INF  ✓ K8s v1.32.8: Validating
2025-10-11T05:40:32.0955784Z 2025-10-11 05:40:32 INF  • K8s v1.33.2: Validating...
2025-10-11T05:40:32.2962313Z 2025-10-11 05:40:32 INF  ✓ K8s v1.33.2: Validating
2025-10-11T05:40:32.2963467Z 2025-10-11 05:40:32 INF  • K8s v1.34.1: Validating...
2025-10-11T05:40:32.5206534Z 2025-10-11 05:40:32 INF  ✓ K8s v1.34.1: Validating
2025-10-11T05:40:32.5557826Z 2025-10-11 05:40:32 INF  • Validating metadata.yaml for nvidia-gpu-operator/25.3.3...
2025-10-11T05:40:32.5562681Z  ✓ Validating metadata.yaml for nvidia-gpu-operator/25.3.3
2025-10-11T05:40:32.5636081Z 2025-10-11 05:40:32 INF  • K8s [1.32.8 1.33.2 1.34.1]: Parsing resources...
2025-10-11T05:40:38.1842660Z 2025-10-11 05:40:38 INF  ✓ K8s [1.32.8 1.33.2 1.34.1]: Parsing resources
2025-10-11T05:40:38.1844111Z 2025-10-11 05:40:38 INF  • K8s v1.32.8: Validating...
2025-10-11T05:40:38.4037533Z 2025-10-11 05:40:38 INF  ✓ K8s v1.32.8: Validating
2025-10-11T05:40:38.4038798Z 2025-10-11 05:40:38 INF  • K8s v1.33.2: Validating...
2025-10-11T05:40:38.6100294Z 2025-10-11 05:40:38 INF  ✓ K8s v1.33.2: Validating
2025-10-11T05:40:38.6101948Z 2025-10-11 05:40:38 INF  • K8s v1.34.1: Validating...
2025-10-11T05:40:38.8344514Z 2025-10-11 05:40:38 INF  ✓ K8s v1.34.1: Validating
2025-10-11T05:40:38.8730911Z 2025-10-11 05:40:38 INF  • Validating metadata.yaml for nvidia-network-operator/25.7.0...
2025-10-11T05:40:38.8735977Z  ✓ Validating metadata.yaml for nvidia-network-operator/25.7.0
2025-10-11T05:40:38.8804594Z 2025-10-11 05:40:38 INF  • K8s [1.32.8 1.33.2 1.34.1]: Parsing resources...
2025-10-11T05:40:47.5406612Z 2025-10-11 05:40:47 INF  ✓ K8s [1.32.8 1.33.2 1.34.1]: Parsing resources
2025-10-11T05:40:47.5407913Z 2025-10-11 05:40:47 INF  • K8s v1.32.8: Validating...
2025-10-11T05:40:47.7804910Z 2025-10-11 05:40:47 INF  ✓ K8s v1.32.8: Validating
2025-10-11T05:40:47.7806793Z 2025-10-11 05:40:47 INF  • K8s v1.33.2: Validating...
2025-10-11T05:40:48.0095336Z 2025-10-11 05:40:48 INF  ✓ K8s v1.33.2: Validating
2025-10-11T05:40:48.0096962Z 2025-10-11 05:40:48 INF  • K8s v1.34.1: Validating...
2025-10-11T05:40:48.2775799Z 2025-10-11 05:40:48 INF  ✓ K8s v1.34.1: Validating
2025-10-11T05:40:48.3183782Z 2025-10-11 05:40:48 INF  • Validating metadata.yaml for opencost/2.2.7...
2025-10-11T05:40:48.3191061Z  ✓ Validating metadata.yaml for opencost/2.2.7
2025-10-11T05:40:48.4789630Z 2025-10-11 05:40:48 INF  • K8s [1.32.8 1.33.2 1.34.1]: Parsing resources...
2025-10-11T05:40:54.2029912Z 2025-10-11 05:40:54 INF  ✓ K8s [1.32.8 1.33.2 1.34.1]: Parsing resources
2025-10-11T05:40:54.2032170Z 2025-10-11 05:40:54 INF  • K8s v1.32.8: Validating...
2025-10-11T05:40:54.3993100Z 2025-10-11 05:40:54 INF  ✓ K8s v1.32.8: Validating
2025-10-11T05:40:54.5958922Z 2025-10-11 05:40:54 INF  • K8s v1.33.2: Validating...
2025-10-11T05:40:54.5960988Z 2025-10-11 05:40:54 INF  ✓ K8s v1.33.2: Validating
2025-10-11T05:40:54.5962487Z 2025-10-11 05:40:54 INF  • K8s v1.34.1: Validating...
2025-10-11T05:40:54.7971241Z 2025-10-11 05:40:54 INF  ✓ K8s v1.34.1: Validating
2025-10-11T05:40:54.8321597Z 2025-10-11 05:40:54 INF  • Validating metadata.yaml for project-grafana-logging/9.3.1...
2025-10-11T05:40:54.8328545Z  ✓ Validating metadata.yaml for project-grafana-logging/9.3.1
2025-10-11T05:40:54.8409562Z 2025-10-11 05:40:54 INF  • K8s [1.32.8 1.33.2 1.34.1]: Parsing resources...
2025-10-11T05:41:00.4048916Z 2025-10-11 05:41:00 INF  ✓ K8s [1.32.8 1.33.2 1.34.1]: Parsing resources
2025-10-11T05:41:00.4051200Z 2025-10-11 05:41:00 INF  • K8s v1.32.8: Validating...
2025-10-11T05:41:00.8182343Z 2025-10-11 05:41:00 INF  ✓ K8s v1.32.8: Validating
2025-10-11T05:41:00.8183614Z 2025-10-11 05:41:00 INF  • K8s v1.33.2: Validating...
2025-10-11T05:41:01.0134974Z 2025-10-11 05:41:01 INF  ✓ K8s v1.33.2: Validating
2025-10-11T05:41:01.0136906Z 2025-10-11 05:41:01 INF  • K8s v1.34.1: Validating...
2025-10-11T05:41:01.2255570Z 2025-10-11 05:41:01 INF  ✓ K8s v1.34.1: Validating
2025-10-11T05:41:01.2646431Z 2025-10-11 05:41:01 INF  • Validating metadata.yaml for project-grafana-loki/0.80.4...
2025-10-11T05:41:01.2656531Z  ✓ Validating metadata.yaml for project-grafana-loki/0.80.4
2025-10-11T05:41:01.2732403Z 2025-10-11 05:41:01 INF  • K8s [1.32.8 1.33.2 1.34.1]: Parsing resources...
2025-10-11T05:41:07.1120815Z 2025-10-11 05:41:07 INF  ✓ K8s [1.32.8 1.33.2 1.34.1]: Parsing resources
2025-10-11T05:41:07.1122184Z 2025-10-11 05:41:07 INF  • K8s v1.32.8: Validating...
2025-10-11T05:41:07.4162104Z 2025-10-11 05:41:07 INF  ✓ K8s v1.32.8: Validating
2025-10-11T05:41:07.4163281Z 2025-10-11 05:41:07 INF  • K8s v1.33.2: Validating...
2025-10-11T05:41:07.7138410Z 2025-10-11 05:41:07 INF  ✓ K8s v1.33.2: Validating
2025-10-11T05:41:07.7139893Z 2025-10-11 05:41:07 INF  • K8s v1.34.1: Validating...
2025-10-11T05:41:08.0213200Z 2025-10-11 05:41:08 INF  ✓ K8s v1.34.1: Validating
2025-10-11T05:41:08.0570667Z 2025-10-11 05:41:08 INF  • Validating metadata.yaml for project-logging/1.0.3...
2025-10-11T05:41:08.0575174Z  ✓ Validating metadata.yaml for project-logging/1.0.3
2025-10-11T05:41:08.0648311Z 2025-10-11 05:41:08 INF  • K8s [1.32.8 1.33.2 1.34.1]: Parsing resources...
2025-10-11T05:41:12.5892517Z 2025-10-11 05:41:12 INF  ✓ K8s [1.32.8 1.33.2 1.34.1]: Parsing resources
2025-10-11T05:41:12.5894520Z 2025-10-11 05:41:12 INF  • K8s v1.32.8: Validating...
2025-10-11T05:41:12.6777002Z 2025-10-11 05:41:12 INF  ✓ K8s v1.32.8: Validating
2025-10-11T05:41:12.6778261Z 2025-10-11 05:41:12 INF  • K8s v1.33.2: Validating...
2025-10-11T05:41:12.7820695Z 2025-10-11 05:41:12 INF  ✓ K8s v1.33.2: Validating
2025-10-11T05:41:12.7821917Z 2025-10-11 05:41:12 INF  • K8s v1.34.1: Validating...
2025-10-11T05:41:12.8684825Z 2025-10-11 05:41:12 INF  ✓ K8s v1.34.1: Validating
2025-10-11T05:41:12.9007999Z 2025-10-11 05:41:12 INF  • Validating metadata.yaml for prometheus-adapter/4.14.2...
2025-10-11T05:41:12.9013360Z  ✓ Validating metadata.yaml for prometheus-adapter/4.14.2
2025-10-11T05:41:12.9077693Z 2025-10-11 05:41:12 INF  • K8s [1.32.8 1.33.2 1.34.1]: Parsing resources...
2025-10-11T05:41:18.4116022Z 2025-10-11 05:41:18 INF  ✓ K8s [1.32.8 1.33.2 1.34.1]: Parsing resources
2025-10-11T05:41:18.4117478Z 2025-10-11 05:41:18 INF  • K8s v1.32.8: Validating...
2025-10-11T05:41:18.6920498Z 2025-10-11 05:41:18 INF  ✓ K8s v1.32.8: Validating
2025-10-11T05:41:18.6921786Z 2025-10-11 05:41:18 INF  • K8s v1.33.2: Validating...
2025-10-11T05:41:18.8840689Z 2025-10-11 05:41:18 INF  ✓ K8s v1.33.2: Validating
2025-10-11T05:41:18.8841887Z 2025-10-11 05:41:18 INF  • K8s v1.34.1: Validating...
2025-10-11T05:41:19.0858164Z 2025-10-11 05:41:19 INF  ✓ K8s v1.34.1: Validating
2025-10-11T05:41:19.2876823Z 2025-10-11 05:41:19 INF  • Validating metadata.yaml for prometheus-thanos-traefik/0.0.3...
2025-10-11T05:41:19.2881041Z  ✓ Validating metadata.yaml for prometheus-thanos-traefik/0.0.3
2025-10-11T05:41:19.2950589Z 2025-10-11 05:41:19 INF  • K8s [1.32.8 1.33.2 1.34.1]: Parsing resources...
2025-10-11T05:41:25.2490268Z 2025-10-11 05:41:25 INF  ✓ K8s [1.32.8 1.33.2 1.34.1]: Parsing resources
2025-10-11T05:41:25.2491660Z 2025-10-11 05:41:25 INF  • K8s v1.32.8: Validating...
2025-10-11T05:41:25.3412276Z 2025-10-11 05:41:25 INF  ✓ K8s v1.32.8: Validating
2025-10-11T05:41:25.3413583Z 2025-10-11 05:41:25 INF  • K8s v1.33.2: Validating...
2025-10-11T05:41:25.4271379Z 2025-10-11 05:41:25 INF  ✓ K8s v1.33.2: Validating
2025-10-11T05:41:25.4272544Z 2025-10-11 05:41:25 INF  • K8s v1.34.1: Validating...
2025-10-11T05:41:25.5174496Z 2025-10-11 05:41:25 INF  ✓ K8s v1.34.1: Validating
2025-10-11T05:41:25.7008725Z 2025-10-11 05:41:25 INF  • Validating metadata.yaml for reloader/2.1.5...
2025-10-11T05:41:25.7030753Z  ✓ Validating metadata.yaml for reloader/2.1.5
2025-10-11T05:41:25.7105426Z 2025-10-11 05:41:25 INF  • K8s [1.32.8 1.33.2 1.34.1]: Parsing resources...
2025-10-11T05:41:31.4486582Z 2025-10-11 05:41:31 INF  ✓ K8s [1.32.8 1.33.2 1.34.1]: Parsing resources
2025-10-11T05:41:31.4487969Z 2025-10-11 05:41:31 INF  • K8s v1.32.8: Validating...
2025-10-11T05:41:31.6335601Z 2025-10-11 05:41:31 INF  ✓ K8s v1.32.8: Validating
2025-10-11T05:41:31.6336877Z 2025-10-11 05:41:31 INF  • K8s v1.33.2: Validating...
2025-10-11T05:41:31.8265842Z 2025-10-11 05:41:31 INF  ✓ K8s v1.33.2: Validating
2025-10-11T05:41:31.8267748Z 2025-10-11 05:41:31 INF  • K8s v1.34.1: Validating...
2025-10-11T05:41:32.0189518Z 2025-10-11 05:41:32 INF  ✓ K8s v1.34.1: Validating
2025-10-11T05:41:32.2484085Z 2025-10-11 05:41:32 INF  • Validating metadata.yaml for rook-ceph/1.17.6...
2025-10-11T05:41:32.2489546Z  ✓ Validating metadata.yaml for rook-ceph/1.17.6
2025-10-11T05:41:32.2557812Z 2025-10-11 05:41:32 INF  • K8s [1.32.8 1.33.2 1.34.1]: Parsing resources...
2025-10-11T05:41:38.2022388Z 2025-10-11 05:41:38 INF  ✓ K8s [1.32.8 1.33.2 1.34.1]: Parsing resources
2025-10-11T05:41:38.2024970Z 2025-10-11 05:41:38 INF  • K8s v1.32.8: Validating...
2025-10-11T05:41:38.4203287Z 2025-10-11 05:41:38 INF  ✓ K8s v1.32.8: Validating
2025-10-11T05:41:38.4204490Z 2025-10-11 05:41:38 INF  • K8s v1.33.2: Validating...
2025-10-11T05:41:38.6432928Z 2025-10-11 05:41:38 INF  ✓ K8s v1.33.2: Validating
2025-10-11T05:41:38.6434113Z 2025-10-11 05:41:38 INF  • K8s v1.34.1: Validating...
2025-10-11T05:41:38.8744040Z 2025-10-11 05:41:38 INF  ✓ K8s v1.34.1: Validating
2025-10-11T05:41:39.3733605Z 2025-10-11 05:41:39 INF  • Validating metadata.yaml for rook-ceph-cluster/1.17.6...
2025-10-11T05:41:39.3739298Z  ✓ Validating metadata.yaml for rook-ceph-cluster/1.17.6
2025-10-11T05:41:39.3815201Z 2025-10-11 05:41:39 INF  • K8s [1.32.8 1.33.2 1.34.1]: Parsing resources...
2025-10-11T05:41:45.9242346Z 2025-10-11 05:41:45 INF  ✓ K8s [1.32.8 1.33.2 1.34.1]: Parsing resources
2025-10-11T05:41:45.9244064Z 2025-10-11 05:41:45 INF  • K8s v1.32.8: Validating...
2025-10-11T05:41:46.2092870Z 2025-10-11 05:41:46 INF  ✓ K8s v1.32.8: Validating
2025-10-11T05:41:46.2095666Z 2025-10-11 05:41:46 INF  • K8s v1.33.2: Validating...
2025-10-11T05:41:46.4938412Z 2025-10-11 05:41:46 INF  ✓ K8s v1.33.2: Validating
2025-10-11T05:41:46.4939868Z 2025-10-11 05:41:46 INF  • K8s v1.34.1: Validating...
2025-10-11T05:41:46.7739749Z 2025-10-11 05:41:46 INF  ✓ K8s v1.34.1: Validating
2025-10-11T05:41:46.8893879Z 2025-10-11 05:41:46 INF  • Validating metadata.yaml for thanos/15.8.1...
2025-10-11T05:41:46.8897036Z  ✓ Validating metadata.yaml for thanos/15.8.1
2025-10-11T05:41:46.8964676Z 2025-10-11 05:41:46 INF  • K8s [1.32.8 1.33.2 1.34.1]: Parsing resources...
2025-10-11T05:41:52.9929640Z 2025-10-11 05:41:52 INF  ✓ K8s [1.32.8 1.33.2 1.34.1]: Parsing resources
2025-10-11T05:41:52.9931175Z 2025-10-11 05:41:52 INF  • K8s v1.32.8: Validating...
2025-10-11T05:41:53.2130762Z 2025-10-11 05:41:53 INF  ✓ K8s v1.32.8: Validating
2025-10-11T05:41:53.2132108Z 2025-10-11 05:41:53 INF  • K8s v1.33.2: Validating...
2025-10-11T05:41:53.4258913Z 2025-10-11 05:41:53 INF  ✓ K8s v1.33.2: Validating
2025-10-11T05:41:53.4260183Z 2025-10-11 05:41:53 INF  • K8s v1.34.1: Validating...
2025-10-11T05:41:53.6599772Z 2025-10-11 05:41:53 INF  ✓ K8s v1.34.1: Validating
2025-10-11T05:41:54.0071484Z 2025-10-11 05:41:54 INF  • Validating metadata.yaml for traefik/36.2.0...
2025-10-11T05:41:54.0084096Z  ✓ Validating metadata.yaml for traefik/36.2.0
2025-10-11T05:41:54.0157258Z 2025-10-11 05:41:54 INF  • K8s [1.32.8 1.33.2 1.34.1]: Parsing resources...
2025-10-11T05:42:00.8379424Z 2025-10-11 05:42:00 INF  ✓ K8s [1.32.8 1.33.2 1.34.1]: Parsing resources
2025-10-11T05:42:00.8380788Z 2025-10-11 05:42:00 INF  • K8s v1.32.8: Validating...
2025-10-11T05:42:01.1110699Z 2025-10-11 05:42:01 INF  ✓ K8s v1.32.8: Validating
2025-10-11T05:42:01.1112235Z 2025-10-11 05:42:01 INF  • K8s v1.33.2: Validating...
2025-10-11T05:42:01.3112461Z 2025-10-11 05:42:01 INF  ✓ K8s v1.33.2: Validating
2025-10-11T05:42:01.3113947Z 2025-10-11 05:42:01 INF  • K8s v1.34.1: Validating...
2025-10-11T05:42:01.5229214Z 2025-10-11 05:42:01 INF  ✓ K8s v1.34.1: Validating
2025-10-11T05:42:01.7742340Z 2025-10-11 05:42:01 INF  • Validating metadata.yaml for traefik-forward-auth/0.3.15...
2025-10-11T05:42:01.7746423Z  ✓ Validating metadata.yaml for traefik-forward-auth/0.3.15
2025-10-11T05:42:01.7813736Z 2025-10-11 05:42:01 INF  • K8s [1.32.8 1.33.2 1.34.1]: Parsing resources...
2025-10-11T05:42:07.3212841Z 2025-10-11 05:42:07 INF  ✓ K8s [1.32.8 1.33.2 1.34.1]: Parsing resources
2025-10-11T05:42:07.3228365Z 2025-10-11 05:42:07 INF  • K8s v1.32.8: Validating...
2025-10-11T05:42:07.5675135Z 2025-10-11 05:42:07 INF  ✓ K8s v1.32.8: Validating
2025-10-11T05:42:07.5676431Z 2025-10-11 05:42:07 INF  • K8s v1.33.2: Validating...
2025-10-11T05:42:07.8069446Z 2025-10-11 05:42:07 INF  ✓ K8s v1.33.2: Validating
2025-10-11T05:42:07.8070735Z 2025-10-11 05:42:07 INF  • K8s v1.34.1: Validating...
2025-10-11T05:42:08.0554241Z 2025-10-11 05:42:08 INF  ✓ K8s v1.34.1: Validating
2025-10-11T05:42:08.1789321Z 2025-10-11 05:42:08 INF  • Validating metadata.yaml for traefik-forward-auth-mgmt/0.3.15...
2025-10-11T05:42:08.1792703Z  ✓ Validating metadata.yaml for traefik-forward-auth-mgmt/0.3.15
2025-10-11T05:42:08.1866149Z 2025-10-11 05:42:08 INF  • K8s [1.32.8 1.33.2 1.34.1]: Parsing resources...
2025-10-11T05:42:13.8023000Z 2025-10-11 05:42:13 INF  ✓ K8s [1.32.8 1.33.2 1.34.1]: Parsing resources
2025-10-11T05:42:13.8024407Z 2025-10-11 05:42:13 INF  • K8s v1.32.8: Validating...
2025-10-11T05:42:14.0706612Z 2025-10-11 05:42:14 INF  ✓ K8s v1.32.8: Validating
2025-10-11T05:42:14.0707981Z 2025-10-11 05:42:14 INF  • K8s v1.33.2: Validating...
2025-10-11T05:42:14.3242156Z 2025-10-11 05:42:14 INF  ✓ K8s v1.33.2: Validating
2025-10-11T05:42:14.3243433Z 2025-10-11 05:42:14 INF  • K8s v1.34.1: Validating...
2025-10-11T05:42:14.5837677Z 2025-10-11 05:42:14 INF  ✓ K8s v1.34.1: Validating
2025-10-11T05:42:14.6493995Z 2025-10-11 05:42:14 INF  • Validating metadata.yaml for velero/10.1.0...
2025-10-11T05:42:14.6503991Z  ✓ Validating metadata.yaml for velero/10.1.0
2025-10-11T05:42:14.6577916Z 2025-10-11 05:42:14 INF  • K8s [1.32.8 1.33.2 1.34.1]: Parsing resources...
2025-10-11T05:42:20.2025618Z 2025-10-11 05:42:20 INF  ✓ K8s [1.32.8 1.33.2 1.34.1]: Parsing resources
2025-10-11T05:42:20.2026905Z 2025-10-11 05:42:20 INF  • K8s v1.32.8: Validating...
2025-10-11T05:42:20.8448188Z 2025-10-11 05:42:20 INF  ✓ K8s v1.32.8: Validating
2025-10-11T05:42:20.8449610Z 2025-10-11 05:42:20 INF  • K8s v1.33.2: Validating...
2025-10-11T05:42:21.1144196Z 2025-10-11 05:42:21 INF  ✓ K8s v1.33.2: Validating
2025-10-11T05:42:21.1145521Z 2025-10-11 05:42:21 INF  • K8s v1.34.1: Validating...
2025-10-11T05:42:21.3800771Z 2025-10-11 05:42:21 INF  ✓ K8s v1.34.1: Validating
2025-10-11T05:42:21.5053981Z 2025-10-11 05:42:21 INF  • Validating metadata.yaml for vgpu-token-operator/1.0.7...
2025-10-11T05:42:21.5058985Z  ✓ Validating metadata.yaml for vgpu-token-operator/1.0.7
2025-10-11T05:42:21.5135411Z 2025-10-11 05:42:21 INF  • K8s [1.32.8 1.33.2 1.34.1]: Parsing resources...
2025-10-11T05:42:27.1785526Z 2025-10-11 05:42:27 INF  ✓ K8s [1.32.8 1.33.2 1.34.1]: Parsing resources
2025-10-11T05:42:27.1786974Z 2025-10-11 05:42:27 INF  • K8s v1.32.8: Validating...
2025-10-11T05:42:27.3672445Z 2025-10-11 05:42:27 INF  ✓ K8s v1.32.8: Validating
2025-10-11T05:42:27.3673665Z 2025-10-11 05:42:27 INF  • K8s v1.33.2: Validating...
2025-10-11T05:42:27.5475366Z 2025-10-11 05:42:27 INF  ✓ K8s v1.33.2: Validating
2025-10-11T05:42:27.7439596Z 2025-10-11 05:42:27 INF  • K8s v1.34.1: Validating...
2025-10-11T05:42:27.7440784Z 2025-10-11 05:42:27 INF  ✓ K8s v1.34.1: Validating
2025-10-11T05:42:27.7588879Z 2025-10-11 05:42:27 INF  • K8s [1.32.8 1.33.2 1.34.1]: Parsing resources...
2025-10-11T05:42:27.7590170Z Processing special path...applications/kommander/0.17.0/dynamic-helmreleases
2025-10-11T05:42:27.7591342Z Processing special path...common/kommander-operator
2025-10-11T05:42:27.9722468Z 2025-10-11 05:42:27 INF  ✓ K8s [1.32.8 1.33.2 1.34.1]: Parsing resources
2025-10-11T05:42:27.9723834Z 2025-10-11 05:42:27 INF  • K8s v1.32.8: Validating...
2025-10-11T05:42:28.2222727Z 2025-10-11 05:42:28 INF  ✓ K8s v1.32.8: Validating
2025-10-11T05:42:28.2223845Z 2025-10-11 05:42:28 INF  • K8s v1.33.2: Validating...
2025-10-11T05:42:28.4748523Z 2025-10-11 05:42:28 INF  ✓ K8s v1.33.2: Validating
2025-10-11T05:42:28.4749841Z 2025-10-11 05:42:28 INF  • K8s v1.34.1: Validating...
2025-10-11T05:42:28.7377518Z 2025-10-11 05:42:28 INF  ✓ K8s v1.34.1: Validating
2025-10-11T05:42:28.7378889Z APP                              VERSION   METADATA  APP MANIFESTS  ERROR
2025-10-11T05:42:28.7380836Z ai-navigator-app                 0.5.1     ✓         ✓              
2025-10-11T05:42:28.7382219Z ai-navigator-cluster-info-agent  0.4.1     ✓         ✓              
2025-10-11T05:42:28.7383545Z ai-navigator-rag                 0.7.3     ✓         ✓              
2025-10-11T05:42:28.7384839Z centralized-grafana              75.16.1   ✓         ✓              
2025-10-11T05:42:28.7386149Z centralized-opencost             2.2.7     ✓         ✓              
2025-10-11T05:42:28.7387553Z cert-manager                     1.17.2    ✓         ✓              
2025-10-11T05:42:28.7388992Z chartmuseum                      3.10.4    ✓         ✓              
2025-10-11T05:42:28.7390321Z cilium-hubble-relay-traefik      0.0.4     ✓         ✓              
2025-10-11T05:42:28.7391665Z cloudnative-pg                   0.24.0    ✓         ✓              
2025-10-11T05:42:28.7392977Z cosi-driver-nutanix              0.6.0     ✓         ✓              
2025-10-11T05:42:28.7394274Z dex                              2.14.3    ✓         ✓              
2025-10-11T05:42:28.7395544Z dex-k8s-authenticator            1.4.6     ✓         ✓              
2025-10-11T05:42:28.7396916Z external-dns                     9.0.0     ✓         ✓              
2025-10-11T05:42:28.7398217Z external-secrets                 0.18.1    ✓         ✓              
2025-10-11T05:42:28.7399601Z fluent-bit                       0.50.0    ✓         ✓              
2025-10-11T05:42:28.7400848Z gatekeeper                       3.19.2    ✓         ✓              
2025-10-11T05:42:28.7402381Z gateway-api-crds                 1.9.0     ✓         ✓              
2025-10-11T05:42:28.7403681Z git-operator                     0.13.11   ✓         ✓              
2025-10-11T05:42:28.7404972Z grafana-logging                  9.3.1     ✓         ✓              
2025-10-11T05:42:28.7406685Z grafana-loki                     0.80.4    ✓         ✓              
2025-10-11T05:42:28.7408271Z harbor                           1.17.2    ✓         ✓              
2025-10-11T05:42:28.7409740Z istio                            1.23.4    ✓         ✓              
2025-10-11T05:42:28.7411044Z jaeger                           2.57.2    ✓         ✓              
2025-10-11T05:42:28.7412269Z karma                            2.0.8     ✓         ✓              
2025-10-11T05:42:28.7413500Z karma-traefik                    0.0.3     ✓         ✓              
2025-10-11T05:42:28.7414719Z kiali                            2.14.0    ✓         ✓              
2025-10-11T05:42:28.7415924Z knative                          1.18.1    ✓         ✓              
2025-10-11T05:42:28.7417242Z kommander                        0.17.0    ✓         ✓              
2025-10-11T05:42:28.7418587Z kommander-appmanagement          0.17.0    ✓         ✓              
2025-10-11T05:42:28.7420412Z 2025-10-11 05:42:28 INF Saved artifact list at /home/runner/_work/kommander-applications/kommander-applications/images.yaml
2025-10-11T05:42:28.7422056Z kommander-flux                   2.6.2     ✓         ✓              
2025-10-11T05:42:28.7423379Z kommander-ui                     17.144.0  ✓         ✓              
2025-10-11T05:42:28.7424699Z kube-oidc-proxy                  0.3.6     ✓         ✓              
2025-10-11T05:42:28.7439705Z kube-prometheus-stack            75.16.1   ✓         ✓              
2025-10-11T05:42:28.7440851Z kubecost                         2.8.1     ✓         ✓              
2025-10-11T05:42:28.7441914Z kubefed                          0.11.2    ✓         ✓              
2025-10-11T05:42:28.7443268Z kubernetes-dashboard             7.13.0    ✓         ✓              
2025-10-11T05:42:28.7444567Z kubetunnel                       0.0.40    ✓         ✓              
2025-10-11T05:42:28.7445868Z logging-operator                 5.4.0     ✓         ✓              
2025-10-11T05:42:28.7447248Z nkp-insights                     1.6.8     ✓         ✓              
2025-10-11T05:42:28.7448708Z nkp-insights-management          1.6.8     ✓         ✓              
2025-10-11T05:42:28.7450434Z nkp-pulse-management             0.2.11    ✓         ✓              
2025-10-11T05:42:28.7451763Z nkp-pulse-workspace              0.2.11    ✓         ✓              
2025-10-11T05:42:28.7453093Z nvidia-gpu-operator              25.3.3    ✓         ✓              
2025-10-11T05:42:28.7454472Z nvidia-network-operator          25.7.0    ✓         ✓              
2025-10-11T05:42:28.7455774Z opencost                         2.2.7     ✓         ✓              
2025-10-11T05:42:28.7457185Z project-grafana-logging          9.3.1     ✓         ✓              
2025-10-11T05:42:28.7458559Z project-grafana-loki             0.80.4    ✓         ✓              
2025-10-11T05:42:28.7460081Z project-logging                  1.0.3     ✓         ✓              
2025-10-11T05:42:28.7461400Z prometheus-adapter               4.14.2    ✓         ✓              
2025-10-11T05:42:28.7462768Z prometheus-thanos-traefik        0.0.3     ✓         ✓              
2025-10-11T05:42:28.7464096Z reloader                         2.1.5     ✓         ✓              
2025-10-11T05:42:28.7465353Z rook-ceph                        1.17.6    ✓         ✓              
2025-10-11T05:42:28.7466628Z rook-ceph-cluster                1.17.6    ✓         ✓              
2025-10-11T05:42:28.7467972Z thanos                           15.8.1    ✓         ✓              
2025-10-11T05:42:28.7469479Z traefik                          36.2.0    ✓         ✓              
2025-10-11T05:42:28.7470778Z traefik-forward-auth             0.3.15    ✓         ✓              
2025-10-11T05:42:28.7472377Z traefik-forward-auth-mgmt        0.3.15    ✓         ✓              
2025-10-11T05:42:28.7473719Z velero                           10.1.0    ✓         ✓              
2025-10-11T05:42:28.7475005Z vgpu-token-operator              1.0.7     ✓         ✓              
2025-10-11T05:42:28.7476158Z Validation completed in 407.8 seconds
2025-10-11T05:42:28.7588765Z Generated images.yaml:
2025-10-11T05:42:28.7614675Z applications:
2025-10-11T05:42:28.7615589Z   - name: ""
2025-10-11T05:42:28.7616455Z     version: ""
2025-10-11T05:42:28.7617382Z     images:
2025-10-11T05:42:28.7618478Z       - oci://<registry-url>/kommander-applications/ai-navigator-app:0.5.1
2025-10-11T05:42:28.7620156Z       - oci://<registry-url>/kommander-applications/ai-navigator-cluster-info-agent:0.4.1
2025-10-11T05:42:28.7621713Z       - oci://<registry-url>/kommander-applications/ai-navigator-rag:0.7.3
2025-10-11T05:42:28.7623102Z       - oci://<registry-url>/kommander-applications/centralized-grafana:75.16.1
2025-10-11T05:42:28.7624528Z       - oci://<registry-url>/kommander-applications/centralized-opencost:2.2.7
2025-10-11T05:42:28.7625872Z       - oci://<registry-url>/kommander-applications/cert-manager:1.17.2
2025-10-11T05:42:28.7627235Z       - oci://<registry-url>/kommander-applications/chartmuseum:3.10.4
2025-10-11T05:42:28.7628779Z       - oci://<registry-url>/kommander-applications/cilium-hubble-relay-traefik:0.0.4
2025-10-11T05:42:28.7630198Z       - oci://<registry-url>/kommander-applications/cloudnative-pg:0.24.0
2025-10-11T05:42:28.7631552Z       - oci://<registry-url>/kommander-applications/cosi-driver-nutanix:0.6.0
2025-10-11T05:42:28.7633098Z       - oci://<registry-url>/kommander-applications/dex-k8s-authenticator:1.4.6
2025-10-11T05:42:28.7634951Z       - oci://<registry-url>/kommander-applications/dex:2.14.3
2025-10-11T05:42:28.7636738Z       - oci://<registry-url>/kommander-applications/external-dns:9.0.0
2025-10-11T05:42:28.7638942Z       - oci://<registry-url>/kommander-applications/external-secrets:0.18.1
2025-10-11T05:42:28.7640932Z       - oci://<registry-url>/kommander-applications/fluent-bit:0.50.0
2025-10-11T05:42:28.7642836Z       - oci://<registry-url>/kommander-applications/gatekeeper:3.19.2
2025-10-11T05:42:28.7644742Z       - oci://<registry-url>/kommander-applications/gateway-api-crds:1.9.0
2025-10-11T05:42:28.7646758Z       - oci://<registry-url>/kommander-applications/git-operator:0.13.11
2025-10-11T05:42:28.7648837Z       - oci://<registry-url>/kommander-applications/grafana-logging:9.3.1
2025-10-11T05:42:28.7651236Z       - oci://<registry-url>/kommander-applications/grafana-loki:0.80.4
2025-10-11T05:42:28.7653140Z       - oci://<registry-url>/kommander-applications/harbor:1.17.2
2025-10-11T05:42:28.7655092Z       - oci://<registry-url>/kommander-applications/istio:1.23.4
2025-10-11T05:42:28.7657104Z       - oci://<registry-url>/kommander-applications/jaeger:2.57.2
2025-10-11T05:42:28.7659282Z       - oci://<registry-url>/kommander-applications/karma-traefik:0.0.3
2025-10-11T05:42:28.7661227Z       - oci://<registry-url>/kommander-applications/karma:2.0.8
2025-10-11T05:42:28.7663151Z       - oci://<registry-url>/kommander-applications/kiali:2.14.0
2025-10-11T05:42:28.7665031Z       - oci://<registry-url>/kommander-applications/knative:1.18.1
2025-10-11T05:42:28.7667200Z       - oci://<registry-url>/kommander-applications/kommander-appmanagement:0.17.0
2025-10-11T05:42:28.7669557Z       - oci://<registry-url>/kommander-applications/kommander-flux:2.6.2
2025-10-11T05:42:28.7671637Z       - oci://<registry-url>/kommander-applications/kommander-ui:17.144.0
2025-10-11T05:42:28.7673656Z       - oci://<registry-url>/kommander-applications/kommander:0.17.0
2025-10-11T05:42:28.7675679Z       - oci://<registry-url>/kommander-applications/kube-oidc-proxy:0.3.6
2025-10-11T05:42:28.7677913Z       - oci://<registry-url>/kommander-applications/kube-prometheus-stack:75.16.1
2025-10-11T05:42:28.7680095Z       - oci://<registry-url>/kommander-applications/kubecost:2.8.1
2025-10-11T05:42:28.7682307Z       - oci://<registry-url>/kommander-applications/kubefed:0.11.2
2025-10-11T05:42:28.7684381Z       - oci://<registry-url>/kommander-applications/kubernetes-dashboard:7.13.0
2025-10-11T05:42:28.7686490Z       - oci://<registry-url>/kommander-applications/kubetunnel:0.0.40
2025-10-11T05:42:28.7688750Z       - oci://<registry-url>/kommander-applications/logging-operator:5.4.0
2025-10-11T05:42:28.7690884Z       - oci://<registry-url>/kommander-applications/nkp-insights-management:1.6.8
2025-10-11T05:42:28.7693075Z       - oci://<registry-url>/kommander-applications/nkp-insights:1.6.8
2025-10-11T05:42:28.7695193Z       - oci://<registry-url>/kommander-applications/nkp-pulse-management:0.2.11
2025-10-11T05:42:28.7697419Z       - oci://<registry-url>/kommander-applications/nkp-pulse-workspace:0.2.11
2025-10-11T05:42:28.7699727Z       - oci://<registry-url>/kommander-applications/nvidia-gpu-operator:25.3.3
2025-10-11T05:42:28.7701932Z       - oci://<registry-url>/kommander-applications/nvidia-network-operator:25.7.0
2025-10-11T05:42:28.7704000Z       - oci://<registry-url>/kommander-applications/opencost:2.2.7
2025-10-11T05:42:28.7706073Z       - oci://<registry-url>/kommander-applications/project-grafana-logging:9.3.1
2025-10-11T05:42:28.7708339Z       - oci://<registry-url>/kommander-applications/project-grafana-loki:0.80.4
2025-10-11T05:42:28.7710604Z       - oci://<registry-url>/kommander-applications/project-logging:1.0.3
2025-10-11T05:42:28.7712720Z       - oci://<registry-url>/kommander-applications/prometheus-adapter:4.14.2
2025-10-11T05:42:28.7714931Z       - oci://<registry-url>/kommander-applications/prometheus-thanos-traefik:0.0.3
2025-10-11T05:42:28.7717085Z       - oci://<registry-url>/kommander-applications/reloader:2.1.5
2025-10-11T05:42:28.7719182Z       - oci://<registry-url>/kommander-applications/rook-ceph-cluster:1.17.6
2025-10-11T05:42:28.7721265Z       - oci://<registry-url>/kommander-applications/rook-ceph:1.17.6
2025-10-11T05:42:28.7723202Z       - oci://<registry-url>/kommander-applications/thanos:15.8.1
2025-10-11T05:42:28.7725353Z       - oci://<registry-url>/kommander-applications/traefik-forward-auth-mgmt:0.3.15
2025-10-11T05:42:28.7727671Z       - oci://<registry-url>/kommander-applications/traefik-forward-auth:0.3.15
2025-10-11T05:42:28.7729849Z       - oci://<registry-url>/kommander-applications/traefik:36.2.0
2025-10-11T05:42:28.7747069Z       - oci://<registry-url>/kommander-applications/velero:10.1.0
2025-10-11T05:42:28.7749289Z       - oci://<registry-url>/kommander-applications/vgpu-token-operator:1.0.7
2025-10-11T05:42:28.7751416Z       - docker.io/bitnamilegacy/kubectl:1.33.2
2025-10-11T05:42:28.7753033Z       - docker.io/mesosphere/cluster-observer:1.5.1
2025-10-11T05:42:28.7754854Z       - docker.io/mesosphere/ghostunnel:v1.8.1-server-backend-proxy
2025-10-11T05:42:28.7756908Z       - docker.io/mesosphere/kommander2-core-installer:v2.17.0-dev
2025-10-11T05:42:28.7758799Z   - name: ai-navigator-app
2025-10-11T05:42:28.7760052Z     version: 0.5.1
2025-10-11T05:42:28.7761324Z     images:
2025-10-11T05:42:28.7762750Z       - oci://ghcr.io/mesosphere/charts/ai-navigator-app:0.5.1
2025-10-11T05:42:28.7764520Z       - docker.io/mesosphere/ai-navigator-app:0.5.1
2025-10-11T05:42:28.7766144Z   - name: ai-navigator-cluster-info-agent
2025-10-11T05:42:28.7767744Z     version: 0.4.1
2025-10-11T05:42:28.7769113Z     images:
2025-10-11T05:42:28.7770717Z       - oci://ghcr.io/mesosphere/charts/ai-navigator-cluster-info-agent:0.1.3
2025-10-11T05:42:28.7772885Z       - oci://ghcr.io/mesosphere/charts/ai-navigator-cluster-info-api:0.4.1
2025-10-11T05:42:28.7774773Z       - docker.io/bitnamilegacy/kubectl:1.33.2
2025-10-11T05:42:28.7776556Z       - docker.io/mesosphere/ai-navigator-cluster-info-agent:v0.1.3
2025-10-11T05:42:28.7778593Z       - docker.io/mesosphere/ai-navigator-cluster-info-api:0.4.1
2025-10-11T05:42:28.7780466Z   - name: ai-navigator-rag
2025-10-11T05:42:28.7781782Z     version: 0.7.3
2025-10-11T05:42:28.7783026Z     images:
2025-10-11T05:42:28.7784362Z       - oci://ghcr.io/mesosphere/charts/ai-navigator-rag:0.7.3
2025-10-11T05:42:28.7786383Z       - docker.io/library/busybox:1
2025-10-11T05:42:28.7788031Z       - docker.io/mesosphere/ai-navigator-rag:0.7.3
2025-10-11T05:42:28.7789828Z   - name: centralized-grafana
2025-10-11T05:42:28.7791211Z     version: 75.16.1
2025-10-11T05:42:28.7792432Z     images:
2025-10-11T05:42:28.7794147Z       - oci://ghcr.io/mesosphere/charts/kube-prometheus-stack:75.16.1
2025-10-11T05:42:28.7796314Z       - docker.io/grafana/grafana:12.1.0
2025-10-11T05:42:28.7798259Z       - docker.io/kiwigrid/k8s-sidecar:1.30.7
2025-10-11T05:42:28.7800112Z   - name: centralized-opencost
2025-10-11T05:42:28.7801733Z     version: 2.2.7
2025-10-11T05:42:28.7803143Z     images:
2025-10-11T05:42:28.7804690Z       - oci://ghcr.io/opencost/charts/opencost:2.2.7
2025-10-11T05:42:28.7806585Z       - ghcr.io/opencost/opencost:1.117.6
2025-10-11T05:42:28.7808445Z   - name: cert-manager
2025-10-11T05:42:28.7810099Z     version: 1.17.2
2025-10-11T05:42:28.7811564Z     images:
2025-10-11T05:42:28.7813306Z       - oci://ghcr.io/mesosphere/charts/cert-manager-crds:v1.17.2
2025-10-11T05:42:28.7815560Z       - oci://ghcr.io/mesosphere/charts/cert-manager:v1.17.2
2025-10-11T05:42:28.7817790Z       - quay.io/jetstack/cert-manager-cainjector:v1.17.2
2025-10-11T05:42:28.7819960Z       - quay.io/jetstack/cert-manager-controller:v1.17.2
2025-10-11T05:42:28.7822115Z       - quay.io/jetstack/cert-manager-startupapicheck:v1.17.2
2025-10-11T05:42:28.7824257Z       - quay.io/jetstack/cert-manager-webhook:v1.17.2
2025-10-11T05:42:28.7826091Z   - name: chartmuseum
2025-10-11T05:42:28.7827604Z     version: 3.10.4
2025-10-11T05:42:28.7829074Z     images:
2025-10-11T05:42:28.7830596Z       - oci://ghcr.io/mesosphere/charts/chartmuseum:3.10.4
2025-10-11T05:42:28.7832525Z       - ghcr.io/helm/chartmuseum:v0.16.3
2025-10-11T05:42:28.7834256Z   - name: cilium-hubble-relay-traefik
2025-10-11T05:42:28.7835919Z     version: 0.0.4
2025-10-11T05:42:28.7837386Z     images:
2025-10-11T05:42:28.7839280Z       - oci://ghcr.io/mesosphere/charts/cilium-hubble-relay-traefik:0.0.3
2025-10-11T05:42:28.7841431Z   - name: cloudnative-pg
2025-10-11T05:42:28.7842920Z     version: 0.24.0
2025-10-11T05:42:28.7844287Z     images:
2025-10-11T05:42:28.7845843Z       - oci://ghcr.io/mesosphere/charts/cloudnative-pg:0.24.0
2025-10-11T05:42:28.7848017Z       - ghcr.io/cloudnative-pg/cloudnative-pg:1.26.0
2025-10-11T05:42:28.7849809Z   - name: cosi-driver-nutanix
2025-10-11T05:42:28.7851323Z     version: 0.6.0
2025-10-11T05:42:28.7853090Z     images:
2025-10-11T05:42:28.7854657Z       - oci://ghcr.io/mesosphere/charts/cosi-bucket-kit:0.0.5
2025-10-11T05:42:28.7856901Z       - oci://ghcr.io/mesosphere/charts/cosi-driver-nutanix:0.6.0
2025-10-11T05:42:28.7859112Z       - docker.io/bitnamilegacy/kubectl:1.33.2
2025-10-11T05:42:28.7861560Z       - ghcr.io/mesosphere/dkp-container-images/objectstorage-controller:v20250110-a29e5f6
2025-10-11T05:42:28.7864106Z       - ghcr.io/nutanix-cloud-native/cosi-driver-nutanix:v0.6.0
2025-10-11T05:42:28.7866351Z       - registry.k8s.io/sig-storage/objectstorage-sidecar:v0.2.1
2025-10-11T05:42:28.7868400Z   - name: dex
2025-10-11T05:42:28.7869917Z     version: 2.14.3
2025-10-11T05:42:28.7871334Z     images:
2025-10-11T05:42:28.7872858Z       - oci://ghcr.io/mesosphere/charts/dex:2.14.0
2025-10-11T05:42:28.7874768Z       - docker.io/bitnamilegacy/kubectl:1.33.2
2025-10-11T05:42:28.7876654Z       - docker.io/mesosphere/dex-controller:v0.16.1
2025-10-11T05:42:28.7878743Z       - docker.io/mesosphere/dex:v2.42.0-d2iq.0
2025-10-11T05:42:28.7880531Z       - quay.io/brancz/kube-rbac-proxy:v0.19.1
2025-10-11T05:42:28.7882317Z   - name: dex-k8s-authenticator
2025-10-11T05:42:28.7883885Z     version: 1.4.6
2025-10-11T05:42:28.7885351Z     images:
2025-10-11T05:42:28.7887171Z       - oci://ghcr.io/mesosphere/charts/dex-k8s-authenticator:1.4.3
2025-10-11T05:42:28.7889534Z       - docker.io/mesosphere/dex-k8s-authenticator:v1.4.5-d2iq
2025-10-11T05:42:28.7891540Z   - name: external-dns
2025-10-11T05:42:28.7892983Z     version: 9.0.0
2025-10-11T05:42:28.7894621Z     images:
2025-10-11T05:42:28.7896220Z       - oci://ghcr.io/mesosphere/charts/external-dns:9.0.0
2025-10-11T05:42:28.7898417Z       - registry.k8s.io/external-dns/external-dns:v0.18.0
2025-10-11T05:42:28.7900490Z   - name: external-secrets
2025-10-11T05:42:28.7901982Z     version: 0.18.1
2025-10-11T05:42:28.7903395Z     images:
2025-10-11T05:42:28.7905117Z       - oci://ghcr.io/external-secrets/charts/external-secrets:0.18.1
2025-10-11T05:42:28.7907434Z       - ghcr.io/external-secrets/external-secrets:v0.18.1
2025-10-11T05:42:28.7909511Z   - name: fluent-bit
2025-10-11T05:42:28.7922546Z     version: 0.50.0
2025-10-11T05:42:28.7924003Z     images:
2025-10-11T05:42:28.7925529Z       - oci://ghcr.io/mesosphere/charts/fluent-bit:0.50.0
2025-10-11T05:42:28.7927620Z       - docker.io/fluent/fluent-bit:4.0.5
2025-10-11T05:42:28.7929508Z   - name: gatekeeper
2025-10-11T05:42:28.7931026Z     version: 3.19.2
2025-10-11T05:42:28.7932464Z     images:
2025-10-11T05:42:28.7934298Z       - oci://ghcr.io/mesosphere/charts/gatekeeper-proxy-mutations:v0.0.1
2025-10-11T05:42:28.7936567Z       - oci://ghcr.io/mesosphere/charts/gatekeeper:3.19.2
2025-10-11T05:42:28.7938720Z       - docker.io/curlimages/curl:8.14.1
2025-10-11T05:42:28.7940616Z       - docker.io/openpolicyagent/gatekeeper-crds:v3.19.2
2025-10-11T05:42:28.7942692Z       - docker.io/openpolicyagent/gatekeeper:v3.19.2
2025-10-11T05:42:28.7944540Z   - name: gateway-api-crds
2025-10-11T05:42:28.7946083Z     version: 1.9.0
2025-10-11T05:42:28.7947595Z     images:
2025-10-11T05:42:28.7949252Z       - oci://ghcr.io/traefik/helm/traefik-crds:1.9.0
2025-10-11T05:42:28.7951121Z   - name: git-operator
2025-10-11T05:42:28.7952594Z     version: 0.13.11
2025-10-11T05:42:28.7954035Z     images:
2025-10-11T05:42:28.7955520Z       - docker.io/bitnamilegacy/kubectl:1.33.2
2025-10-11T05:42:28.7957468Z       - docker.io/mesosphere/git-operator:v0.13.11
2025-10-11T05:42:28.7959466Z       - docker.io/mesosphere/gitwebserver:v0.13.11
2025-10-11T05:42:28.7961412Z       - docker.io/nginxinc/nginx-unprivileged:1.28.0-alpine
2025-10-11T05:42:28.7963412Z       - quay.io/brancz/kube-rbac-proxy:v0.19.1
2025-10-11T05:42:28.7965161Z   - name: grafana-logging
2025-10-11T05:42:28.7966665Z     version: 9.3.1
2025-10-11T05:42:28.7968184Z     images:
2025-10-11T05:42:28.7969861Z       - oci://ghcr.io/grafana/helm-charts/grafana:9.3.1
2025-10-11T05:42:28.7971772Z       - docker.io/grafana/grafana:12.1.0
2025-10-11T05:42:28.7973925Z       - docker.io/kiwigrid/k8s-sidecar:1.30.7
2025-10-11T05:42:28.7975672Z   - name: grafana-loki
2025-10-11T05:42:28.7977237Z     version: 0.80.4
2025-10-11T05:42:28.7978785Z     images:
2025-10-11T05:42:28.7980395Z       - oci://ghcr.io/grafana/helm-charts/loki-distributed:0.80.3
2025-10-11T05:42:28.7982467Z       - docker.io/bitnamilegacy/kubectl:1.33.2
2025-10-11T05:42:28.7984240Z       - docker.io/grafana/loki:2.9.13
2025-10-11T05:42:28.7986116Z       - docker.io/nginxinc/nginx-unprivileged:1.28.0-alpine
2025-10-11T05:42:28.7988065Z   - name: harbor
2025-10-11T05:42:28.7989626Z     version: 1.17.2
2025-10-11T05:42:28.7991088Z     images:
2025-10-11T05:42:28.7992643Z       - oci://ghcr.io/mesosphere/charts/cluster:0.3.1
2025-10-11T05:42:28.7994670Z       - oci://ghcr.io/mesosphere/charts/cosi-bucket-kit:0.0.8
2025-10-11T05:42:28.7996934Z       - oci://ghcr.io/mesosphere/charts/harbor-copy-secret:0.1.0
2025-10-11T05:42:28.7999131Z       - oci://ghcr.io/mesosphere/charts/harbor:1.17.2
2025-10-11T05:42:28.8001063Z       - oci://ghcr.io/mesosphere/charts/valkey:3.0.22
2025-10-11T05:42:28.8002906Z       - docker.io/bitnamilegacy/kubectl:1.33.2
2025-10-11T05:42:28.8004850Z       - docker.io/bitnamilegacy/redis-exporter:1.74.0-debian-12-r3
2025-10-11T05:42:28.8007131Z       - docker.io/bitnamilegacy/valkey-sentinel:8.1.3-debian-12-r2
2025-10-11T05:42:28.8009337Z       - docker.io/bitnamilegacy/valkey:8.1.3-debian-12-r2
2025-10-11T05:42:28.8011260Z       - docker.io/goharbor/harbor-core:v2.13.2
2025-10-11T05:42:28.8013029Z       - docker.io/goharbor/harbor-exporter:v2.13.2
2025-10-11T05:42:28.8015098Z       - docker.io/goharbor/harbor-jobservice:v2.13.2
2025-10-11T05:42:28.8017066Z       - docker.io/goharbor/harbor-portal:v2.13.2
2025-10-11T05:42:28.8018973Z       - docker.io/goharbor/harbor-registryctl:v2.13.2
2025-10-11T05:42:28.8020871Z       - docker.io/goharbor/registry-photon:v2.13.2
2025-10-11T05:42:28.8022746Z       - docker.io/goharbor/trivy-adapter-photon:v2.13.2
2025-10-11T05:42:28.8025227Z       - ghcr.io/mesosphere/dkp-container-images/cloudnative-pg/postgresql:17.5-minimal-bookworm
2025-10-11T05:42:28.8027596Z   - name: istio
2025-10-11T05:42:28.8029085Z     version: 1.23.4
2025-10-11T05:42:28.8030476Z     images:
2025-10-11T05:42:28.8031947Z       - oci://ghcr.io/mesosphere/charts/istio:1.23.3
2025-10-11T05:42:28.8033820Z       - docker.io/bitnamilegacy/kubectl:1.33.2
2025-10-11T05:42:28.8035598Z       - docker.io/istio/install-cni:1.23.6
2025-10-11T05:42:28.8037391Z       - docker.io/istio/operator:1.23.6
2025-10-11T05:42:28.8039169Z       - docker.io/istio/pilot:1.23.6
2025-10-11T05:42:28.8040880Z       - docker.io/istio/proxyv2:1.23.6
2025-10-11T05:42:28.8042498Z   - name: jaeger
2025-10-11T05:42:28.8043878Z     version: 2.57.2
2025-10-11T05:42:28.8045238Z     images:
2025-10-11T05:42:28.8046749Z       - oci://ghcr.io/mesosphere/charts/jaeger-operator:2.57.0
2025-10-11T05:42:28.8048940Z       - docker.io/jaegertracing/all-in-one:1.70.0
2025-10-11T05:42:28.8050798Z       - docker.io/jaegertracing/jaeger-operator:1.61.0
2025-10-11T05:42:28.8052618Z   - name: karma
2025-10-11T05:42:28.8053990Z     version: 2.0.8
2025-10-11T05:42:28.8055351Z     images:
2025-10-11T05:42:28.8056872Z       - oci://ghcr.io/mesosphere/charts/karma:2.0.3
2025-10-11T05:42:28.8058859Z       - docker.io/mesosphere/karma:v0.120-ntnx-server-name
2025-10-11T05:42:28.8060741Z   - name: karma-traefik
2025-10-11T05:42:28.8062201Z     version: 0.0.3
2025-10-11T05:42:28.8063567Z     images:
2025-10-11T05:42:28.8065080Z       - oci://ghcr.io/mesosphere/charts/thanos-traefik:0.0.2
2025-10-11T05:42:28.8067057Z   - name: kiali
2025-10-11T05:42:28.8068458Z     version: 2.14.0
2025-10-11T05:42:28.8069962Z     images:
2025-10-11T05:42:28.8071486Z       - oci://ghcr.io/mesosphere/charts/kiali-operator:2.14.0
2025-10-11T05:42:28.8073447Z       - quay.io/kiali/kiali-operator:v2.14.0
2025-10-11T05:42:28.8075165Z       - quay.io/kiali/kiali:v2.14.0-distro
2025-10-11T05:42:28.8076898Z   - name: knative
2025-10-11T05:42:28.8078288Z     version: 1.18.1
2025-10-11T05:42:28.8080037Z     images:
2025-10-11T05:42:28.8081602Z       - oci://ghcr.io/mesosphere/charts/knative-operator:1.18.1
2025-10-11T05:42:28.8083625Z       - oci://ghcr.io/mesosphere/charts/knative:1.18.1
2025-10-11T05:42:28.8095650Z       - gcr.io/knative-releases/aws-ddb-streams-source:v1.18.0
2025-10-11T05:42:28.8097823Z       - gcr.io/knative-releases/aws-s3-sink:v1.18.0
2025-10-11T05:42:28.8101517Z       - gcr.io/knative-releases/aws-s3-source:v1.18.0
2025-10-11T05:42:28.8103446Z       - gcr.io/knative-releases/aws-sns-sink:v1.18.0
2025-10-11T05:42:28.8105371Z       - gcr.io/knative-releases/aws-sqs-sink:v1.18.0
2025-10-11T05:42:28.8107356Z       - gcr.io/knative-releases/aws-sqs-source:v1.18.0
2025-10-11T05:42:28.8109904Z       - gcr.io/knative-releases/knative.dev/eventing/cmd/apiserver_receive_adapter:v1.18.1
2025-10-11T05:42:28.8112608Z       - gcr.io/knative-releases/knative.dev/eventing/cmd/broker/filter:v1.18.1
2025-10-11T05:42:28.8115139Z       - gcr.io/knative-releases/knative.dev/eventing/cmd/broker/ingress:v1.18.1
2025-10-11T05:42:28.8117716Z       - gcr.io/knative-releases/knative.dev/eventing/cmd/controller:v1.18.1
2025-10-11T05:42:28.8120543Z       - gcr.io/knative-releases/knative.dev/eventing/cmd/in_memory/channel_controller:v1.18.1
2025-10-11T05:42:28.8123519Z       - gcr.io/knative-releases/knative.dev/eventing/cmd/in_memory/channel_dispatcher:v1.18.1
2025-10-11T05:42:28.8126152Z       - gcr.io/knative-releases/knative.dev/eventing/cmd/jobsink:v1.18.1
2025-10-11T05:42:28.8129110Z       - gcr.io/knative-releases/knative.dev/eventing/cmd/mtchannel_broker:v1.18.1
2025-10-11T05:42:28.8131606Z       - gcr.io/knative-releases/knative.dev/eventing/cmd/mtping:v1.18.1
2025-10-11T05:42:28.8133983Z       - gcr.io/knative-releases/knative.dev/eventing/cmd/webhook:v1.18.1
2025-10-11T05:42:28.8136402Z       - gcr.io/knative-releases/knative.dev/operator/cmd/operator:v1.18.1
2025-10-11T05:42:28.8138997Z       - gcr.io/knative-releases/knative.dev/operator/cmd/webhook:v1.18.1
2025-10-11T05:42:28.8141780Z       - gcr.io/knative-releases/knative.dev/pkg/apiextensions/storageversion/cmd/migrate:v1.18.1
2025-10-11T05:42:28.8144361Z       - gcr.io/knative-releases/knative.dev/serving/cmd/activator:v1.18.1
2025-10-11T05:42:28.8146681Z       - gcr.io/knative-releases/knative.dev/serving/cmd/autoscaler-hpa:v1.18.1
2025-10-11T05:42:28.8149213Z       - gcr.io/knative-releases/knative.dev/serving/cmd/autoscaler:v1.18.1
2025-10-11T05:42:28.8150674Z       - gcr.io/knative-releases/knative.dev/serving/cmd/controller:v1.18.1
2025-10-11T05:42:28.8151858Z       - gcr.io/knative-releases/knative.dev/serving/cmd/queue:v1.18.1
2025-10-11T05:42:28.8152988Z       - gcr.io/knative-releases/knative.dev/serving/cmd/webhook:v1.18.1
2025-10-11T05:42:28.8154207Z       - gcr.io/knative-releases/knative.dev/serving/pkg/cleanup/cmd/cleanup:v1.18.1
2025-10-11T05:42:28.8155307Z       - gcr.io/knative-releases/log-sink:v1.18.0
2025-10-11T05:42:28.8156257Z       - gcr.io/knative-releases/timer-source:v1.18.0
2025-10-11T05:42:28.8157337Z       - gcr.io/knative-releases/transform-jsonata:v1.18.0
2025-10-11T05:42:28.8158276Z   - name: kommander
2025-10-11T05:42:28.8159178Z     version: 0.17.0
2025-10-11T05:42:28.8159898Z     images:
2025-10-11T05:42:28.8160697Z       - oci://docker.io/mesosphere/kommander-chart:v2.17.0-dev
2025-10-11T05:42:28.8161682Z       - docker.io/mesosphere/capimate:v0.0.0-dev.0
2025-10-11T05:42:28.8162803Z       - docker.io/mesosphere/kommander2-federation-authorizedlister:v2.17.0-dev
2025-10-11T05:42:28.8164107Z       - docker.io/mesosphere/kommander2-federation-controller-manager:v2.17.0-dev
2025-10-11T05:42:28.8165352Z       - docker.io/mesosphere/kommander2-federation-webhook:v2.17.0-dev
2025-10-11T05:42:28.8166447Z       - docker.io/mesosphere/kommander2-flux-operator:v2.17.0-dev
2025-10-11T05:42:28.8167559Z       - docker.io/mesosphere/kommander2-kubetools:v2.17.0-dev
2025-10-11T05:42:28.8168841Z       - docker.io/mesosphere/kommander2-licensing-controller-manager:v2.17.0-dev
2025-10-11T05:42:28.8170065Z       - docker.io/mesosphere/kommander2-licensing-webhook:v2.17.0-dev
2025-10-11T05:42:28.8171425Z       - ghcr.io/mesosphere/kommander-applications-server:v2.17.0-dev
2025-10-11T05:42:28.8172460Z       - quay.io/brancz/kube-rbac-proxy:v0.19.1
2025-10-11T05:42:28.8173347Z   - name: kommander-appmanagement
2025-10-11T05:42:28.8174152Z     version: 0.17.0
2025-10-11T05:42:28.8174837Z     images:
2025-10-11T05:42:28.8175699Z       - oci://docker.io/mesosphere/kommander-appmanagement-chart:v2.17.0-dev
2025-10-11T05:42:28.8176966Z       - docker.io/mesosphere/kommander2-appmanagement-webhook:v2.17.0-dev
2025-10-11T05:42:28.8178098Z       - docker.io/mesosphere/kommander2-appmanagement:v2.17.0-dev
2025-10-11T05:42:28.8179235Z       - docker.io/mesosphere/kommander2-kubetools:v2.17.0-dev
2025-10-11T05:42:28.8180168Z       - quay.io/brancz/kube-rbac-proxy:v0.19.1
2025-10-11T05:42:28.8180990Z   - name: kommander-flux
2025-10-11T05:42:28.8181693Z     version: 2.6.2
2025-10-11T05:42:28.8182599Z     images:
2025-10-11T05:42:28.8183797Z       - oci://ghcr.io/fluxcd-community/charts/flux2:2.16.1
2025-10-11T05:42:28.8185350Z       - docker.io/mesosphere/flux-oci-mirror:v0.3.0
2025-10-11T05:42:28.8186246Z       - ghcr.io/fluxcd/flux-cli:v2.6.2
2025-10-11T05:42:28.8187164Z       - ghcr.io/fluxcd/helm-controller:v1.3.0
2025-10-11T05:42:28.8188097Z       - ghcr.io/fluxcd/image-automation-controller:v0.41.1
2025-10-11T05:42:28.8189354Z       - ghcr.io/fluxcd/image-reflector-controller:v0.35.2
2025-10-11T05:42:28.8190333Z       - ghcr.io/fluxcd/kustomize-controller:v1.6.0
2025-10-11T05:42:28.8191458Z       - ghcr.io/fluxcd/notification-controller:v1.6.0
2025-10-11T05:42:28.8192391Z       - ghcr.io/fluxcd/source-controller:v1.6.1
2025-10-11T05:42:28.8193263Z   - name: kommander-ui
2025-10-11T05:42:28.8194006Z     version: 17.144.0
2025-10-11T05:42:28.8194712Z     images:
2025-10-11T05:42:28.8195460Z       - oci://ghcr.io/mesosphere/charts/kommander-ui:17.144.0
2025-10-11T05:42:28.8196405Z       - docker.io/mesosphere/kommander:17.144.0
2025-10-11T05:42:28.8197316Z   - name: kube-oidc-proxy
2025-10-11T05:42:28.8198022Z     version: 0.3.6
2025-10-11T05:42:28.8198821Z     images:
2025-10-11T05:42:28.8199589Z       - oci://ghcr.io/mesosphere/charts/kube-oidc-proxy:0.3.4
2025-10-11T05:42:28.8200670Z       - ghcr.io/mesosphere/dkp-container-images/kube-oidc-proxy:1.0.9
2025-10-11T05:42:28.8201652Z   - name: kube-prometheus-stack
2025-10-11T05:42:28.8202394Z     version: 75.16.1
2025-10-11T05:42:28.8203084Z     images:
2025-10-11T05:42:28.8203926Z       - oci://ghcr.io/mesosphere/charts/kube-prometheus-stack:75.16.1
2025-10-11T05:42:28.8204934Z       - docker.io/bitnamilegacy/kubectl:1.33.2
2025-10-11T05:42:28.8205787Z       - docker.io/grafana/grafana:12.1.0
2025-10-11T05:42:28.8206636Z       - docker.io/kiwigrid/k8s-sidecar:1.30.7
2025-10-11T05:42:28.8207568Z       - docker.io/library/busybox:1
2025-10-11T05:42:28.8208397Z       - quay.io/brancz/kube-rbac-proxy:v0.19.1
2025-10-11T05:42:28.8209539Z       - quay.io/prometheus-operator/prometheus-config-reloader:v0.83.0
2025-10-11T05:42:28.8210640Z       - quay.io/prometheus-operator/prometheus-operator:v0.83.0
2025-10-11T05:42:28.8211608Z       - quay.io/prometheus/node-exporter:v1.9.1
2025-10-11T05:42:28.8212563Z       - quay.io/prometheus/prometheus:v3.5.0
2025-10-11T05:42:28.8213457Z       - quay.io/thanos/thanos:v0.39.2
2025-10-11T05:42:28.8214406Z       - registry.k8s.io/ingress-nginx/kube-webhook-certgen:v1.6.0
2025-10-11T05:42:28.8215550Z       - registry.k8s.io/kube-state-metrics/kube-state-metrics:v2.16.0
2025-10-11T05:42:28.8216525Z   - name: kubecost
2025-10-11T05:42:28.8217296Z     version: 2.8.1
2025-10-11T05:42:28.8218017Z     images:
2025-10-11T05:42:28.8225631Z       - oci://ghcr.io/mesosphere/charts/cosi-bucket-kit:0.0.5
2025-10-11T05:42:28.8226726Z       - oci://ghcr.io/mesosphere/charts/cost-analyzer:2.8.1
2025-10-11T05:42:28.8227757Z       - docker.io/bitnamilegacy/kubectl:1.33.2
2025-10-11T05:42:28.8228843Z       - gcr.io/kubecost1/cost-model:prod-2.8.1
2025-10-11T05:42:28.8229770Z       - gcr.io/kubecost1/frontend:prod-2.8.1
2025-10-11T05:42:28.8231097Z       - quay.io/prometheus-operator/prometheus-config-reloader:v0.82.2
2025-10-11T05:42:28.8232161Z       - quay.io/prometheus/alertmanager:v0.28.1
2025-10-11T05:42:28.8233070Z       - quay.io/prometheus/prometheus:v3.4.1
2025-10-11T05:42:28.8233925Z   - name: kubefed
2025-10-11T05:42:28.8234652Z     version: 0.11.2
2025-10-11T05:42:28.8235393Z     images:
2025-10-11T05:42:28.8236147Z       - oci://ghcr.io/mesosphere/charts/kubefed:0.10.4
2025-10-11T05:42:28.8237213Z       - docker.io/bitnamilegacy/kubectl:1.33.2
2025-10-11T05:42:28.8238095Z       - ghcr.io/mesosphere/kubefed:v0.11.1
2025-10-11T05:42:28.8239083Z   - name: kubernetes-dashboard
2025-10-11T05:42:28.8239842Z     version: 7.13.0
2025-10-11T05:42:28.8240559Z     images:
2025-10-11T05:42:28.8241416Z       - oci://ghcr.io/mesosphere/charts/kubernetes-dashboard:7.13.0
2025-10-11T05:42:28.8242432Z       - docker.io/kubernetesui/dashboard-api:1.13.0
2025-10-11T05:42:28.8243368Z       - docker.io/kubernetesui/dashboard-auth:1.3.0
2025-10-11T05:42:28.8244352Z       - docker.io/kubernetesui/dashboard-metrics-scraper:1.2.2
2025-10-11T05:42:28.8245364Z       - docker.io/kubernetesui/dashboard-web:1.7.0
2025-10-11T05:42:28.8246261Z       - docker.io/library/kong:3.9.1
2025-10-11T05:42:28.8247164Z   - name: kubetunnel
2025-10-11T05:42:28.8247896Z     version: 0.0.40
2025-10-11T05:42:28.8248775Z     images:
2025-10-11T05:42:28.8249587Z       - oci://ghcr.io/mesosphere/charts/kubetunnel:v0.0.39
2025-10-11T05:42:28.8250589Z       - docker.io/alpine/curl:8.9.1
2025-10-11T05:42:28.8251642Z       - docker.io/bitnamilegacy/kubectl:1.33.2
2025-10-11T05:42:28.8252603Z       - docker.io/jpillora/chisel:1.10.1
2025-10-11T05:42:28.8253561Z       - docker.io/mesosphere/kubetunnel-controller:v0.0.39
2025-10-11T05:42:28.8254707Z       - docker.io/mesosphere/kubetunnel-kubeconfig-webhook:v0.0.39
2025-10-11T05:42:28.8255821Z       - docker.io/mesosphere/kubetunnel-reverse-proxy:v0.0.39
2025-10-11T05:42:28.8256922Z       - docker.io/mesosphere/kubetunnel-webhook:v0.0.39
2025-10-11T05:42:28.8257853Z   - name: logging-operator
2025-10-11T05:42:28.8258710Z     version: 5.4.0
2025-10-11T05:42:28.8259466Z     images:
2025-10-11T05:42:28.8260344Z       - oci://ghcr.io/kube-logging/helm-charts/logging-operator:5.4.0
2025-10-11T05:42:28.8261554Z       - oci://ghcr.io/mesosphere/charts/logging-operator-logging:4.2.2
2025-10-11T05:42:28.8262714Z       - ghcr.io/kube-logging/logging-operator/config-reloader:5.4.0
2025-10-11T05:42:28.8263825Z       - ghcr.io/kube-logging/logging-operator/fluentd:5.4.0-full
2025-10-11T05:42:28.8264955Z       - ghcr.io/kube-logging/logging-operator/node-exporter:5.4.0
2025-10-11T05:42:28.8266029Z       - ghcr.io/kube-logging/logging-operator:5.4.0
2025-10-11T05:42:28.8267310Z       - ghcr.io/mesosphere/dkp-container-images/docker.io/fluent/fluent-bit:3.2.5-d2iq.0
2025-10-11T05:42:28.8268439Z   - name: nkp-insights
2025-10-11T05:42:28.8269273Z     version: 1.6.8
2025-10-11T05:42:28.8269960Z     images:
2025-10-11T05:42:28.8270701Z       - oci://ghcr.io/mesosphere/charts/nkp-insights:1.6.8
2025-10-11T05:42:28.8271647Z       - docker.io/aquasec/kube-bench:v0.11.1
2025-10-11T05:42:28.8272497Z       - docker.io/bitnamilegacy/kubectl:1.33.2
2025-10-11T05:42:28.8273340Z       - docker.io/mesosphere/insights:1.6.8
2025-10-11T05:42:28.8274296Z       - docker.io/mesosphere/trivy-bundles:0.64.1-20250707T225137Z
2025-10-11T05:42:28.8275263Z       - quay.io/fairwinds/nova:v3.11
2025-10-11T05:42:28.8276090Z       - quay.io/fairwinds/polaris:9.4.1
2025-10-11T05:42:28.8277026Z       - registry.k8s.io/pause:3.10
2025-10-11T05:42:28.8277893Z       - us-docker.pkg.dev/fairwinds-ops/oss/pluto:v5.21.9
2025-10-11T05:42:28.8278941Z   - name: nkp-insights-management
2025-10-11T05:42:28.8279715Z     version: 1.6.8
2025-10-11T05:42:28.8280440Z     images:
2025-10-11T05:42:28.8281328Z       - oci://ghcr.io/mesosphere/charts/nkp-insights-management:1.6.8
2025-10-11T05:42:28.8282378Z       - docker.io/bitnamilegacy/kubectl:1.33.2
2025-10-11T05:42:28.8283535Z       - docker.io/mesosphere/insights-management:1.6.8
2025-10-11T05:42:28.8284521Z   - name: nkp-pulse-management
2025-10-11T05:42:28.8285348Z     version: 0.2.11
2025-10-11T05:42:28.8286053Z     images:
2025-10-11T05:42:28.8287009Z       - oci://ghcr.io/mesosphere/charts/nkp-pulse-management:0.2.11
2025-10-11T05:42:28.8288050Z       - docker.io/bitnamilegacy/kubectl:1.33.2
2025-10-11T05:42:28.8289131Z       - docker.io/mesosphere/nkp-pulse-management:0.2.11
2025-10-11T05:42:28.8290096Z   - name: nkp-pulse-workspace
2025-10-11T05:42:28.8290882Z     version: 0.2.11
2025-10-11T05:42:28.8291624Z     images:
2025-10-11T05:42:28.8292518Z       - oci://ghcr.io/mesosphere/charts/nkp-pulse-workspace:0.2.11
2025-10-11T05:42:28.8293623Z       - docker.io/mesosphere/nkp-pulse-workspace:0.2.11
2025-10-11T05:42:28.8294568Z   - name: nvidia-gpu-operator
2025-10-11T05:42:28.8295347Z     version: 25.3.3
2025-10-11T05:42:28.8296064Z     images:
2025-10-11T05:42:28.8296932Z       - oci://ghcr.io/mesosphere/charts/gpu-operator:v25.3.3
2025-10-11T05:42:28.8297975Z       - nvcr.io/nvidia/cloud-native/dcgm:4.2.3-1-ubuntu22.04
2025-10-11T05:42:28.8299180Z       - nvcr.io/nvidia/cloud-native/gpu-operator-validator:v25.3.3
2025-10-11T05:42:28.8300346Z       - nvcr.io/nvidia/cloud-native/k8s-mig-manager:v0.12.2-ubuntu20.04
2025-10-11T05:42:28.8301446Z       - nvcr.io/nvidia/driver:535-5.15.0-139-generic-ubuntu22.04
2025-10-11T05:42:28.8302454Z       - nvcr.io/nvidia/gpu-operator:v25.3.3
2025-10-11T05:42:28.8303381Z       - nvcr.io/nvidia/k8s-device-plugin:v0.17.3
2025-10-11T05:42:28.8304505Z       - nvcr.io/nvidia/k8s/container-toolkit:v1.17.8-ubi8
2025-10-11T05:42:28.8305582Z       - nvcr.io/nvidia/k8s/container-toolkit:v1.17.8-ubuntu20.04
2025-10-11T05:42:28.8306628Z       - nvcr.io/nvidia/k8s/cuda-sample:vectoradd-cuda12.5.0
2025-10-11T05:42:28.8307742Z       - nvcr.io/nvidia/k8s/dcgm-exporter:4.2.3-4.1.3-ubuntu22.04
2025-10-11T05:42:28.8308831Z   - name: nvidia-network-operator
2025-10-11T05:42:28.8309638Z     version: 25.7.0
2025-10-11T05:42:28.8310341Z     images:
2025-10-11T05:42:28.8311195Z       - oci://ghcr.io/mesosphere/charts/network-operator:25.7.0
2025-10-11T05:42:28.8312354Z       - ghcr.io/k8snetworkplumbingwg/network-resources-injector:v1.7.0
2025-10-11T05:42:28.8320092Z       - ghcr.io/mellanox/nic-feature-discovery:v0.0.1
2025-10-11T05:42:28.8321122Z       - ghcr.io/mellanox/nvidia-k8s-ipam:v0.2.0
2025-10-11T05:42:28.8322071Z       - nvcr.io/nvidia/cloud-native/network-operator:v25.7.0
2025-10-11T05:42:28.8323154Z       - nvcr.io/nvidia/doca/doca_telemetry:1.21.4-doca3.0.0-host
2025-10-11T05:42:28.8324495Z       - nvcr.io/nvidia/mellanox/doca-driver:doca3.1.0-25.07-0.9.7.0-0-5.15.0-151-generic-ubuntu22.04-amd64
2025-10-11T05:42:28.8325898Z       - nvcr.io/nvidia/mellanox/ib-kubernetes:network-operator-v25.7.0
2025-10-11T05:42:28.8327194Z       - nvcr.io/nvidia/mellanox/ib-sriov-cni:network-operator-v25.7.0
2025-10-11T05:42:28.8328361Z       - nvcr.io/nvidia/mellanox/ipoib-cni:network-operator-v25.7.0
2025-10-11T05:42:28.8329818Z       - nvcr.io/nvidia/mellanox/k8s-rdma-shared-dev-plugin:network-operator-v25.7.0
2025-10-11T05:42:28.8331153Z       - nvcr.io/nvidia/mellanox/maintenance-operator:network-operator-v25.7.0
2025-10-11T05:42:28.8332379Z       - nvcr.io/nvidia/mellanox/multus-cni:network-operator-v25.7.0
2025-10-11T05:42:28.8333676Z       - nvcr.io/nvidia/mellanox/network-operator-init-container:network-operator-v25.7.0
2025-10-11T05:42:28.8334885Z       - nvcr.io/nvidia/mellanox/network-operator:v25.7.0
2025-10-11T05:42:28.8336180Z       - nvcr.io/nvidia/mellanox/nic-configuration-operator-daemon:network-operator-v25.7.0
2025-10-11T05:42:28.8337661Z       - nvcr.io/nvidia/mellanox/nic-configuration-operator:network-operator-v25.7.0
2025-10-11T05:42:28.8339211Z       - nvcr.io/nvidia/mellanox/ovs-cni-plugin:network-operator-v25.7.0
2025-10-11T05:42:28.8340437Z       - nvcr.io/nvidia/mellanox/plugins:network-operator-v25.7.0
2025-10-11T05:42:28.8341633Z       - nvcr.io/nvidia/mellanox/rdma-cni:network-operator-v25.7.0
2025-10-11T05:42:28.8343126Z       - nvcr.io/nvidia/mellanox/spectrum-x-operator:network-operator-v25.7.0
2025-10-11T05:42:28.8344392Z       - nvcr.io/nvidia/mellanox/sriov-cni:network-operator-v25.7.0
2025-10-11T05:42:28.8345681Z       - nvcr.io/nvidia/mellanox/sriov-network-device-plugin:network-operator-v25.7.0
2025-10-11T05:42:28.8347235Z       - nvcr.io/nvidia/mellanox/sriov-network-operator-config-daemon:network-operator-v25.7.0
2025-10-11T05:42:28.8348820Z       - nvcr.io/nvidia/mellanox/sriov-network-operator-webhook:network-operator-v25.7.0
2025-10-11T05:42:28.8350221Z       - nvcr.io/nvidia/mellanox/sriov-network-operator:network-operator-v25.7.0
2025-10-11T05:42:28.8351500Z       - nvcr.io/nvidia/mellanox/whereabouts:network-operator-v25.7.0
2025-10-11T05:42:28.8352571Z   - name: opencost
2025-10-11T05:42:28.8353374Z     version: 2.2.7
2025-10-11T05:42:28.8354148Z     images:
2025-10-11T05:42:28.8354971Z       - oci://ghcr.io/opencost/charts/opencost:2.2.7
2025-10-11T05:42:28.8356173Z       - ghcr.io/mesosphere/dkp-container-images/opencost/opencost-ui:1.117.6
2025-10-11T05:42:28.8357368Z       - ghcr.io/opencost/opencost:1.117.6
2025-10-11T05:42:28.8358356Z   - name: project-grafana-logging
2025-10-11T05:42:28.8359326Z     version: 9.3.1
2025-10-11T05:42:28.8360088Z     images:
2025-10-11T05:42:28.8360895Z       - oci://ghcr.io/grafana/helm-charts/grafana:9.3.1
2025-10-11T05:42:28.8361852Z       - docker.io/grafana/grafana:12.1.0
2025-10-11T05:42:28.8362793Z       - docker.io/kiwigrid/k8s-sidecar:1.30.7
2025-10-11T05:42:28.8363894Z   - name: project-grafana-loki
2025-10-11T05:42:28.8364732Z     version: 0.80.4
2025-10-11T05:42:28.8365480Z     images:
2025-10-11T05:42:28.8366348Z       - oci://ghcr.io/grafana/helm-charts/loki-distributed:0.80.3
2025-10-11T05:42:28.8367619Z       - oci://ghcr.io/mesosphere/charts/object-bucket-claim:0.1.11
2025-10-11T05:42:28.8368816Z       - docker.io/grafana/loki:2.9.13
2025-10-11T05:42:28.8369820Z       - docker.io/nginxinc/nginx-unprivileged:1.28.0-alpine
2025-10-11T05:42:28.8370820Z   - name: prometheus-adapter
2025-10-11T05:42:28.8371585Z     version: 4.14.2
2025-10-11T05:42:28.8372261Z     images:
2025-10-11T05:42:28.8373065Z       - oci://ghcr.io/mesosphere/charts/prometheus-adapter:4.14.1
2025-10-11T05:42:28.8374216Z       - registry.k8s.io/prometheus-adapter/prometheus-adapter:v0.12.0
2025-10-11T05:42:28.8375220Z   - name: prometheus-thanos-traefik
2025-10-11T05:42:28.8376024Z     version: 0.0.3
2025-10-11T05:42:28.8376710Z     images:
2025-10-11T05:42:28.8377558Z       - oci://ghcr.io/mesosphere/charts/thanos-traefik:0.0.2
2025-10-11T05:42:28.8378476Z   - name: reloader
2025-10-11T05:42:28.8379350Z     version: 2.1.5
2025-10-11T05:42:28.8380069Z     images:
2025-10-11T05:42:28.8380790Z       - oci://ghcr.io/mesosphere/charts/reloader:2.1.5
2025-10-11T05:42:28.8381693Z       - ghcr.io/stakater/reloader:v1.4.5
2025-10-11T05:42:28.8382617Z   - name: rook-ceph
2025-10-11T05:42:28.8383401Z     version: 1.17.6
2025-10-11T05:42:28.8384160Z     images:
2025-10-11T05:42:28.8384932Z       - oci://ghcr.io/mesosphere/charts/rook-ceph:v1.17.6
2025-10-11T05:42:28.8385875Z       - docker.io/rook/ceph:v1.17.6
2025-10-11T05:42:28.8386704Z   - name: rook-ceph-cluster
2025-10-11T05:42:28.8387488Z     version: 1.17.6
2025-10-11T05:42:28.8388171Z     images:
2025-10-11T05:42:28.8389056Z       - oci://ghcr.io/mesosphere/charts/cosi-bucket-kit:0.0.5
2025-10-11T05:42:28.8390180Z       - oci://ghcr.io/mesosphere/charts/object-bucket-claim:0.1.11
2025-10-11T05:42:28.8391363Z       - oci://ghcr.io/mesosphere/charts/rook-ceph-cluster:v1.17.6
2025-10-11T05:42:28.8392437Z       - docker.io/bitnamilegacy/kubectl:1.33.2
2025-10-11T05:42:28.8393641Z       - ghcr.io/mesosphere/dkp-container-images/objectstorage-sidecar:v20240513-v0.1.0-35-gefb3255
2025-10-11T05:42:28.8394804Z       - quay.io/ceph/ceph:v19.2.2
2025-10-11T05:42:28.8395609Z       - quay.io/ceph/cosi:v0.1.2
2025-10-11T05:42:28.8396376Z   - name: thanos
2025-10-11T05:42:28.8397130Z     version: 15.8.1
2025-10-11T05:42:28.8398034Z     images:
2025-10-11T05:42:28.8398905Z       - oci://ghcr.io/mesosphere/charts/thanos:15.8.0
2025-10-11T05:42:28.8399846Z       - docker.io/bitnamilegacy/kubectl:1.33.2
2025-10-11T05:42:28.8400724Z       - quay.io/thanos/thanos:v0.39.2
2025-10-11T05:42:28.8401537Z   - name: traefik
2025-10-11T05:42:28.8402225Z     version: 36.2.0
2025-10-11T05:42:28.8402925Z     images:
2025-10-11T05:42:28.8403675Z       - oci://ghcr.io/traefik/helm/traefik-crds:1.9.0
2025-10-11T05:42:28.8404607Z       - oci://ghcr.io/traefik/helm/traefik:36.2.0
2025-10-11T05:42:28.8405491Z       - docker.io/library/traefik:v3.4.0
2025-10-11T05:42:28.8406323Z   - name: traefik-forward-auth
2025-10-11T05:42:28.8407135Z     version: 0.3.15
2025-10-11T05:42:28.8407810Z     images:
2025-10-11T05:42:28.8408728Z       - oci://ghcr.io/mesosphere/charts/traefik-forward-auth:0.3.10
2025-10-11T05:42:28.8409901Z       - docker.io/mesosphere/kubeaddons-addon-initializer:v0.8.0
2025-10-11T05:42:28.8410974Z   - name: traefik-forward-auth-mgmt
2025-10-11T05:42:28.8411864Z     version: 0.3.15
2025-10-11T05:42:28.8412619Z     images:
2025-10-11T05:42:28.8420197Z       - oci://ghcr.io/mesosphere/charts/traefik-forward-auth:0.3.10
2025-10-11T05:42:28.8421317Z       - docker.io/mesosphere/kubeaddons-addon-initializer:v0.8.0
2025-10-11T05:42:28.8422378Z       - docker.io/mesosphere/traefik-forward-auth:v3.2.1
2025-10-11T05:42:28.8423306Z   - name: velero
2025-10-11T05:42:28.8424023Z     version: 10.1.0
2025-10-11T05:42:28.8424767Z     images:
2025-10-11T05:42:28.8425750Z       - oci://ghcr.io/mesosphere/charts/velero:10.1.0
2025-10-11T05:42:28.8426737Z       - docker.io/bitnamilegacy/kubectl:1.33.2
2025-10-11T05:42:28.8427869Z       - docker.io/mesosphere/kubeaddons-addon-initializer:v0.8.0
2025-10-11T05:42:28.8429105Z       - docker.io/velero/velero-plugin-for-aws:v1.12.2
2025-10-11T05:42:28.8430050Z       - docker.io/velero/velero:v1.16.2
2025-10-11T05:42:28.8430944Z   - name: vgpu-token-operator
2025-10-11T05:42:28.8431718Z     version: 1.0.7
2025-10-11T05:42:28.8432437Z     images:
2025-10-11T05:42:28.8433506Z       - oci://ghcr.io/nutanix-cloud-native/vgpu-token-operator-charts/vgpu-token-operator:v1.0.7
2025-10-11T05:42:28.8434789Z       - ghcr.io/nutanix-cloud-native/vgpu-token-copier:v1.0.7
2025-10-11T05:42:28.8435869Z       - ghcr.io/nutanix-cloud-native/vgpu-token-operator:v1.0.7
2025-10-11T05:42:28.8437634Z Removing applications from images.yaml: ai-navigator-rag,ai-navigator-app,ai-navigator-cluster-info-agent,nkp-pulse-management,nkp-pulse-workspace
2025-10-11T05:42:28.8693430Z Images after removing applications:
2025-10-11T05:42:28.8721161Z applications:
2025-10-11T05:42:28.8722034Z   - name: ""
2025-10-11T05:42:28.8722843Z     version: ""
2025-10-11T05:42:28.8723667Z     images:
2025-10-11T05:42:28.8724689Z       - oci://<registry-url>/kommander-applications/ai-navigator-app:0.5.1
2025-10-11T05:42:28.8726165Z       - oci://<registry-url>/kommander-applications/ai-navigator-cluster-info-agent:0.4.1
2025-10-11T05:42:28.8727664Z       - oci://<registry-url>/kommander-applications/ai-navigator-rag:0.7.3
2025-10-11T05:42:28.8729189Z       - oci://<registry-url>/kommander-applications/centralized-grafana:75.16.1
2025-10-11T05:42:28.8730576Z       - oci://<registry-url>/kommander-applications/centralized-opencost:2.2.7
2025-10-11T05:42:28.8731904Z       - oci://<registry-url>/kommander-applications/cert-manager:1.17.2
2025-10-11T05:42:28.8733197Z       - oci://<registry-url>/kommander-applications/chartmuseum:3.10.4
2025-10-11T05:42:28.8734560Z       - oci://<registry-url>/kommander-applications/cilium-hubble-relay-traefik:0.0.4
2025-10-11T05:42:28.8735932Z       - oci://<registry-url>/kommander-applications/cloudnative-pg:0.24.0
2025-10-11T05:42:28.8737318Z       - oci://<registry-url>/kommander-applications/cosi-driver-nutanix:0.6.0
2025-10-11T05:42:28.8738775Z       - oci://<registry-url>/kommander-applications/dex-k8s-authenticator:1.4.6
2025-10-11T05:42:28.8740031Z       - oci://<registry-url>/kommander-applications/dex:2.14.3
2025-10-11T05:42:28.8741620Z       - oci://<registry-url>/kommander-applications/external-dns:9.0.0
2025-10-11T05:42:28.8742908Z       - oci://<registry-url>/kommander-applications/external-secrets:0.18.1
2025-10-11T05:42:28.8744205Z       - oci://<registry-url>/kommander-applications/fluent-bit:0.50.0
2025-10-11T05:42:28.8745429Z       - oci://<registry-url>/kommander-applications/gatekeeper:3.19.2
2025-10-11T05:42:28.8746721Z       - oci://<registry-url>/kommander-applications/gateway-api-crds:1.9.0
2025-10-11T05:42:28.8748130Z       - oci://<registry-url>/kommander-applications/git-operator:0.13.11
2025-10-11T05:42:28.8749573Z       - oci://<registry-url>/kommander-applications/grafana-logging:9.3.1
2025-10-11T05:42:28.8750869Z       - oci://<registry-url>/kommander-applications/grafana-loki:0.80.4
2025-10-11T05:42:28.8751995Z       - oci://<registry-url>/kommander-applications/harbor:1.17.2
2025-10-11T05:42:28.8753086Z       - oci://<registry-url>/kommander-applications/istio:1.23.4
2025-10-11T05:42:28.8754175Z       - oci://<registry-url>/kommander-applications/jaeger:2.57.2
2025-10-11T05:42:28.8755308Z       - oci://<registry-url>/kommander-applications/karma-traefik:0.0.3
2025-10-11T05:42:28.8756377Z       - oci://<registry-url>/kommander-applications/karma:2.0.8
2025-10-11T05:42:28.8757512Z       - oci://<registry-url>/kommander-applications/kiali:2.14.0
2025-10-11T05:42:28.8758746Z       - oci://<registry-url>/kommander-applications/knative:1.18.1
2025-10-11T05:42:28.8760025Z       - oci://<registry-url>/kommander-applications/kommander-appmanagement:0.17.0
2025-10-11T05:42:28.8761477Z       - oci://<registry-url>/kommander-applications/kommander-flux:2.6.2
2025-10-11T05:42:28.8762774Z       - oci://<registry-url>/kommander-applications/kommander-ui:17.144.0
2025-10-11T05:42:28.8763969Z       - oci://<registry-url>/kommander-applications/kommander:0.17.0
2025-10-11T05:42:28.8765119Z       - oci://<registry-url>/kommander-applications/kube-oidc-proxy:0.3.6
2025-10-11T05:42:28.8766399Z       - oci://<registry-url>/kommander-applications/kube-prometheus-stack:75.16.1
2025-10-11T05:42:28.8767794Z       - oci://<registry-url>/kommander-applications/kubecost:2.8.1
2025-10-11T05:42:28.8769193Z       - oci://<registry-url>/kommander-applications/kubefed:0.11.2
2025-10-11T05:42:28.8770499Z       - oci://<registry-url>/kommander-applications/kubernetes-dashboard:7.13.0
2025-10-11T05:42:28.8771798Z       - oci://<registry-url>/kommander-applications/kubetunnel:0.0.40
2025-10-11T05:42:28.8773044Z       - oci://<registry-url>/kommander-applications/logging-operator:5.4.0
2025-10-11T05:42:28.8774410Z       - oci://<registry-url>/kommander-applications/nkp-insights-management:1.6.8
2025-10-11T05:42:28.8775689Z       - oci://<registry-url>/kommander-applications/nkp-insights:1.6.8
2025-10-11T05:42:28.8777020Z       - oci://<registry-url>/kommander-applications/nkp-pulse-management:0.2.11
2025-10-11T05:42:28.8778348Z       - oci://<registry-url>/kommander-applications/nkp-pulse-workspace:0.2.11
2025-10-11T05:42:28.8779813Z       - oci://<registry-url>/kommander-applications/nvidia-gpu-operator:25.3.3
2025-10-11T05:42:28.8781205Z       - oci://<registry-url>/kommander-applications/nvidia-network-operator:25.7.0
2025-10-11T05:42:28.8782484Z       - oci://<registry-url>/kommander-applications/opencost:2.2.7
2025-10-11T05:42:28.8783756Z       - oci://<registry-url>/kommander-applications/project-grafana-logging:9.3.1
2025-10-11T05:42:28.8785105Z       - oci://<registry-url>/kommander-applications/project-grafana-loki:0.80.4
2025-10-11T05:42:28.8786418Z       - oci://<registry-url>/kommander-applications/project-logging:1.0.3
2025-10-11T05:42:28.8787760Z       - oci://<registry-url>/kommander-applications/prometheus-adapter:4.14.2
2025-10-11T05:42:28.8789252Z       - oci://<registry-url>/kommander-applications/prometheus-thanos-traefik:0.0.3
2025-10-11T05:42:28.8790573Z       - oci://<registry-url>/kommander-applications/reloader:2.1.5
2025-10-11T05:42:28.8791838Z       - oci://<registry-url>/kommander-applications/rook-ceph-cluster:1.17.6
2025-10-11T05:42:28.8793327Z       - oci://<registry-url>/kommander-applications/rook-ceph:1.17.6
2025-10-11T05:42:28.8794518Z       - oci://<registry-url>/kommander-applications/thanos:15.8.1
2025-10-11T05:42:28.8795811Z       - oci://<registry-url>/kommander-applications/traefik-forward-auth-mgmt:0.3.15
2025-10-11T05:42:28.8797218Z       - oci://<registry-url>/kommander-applications/traefik-forward-auth:0.3.15
2025-10-11T05:42:28.8798521Z       - oci://<registry-url>/kommander-applications/traefik:36.2.0
2025-10-11T05:42:28.8799869Z       - oci://<registry-url>/kommander-applications/velero:10.1.0
2025-10-11T05:42:28.8801158Z       - oci://<registry-url>/kommander-applications/vgpu-token-operator:1.0.7
2025-10-11T05:42:28.8802309Z       - docker.io/bitnamilegacy/kubectl:1.33.2
2025-10-11T05:42:28.8803293Z       - docker.io/mesosphere/cluster-observer:1.5.1
2025-10-11T05:42:28.8804406Z       - docker.io/mesosphere/ghostunnel:v1.8.1-server-backend-proxy
2025-10-11T05:42:28.8805603Z       - docker.io/mesosphere/kommander2-core-installer:v2.17.0-dev
2025-10-11T05:42:28.8806688Z   - name: centralized-grafana
2025-10-11T05:42:28.8807649Z     version: 75.16.1
2025-10-11T05:42:28.8808496Z     images:
2025-10-11T05:42:28.8809677Z       - oci://ghcr.io/mesosphere/charts/kube-prometheus-stack:75.16.1
2025-10-11T05:42:28.8822471Z       - docker.io/grafana/grafana:12.1.0
2025-10-11T05:42:28.8823493Z       - docker.io/kiwigrid/k8s-sidecar:1.30.7
2025-10-11T05:42:28.8824515Z   - name: centralized-opencost
2025-10-11T05:42:28.8825408Z     version: 2.2.7
2025-10-11T05:42:28.8826220Z     images:
2025-10-11T05:42:28.8827432Z       - oci://ghcr.io/opencost/charts/opencost:2.2.7
2025-10-11T05:42:28.8828483Z       - ghcr.io/opencost/opencost:1.117.6
2025-10-11T05:42:28.8829642Z   - name: cert-manager
2025-10-11T05:42:28.8830485Z     version: 1.17.2
2025-10-11T05:42:28.8831295Z     images:
2025-10-11T05:42:28.8832237Z       - oci://ghcr.io/mesosphere/charts/cert-manager-crds:v1.17.2
2025-10-11T05:42:28.8833420Z       - oci://ghcr.io/mesosphere/charts/cert-manager:v1.17.2
2025-10-11T05:42:28.8834557Z       - quay.io/jetstack/cert-manager-cainjector:v1.17.2
2025-10-11T05:42:28.8835666Z       - quay.io/jetstack/cert-manager-controller:v1.17.2
2025-10-11T05:42:28.8836874Z       - quay.io/jetstack/cert-manager-startupapicheck:v1.17.2
2025-10-11T05:42:28.8838027Z       - quay.io/jetstack/cert-manager-webhook:v1.17.2
2025-10-11T05:42:28.8839193Z   - name: chartmuseum
2025-10-11T05:42:28.8840056Z     version: 3.10.4
2025-10-11T05:42:28.8840830Z     images:
2025-10-11T05:42:28.8841648Z       - oci://ghcr.io/mesosphere/charts/chartmuseum:3.10.4
2025-10-11T05:42:28.8842688Z       - ghcr.io/helm/chartmuseum:v0.16.3
2025-10-11T05:42:28.8843622Z   - name: cilium-hubble-relay-traefik
2025-10-11T05:42:28.8844520Z     version: 0.0.4
2025-10-11T05:42:28.8845248Z     images:
2025-10-11T05:42:28.8846207Z       - oci://ghcr.io/mesosphere/charts/cilium-hubble-relay-traefik:0.0.3
2025-10-11T05:42:28.8847387Z   - name: cloudnative-pg
2025-10-11T05:42:28.8848214Z     version: 0.24.0
2025-10-11T05:42:28.8849114Z     images:
2025-10-11T05:42:28.8850013Z       - oci://ghcr.io/mesosphere/charts/cloudnative-pg:0.24.0
2025-10-11T05:42:28.8851081Z       - ghcr.io/cloudnative-pg/cloudnative-pg:1.26.0
2025-10-11T05:42:28.8852050Z   - name: cosi-driver-nutanix
2025-10-11T05:42:28.8852870Z     version: 0.6.0
2025-10-11T05:42:28.8853621Z     images:
2025-10-11T05:42:28.8854455Z       - oci://ghcr.io/mesosphere/charts/cosi-bucket-kit:0.0.5
2025-10-11T05:42:28.8855552Z       - oci://ghcr.io/mesosphere/charts/cosi-driver-nutanix:0.6.0
2025-10-11T05:42:28.8856751Z       - docker.io/bitnamilegacy/kubectl:1.33.2
2025-10-11T05:42:28.8858592Z       - ghcr.io/mesosphere/dkp-container-images/objectstorage-controller:v20250110-a29e5f6
2025-10-11T05:42:28.8860518Z       - ghcr.io/nutanix-cloud-native/cosi-driver-nutanix:v0.6.0
2025-10-11T05:42:28.8861922Z       - registry.k8s.io/sig-storage/objectstorage-sidecar:v0.2.1
2025-10-11T05:42:28.8862947Z   - name: dex
2025-10-11T05:42:28.8863929Z     version: 2.14.3
2025-10-11T05:42:28.8865227Z     images:
2025-10-11T05:42:28.8866012Z       - oci://ghcr.io/mesosphere/charts/dex:2.14.0
2025-10-11T05:42:28.8867521Z       - docker.io/bitnamilegacy/kubectl:1.33.2
2025-10-11T05:42:28.8868837Z       - docker.io/mesosphere/dex-controller:v0.16.1
2025-10-11T05:42:28.8870453Z       - docker.io/mesosphere/dex:v2.42.0-d2iq.0
2025-10-11T05:42:28.8871978Z       - quay.io/brancz/kube-rbac-proxy:v0.19.1
2025-10-11T05:42:28.8872845Z   - name: dex-k8s-authenticator
2025-10-11T05:42:28.8873598Z     version: 1.4.6
2025-10-11T05:42:28.8874293Z     images:
2025-10-11T05:42:28.8875110Z       - oci://ghcr.io/mesosphere/charts/dex-k8s-authenticator:1.4.3
2025-10-11T05:42:28.8876212Z       - docker.io/mesosphere/dex-k8s-authenticator:v1.4.5-d2iq
2025-10-11T05:42:28.8877707Z   - name: external-dns
2025-10-11T05:42:28.8878596Z     version: 9.0.0
2025-10-11T05:42:28.8879492Z     images:
2025-10-11T05:42:28.8880388Z       - oci://ghcr.io/mesosphere/charts/external-dns:9.0.0
2025-10-11T05:42:28.8881437Z       - registry.k8s.io/external-dns/external-dns:v0.18.0
2025-10-11T05:42:28.8882425Z   - name: external-secrets
2025-10-11T05:42:28.8883218Z     version: 0.18.1
2025-10-11T05:42:28.8883960Z     images:
2025-10-11T05:42:28.8884852Z       - oci://ghcr.io/external-secrets/charts/external-secrets:0.18.1
2025-10-11T05:42:28.8885966Z       - ghcr.io/external-secrets/external-secrets:v0.18.1
2025-10-11T05:42:28.8887003Z   - name: fluent-bit
2025-10-11T05:42:28.8887774Z     version: 0.50.0
2025-10-11T05:42:28.8888558Z     images:
2025-10-11T05:42:28.8889703Z       - oci://ghcr.io/mesosphere/charts/fluent-bit:0.50.0
2025-10-11T05:42:28.8890714Z       - docker.io/fluent/fluent-bit:4.0.5
2025-10-11T05:42:28.8891625Z   - name: gatekeeper
2025-10-11T05:42:28.8892401Z     version: 3.19.2
2025-10-11T05:42:28.8893150Z     images:
2025-10-11T05:42:28.8894129Z       - oci://ghcr.io/mesosphere/charts/gatekeeper-proxy-mutations:v0.0.1
2025-10-11T05:42:28.8895302Z       - oci://ghcr.io/mesosphere/charts/gatekeeper:3.19.2
2025-10-11T05:42:28.8896289Z       - docker.io/curlimages/curl:8.14.1
2025-10-11T05:42:28.8897297Z       - docker.io/openpolicyagent/gatekeeper-crds:v3.19.2
2025-10-11T05:42:28.8898362Z       - docker.io/openpolicyagent/gatekeeper:v3.19.2
2025-10-11T05:42:28.8899474Z   - name: gateway-api-crds
2025-10-11T05:42:28.8900314Z     version: 1.9.0
2025-10-11T05:42:28.8901101Z     images:
2025-10-11T05:42:28.8901921Z       - oci://ghcr.io/traefik/helm/traefik-crds:1.9.0
2025-10-11T05:42:28.8902847Z   - name: git-operator
2025-10-11T05:42:28.8903624Z     version: 0.13.11
2025-10-11T05:42:28.8904391Z     images:
2025-10-11T05:42:28.8905184Z       - docker.io/bitnamilegacy/kubectl:1.33.2
2025-10-11T05:42:28.8906148Z       - docker.io/mesosphere/git-operator:v0.13.11
2025-10-11T05:42:28.8907182Z       - docker.io/mesosphere/gitwebserver:v0.13.11
2025-10-11T05:42:28.8908174Z       - docker.io/nginxinc/nginx-unprivileged:1.28.0-alpine
2025-10-11T05:42:28.8909270Z       - quay.io/brancz/kube-rbac-proxy:v0.19.1
2025-10-11T05:42:28.8910183Z   - name: grafana-logging
2025-10-11T05:42:28.8910952Z     version: 9.3.1
2025-10-11T05:42:28.8911712Z     images:
2025-10-11T05:42:28.8912502Z       - oci://ghcr.io/grafana/helm-charts/grafana:9.3.1
2025-10-11T05:42:28.8913488Z       - docker.io/grafana/grafana:12.1.0
2025-10-11T05:42:28.8922544Z       - docker.io/kiwigrid/k8s-sidecar:1.30.7
2025-10-11T05:42:28.8923488Z   - name: grafana-loki
2025-10-11T05:42:28.8924274Z     version: 0.80.4
2025-10-11T05:42:28.8925036Z     images:
2025-10-11T05:42:28.8925906Z       - oci://ghcr.io/grafana/helm-charts/loki-distributed:0.80.3
2025-10-11T05:42:28.8927056Z       - docker.io/bitnamilegacy/kubectl:1.33.2
2025-10-11T05:42:28.8927984Z       - docker.io/grafana/loki:2.9.13
2025-10-11T05:42:28.8929092Z       - docker.io/nginxinc/nginx-unprivileged:1.28.0-alpine
2025-10-11T05:42:28.8930065Z   - name: harbor
2025-10-11T05:42:28.8930830Z     version: 1.17.2
2025-10-11T05:42:28.8931586Z     images:
2025-10-11T05:42:28.8932406Z       - oci://ghcr.io/mesosphere/charts/cluster:0.3.1
2025-10-11T05:42:28.8933620Z       - oci://ghcr.io/mesosphere/charts/cosi-bucket-kit:0.0.8
2025-10-11T05:42:28.8934687Z       - oci://ghcr.io/mesosphere/charts/harbor-copy-secret:0.1.0
2025-10-11T05:42:28.8935760Z       - oci://ghcr.io/mesosphere/charts/harbor:1.17.2
2025-10-11T05:42:28.8936718Z       - oci://ghcr.io/mesosphere/charts/valkey:3.0.22
2025-10-11T05:42:28.8937741Z       - docker.io/bitnamilegacy/kubectl:1.33.2
2025-10-11T05:42:28.8938904Z       - docker.io/bitnamilegacy/redis-exporter:1.74.0-debian-12-r3
2025-10-11T05:42:28.8940050Z       - docker.io/bitnamilegacy/valkey-sentinel:8.1.3-debian-12-r2
2025-10-11T05:42:28.8941101Z       - docker.io/bitnamilegacy/valkey:8.1.3-debian-12-r2
2025-10-11T05:42:28.8942113Z       - docker.io/goharbor/harbor-core:v2.13.2
2025-10-11T05:42:28.8943025Z       - docker.io/goharbor/harbor-exporter:v2.13.2
2025-10-11T05:42:28.8943982Z       - docker.io/goharbor/harbor-jobservice:v2.13.2
2025-10-11T05:42:28.8944942Z       - docker.io/goharbor/harbor-portal:v2.13.2
2025-10-11T05:42:28.8945918Z       - docker.io/goharbor/harbor-registryctl:v2.13.2
2025-10-11T05:42:28.8946934Z       - docker.io/goharbor/registry-photon:v2.13.2
2025-10-11T05:42:28.8947948Z       - docker.io/goharbor/trivy-adapter-photon:v2.13.2
2025-10-11T05:42:28.8949305Z       - ghcr.io/mesosphere/dkp-container-images/cloudnative-pg/postgresql:17.5-minimal-bookworm
2025-10-11T05:42:28.8950466Z   - name: istio
2025-10-11T05:42:28.8951201Z     version: 1.23.4
2025-10-11T05:42:28.8951935Z     images:
2025-10-11T05:42:28.8952884Z       - oci://ghcr.io/mesosphere/charts/istio:1.23.3
2025-10-11T05:42:28.8953832Z       - docker.io/bitnamilegacy/kubectl:1.33.2
2025-10-11T05:42:28.8954734Z       - docker.io/istio/install-cni:1.23.6
2025-10-11T05:42:28.8955603Z       - docker.io/istio/operator:1.23.6
2025-10-11T05:42:28.8956464Z       - docker.io/istio/pilot:1.23.6
2025-10-11T05:42:28.8957414Z       - docker.io/istio/proxyv2:1.23.6
2025-10-11T05:42:28.8958221Z   - name: jaeger
2025-10-11T05:42:28.8959063Z     version: 2.57.2
2025-10-11T05:42:28.8959776Z     images:
2025-10-11T05:42:28.8960577Z       - oci://ghcr.io/mesosphere/charts/jaeger-operator:2.57.0
2025-10-11T05:42:28.8961573Z       - docker.io/jaegertracing/all-in-one:1.70.0
2025-10-11T05:42:28.8962513Z       - docker.io/jaegertracing/jaeger-operator:1.61.0
2025-10-11T05:42:28.8963373Z   - name: karma
2025-10-11T05:42:28.8964048Z     version: 2.0.8
2025-10-11T05:42:28.8964709Z     images:
2025-10-11T05:42:28.8965424Z       - oci://ghcr.io/mesosphere/charts/karma:2.0.3
2025-10-11T05:42:28.8966355Z       - docker.io/mesosphere/karma:v0.120-ntnx-server-name
2025-10-11T05:42:28.8967310Z   - name: karma-traefik
2025-10-11T05:42:28.8968009Z     version: 0.0.3
2025-10-11T05:42:28.8968849Z     images:
2025-10-11T05:42:28.8969604Z       - oci://ghcr.io/mesosphere/charts/thanos-traefik:0.0.2
2025-10-11T05:42:28.8970483Z   - name: kiali
2025-10-11T05:42:28.8971166Z     version: 2.14.0
2025-10-11T05:42:28.8971825Z     images:
2025-10-11T05:42:28.8972569Z       - oci://ghcr.io/mesosphere/charts/kiali-operator:2.14.0
2025-10-11T05:42:28.8973516Z       - quay.io/kiali/kiali-operator:v2.14.0
2025-10-11T05:42:28.8974400Z       - quay.io/kiali/kiali:v2.14.0-distro
2025-10-11T05:42:28.8975250Z   - name: knative
2025-10-11T05:42:28.8975970Z     version: 1.18.1
2025-10-11T05:42:28.8976672Z     images:
2025-10-11T05:42:28.8977560Z       - oci://ghcr.io/mesosphere/charts/knative-operator:1.18.1
2025-10-11T05:42:28.8978696Z       - oci://ghcr.io/mesosphere/charts/knative:1.18.1
2025-10-11T05:42:28.8979723Z       - gcr.io/knative-releases/aws-ddb-streams-source:v1.18.0
2025-10-11T05:42:28.8980746Z       - gcr.io/knative-releases/aws-s3-sink:v1.18.0
2025-10-11T05:42:28.8981714Z       - gcr.io/knative-releases/aws-s3-source:v1.18.0
2025-10-11T05:42:28.8982667Z       - gcr.io/knative-releases/aws-sns-sink:v1.18.0
2025-10-11T05:42:28.8983631Z       - gcr.io/knative-releases/aws-sqs-sink:v1.18.0
2025-10-11T05:42:28.8984605Z       - gcr.io/knative-releases/aws-sqs-source:v1.18.0
2025-10-11T05:42:28.8986005Z       - gcr.io/knative-releases/knative.dev/eventing/cmd/apiserver_receive_adapter:v1.18.1
2025-10-11T05:42:28.8987457Z       - gcr.io/knative-releases/knative.dev/eventing/cmd/broker/filter:v1.18.1
2025-10-11T05:42:28.8988875Z       - gcr.io/knative-releases/knative.dev/eventing/cmd/broker/ingress:v1.18.1
2025-10-11T05:42:28.8990143Z       - gcr.io/knative-releases/knative.dev/eventing/cmd/controller:v1.18.1
2025-10-11T05:42:28.8991633Z       - gcr.io/knative-releases/knative.dev/eventing/cmd/in_memory/channel_controller:v1.18.1
2025-10-11T05:42:28.8993548Z       - gcr.io/knative-releases/knative.dev/eventing/cmd/in_memory/channel_dispatcher:v1.18.1
2025-10-11T05:42:28.8995883Z       - gcr.io/knative-releases/knative.dev/eventing/cmd/jobsink:v1.18.1
2025-10-11T05:42:28.8998255Z       - gcr.io/knative-releases/knative.dev/eventing/cmd/mtchannel_broker:v1.18.1
2025-10-11T05:42:28.9002061Z       - gcr.io/knative-releases/knative.dev/eventing/cmd/mtping:v1.18.1
2025-10-11T05:42:28.9004252Z       - gcr.io/knative-releases/knative.dev/eventing/cmd/webhook:v1.18.1
2025-10-11T05:42:28.9006478Z       - gcr.io/knative-releases/knative.dev/operator/cmd/operator:v1.18.1
2025-10-11T05:42:28.9008879Z       - gcr.io/knative-releases/knative.dev/operator/cmd/webhook:v1.18.1
2025-10-11T05:42:28.9011399Z       - gcr.io/knative-releases/knative.dev/pkg/apiextensions/storageversion/cmd/migrate:v1.18.1
2025-10-11T05:42:28.9013849Z       - gcr.io/knative-releases/knative.dev/serving/cmd/activator:v1.18.1
2025-10-11T05:42:28.9016292Z       - gcr.io/knative-releases/knative.dev/serving/cmd/autoscaler-hpa:v1.18.1
2025-10-11T05:42:28.9018592Z       - gcr.io/knative-releases/knative.dev/serving/cmd/autoscaler:v1.18.1
2025-10-11T05:42:28.9020830Z       - gcr.io/knative-releases/knative.dev/serving/cmd/controller:v1.18.1
2025-10-11T05:42:28.9023017Z       - gcr.io/knative-releases/knative.dev/serving/cmd/queue:v1.18.1
2025-10-11T05:42:28.9025158Z       - gcr.io/knative-releases/knative.dev/serving/cmd/webhook:v1.18.1
2025-10-11T05:42:28.9027509Z       - gcr.io/knative-releases/knative.dev/serving/pkg/cleanup/cmd/cleanup:v1.18.1
2025-10-11T05:42:28.9029650Z       - gcr.io/knative-releases/log-sink:v1.18.0
2025-10-11T05:42:28.9031323Z       - gcr.io/knative-releases/timer-source:v1.18.0
2025-10-11T05:42:28.9043603Z       - gcr.io/knative-releases/transform-jsonata:v1.18.0
2025-10-11T05:42:28.9044562Z   - name: kommander
2025-10-11T05:42:28.9045254Z     version: 0.17.0
2025-10-11T05:42:28.9046062Z     images:
2025-10-11T05:42:28.9046928Z       - oci://docker.io/mesosphere/kommander-chart:v2.17.0-dev
2025-10-11T05:42:28.9047903Z       - docker.io/mesosphere/capimate:v0.0.0-dev.0
2025-10-11T05:42:28.9049166Z       - docker.io/mesosphere/kommander2-federation-authorizedlister:v2.17.0-dev
2025-10-11T05:42:28.9050442Z       - docker.io/mesosphere/kommander2-federation-controller-manager:v2.17.0-dev
2025-10-11T05:42:28.9051676Z       - docker.io/mesosphere/kommander2-federation-webhook:v2.17.0-dev
2025-10-11T05:42:28.9052793Z       - docker.io/mesosphere/kommander2-flux-operator:v2.17.0-dev
2025-10-11T05:42:28.9053865Z       - docker.io/mesosphere/kommander2-kubetools:v2.17.0-dev
2025-10-11T05:42:28.9054993Z       - docker.io/mesosphere/kommander2-licensing-controller-manager:v2.17.0-dev
2025-10-11T05:42:28.9056179Z       - docker.io/mesosphere/kommander2-licensing-webhook:v2.17.0-dev
2025-10-11T05:42:28.9057396Z       - ghcr.io/mesosphere/kommander-applications-server:v2.17.0-dev
2025-10-11T05:42:28.9058451Z       - quay.io/brancz/kube-rbac-proxy:v0.19.1
2025-10-11T05:42:28.9059577Z   - name: kommander-appmanagement
2025-10-11T05:42:28.9060419Z     version: 0.17.0
2025-10-11T05:42:28.9061126Z     images:
2025-10-11T05:42:28.9062060Z       - oci://docker.io/mesosphere/kommander-appmanagement-chart:v2.17.0-dev
2025-10-11T05:42:28.9063311Z       - docker.io/mesosphere/kommander2-appmanagement-webhook:v2.17.0-dev
2025-10-11T05:42:28.9064480Z       - docker.io/mesosphere/kommander2-appmanagement:v2.17.0-dev
2025-10-11T05:42:28.9065821Z       - docker.io/mesosphere/kommander2-kubetools:v2.17.0-dev
2025-10-11T05:42:28.9066868Z       - quay.io/brancz/kube-rbac-proxy:v0.19.1
2025-10-11T05:42:28.9067756Z   - name: kommander-flux
2025-10-11T05:42:28.9068507Z     version: 2.6.2
2025-10-11T05:42:28.9069365Z     images:
2025-10-11T05:42:28.9070134Z       - oci://ghcr.io/fluxcd-community/charts/flux2:2.16.1
2025-10-11T05:42:28.9071163Z       - docker.io/mesosphere/flux-oci-mirror:v0.3.0
2025-10-11T05:42:28.9072086Z       - ghcr.io/fluxcd/flux-cli:v2.6.2
2025-10-11T05:42:28.9072982Z       - ghcr.io/fluxcd/helm-controller:v1.3.0
2025-10-11T05:42:28.9073937Z       - ghcr.io/fluxcd/image-automation-controller:v0.41.1
2025-10-11T05:42:28.9074944Z       - ghcr.io/fluxcd/image-reflector-controller:v0.35.2
2025-10-11T05:42:28.9075928Z       - ghcr.io/fluxcd/kustomize-controller:v1.6.0
2025-10-11T05:42:28.9076953Z       - ghcr.io/fluxcd/notification-controller:v1.6.0
2025-10-11T05:42:28.9077911Z       - ghcr.io/fluxcd/source-controller:v1.6.1
2025-10-11T05:42:28.9078901Z   - name: kommander-ui
2025-10-11T05:42:28.9079632Z     version: 17.144.0
2025-10-11T05:42:28.9080348Z     images:
2025-10-11T05:42:28.9081123Z       - oci://ghcr.io/mesosphere/charts/kommander-ui:17.144.0
2025-10-11T05:42:28.9082108Z       - docker.io/mesosphere/kommander:17.144.0
2025-10-11T05:42:28.9082993Z   - name: kube-oidc-proxy
2025-10-11T05:42:28.9083713Z     version: 0.3.6
2025-10-11T05:42:28.9084382Z     images:
2025-10-11T05:42:28.9085123Z       - oci://ghcr.io/mesosphere/charts/kube-oidc-proxy:0.3.4
2025-10-11T05:42:28.9086398Z       - ghcr.io/mesosphere/dkp-container-images/kube-oidc-proxy:1.0.9
2025-10-11T05:42:28.9087521Z   - name: kube-prometheus-stack
2025-10-11T05:42:28.9088468Z     version: 75.16.1
2025-10-11T05:42:28.9089465Z     images:
2025-10-11T05:42:28.9090501Z       - oci://ghcr.io/mesosphere/charts/kube-prometheus-stack:75.16.1
2025-10-11T05:42:28.9091982Z       - docker.io/bitnamilegacy/kubectl:1.33.2
2025-10-11T05:42:28.9093027Z       - docker.io/grafana/grafana:12.1.0
2025-10-11T05:42:28.9094066Z       - docker.io/kiwigrid/k8s-sidecar:1.30.7
2025-10-11T05:42:28.9095078Z       - docker.io/library/busybox:1
2025-10-11T05:42:28.9096076Z       - quay.io/brancz/kube-rbac-proxy:v0.19.1
2025-10-11T05:42:28.9097325Z       - quay.io/prometheus-operator/prometheus-config-reloader:v0.83.0
2025-10-11T05:42:28.9098577Z       - quay.io/prometheus-operator/prometheus-operator:v0.83.0
2025-10-11T05:42:28.9099857Z       - quay.io/prometheus/node-exporter:v1.9.1
2025-10-11T05:42:28.9100922Z       - quay.io/prometheus/prometheus:v3.5.0
2025-10-11T05:42:28.9101933Z       - quay.io/thanos/thanos:v0.39.2
2025-10-11T05:42:28.9104368Z       - registry.k8s.io/ingress-nginx/kube-webhook-certgen:v1.6.0
2025-10-11T05:42:28.9105671Z       - registry.k8s.io/kube-state-metrics/kube-state-metrics:v2.16.0
2025-10-11T05:42:28.9106862Z   - name: kubecost
2025-10-11T05:42:28.9107738Z     version: 2.8.1
2025-10-11T05:42:28.9108601Z     images:
2025-10-11T05:42:28.9109662Z       - oci://ghcr.io/mesosphere/charts/cosi-bucket-kit:0.0.5
2025-10-11T05:42:28.9110827Z       - oci://ghcr.io/mesosphere/charts/cost-analyzer:2.8.1
2025-10-11T05:42:28.9111925Z       - docker.io/bitnamilegacy/kubectl:1.33.2
2025-10-11T05:42:28.9112955Z       - gcr.io/kubecost1/cost-model:prod-2.8.1
2025-10-11T05:42:28.9114001Z       - gcr.io/kubecost1/frontend:prod-2.8.1
2025-10-11T05:42:28.9115205Z       - quay.io/prometheus-operator/prometheus-config-reloader:v0.82.2
2025-10-11T05:42:28.9116413Z       - quay.io/prometheus/alertmanager:v0.28.1
2025-10-11T05:42:28.9117555Z       - quay.io/prometheus/prometheus:v3.4.1
2025-10-11T05:42:28.9118587Z   - name: kubefed
2025-10-11T05:42:28.9119583Z     version: 0.11.2
2025-10-11T05:42:28.9120435Z     images:
2025-10-11T05:42:28.9121344Z       - oci://ghcr.io/mesosphere/charts/kubefed:0.10.4
2025-10-11T05:42:28.9122417Z       - docker.io/bitnamilegacy/kubectl:1.33.2
2025-10-11T05:42:28.9123439Z       - ghcr.io/mesosphere/kubefed:v0.11.1
2025-10-11T05:42:28.9124441Z   - name: kubernetes-dashboard
2025-10-11T05:42:28.9125570Z     version: 7.13.0
2025-10-11T05:42:28.9126429Z     images:
2025-10-11T05:42:28.9127480Z       - oci://ghcr.io/mesosphere/charts/kubernetes-dashboard:7.13.0
2025-10-11T05:42:28.9128775Z       - docker.io/kubernetesui/dashboard-api:1.13.0
2025-10-11T05:42:28.9129909Z       - docker.io/kubernetesui/dashboard-auth:1.3.0
2025-10-11T05:42:28.9131049Z       - docker.io/kubernetesui/dashboard-metrics-scraper:1.2.2
2025-10-11T05:42:28.9132424Z       - docker.io/kubernetesui/dashboard-web:1.7.0
2025-10-11T05:42:28.9133481Z       - docker.io/library/kong:3.9.1
2025-10-11T05:42:28.9134454Z   - name: kubetunnel
2025-10-11T05:42:28.9135347Z     version: 0.0.40
2025-10-11T05:42:28.9136190Z     images:
2025-10-11T05:42:28.9137161Z       - oci://ghcr.io/mesosphere/charts/kubetunnel:v0.0.39
2025-10-11T05:42:28.9138234Z       - docker.io/alpine/curl:8.9.1
2025-10-11T05:42:28.9147812Z       - docker.io/bitnamilegacy/kubectl:1.33.2
2025-10-11T05:42:28.9148873Z       - docker.io/jpillora/chisel:1.10.1
2025-10-11T05:42:28.9149789Z       - docker.io/mesosphere/kubetunnel-controller:v0.0.39
2025-10-11T05:42:28.9150848Z       - docker.io/mesosphere/kubetunnel-kubeconfig-webhook:v0.0.39
2025-10-11T05:42:28.9151880Z       - docker.io/mesosphere/kubetunnel-reverse-proxy:v0.0.39
2025-10-11T05:42:28.9152847Z       - docker.io/mesosphere/kubetunnel-webhook:v0.0.39
2025-10-11T05:42:28.9153711Z   - name: logging-operator
2025-10-11T05:42:28.9154400Z     version: 5.4.0
2025-10-11T05:42:28.9155057Z     images:
2025-10-11T05:42:28.9156086Z       - oci://ghcr.io/kube-logging/helm-charts/logging-operator:5.4.0
2025-10-11T05:42:28.9157317Z       - oci://ghcr.io/mesosphere/charts/logging-operator-logging:4.2.2
2025-10-11T05:42:28.9158413Z       - ghcr.io/kube-logging/logging-operator/config-reloader:5.4.0
2025-10-11T05:42:28.9159647Z       - ghcr.io/kube-logging/logging-operator/fluentd:5.4.0-full
2025-10-11T05:42:28.9160711Z       - ghcr.io/kube-logging/logging-operator/node-exporter:5.4.0
2025-10-11T05:42:28.9161722Z       - ghcr.io/kube-logging/logging-operator:5.4.0
2025-10-11T05:42:28.9162887Z       - ghcr.io/mesosphere/dkp-container-images/docker.io/fluent/fluent-bit:3.2.5-d2iq.0
2025-10-11T05:42:28.9163981Z   - name: nkp-insights
2025-10-11T05:42:28.9164700Z     version: 1.6.8
2025-10-11T05:42:28.9165385Z     images:
2025-10-11T05:42:28.9166148Z       - oci://ghcr.io/mesosphere/charts/nkp-insights:1.6.8
2025-10-11T05:42:28.9167174Z       - docker.io/aquasec/kube-bench:v0.11.1
2025-10-11T05:42:28.9168046Z       - docker.io/bitnamilegacy/kubectl:1.33.2
2025-10-11T05:42:28.9169027Z       - docker.io/mesosphere/insights:1.6.8
2025-10-11T05:42:28.9169994Z       - docker.io/mesosphere/trivy-bundles:0.64.1-20250707T225137Z
2025-10-11T05:42:28.9170959Z       - quay.io/fairwinds/nova:v3.11
2025-10-11T05:42:28.9171803Z       - quay.io/fairwinds/polaris:9.4.1
2025-10-11T05:42:28.9172646Z       - registry.k8s.io/pause:3.10
2025-10-11T05:42:28.9173513Z       - us-docker.pkg.dev/fairwinds-ops/oss/pluto:v5.21.9
2025-10-11T05:42:28.9174447Z   - name: nkp-insights-management
2025-10-11T05:42:28.9175214Z     version: 1.6.8
2025-10-11T05:42:28.9175887Z     images:
2025-10-11T05:42:28.9176721Z       - oci://ghcr.io/mesosphere/charts/nkp-insights-management:1.6.8
2025-10-11T05:42:28.9177791Z       - docker.io/bitnamilegacy/kubectl:1.33.2
2025-10-11T05:42:28.9178813Z       - docker.io/mesosphere/insights-management:1.6.8
2025-10-11T05:42:28.9179708Z   - name: nvidia-gpu-operator
2025-10-11T05:42:28.9180457Z     version: 25.3.3
2025-10-11T05:42:28.9181125Z     images:
2025-10-11T05:42:28.9181925Z       - oci://ghcr.io/mesosphere/charts/gpu-operator:v25.3.3
2025-10-11T05:42:28.9182912Z       - nvcr.io/nvidia/cloud-native/dcgm:4.2.3-1-ubuntu22.04
2025-10-11T05:42:28.9183963Z       - nvcr.io/nvidia/cloud-native/gpu-operator-validator:v25.3.3
2025-10-11T05:42:28.9185096Z       - nvcr.io/nvidia/cloud-native/k8s-mig-manager:v0.12.2-ubuntu20.04
2025-10-11T05:42:28.9186182Z       - nvcr.io/nvidia/driver:535-5.15.0-139-generic-ubuntu22.04
2025-10-11T05:42:28.9187386Z       - nvcr.io/nvidia/gpu-operator:v25.3.3
2025-10-11T05:42:28.9188264Z       - nvcr.io/nvidia/k8s-device-plugin:v0.17.3
2025-10-11T05:42:28.9189341Z       - nvcr.io/nvidia/k8s/container-toolkit:v1.17.8-ubi8
2025-10-11T05:42:28.9190378Z       - nvcr.io/nvidia/k8s/container-toolkit:v1.17.8-ubuntu20.04
2025-10-11T05:42:28.9191458Z       - nvcr.io/nvidia/k8s/cuda-sample:vectoradd-cuda12.5.0
2025-10-11T05:42:28.9192546Z       - nvcr.io/nvidia/k8s/dcgm-exporter:4.2.3-4.1.3-ubuntu22.04
2025-10-11T05:42:28.9193617Z   - name: nvidia-network-operator
2025-10-11T05:42:28.9194505Z     version: 25.7.0
2025-10-11T05:42:28.9195290Z     images:
2025-10-11T05:42:28.9196174Z       - oci://ghcr.io/mesosphere/charts/network-operator:25.7.0
2025-10-11T05:42:28.9197437Z       - ghcr.io/k8snetworkplumbingwg/network-resources-injector:v1.7.0
2025-10-11T05:42:28.9198788Z       - ghcr.io/mellanox/nic-feature-discovery:v0.0.1
2025-10-11T05:42:28.9199824Z       - ghcr.io/mellanox/nvidia-k8s-ipam:v0.2.0
2025-10-11T05:42:28.9200810Z       - nvcr.io/nvidia/cloud-native/network-operator:v25.7.0
2025-10-11T05:42:28.9201940Z       - nvcr.io/nvidia/doca/doca_telemetry:1.21.4-doca3.0.0-host
2025-10-11T05:42:28.9203332Z       - nvcr.io/nvidia/mellanox/doca-driver:doca3.1.0-25.07-0.9.7.0-0-5.15.0-151-generic-ubuntu22.04-amd64
2025-10-11T05:42:28.9204751Z       - nvcr.io/nvidia/mellanox/ib-kubernetes:network-operator-v25.7.0
2025-10-11T05:42:28.9205973Z       - nvcr.io/nvidia/mellanox/ib-sriov-cni:network-operator-v25.7.0
2025-10-11T05:42:28.9207416Z       - nvcr.io/nvidia/mellanox/ipoib-cni:network-operator-v25.7.0
2025-10-11T05:42:28.9208803Z       - nvcr.io/nvidia/mellanox/k8s-rdma-shared-dev-plugin:network-operator-v25.7.0
2025-10-11T05:42:28.9210189Z       - nvcr.io/nvidia/mellanox/maintenance-operator:network-operator-v25.7.0
2025-10-11T05:42:28.9211465Z       - nvcr.io/nvidia/mellanox/multus-cni:network-operator-v25.7.0
2025-10-11T05:42:28.9212797Z       - nvcr.io/nvidia/mellanox/network-operator-init-container:network-operator-v25.7.0
2025-10-11T05:42:28.9214063Z       - nvcr.io/nvidia/mellanox/network-operator:v25.7.0
2025-10-11T05:42:28.9215355Z       - nvcr.io/nvidia/mellanox/nic-configuration-operator-daemon:network-operator-v25.7.0
2025-10-11T05:42:28.9216846Z       - nvcr.io/nvidia/mellanox/nic-configuration-operator:network-operator-v25.7.0
2025-10-11T05:42:28.9218169Z       - nvcr.io/nvidia/mellanox/ovs-cni-plugin:network-operator-v25.7.0
2025-10-11T05:42:28.9219407Z       - nvcr.io/nvidia/mellanox/plugins:network-operator-v25.7.0
2025-10-11T05:42:28.9220604Z       - nvcr.io/nvidia/mellanox/rdma-cni:network-operator-v25.7.0
2025-10-11T05:42:28.9221880Z       - nvcr.io/nvidia/mellanox/spectrum-x-operator:network-operator-v25.7.0
2025-10-11T05:42:28.9222409Z       - nvcr.io/nvidia/mellanox/sriov-cni:network-operator-v25.7.0
2025-10-11T05:42:28.9223040Z       - nvcr.io/nvidia/mellanox/sriov-network-device-plugin:network-operator-v25.7.0
2025-10-11T05:42:28.9223751Z       - nvcr.io/nvidia/mellanox/sriov-network-operator-config-daemon:network-operator-v25.7.0
2025-10-11T05:42:28.9224395Z       - nvcr.io/nvidia/mellanox/sriov-network-operator-webhook:network-operator-v25.7.0
2025-10-11T05:42:28.9224992Z       - nvcr.io/nvidia/mellanox/sriov-network-operator:network-operator-v25.7.0
2025-10-11T05:42:28.9225514Z       - nvcr.io/nvidia/mellanox/whereabouts:network-operator-v25.7.0
2025-10-11T05:42:28.9225880Z   - name: opencost
2025-10-11T05:42:28.9226235Z     version: 2.2.7
2025-10-11T05:42:28.9226575Z     images:
2025-10-11T05:42:28.9227046Z       - oci://ghcr.io/opencost/charts/opencost:2.2.7
2025-10-11T05:42:28.9227606Z       - ghcr.io/mesosphere/dkp-container-images/opencost/opencost-ui:1.117.6
2025-10-11T05:42:28.9228012Z       - ghcr.io/opencost/opencost:1.117.6
2025-10-11T05:42:28.9228390Z   - name: project-grafana-logging
2025-10-11T05:42:28.9228823Z     version: 9.3.1
2025-10-11T05:42:28.9229168Z     images:
2025-10-11T05:42:28.9229601Z       - oci://ghcr.io/grafana/helm-charts/grafana:9.3.1
2025-10-11T05:42:28.9230143Z       - docker.io/grafana/grafana:12.1.0
2025-10-11T05:42:28.9230559Z       - docker.io/kiwigrid/k8s-sidecar:1.30.7
2025-10-11T05:42:28.9230944Z   - name: project-grafana-loki
2025-10-11T05:42:28.9231319Z     version: 0.80.4
2025-10-11T05:42:28.9231686Z     images:
2025-10-11T05:42:28.9232174Z       - oci://ghcr.io/grafana/helm-charts/loki-distributed:0.80.3
2025-10-11T05:42:28.9232721Z       - oci://ghcr.io/mesosphere/charts/object-bucket-claim:0.1.11
2025-10-11T05:42:28.9233084Z       - docker.io/grafana/loki:2.9.13
2025-10-11T05:42:28.9233537Z       - docker.io/nginxinc/nginx-unprivileged:1.28.0-alpine
2025-10-11T05:42:28.9233901Z   - name: prometheus-adapter
2025-10-11T05:42:28.9234244Z     version: 4.14.2
2025-10-11T05:42:28.9234566Z     images:
2025-10-11T05:42:28.9235063Z       - oci://ghcr.io/mesosphere/charts/prometheus-adapter:4.14.1
2025-10-11T05:42:28.9235587Z       - registry.k8s.io/prometheus-adapter/prometheus-adapter:v0.12.0
2025-10-11T05:42:28.9235966Z   - name: prometheus-thanos-traefik
2025-10-11T05:42:28.9236310Z     version: 0.0.3
2025-10-11T05:42:28.9236636Z     images:
2025-10-11T05:42:28.9237114Z       - oci://ghcr.io/mesosphere/charts/thanos-traefik:0.0.2
2025-10-11T05:42:28.9237451Z   - name: reloader
2025-10-11T05:42:28.9237781Z     version: 2.1.5
2025-10-11T05:42:28.9238104Z     images:
2025-10-11T05:42:28.9238500Z       - oci://ghcr.io/mesosphere/charts/reloader:2.1.5
2025-10-11T05:42:28.9238903Z       - ghcr.io/stakater/reloader:v1.4.5
2025-10-11T05:42:28.9239236Z   - name: rook-ceph
2025-10-11T05:42:28.9239561Z     version: 1.17.6
2025-10-11T05:42:28.9252798Z     images:
2025-10-11T05:42:28.9253239Z       - oci://ghcr.io/mesosphere/charts/rook-ceph:v1.17.6
2025-10-11T05:42:28.9253557Z       - docker.io/rook/ceph:v1.17.6
2025-10-11T05:42:28.9253908Z   - name: rook-ceph-cluster
2025-10-11T05:42:28.9254265Z     version: 1.17.6
2025-10-11T05:42:28.9254600Z     images:
2025-10-11T05:42:28.9255047Z       - oci://ghcr.io/mesosphere/charts/cosi-bucket-kit:0.0.5
2025-10-11T05:42:28.9255575Z       - oci://ghcr.io/mesosphere/charts/object-bucket-claim:0.1.11
2025-10-11T05:42:28.9256059Z       - oci://ghcr.io/mesosphere/charts/rook-ceph-cluster:v1.17.6
2025-10-11T05:42:28.9256475Z       - docker.io/bitnamilegacy/kubectl:1.33.2
2025-10-11T05:42:28.9257242Z       - ghcr.io/mesosphere/dkp-container-images/objectstorage-sidecar:v20240513-v0.1.0-35-gefb3255
2025-10-11T05:42:28.9257611Z       - quay.io/ceph/ceph:v19.2.2
2025-10-11T05:42:28.9257973Z       - quay.io/ceph/cosi:v0.1.2
2025-10-11T05:42:28.9258315Z   - name: thanos
2025-10-11T05:42:28.9258764Z     version: 15.8.1
2025-10-11T05:42:28.9259101Z     images:
2025-10-11T05:42:28.9259549Z       - oci://ghcr.io/mesosphere/charts/thanos:15.8.0
2025-10-11T05:42:28.9259932Z       - docker.io/bitnamilegacy/kubectl:1.33.2
2025-10-11T05:42:28.9260327Z       - quay.io/thanos/thanos:v0.39.2
2025-10-11T05:42:28.9260667Z   - name: traefik
2025-10-11T05:42:28.9261050Z     version: 36.2.0
2025-10-11T05:42:28.9261381Z     images:
2025-10-11T05:42:28.9261818Z       - oci://ghcr.io/traefik/helm/traefik-crds:1.9.0
2025-10-11T05:42:28.9262229Z       - oci://ghcr.io/traefik/helm/traefik:36.2.0
2025-10-11T05:42:28.9262594Z       - docker.io/library/traefik:v3.4.0
2025-10-11T05:42:28.9262980Z   - name: traefik-forward-auth
2025-10-11T05:42:28.9263325Z     version: 0.3.15
2025-10-11T05:42:28.9263689Z     images:
2025-10-11T05:42:28.9264175Z       - oci://ghcr.io/mesosphere/charts/traefik-forward-auth:0.3.10
2025-10-11T05:42:28.9264666Z       - docker.io/mesosphere/kubeaddons-addon-initializer:v0.8.0
2025-10-11T05:42:28.9265052Z   - name: traefik-forward-auth-mgmt
2025-10-11T05:42:28.9265407Z     version: 0.3.15
2025-10-11T05:42:28.9265741Z     images:
2025-10-11T05:42:28.9266263Z       - oci://ghcr.io/mesosphere/charts/traefik-forward-auth:0.3.10
2025-10-11T05:42:28.9266749Z       - docker.io/mesosphere/kubeaddons-addon-initializer:v0.8.0
2025-10-11T05:42:28.9267235Z       - docker.io/mesosphere/traefik-forward-auth:v3.2.1
2025-10-11T05:42:28.9267585Z   - name: velero
2025-10-11T05:42:28.9268041Z     version: 10.1.0
2025-10-11T05:42:28.9268376Z     images:
2025-10-11T05:42:28.9268853Z       - oci://ghcr.io/mesosphere/charts/velero:10.1.0
2025-10-11T05:42:28.9269240Z       - docker.io/bitnamilegacy/kubectl:1.33.2
2025-10-11T05:42:28.9269718Z       - docker.io/mesosphere/kubeaddons-addon-initializer:v0.8.0
2025-10-11T05:42:28.9270169Z       - docker.io/velero/velero-plugin-for-aws:v1.12.2
2025-10-11T05:42:28.9270545Z       - docker.io/velero/velero:v1.16.2
2025-10-11T05:42:28.9270933Z   - name: vgpu-token-operator
2025-10-11T05:42:28.9271285Z     version: 1.0.7
2025-10-11T05:42:28.9271655Z     images:
2025-10-11T05:42:28.9272371Z       - oci://ghcr.io/nutanix-cloud-native/vgpu-token-operator-charts/vgpu-token-operator:v1.0.7
2025-10-11T05:42:28.9272827Z       - ghcr.io/nutanix-cloud-native/vgpu-token-copier:v1.0.7
2025-10-11T05:42:28.9273301Z       - ghcr.io/nutanix-cloud-native/vgpu-token-operator:v1.0.7
2025-10-11T05:42:28.9273765Z docker.io/alpine/curl:8.9.1
2025-10-11T05:42:28.9274163Z docker.io/aquasec/kube-bench:v0.11.1
2025-10-11T05:42:28.9274577Z docker.io/bitnamilegacy/kubectl:1.33.2
2025-10-11T05:42:28.9275057Z docker.io/bitnamilegacy/redis-exporter:1.74.0-debian-12-r3
2025-10-11T05:42:28.9275530Z docker.io/bitnamilegacy/valkey-sentinel:8.1.3-debian-12-r2
2025-10-11T05:42:28.9275977Z docker.io/bitnamilegacy/valkey:8.1.3-debian-12-r2
2025-10-11T05:42:28.9276355Z docker.io/curlimages/curl:8.14.1
2025-10-11T05:42:28.9276722Z docker.io/fluent/fluent-bit:4.0.5
2025-10-11T05:42:28.9277142Z docker.io/goharbor/harbor-core:v2.13.2
2025-10-11T05:42:28.9277664Z docker.io/goharbor/harbor-exporter:v2.13.2
2025-10-11T05:42:28.9278080Z docker.io/goharbor/harbor-jobservice:v2.13.2
2025-10-11T05:42:28.9278481Z docker.io/goharbor/harbor-portal:v2.13.2
2025-10-11T05:42:28.9279023Z docker.io/goharbor/harbor-registryctl:v2.13.2
2025-10-11T05:42:28.9279437Z docker.io/goharbor/registry-photon:v2.13.2
2025-10-11T05:42:28.9279857Z docker.io/goharbor/trivy-adapter-photon:v2.13.2
2025-10-11T05:42:28.9280264Z docker.io/grafana/grafana:12.1.0
2025-10-11T05:42:28.9280642Z docker.io/grafana/loki:2.9.13
2025-10-11T05:42:28.9281008Z docker.io/istio/install-cni:1.23.6
2025-10-11T05:42:28.9281374Z docker.io/istio/operator:1.23.6
2025-10-11T05:42:28.9281735Z docker.io/istio/pilot:1.23.6
2025-10-11T05:42:28.9282107Z docker.io/istio/proxyv2:1.23.6
2025-10-11T05:42:28.9282486Z docker.io/jaegertracing/all-in-one:1.70.0
2025-10-11T05:42:28.9282904Z docker.io/jaegertracing/jaeger-operator:1.61.0
2025-10-11T05:42:28.9283268Z docker.io/jpillora/chisel:1.10.1
2025-10-11T05:42:28.9283644Z docker.io/kiwigrid/k8s-sidecar:1.30.7
2025-10-11T05:42:28.9284033Z docker.io/kubernetesui/dashboard-api:1.13.0
2025-10-11T05:42:28.9284433Z docker.io/kubernetesui/dashboard-auth:1.3.0
2025-10-11T05:42:28.9284861Z docker.io/kubernetesui/dashboard-metrics-scraper:1.2.2
2025-10-11T05:42:28.9285247Z docker.io/kubernetesui/dashboard-web:1.7.0
2025-10-11T05:42:28.9285616Z docker.io/library/busybox:1
2025-10-11T05:42:28.9285985Z docker.io/library/kong:3.9.1
2025-10-11T05:42:28.9286357Z docker.io/library/traefik:v3.4.0
2025-10-11T05:42:28.9286724Z docker.io/mesosphere/capimate:v0.0.0-dev.0
2025-10-11T05:42:28.9287168Z docker.io/mesosphere/cluster-observer:1.5.1
2025-10-11T05:42:28.9287543Z docker.io/mesosphere/dex-controller:v0.16.1
2025-10-11T05:42:28.9288013Z docker.io/mesosphere/dex-k8s-authenticator:v1.4.5-d2iq
2025-10-11T05:42:28.9288373Z docker.io/mesosphere/dex:v2.42.0-d2iq.0
2025-10-11T05:42:28.9288826Z docker.io/mesosphere/flux-oci-mirror:v0.3.0
2025-10-11T05:42:28.9289302Z docker.io/mesosphere/ghostunnel:v1.8.1-server-backend-proxy
2025-10-11T05:42:28.9289696Z docker.io/mesosphere/git-operator:v0.13.11
2025-10-11T05:42:28.9290084Z docker.io/mesosphere/gitwebserver:v0.13.11
2025-10-11T05:42:28.9290495Z docker.io/mesosphere/insights-management:1.6.8
2025-10-11T05:42:28.9290846Z docker.io/mesosphere/insights:1.6.8
2025-10-11T05:42:28.9291220Z docker.io/mesosphere/karma:v0.120-ntnx-server-name
2025-10-11T05:42:28.9291716Z docker.io/mesosphere/kommander2-appmanagement-webhook:v2.17.0-dev
2025-10-11T05:42:28.9292280Z docker.io/mesosphere/kommander2-appmanagement:v2.17.0-dev
2025-10-11T05:42:28.9292734Z docker.io/mesosphere/kommander2-core-installer:v2.17.0-dev
2025-10-11T05:42:28.9293286Z docker.io/mesosphere/kommander2-federation-authorizedlister:v2.17.0-dev
2025-10-11T05:42:28.9293864Z docker.io/mesosphere/kommander2-federation-controller-manager:v2.17.0-dev
2025-10-11T05:42:28.9294327Z docker.io/mesosphere/kommander2-federation-webhook:v2.17.0-dev
2025-10-11T05:42:28.9294761Z docker.io/mesosphere/kommander2-flux-operator:v2.17.0-dev
2025-10-11T05:42:28.9295193Z docker.io/mesosphere/kommander2-kubetools:v2.17.0-dev
2025-10-11T05:42:28.9295756Z docker.io/mesosphere/kommander2-licensing-controller-manager:v2.17.0-dev
2025-10-11T05:42:28.9296209Z docker.io/mesosphere/kommander2-licensing-webhook:v2.17.0-dev
2025-10-11T05:42:28.9296563Z docker.io/mesosphere/kommander:17.144.0
2025-10-11T05:42:28.9297055Z docker.io/mesosphere/kubeaddons-addon-initializer:v0.8.0
2025-10-11T05:42:28.9297457Z docker.io/mesosphere/kubetunnel-controller:v0.0.39
2025-10-11T05:42:28.9297900Z docker.io/mesosphere/kubetunnel-kubeconfig-webhook:v0.0.39
2025-10-11T05:42:28.9298303Z docker.io/mesosphere/kubetunnel-reverse-proxy:v0.0.39
2025-10-11T05:42:28.9298740Z docker.io/mesosphere/kubetunnel-webhook:v0.0.39
2025-10-11T05:42:28.9299120Z docker.io/mesosphere/traefik-forward-auth:v3.2.1
2025-10-11T05:42:28.9299518Z docker.io/mesosphere/trivy-bundles:0.64.1-20250707T225137Z
2025-10-11T05:42:28.9299998Z docker.io/nginxinc/nginx-unprivileged:1.28.0-alpine
2025-10-11T05:42:28.9300389Z docker.io/openpolicyagent/gatekeeper-crds:v3.19.2
2025-10-11T05:42:28.9300747Z docker.io/openpolicyagent/gatekeeper:v3.19.2
2025-10-11T05:42:28.9301094Z docker.io/rook/ceph:v1.17.6
2025-10-11T05:42:28.9301482Z docker.io/velero/velero-plugin-for-aws:v1.12.2
2025-10-11T05:42:28.9301832Z docker.io/velero/velero:v1.16.2
2025-10-11T05:42:28.9302259Z gcr.io/knative-releases/aws-ddb-streams-source:v1.18.0
2025-10-11T05:42:28.9302668Z gcr.io/knative-releases/aws-s3-sink:v1.18.0
2025-10-11T05:42:28.9303045Z gcr.io/knative-releases/aws-s3-source:v1.18.0
2025-10-11T05:42:28.9303419Z gcr.io/knative-releases/aws-sns-sink:v1.18.0
2025-10-11T05:42:28.9303794Z gcr.io/knative-releases/aws-sqs-sink:v1.18.0
2025-10-11T05:42:28.9304173Z gcr.io/knative-releases/aws-sqs-source:v1.18.0
2025-10-11T05:42:28.9304756Z gcr.io/knative-releases/knative.dev/eventing/cmd/apiserver_receive_adapter:v1.18.1
2025-10-11T05:42:28.9305285Z gcr.io/knative-releases/knative.dev/eventing/cmd/broker/filter:v1.18.1
2025-10-11T05:42:28.9305803Z gcr.io/knative-releases/knative.dev/eventing/cmd/broker/ingress:v1.18.1
2025-10-11T05:42:28.9306306Z gcr.io/knative-releases/knative.dev/eventing/cmd/controller:v1.18.1
2025-10-11T05:42:28.9306986Z gcr.io/knative-releases/knative.dev/eventing/cmd/in_memory/channel_controller:v1.18.1
2025-10-11T05:42:28.9307579Z gcr.io/knative-releases/knative.dev/eventing/cmd/in_memory/channel_dispatcher:v1.18.1
2025-10-11T05:42:28.9308057Z gcr.io/knative-releases/knative.dev/eventing/cmd/jobsink:v1.18.1
2025-10-11T05:42:28.9308577Z gcr.io/knative-releases/knative.dev/eventing/cmd/mtchannel_broker:v1.18.1
2025-10-11T05:42:28.9309107Z gcr.io/knative-releases/knative.dev/eventing/cmd/mtping:v1.18.1
2025-10-11T05:42:28.9309567Z gcr.io/knative-releases/knative.dev/eventing/cmd/webhook:v1.18.1
2025-10-11T05:42:28.9310042Z gcr.io/knative-releases/knative.dev/operator/cmd/operator:v1.18.1
2025-10-11T05:42:28.9310509Z gcr.io/knative-releases/knative.dev/operator/cmd/webhook:v1.18.1
2025-10-11T05:42:28.9311192Z gcr.io/knative-releases/knative.dev/pkg/apiextensions/storageversion/cmd/migrate:v1.18.1
2025-10-11T05:42:28.9311679Z gcr.io/knative-releases/knative.dev/serving/cmd/activator:v1.18.1
2025-10-11T05:42:28.9312202Z gcr.io/knative-releases/knative.dev/serving/cmd/autoscaler-hpa:v1.18.1
2025-10-11T05:42:28.9312701Z gcr.io/knative-releases/knative.dev/serving/cmd/autoscaler:v1.18.1
2025-10-11T05:42:28.9313175Z gcr.io/knative-releases/knative.dev/serving/cmd/controller:v1.18.1
2025-10-11T05:42:28.9313728Z gcr.io/knative-releases/knative.dev/serving/cmd/queue:v1.18.1
2025-10-11T05:42:28.9314155Z gcr.io/knative-releases/knative.dev/serving/cmd/webhook:v1.18.1
2025-10-11T05:42:28.9314717Z gcr.io/knative-releases/knative.dev/serving/pkg/cleanup/cmd/cleanup:v1.18.1
2025-10-11T05:42:28.9315095Z gcr.io/knative-releases/log-sink:v1.18.0
2025-10-11T05:42:28.9315478Z gcr.io/knative-releases/timer-source:v1.18.0
2025-10-11T05:42:28.9315883Z gcr.io/knative-releases/transform-jsonata:v1.18.0
2025-10-11T05:42:28.9316226Z gcr.io/kubecost1/cost-model:prod-2.8.1
2025-10-11T05:42:28.9316581Z gcr.io/kubecost1/frontend:prod-2.8.1
2025-10-11T05:42:28.9317000Z ghcr.io/cloudnative-pg/cloudnative-pg:1.26.0
2025-10-11T05:42:28.9317403Z ghcr.io/external-secrets/external-secrets:v0.18.1
2025-10-11T05:42:28.9317734Z ghcr.io/fluxcd/flux-cli:v2.6.2
2025-10-11T05:42:28.9318078Z ghcr.io/fluxcd/helm-controller:v1.3.0
2025-10-11T05:42:28.9318450Z ghcr.io/fluxcd/image-automation-controller:v0.41.1
2025-10-11T05:42:28.9318934Z ghcr.io/fluxcd/image-reflector-controller:v0.35.2
2025-10-11T05:42:28.9319296Z ghcr.io/fluxcd/kustomize-controller:v1.6.0
2025-10-11T05:42:28.9319656Z ghcr.io/fluxcd/notification-controller:v1.6.0
2025-10-11T05:42:28.9320002Z ghcr.io/fluxcd/source-controller:v1.6.1
2025-10-11T05:42:28.9320327Z ghcr.io/helm/chartmuseum:v0.16.3
2025-10-11T05:42:28.9320784Z ghcr.io/k8snetworkplumbingwg/network-resources-injector:v1.7.0
2025-10-11T05:42:28.9321203Z ghcr.io/kube-logging/logging-operator/config-reloader:5.4.0
2025-10-11T05:42:28.9321701Z ghcr.io/kube-logging/logging-operator/fluentd:5.4.0-full
2025-10-11T05:42:28.9322103Z ghcr.io/kube-logging/logging-operator/node-exporter:5.4.0
2025-10-11T05:42:28.9322455Z ghcr.io/kube-logging/logging-operator:5.4.0
2025-10-11T05:42:28.9322810Z ghcr.io/mellanox/nic-feature-discovery:v0.0.1
2025-10-11T05:42:28.9323157Z ghcr.io/mellanox/nvidia-k8s-ipam:v0.2.0
2025-10-11T05:42:28.9323805Z ghcr.io/mesosphere/dkp-container-images/cloudnative-pg/postgresql:17.5-minimal-bookworm
2025-10-11T05:42:28.9324388Z ghcr.io/mesosphere/dkp-container-images/docker.io/fluent/fluent-bit:3.2.5-d2iq.0
2025-10-11T05:42:28.9324834Z ghcr.io/mesosphere/dkp-container-images/kube-oidc-proxy:1.0.9
2025-10-11T05:42:28.9325416Z ghcr.io/mesosphere/dkp-container-images/objectstorage-controller:v20250110-a29e5f6
2025-10-11T05:42:28.9326071Z ghcr.io/mesosphere/dkp-container-images/objectstorage-sidecar:v20240513-v0.1.0-35-gefb3255
2025-10-11T05:42:28.9326585Z ghcr.io/mesosphere/dkp-container-images/opencost/opencost-ui:1.117.6
2025-10-11T05:42:28.9327085Z ghcr.io/mesosphere/kommander-applications-server:v2.17.0-dev
2025-10-11T05:42:28.9327406Z ghcr.io/mesosphere/kubefed:v0.11.1
2025-10-11T05:42:28.9327809Z ghcr.io/nutanix-cloud-native/cosi-driver-nutanix:v0.6.0
2025-10-11T05:42:28.9328223Z ghcr.io/nutanix-cloud-native/vgpu-token-copier:v1.0.7
2025-10-11T05:42:28.9328707Z ghcr.io/nutanix-cloud-native/vgpu-token-operator:v1.0.7
2025-10-11T05:42:28.9329045Z ghcr.io/opencost/opencost:1.117.6
2025-10-11T05:42:28.9329382Z ghcr.io/stakater/reloader:v1.4.5
2025-10-11T05:42:28.9329779Z nvcr.io/nvidia/cloud-native/dcgm:4.2.3-1-ubuntu22.04
2025-10-11T05:42:28.9330193Z nvcr.io/nvidia/cloud-native/gpu-operator-validator:v25.3.3
2025-10-11T05:42:28.9330641Z nvcr.io/nvidia/cloud-native/k8s-mig-manager:v0.12.2-ubuntu20.04
2025-10-11T05:42:28.9331018Z nvcr.io/nvidia/cloud-native/network-operator:v25.7.0
2025-10-11T05:42:28.9336172Z nvcr.io/nvidia/doca/doca_telemetry:1.21.4-doca3.0.0-host
2025-10-11T05:42:28.9336657Z nvcr.io/nvidia/driver:535-5.15.0-139-generic-ubuntu22.04
2025-10-11T05:42:28.9337114Z nvcr.io/nvidia/gpu-operator:v25.3.3
2025-10-11T05:42:28.9337464Z nvcr.io/nvidia/k8s-device-plugin:v0.17.3
2025-10-11T05:42:28.9337839Z nvcr.io/nvidia/k8s/container-toolkit:v1.17.8-ubi8
2025-10-11T05:42:28.9338244Z nvcr.io/nvidia/k8s/container-toolkit:v1.17.8-ubuntu20.04
2025-10-11T05:42:28.9338721Z nvcr.io/nvidia/k8s/cuda-sample:vectoradd-cuda12.5.0
2025-10-11T05:42:28.9339118Z nvcr.io/nvidia/k8s/dcgm-exporter:4.2.3-4.1.3-ubuntu22.04
2025-10-11T05:42:28.9339974Z nvcr.io/nvidia/mellanox/doca-driver:doca3.1.0-25.07-0.9.7.0-0-5.15.0-151-generic-ubuntu22.04-amd64
2025-10-11T05:42:28.9340405Z nvcr.io/nvidia/mellanox/ib-kubernetes:network-operator-v25.7.0
2025-10-11T05:42:28.9340833Z nvcr.io/nvidia/mellanox/ib-sriov-cni:network-operator-v25.7.0
2025-10-11T05:42:28.9341249Z nvcr.io/nvidia/mellanox/ipoib-cni:network-operator-v25.7.0
2025-10-11T05:42:28.9341807Z nvcr.io/nvidia/mellanox/k8s-rdma-shared-dev-plugin:network-operator-v25.7.0
2025-10-11T05:42:28.9342327Z nvcr.io/nvidia/mellanox/maintenance-operator:network-operator-v25.7.0
2025-10-11T05:42:28.9342743Z nvcr.io/nvidia/mellanox/multus-cni:network-operator-v25.7.0
2025-10-11T05:42:28.9343317Z nvcr.io/nvidia/mellanox/network-operator-init-container:network-operator-v25.7.0
2025-10-11T05:42:28.9343679Z nvcr.io/nvidia/mellanox/network-operator:v25.7.0
2025-10-11T05:42:28.9344256Z nvcr.io/nvidia/mellanox/nic-configuration-operator-daemon:network-operator-v25.7.0
2025-10-11T05:42:28.9344807Z nvcr.io/nvidia/mellanox/nic-configuration-operator:network-operator-v25.7.0
2025-10-11T05:42:28.9345234Z nvcr.io/nvidia/mellanox/ovs-cni-plugin:network-operator-v25.7.0
2025-10-11T05:42:28.9345630Z nvcr.io/nvidia/mellanox/plugins:network-operator-v25.7.0
2025-10-11T05:42:28.9346038Z nvcr.io/nvidia/mellanox/rdma-cni:network-operator-v25.7.0
2025-10-11T05:42:28.9346546Z nvcr.io/nvidia/mellanox/spectrum-x-operator:network-operator-v25.7.0
2025-10-11T05:42:28.9347015Z nvcr.io/nvidia/mellanox/sriov-cni:network-operator-v25.7.0
2025-10-11T05:42:28.9347686Z nvcr.io/nvidia/mellanox/sriov-network-device-plugin:network-operator-v25.7.0
2025-10-11T05:42:28.9348317Z nvcr.io/nvidia/mellanox/sriov-network-operator-config-daemon:network-operator-v25.7.0
2025-10-11T05:42:28.9348966Z nvcr.io/nvidia/mellanox/sriov-network-operator-webhook:network-operator-v25.7.0
2025-10-11T05:42:28.9349498Z nvcr.io/nvidia/mellanox/sriov-network-operator:network-operator-v25.7.0
2025-10-11T05:42:28.9349952Z nvcr.io/nvidia/mellanox/whereabouts:network-operator-v25.7.0
2025-10-11T05:42:28.9350293Z quay.io/brancz/kube-rbac-proxy:v0.19.1
2025-10-11T05:42:28.9350615Z quay.io/ceph/ceph:v19.2.2
2025-10-11T05:42:28.9350919Z quay.io/ceph/cosi:v0.1.2
2025-10-11T05:42:28.9351248Z quay.io/fairwinds/nova:v3.11
2025-10-11T05:42:28.9351574Z quay.io/fairwinds/polaris:9.4.1
2025-10-11T05:42:28.9351962Z quay.io/jetstack/cert-manager-cainjector:v1.17.2
2025-10-11T05:42:28.9352327Z quay.io/jetstack/cert-manager-controller:v1.17.2
2025-10-11T05:42:28.9352738Z quay.io/jetstack/cert-manager-startupapicheck:v1.17.2
2025-10-11T05:42:28.9353095Z quay.io/jetstack/cert-manager-webhook:v1.17.2
2025-10-11T05:42:28.9353441Z quay.io/kiali/kiali-operator:v2.14.0
2025-10-11T05:42:28.9353760Z quay.io/kiali/kiali:v2.14.0-distro
2025-10-11T05:42:28.9354195Z quay.io/prometheus-operator/prometheus-config-reloader:v0.82.2
2025-10-11T05:42:28.9354646Z quay.io/prometheus-operator/prometheus-config-reloader:v0.83.0
2025-10-11T05:42:28.9355042Z quay.io/prometheus-operator/prometheus-operator:v0.83.0
2025-10-11T05:42:28.9355385Z quay.io/prometheus/alertmanager:v0.28.1
2025-10-11T05:42:28.9355715Z quay.io/prometheus/node-exporter:v1.9.1
2025-10-11T05:42:28.9356047Z quay.io/prometheus/prometheus:v3.4.1
2025-10-11T05:42:28.9356372Z quay.io/prometheus/prometheus:v3.5.0
2025-10-11T05:42:28.9356707Z quay.io/thanos/thanos:v0.39.2
2025-10-11T05:42:28.9357147Z registry.k8s.io/external-dns/external-dns:v0.18.0
2025-10-11T05:42:28.9357573Z registry.k8s.io/ingress-nginx/kube-webhook-certgen:v1.6.0
2025-10-11T05:42:28.9358012Z registry.k8s.io/kube-state-metrics/kube-state-metrics:v2.16.0
2025-10-11T05:42:28.9358333Z registry.k8s.io/pause:3.10
2025-10-11T05:42:28.9358845Z registry.k8s.io/prometheus-adapter/prometheus-adapter:v0.12.0
2025-10-11T05:42:28.9359254Z registry.k8s.io/sig-storage/objectstorage-sidecar:v0.2.1
2025-10-11T05:42:28.9359633Z us-docker.pkg.dev/fairwinds-ops/oss/pluto:v5.21.9
2025-10-11T05:42:28.9479344Z ##[group]Run docker://mesosphere/dkp-licenses-cli:licenses-v0.0.13
2025-10-11T05:42:28.9481056Z with:
2025-10-11T05:42:28.9482550Z   args: validate container-images-mapping --input=images.txt --mapping-file=licenses.d2iq.yaml --check-sources --check-sources-skip-gh-org mesosphere --update-licenses
2025-10-11T05:42:28.9484113Z env:
2025-10-11T05:42:28.9484844Z   TMPDIR: /home/runner/_work/_temp
2025-10-11T05:42:28.9485892Z   NIX_PROFILES: /nix/var/nix/profiles/default /home/runner/.nix-profile
2025-10-11T05:42:28.9487079Z   NIX_SSL_CERT_FILE: /etc/ssl/certs/ca-certificates.crt
2025-10-11T05:42:28.9488042Z   latest_version: 0.16.0
2025-10-11T05:42:28.9488979Z   nix_version: 2.31.2
2025-10-11T05:42:28.9490051Z   GITHUB_TOKEN: ***
2025-10-11T05:42:28.9490800Z ##[endgroup]
2025-10-11T05:42:28.9642519Z ##[command]/usr/bin/docker run --name mesospheredkplicensesclilicensesv0013_7c47a9 --label 3f6583 --workdir /github/workspace --rm -e "TMPDIR" -e "NIX_PROFILES" -e "NIX_SSL_CERT_FILE" -e "latest_version" -e "nix_version" -e "GITHUB_TOKEN" -e "INPUT_ARGS" -e "HOME" -e "GITHUB_JOB" -e "GITHUB_REF" -e "GITHUB_SHA" -e "GITHUB_REPOSITORY" -e "GITHUB_REPOSITORY_OWNER" -e "GITHUB_REPOSITORY_OWNER_ID" -e "GITHUB_RUN_ID" -e "GITHUB_RUN_NUMBER" -e "GITHUB_RETENTION_DAYS" -e "GITHUB_RUN_ATTEMPT" -e "GITHUB_ACTOR_ID" -e "GITHUB_ACTOR" -e "GITHUB_WORKFLOW" -e "GITHUB_HEAD_REF" -e "GITHUB_BASE_REF" -e "GITHUB_EVENT_NAME" -e "GITHUB_SERVER_URL" -e "GITHUB_API_URL" -e "GITHUB_GRAPHQL_URL" -e "GITHUB_REF_NAME" -e "GITHUB_REF_PROTECTED" -e "GITHUB_REF_TYPE" -e "GITHUB_WORKFLOW_REF" -e "GITHUB_WORKFLOW_SHA" -e "GITHUB_REPOSITORY_ID" -e "GITHUB_TRIGGERING_ACTOR" -e "GITHUB_WORKSPACE" -e "GITHUB_ACTION" -e "GITHUB_EVENT_PATH" -e "GITHUB_ACTION_REPOSITORY" -e "GITHUB_ACTION_REF" -e "GITHUB_PATH" -e "GITHUB_ENV" -e "GITHUB_STEP_SUMMARY" -e "GITHUB_STATE" -e "GITHUB_OUTPUT" -e "RUNNER_OS" -e "RUNNER_ARCH" -e "RUNNER_NAME" -e "RUNNER_ENVIRONMENT" -e "RUNNER_TOOL_CACHE" -e "RUNNER_TEMP" -e "RUNNER_WORKSPACE" -e "ACTIONS_RUNTIME_URL" -e "ACTIONS_RUNTIME_TOKEN" -e "ACTIONS_CACHE_URL" -e "ACTIONS_RESULTS_URL" -e GITHUB_ACTIONS=true -e CI=true -v "/var/run/docker.sock":"/var/run/docker.sock" -v "/home/runner/_work/_temp/_github_home":"/github/home" -v "/home/runner/_work/_temp/_github_workflow":"/github/workflow" -v "/home/runner/_work/_temp/_runner_file_commands":"/github/file_commands" -v "/home/runner/_work/kommander-applications/kommander-applications":"/github/workspace" mesosphere/dkp-licenses-cli:licenses-v0.0.13 validate container-images-mapping --input=images.txt --mapping-file=licenses.d2iq.yaml --check-sources --check-sources-skip-gh-org mesosphere --update-licenses
2025-10-11T05:42:29.3013114Z 2025-10-11 05:42:29 WRN skipping checking sources for "mesosphere" github org
2025-10-11T05:42:29.9651095Z not a Github repository, skipping source validation: nvcr.io/nvidia/doca/doca_telemetry:1.21.4-doca3.0.0-host
2025-10-11T05:42:29.9652874Z not a Github repository, skipping source validation: nvcr.io/nvidia/mellanox/doca-driver
2025-10-11T05:42:30.5255663Z 2025-10-11 05:42:30 ERR failed to locate mapping for the following images:    err=<nil>
2025-10-11T05:42:30.5257159Z 2025-10-11 05:42:30 ERR ghcr.io/fluxcd/flux-cli:v2.6.2    err=<nil>
2025-10-11T05:42:30.5258593Z 2025-10-11 05:42:30 ERR ghcr.io/fluxcd/image-automation-controller:v0.41.1    err=<nil>
2025-10-11T05:42:30.6778567Z 2025-10-11 05:42:30 ERR ghcr.io/fluxcd/image-reflector-controller:v0.35.2    err=<nil>
2025-10-11T05:42:30.6929494Z ##[group]Run crazy-max/ghaction-import-gpg@v6
2025-10-11T05:42:30.6930510Z with:
2025-10-11T05:42:30.6976883Z   gpg_private_key: ***
2025-10-11T05:42:30.6977760Z   passphrase: ***
2025-10-11T05:42:30.6978562Z   git_user_signingkey: true
2025-10-11T05:42:30.6979482Z   git_config_global: false
2025-10-11T05:42:30.6980330Z   git_commit_gpgsign: false
2025-10-11T05:42:30.6981175Z   git_tag_gpgsign: false
2025-10-11T05:42:30.6981979Z   git_push_gpgsign: if-asked
2025-10-11T05:42:30.6982875Z   workdir: .
2025-10-11T05:42:30.6983728Z env:
2025-10-11T05:42:30.6984561Z   TMPDIR: /home/runner/_work/_temp
2025-10-11T05:42:30.6985999Z   NIX_PROFILES: /nix/var/nix/profiles/default /home/runner/.nix-profile
2025-10-11T05:42:30.6987287Z   NIX_SSL_CERT_FILE: /etc/ssl/certs/ca-certificates.crt
2025-10-11T05:42:30.6988363Z   latest_version: 0.16.0
2025-10-11T05:42:30.6989341Z   nix_version: 2.31.2
2025-10-11T05:42:30.6990245Z ##[endgroup]
2025-10-11T05:42:30.8404067Z ##[group]GnuPG info
2025-10-11T05:42:30.8405110Z Version    : 2.2.27 (libgcrypt 1.9.4)
2025-10-11T05:42:30.8406168Z Libdir     : /usr/lib/x86_64-linux-gnu/gnupg
2025-10-11T05:42:30.8407279Z Libexecdir : /usr/lib/gnupg
2025-10-11T05:42:30.8408201Z Datadir    : /usr/share/gnupg
2025-10-11T05:42:30.8409262Z Homedir    : /home/runner/.gnupg
2025-10-11T05:42:30.8410799Z ##[endgroup]
2025-10-11T05:42:30.8519518Z ##[group]GPG private key info
2025-10-11T05:42:30.8520530Z Fingerprint  : 77F5FA2F79CD945501D811EB7F0F61AFB0BED2F0
2025-10-11T05:42:30.8521603Z KeyID        : 7F0F61AFB0BED2F0
2025-10-11T05:42:30.8522497Z Name         : 
2025-10-11T05:42:30.8523353Z Email        : ci-mergebot@d2iq.com
2025-10-11T05:42:30.8524506Z CreationTime : Tue Sep 06 2022 14:44:54 GMT+0000 (Coordinated Universal Time)
2025-10-11T05:42:30.8526182Z ##[endgroup]
2025-10-11T05:42:30.8538957Z ##[group]Fingerprint to use
2025-10-11T05:42:30.8540298Z 77F5FA2F79CD945501D811EB7F0F61AFB0BED2F0
2025-10-11T05:42:30.8541886Z ##[endgroup]
2025-10-11T05:42:30.8543299Z ##[group]Importing GPG private key
2025-10-11T05:42:30.8649638Z gpg: directory '/home/runner/.gnupg' created
2025-10-11T05:42:30.8650752Z gpg: keybox '/home/runner/.gnupg/pubring.kbx' created
2025-10-11T05:42:30.8651877Z gpg: /home/runner/.gnupg/trustdb.gpg: trustdb created
2025-10-11T05:42:30.8653208Z gpg: key 7F0F61AFB0BED2F0: public key "ci-mergebot@d2iq.com <ci-mergebot@d2iq.com>" imported
2025-10-11T05:42:30.8654524Z gpg: key 7F0F61AFB0BED2F0: secret key imported
2025-10-11T05:42:30.8655553Z gpg: Total number processed: 1
2025-10-11T05:42:30.8656530Z gpg:               imported: 1
2025-10-11T05:42:30.8657672Z gpg:       secret keys read: 1
2025-10-11T05:42:30.8658719Z gpg:   secret keys imported: 1
2025-10-11T05:42:30.8660286Z ##[endgroup]
2025-10-11T05:42:30.8661684Z ##[group]Configuring GnuPG agent
2025-10-11T05:42:30.8662848Z GnuPG home: /home/runner/.gnupg
2025-10-11T05:42:30.8698237Z ##[endgroup]
2025-10-11T05:42:30.8699731Z ##[group]Getting keygrips
2025-10-11T05:42:30.8750095Z Presetting passphrase for F015FC0F53A34C255E18E41DE97EC1F0327D95A0
2025-10-11T05:42:30.8828723Z Presetting passphrase for 58F5CBF8083AE615021990EA122BA772556977AB
2025-10-11T05:42:30.8895943Z ##[endgroup]
2025-10-11T05:42:30.8897396Z ##[group]Setting outputs
2025-10-11T05:42:30.8898390Z fingerprint=77F5FA2F79CD945501D811EB7F0F61AFB0BED2F0
2025-10-11T05:42:30.8899602Z keyid=7F0F61AFB0BED2F0
2025-10-11T05:42:30.8900467Z name=
2025-10-11T05:42:30.8901254Z email=ci-mergebot@d2iq.com
2025-10-11T05:42:30.8902577Z ##[endgroup]
2025-10-11T05:42:30.8903438Z Setting GPG signing keyID for this Git repository
2025-10-11T05:42:30.8937700Z Configuring Git committer ( <ci-mergebot@d2iq.com>)
2025-10-11T05:42:30.9003696Z Sign all pushes automatically
2025-10-11T05:42:30.9147913Z ##[group]Run git config user.email ci-mergebot@d2iq.com
2025-10-11T05:42:30.9149274Z [36;1mgit config user.email ci-mergebot@d2iq.com[0m
2025-10-11T05:42:30.9150339Z [36;1mgit config user.name d2iq-mergebot[0m
2025-10-11T05:42:30.9151600Z [36;1mgit config --global user.signingkey ***[0m
2025-10-11T05:42:30.9153061Z [36;1mgit remote set-url origin https://x-access-token:${GITHUB_TOKEN}@github.com/${GITHUB_REPOSITORY}.git[0m
2025-10-11T05:42:30.9154792Z [36;1mgit config --global url."https://oauth2:${GITHUB_TOKEN}@github.com/".insteadOf "https://github.com/"[0m
2025-10-11T05:42:30.9156319Z [36;1mgit add licenses.d2iq.yaml[0m
2025-10-11T05:42:30.9157542Z [36;1mif output=$(git status --porcelain) && [ ! -z "$output" ]; then[0m
2025-10-11T05:42:30.9158988Z [36;1m  git commit -S -v -m "build: Updated licenses.d2iq.yaml"[0m
2025-10-11T05:42:30.9160204Z [36;1m  git push --force-with-lease[0m
2025-10-11T05:42:30.9173330Z [36;1m  gh pr close "$PR_URL"[0m
2025-10-11T05:42:30.9174547Z [36;1m  gh pr reopen "$PR_URL"[0m
2025-10-11T05:42:30.9175501Z [36;1mfi[0m
2025-10-11T05:42:30.9187174Z shell: /usr/bin/bash -e {0}
2025-10-11T05:42:30.9188082Z env:
2025-10-11T05:42:30.9188988Z   TMPDIR: /home/runner/_work/_temp
2025-10-11T05:42:30.9190119Z   NIX_PROFILES: /nix/var/nix/profiles/default /home/runner/.nix-profile
2025-10-11T05:42:30.9191309Z   NIX_SSL_CERT_FILE: /etc/ssl/certs/ca-certificates.crt
2025-10-11T05:42:30.9192337Z   latest_version: 0.16.0
2025-10-11T05:42:30.9193205Z   nix_version: 2.31.2
2025-10-11T05:42:30.9194393Z   GITHUB_TOKEN: ***
2025-10-11T05:42:30.9195595Z   PR_URL: https://github.com/mesosphere/kommander-applications/pull/4116
2025-10-11T05:42:30.9196822Z ##[endgroup]
2025-10-11T05:42:30.9480220Z ##[group]Run docker://mesosphere/dkp-licenses-cli:licenses-v0.0.13
2025-10-11T05:42:30.9481457Z with:
2025-10-11T05:42:30.9482961Z   args: validate container-images-mapping --input=images.txt --mapping-file=licenses.d2iq.yaml --check-sources --check-sources-skip-gh-org mesosphere --output-format=github
2025-10-11T05:42:30.9484610Z env:
2025-10-11T05:42:30.9485370Z   TMPDIR: /home/runner/_work/_temp
2025-10-11T05:42:30.9486374Z   NIX_PROFILES: /nix/var/nix/profiles/default /home/runner/.nix-profile
2025-10-11T05:42:30.9487669Z   NIX_SSL_CERT_FILE: /etc/ssl/certs/ca-certificates.crt
2025-10-11T05:42:30.9488822Z   latest_version: 0.16.0
2025-10-11T05:42:30.9489692Z   nix_version: 2.31.2
2025-10-11T05:42:30.9490741Z   GITHUB_TOKEN: ***
2025-10-11T05:42:30.9491553Z ##[endgroup]
2025-10-11T05:42:30.9511998Z ##[command]/usr/bin/docker run --name mesospheredkplicensesclilicensesv0013_5b5990 --label 3f6583 --workdir /github/workspace --rm -e "TMPDIR" -e "NIX_PROFILES" -e "NIX_SSL_CERT_FILE" -e "latest_version" -e "nix_version" -e "GITHUB_TOKEN" -e "INPUT_ARGS" -e "HOME" -e "GITHUB_JOB" -e "GITHUB_REF" -e "GITHUB_SHA" -e "GITHUB_REPOSITORY" -e "GITHUB_REPOSITORY_OWNER" -e "GITHUB_REPOSITORY_OWNER_ID" -e "GITHUB_RUN_ID" -e "GITHUB_RUN_NUMBER" -e "GITHUB_RETENTION_DAYS" -e "GITHUB_RUN_ATTEMPT" -e "GITHUB_ACTOR_ID" -e "GITHUB_ACTOR" -e "GITHUB_WORKFLOW" -e "GITHUB_HEAD_REF" -e "GITHUB_BASE_REF" -e "GITHUB_EVENT_NAME" -e "GITHUB_SERVER_URL" -e "GITHUB_API_URL" -e "GITHUB_GRAPHQL_URL" -e "GITHUB_REF_NAME" -e "GITHUB_REF_PROTECTED" -e "GITHUB_REF_TYPE" -e "GITHUB_WORKFLOW_REF" -e "GITHUB_WORKFLOW_SHA" -e "GITHUB_REPOSITORY_ID" -e "GITHUB_TRIGGERING_ACTOR" -e "GITHUB_WORKSPACE" -e "GITHUB_ACTION" -e "GITHUB_EVENT_PATH" -e "GITHUB_ACTION_REPOSITORY" -e "GITHUB_ACTION_REF" -e "GITHUB_PATH" -e "GITHUB_ENV" -e "GITHUB_STEP_SUMMARY" -e "GITHUB_STATE" -e "GITHUB_OUTPUT" -e "RUNNER_OS" -e "RUNNER_ARCH" -e "RUNNER_NAME" -e "RUNNER_ENVIRONMENT" -e "RUNNER_TOOL_CACHE" -e "RUNNER_TEMP" -e "RUNNER_WORKSPACE" -e "ACTIONS_RUNTIME_URL" -e "ACTIONS_RUNTIME_TOKEN" -e "ACTIONS_CACHE_URL" -e "ACTIONS_RESULTS_URL" -e GITHUB_ACTIONS=true -e CI=true -v "/var/run/docker.sock":"/var/run/docker.sock" -v "/home/runner/_work/_temp/_github_home":"/github/home" -v "/home/runner/_work/_temp/_github_workflow":"/github/workflow" -v "/home/runner/_work/_temp/_runner_file_commands":"/github/file_commands" -v "/home/runner/_work/kommander-applications/kommander-applications":"/github/workspace" mesosphere/dkp-licenses-cli:licenses-v0.0.13 validate container-images-mapping --input=images.txt --mapping-file=licenses.d2iq.yaml --check-sources --check-sources-skip-gh-org mesosphere --output-format=github
2025-10-11T05:42:31.2141953Z 2025-10-11 05:42:31 WRN skipping checking sources for "mesosphere" github org
2025-10-11T05:42:31.6898465Z not a Github repository, skipping source validation: nvcr.io/nvidia/doca/doca_telemetry:1.21.4-doca3.0.0-host
2025-10-11T05:42:31.6900339Z not a Github repository, skipping source validation: nvcr.io/nvidia/mellanox/doca-driver
2025-10-11T05:42:32.0797203Z ##[error]No mapping for image "ghcr.io/fluxcd/flux-cli:v2.6.2"
2025-10-11T05:42:32.0809453Z ##[error]No mapping for image "ghcr.io/fluxcd/image-automation-controller:v0.41.1"
2025-10-11T05:42:32.0814822Z ##[error]No mapping for image "ghcr.io/fluxcd/image-reflector-controller:v0.35.2"
2025-10-11T05:42:32.2372726Z Post job cleanup.
2025-10-11T05:42:32.3630802Z Removing key 77F5FA2F79CD945501D811EB7F0F61AFB0BED2F0
2025-10-11T05:42:32.3809500Z Killing GnuPG agent
2025-10-11T05:42:32.3992507Z Post job cleanup.
2025-10-11T05:42:32.8008880Z [command]/usr/bin/docker logout docker.io
2025-10-11T05:42:32.8166295Z Removing login credentials for docker.io
2025-10-11T05:42:32.8201152Z ##[group]Post cache
2025-10-11T05:42:32.8202167Z State not set
2025-10-11T05:42:32.8203929Z ##[endgroup]
2025-10-11T05:42:32.8540796Z Post job cleanup.
2025-10-11T05:42:32.8670917Z Post job cleanup.
2025-10-11T05:42:32.9815369Z [command]/usr/bin/git version
2025-10-11T05:42:32.9857527Z git version 2.50.1
2025-10-11T05:42:32.9899746Z Copying '/home/runner/.gitconfig' to '/home/runner/_work/_temp/df201c2b-fb88-4805-ac4b-05f75305109a/.gitconfig'
2025-10-11T05:42:32.9918340Z Temporarily overriding HOME='/home/runner/_work/_temp/df201c2b-fb88-4805-ac4b-05f75305109a' before making global git config changes
2025-10-11T05:42:32.9920258Z Adding repository directory to the temporary git global config as a safe directory
2025-10-11T05:42:32.9924165Z [command]/usr/bin/git config --global --add safe.directory /home/runner/_work/kommander-applications/kommander-applications
2025-10-11T05:42:32.9956892Z [command]/usr/bin/git config --local --name-only --get-regexp core\.sshCommand
2025-10-11T05:42:32.9989655Z [command]/usr/bin/git submodule foreach --recursive sh -c "git config --local --name-only --get-regexp 'core\.sshCommand' && git config --local --unset-all 'core.sshCommand' || :"
2025-10-11T05:42:33.0207533Z [command]/usr/bin/git config --local --name-only --get-regexp http\.https\:\/\/github\.com\/\.extraheader
2025-10-11T05:42:33.0229350Z http.https://github.com/.extraheader
2025-10-11T05:42:33.0241458Z [command]/usr/bin/git config --local --unset-all http.https://github.com/.extraheader
2025-10-11T05:42:33.0270821Z [command]/usr/bin/git submodule foreach --recursive sh -c "git config --local --name-only --get-regexp 'http\.https\:\/\/github\.com\/\.extraheader' && git config --local --unset-all 'http.https://github.com/.extraheader' || :"
2025-10-11T05:42:33.0613973Z Cleaning up orphan processes
